<?xml version="1.0" encoding="ISO-8859-1" ?>
<link_info>
   <banner>TMS320C2000 Linker PC v20.2.5.LTS</banner>
   <copyright>Copyright (c) 1996-2018 Texas Instruments Incorporated</copyright>
   <link_time>0x6206667f</link_time>
   <link_errors>0x0</link_errors>
   <output_file>flashapi_ex1_programming.out</output_file>
   <entry_point>
      <name>code_start</name>
      <address>0x80000</address>
   </entry_point>
   <input_file_list>
      <input_file id="fl-2">
         <path>.\</path>
         <kind>object</kind>
         <file>flashapi_ex1_programming.obj</file>
         <name>flashapi_ex1_programming.obj</name>
      </input_file>
      <input_file id="fl-3">
         <path>.\device\</path>
         <kind>object</kind>
         <file>device.obj</file>
         <name>device.obj</name>
      </input_file>
      <input_file id="fl-4">
         <path>.\device\</path>
         <kind>object</kind>
         <file>f2838x_codestartbranch.obj</file>
         <name>f2838x_codestartbranch.obj</name>
      </input_file>
      <input_file id="fl-b">
         <kind>object</kind>
         <file>&lt;internal&gt;</file>
         <name>&lt;internal&gt;</name>
      </input_file>
      <input_file id="fl-c">
         <path>C:\ti\c2000\C2000Ware_3_04_00_00\libraries\flash_api\f2838x\c28x\lib\</path>
         <kind>archive</kind>
         <file>F2838x_C28x_FlashAPI.lib</file>
         <name>Async.obj</name>
      </input_file>
      <input_file id="fl-d">
         <path>C:\ti\c2000\C2000Ware_3_04_00_00\libraries\flash_api\f2838x\c28x\lib\</path>
         <kind>archive</kind>
         <file>F2838x_C28x_FlashAPI.lib</file>
         <name>Program.obj</name>
      </input_file>
      <input_file id="fl-e">
         <path>C:\ti\c2000\C2000Ware_3_04_00_00\libraries\flash_api\f2838x\c28x\lib\</path>
         <kind>archive</kind>
         <file>F2838x_C28x_FlashAPI.lib</file>
         <name>BlankCheck.obj</name>
      </input_file>
      <input_file id="fl-f">
         <path>C:\ti\c2000\C2000Ware_3_04_00_00\libraries\flash_api\f2838x\c28x\lib\</path>
         <kind>archive</kind>
         <file>F2838x_C28x_FlashAPI.lib</file>
         <name>Read.obj</name>
      </input_file>
      <input_file id="fl-10">
         <path>C:\ti\c2000\C2000Ware_3_04_00_00\libraries\flash_api\f2838x\c28x\lib\</path>
         <kind>archive</kind>
         <file>F2838x_C28x_FlashAPI.lib</file>
         <name>Verify.obj</name>
      </input_file>
      <input_file id="fl-11">
         <path>C:\ti\c2000\C2000Ware_3_04_00_00\libraries\flash_api\f2838x\c28x\lib\</path>
         <kind>archive</kind>
         <file>F2838x_C28x_FlashAPI.lib</file>
         <name>FlashStateMachine.obj</name>
      </input_file>
      <input_file id="fl-12">
         <path>C:\ti\c2000\C2000Ware_3_04_00_00\libraries\flash_api\f2838x\c28x\lib\</path>
         <kind>archive</kind>
         <file>F2838x_C28x_FlashAPI.lib</file>
         <name>Init.obj</name>
      </input_file>
      <input_file id="fl-13">
         <path>C:\ti\c2000\C2000Ware_3_04_00_00\libraries\flash_api\f2838x\c28x\lib\</path>
         <kind>archive</kind>
         <file>F2838x_C28x_FlashAPI.lib</file>
         <name>Utilities.obj</name>
      </input_file>
      <input_file id="fl-14">
         <path>C:\ti\c2000\C2000Ware_3_04_00_00\driverlib\f2838x\driverlib\ccs\Debug\</path>
         <kind>archive</kind>
         <file>driverlib.lib</file>
         <name>dcc.obj</name>
      </input_file>
      <input_file id="fl-15">
         <path>C:\ti\c2000\C2000Ware_3_04_00_00\driverlib\f2838x\driverlib\ccs\Debug\</path>
         <kind>archive</kind>
         <file>driverlib.lib</file>
         <name>flash.obj</name>
      </input_file>
      <input_file id="fl-16">
         <path>C:\ti\c2000\C2000Ware_3_04_00_00\driverlib\f2838x\driverlib\ccs\Debug\</path>
         <kind>archive</kind>
         <file>driverlib.lib</file>
         <name>gpio.obj</name>
      </input_file>
      <input_file id="fl-17">
         <path>C:\ti\c2000\C2000Ware_3_04_00_00\driverlib\f2838x\driverlib\ccs\Debug\</path>
         <kind>archive</kind>
         <file>driverlib.lib</file>
         <name>interrupt.obj</name>
      </input_file>
      <input_file id="fl-18">
         <path>C:\ti\c2000\C2000Ware_3_04_00_00\driverlib\f2838x\driverlib\ccs\Debug\</path>
         <kind>archive</kind>
         <file>driverlib.lib</file>
         <name>ipc.obj</name>
      </input_file>
      <input_file id="fl-19">
         <path>C:\ti\c2000\C2000Ware_3_04_00_00\driverlib\f2838x\driverlib\ccs\Debug\</path>
         <kind>archive</kind>
         <file>driverlib.lib</file>
         <name>sysctl.obj</name>
      </input_file>
      <input_file id="fl-25">
         <path>C:\ti\ccs1040\ccs\tools\compiler\ti-cgt-c2000_20.2.5.LTS\lib\</path>
         <kind>archive</kind>
         <file>rts2800_fpu64_eabi.lib</file>
         <name>boot28.asm.obj</name>
      </input_file>
      <input_file id="fl-26">
         <path>C:\ti\ccs1040\ccs\tools\compiler\ti-cgt-c2000_20.2.5.LTS\lib\</path>
         <kind>archive</kind>
         <file>rts2800_fpu64_eabi.lib</file>
         <name>fs_div28.asm.obj</name>
      </input_file>
      <input_file id="fl-27">
         <path>C:\ti\ccs1040\ccs\tools\compiler\ti-cgt-c2000_20.2.5.LTS\lib\</path>
         <kind>archive</kind>
         <file>rts2800_fpu64_eabi.lib</file>
         <name>ll_cmp28.asm.obj</name>
      </input_file>
      <input_file id="fl-28">
         <path>C:\ti\ccs1040\ccs\tools\compiler\ti-cgt-c2000_20.2.5.LTS\lib\</path>
         <kind>archive</kind>
         <file>rts2800_fpu64_eabi.lib</file>
         <name>memcpy.c.obj</name>
      </input_file>
      <input_file id="fl-29">
         <path>C:\ti\ccs1040\ccs\tools\compiler\ti-cgt-c2000_20.2.5.LTS\lib\</path>
         <kind>archive</kind>
         <file>rts2800_fpu64_eabi.lib</file>
         <name>pre_init.c.obj</name>
      </input_file>
      <input_file id="fl-2a">
         <path>C:\ti\ccs1040\ccs\tools\compiler\ti-cgt-c2000_20.2.5.LTS\lib\</path>
         <kind>archive</kind>
         <file>rts2800_fpu64_eabi.lib</file>
         <name>autoinit.c.obj</name>
      </input_file>
      <input_file id="fl-2b">
         <path>C:\ti\ccs1040\ccs\tools\compiler\ti-cgt-c2000_20.2.5.LTS\lib\</path>
         <kind>archive</kind>
         <file>rts2800_fpu64_eabi.lib</file>
         <name>copy_zero_init.c.obj</name>
      </input_file>
      <input_file id="fl-2c">
         <path>C:\ti\ccs1040\ccs\tools\compiler\ti-cgt-c2000_20.2.5.LTS\lib\</path>
         <kind>archive</kind>
         <file>rts2800_fpu64_eabi.lib</file>
         <name>copy_decompress_none.c.obj</name>
      </input_file>
      <input_file id="fl-2d">
         <path>C:\ti\ccs1040\ccs\tools\compiler\ti-cgt-c2000_20.2.5.LTS\lib\</path>
         <kind>archive</kind>
         <file>rts2800_fpu64_eabi.lib</file>
         <name>copy_decompress_lzss.c.obj</name>
      </input_file>
      <input_file id="fl-2e">
         <path>C:\ti\ccs1040\ccs\tools\compiler\ti-cgt-c2000_20.2.5.LTS\lib\</path>
         <kind>archive</kind>
         <file>rts2800_fpu64_eabi.lib</file>
         <name>exit.c.obj</name>
      </input_file>
      <input_file id="fl-2f">
         <path>C:\ti\ccs1040\ccs\tools\compiler\ti-cgt-c2000_20.2.5.LTS\lib\</path>
         <kind>archive</kind>
         <file>rts2800_fpu64_eabi.lib</file>
         <name>_lock.c.obj</name>
      </input_file>
      <input_file id="fl-30">
         <path>C:\ti\ccs1040\ccs\tools\compiler\ti-cgt-c2000_20.2.5.LTS\lib\</path>
         <kind>archive</kind>
         <file>rts2800_fpu64_eabi.lib</file>
         <name>args_main.c.obj</name>
      </input_file>
      <input_file id="fl-31">
         <path>C:\ti\ccs1040\ccs\tools\compiler\ti-cgt-c2000_20.2.5.LTS\lib\</path>
         <kind>archive</kind>
         <file>rts2800_fpu64_eabi.lib</file>
         <name>memset.c.obj</name>
      </input_file>
      <input_file id="fl-32">
         <path>C:\ti\ccs1040\ccs\tools\compiler\ti-cgt-c2000_20.2.5.LTS\lib\</path>
         <kind>archive</kind>
         <file>rts2800_fpu64_eabi.lib</file>
         <name>cpy_tbl.c.obj</name>
      </input_file>
      <input_file id="fl-33">
         <path>C:\ti\ccs1040\ccs\tools\compiler\ti-cgt-c2000_20.2.5.LTS\lib\</path>
         <kind>archive</kind>
         <file>rts2800_fpu64_eabi.lib</file>
         <name>startup.c.obj</name>
      </input_file>
   </input_file_list>
   <object_component_list>
      <object_component id="oc-27">
         <name>codestart</name>
         <load_address>0x80000</load_address>
         <run_address>0x80000</run_address>
         <size>0x2</size>
         <input_file_ref idref="fl-4"/>
      </object_component>
      <object_component id="oc-e7">
         <name>.text:copy_data</name>
         <load_address>0x82000</load_address>
         <run_address>0x82000</run_address>
         <size>0x222</size>
         <input_file_ref idref="fl-2"/>
      </object_component>
      <object_component id="oc-135">
         <name>.text:Device_enableAllPeripherals</name>
         <load_address>0x82222</load_address>
         <run_address>0x82222</run_address>
         <size>0x167</size>
         <input_file_ref idref="fl-3"/>
      </object_component>
      <object_component id="oc-104">
         <name>.text:SysCtl_setClock</name>
         <load_address>0x82389</load_address>
         <run_address>0x82389</run_address>
         <size>0x138</size>
         <input_file_ref idref="fl-19"/>
      </object_component>
      <object_component id="oc-32">
         <name>.text:CM_CPU1_IPC_ISR1</name>
         <load_address>0x824c1</load_address>
         <run_address>0x824c1</run_address>
         <size>0x12d</size>
         <input_file_ref idref="fl-2"/>
      </object_component>
      <object_component id="oc-110">
         <name>.text:SysCtl_setAuxClock</name>
         <load_address>0x825ee</load_address>
         <run_address>0x825ee</run_address>
         <size>0x117</size>
         <input_file_ref idref="fl-19"/>
      </object_component>
      <object_component id="oc-275">
         <name>.text:SysCtl_isPLLValid</name>
         <load_address>0x82705</load_address>
         <run_address>0x82705</run_address>
         <size>0x110</size>
         <input_file_ref idref="fl-19"/>
      </object_component>
      <object_component id="oc-25a">
         <name>.text:DCC_verifyClockFrequency</name>
         <load_address>0x82815</load_address>
         <run_address>0x82815</run_address>
         <size>0xc9</size>
         <input_file_ref idref="fl-14"/>
      </object_component>
      <object_component id="oc-366">
         <name>.text</name>
         <load_address>0x828de</load_address>
         <run_address>0x828de</run_address>
         <size>0x88</size>
         <input_file_ref idref="fl-26"/>
      </object_component>
      <object_component id="oc-395">
         <name>.text:DCC_setCounterSeeds</name>
         <load_address>0x82966</load_address>
         <run_address>0x82966</run_address>
         <size>0x7a</size>
         <input_file_ref idref="fl-14"/>
      </object_component>
      <object_component id="oc-400">
         <name>.text:DCC_setCounterSeeds</name>
         <load_address>0x829e0</load_address>
         <run_address>0x829e0</run_address>
         <size>0x7a</size>
         <input_file_ref idref="fl-19"/>
      </object_component>
      <object_component id="oc-91">
         <name>.text:CM_EthernetIOMuxHandler</name>
         <load_address>0x82a5a</load_address>
         <run_address>0x82a5a</run_address>
         <size>0x77</size>
         <input_file_ref idref="fl-2"/>
      </object_component>
      <object_component id="oc-7f">
         <name>.text:Device_init</name>
         <load_address>0x82ad1</load_address>
         <run_address>0x82ad1</run_address>
         <size>0x6b</size>
         <input_file_ref idref="fl-3"/>
      </object_component>
      <object_component id="oc-12f">
         <name>.text:SysCtl_getAuxClock</name>
         <load_address>0x82b3c</load_address>
         <run_address>0x82b3c</run_address>
         <size>0x67</size>
         <input_file_ref idref="fl-19"/>
      </object_component>
      <object_component id="oc-11c">
         <name>.text:SysCtl_getClock</name>
         <load_address>0x82ba3</load_address>
         <run_address>0x82ba3</run_address>
         <size>0x60</size>
         <input_file_ref idref="fl-19"/>
      </object_component>
      <object_component id="oc-269">
         <name>.text:SysCtl_selectOscSource</name>
         <load_address>0x82c03</load_address>
         <run_address>0x82c03</run_address>
         <size>0x54</size>
         <input_file_ref idref="fl-19"/>
      </object_component>
      <object_component id="oc-175">
         <name>.text:GPIO_setPadConfig</name>
         <load_address>0x82c57</load_address>
         <run_address>0x82c57</run_address>
         <size>0x52</size>
         <input_file_ref idref="fl-16"/>
      </object_component>
      <object_component id="oc-5b">
         <name>.text:IPC_readCommand</name>
         <load_address>0x82ca9</load_address>
         <run_address>0x82ca9</run_address>
         <size>0x4a</size>
         <input_file_ref idref="fl-18"/>
      </object_component>
      <object_component id="oc-17b">
         <name>.text:GPIO_writePin</name>
         <load_address>0x82cf3</load_address>
         <run_address>0x82cf3</run_address>
         <size>0x47</size>
         <input_file_ref idref="fl-2"/>
      </object_component>
      <object_component id="oc-27e">
         <name>.text:SysCtl_selectOscSourceAuxPLL</name>
         <load_address>0x82d3a</load_address>
         <run_address>0x82d3a</run_address>
         <size>0x47</size>
         <input_file_ref idref="fl-19"/>
      </object_component>
      <object_component id="oc-97">
         <name>.text:Interrupt_initModule</name>
         <load_address>0x82d81</load_address>
         <run_address>0x82d81</run_address>
         <size>0x3d</size>
         <input_file_ref idref="fl-17"/>
      </object_component>
      <object_component id="oc-169">
         <name>.text:GPIO_setPinConfig</name>
         <load_address>0x82dbe</load_address>
         <run_address>0x82dbe</run_address>
         <size>0x37</size>
         <input_file_ref idref="fl-16"/>
      </object_component>
      <object_component id="oc-a3">
         <name>.text:IPC_registerInterrupt</name>
         <load_address>0x82df5</load_address>
         <run_address>0x82df5</run_address>
         <size>0x37</size>
         <input_file_ref idref="fl-18"/>
      </object_component>
      <object_component id="oc-1a4">
         <name>.text:Interrupt_enable</name>
         <load_address>0x82e2c</load_address>
         <run_address>0x82e2c</run_address>
         <size>0x34</size>
         <input_file_ref idref="fl-17"/>
      </object_component>
      <object_component id="oc-16f">
         <name>.text:GPIO_setDirectionMode</name>
         <load_address>0x82e60</load_address>
         <run_address>0x82e60</run_address>
         <size>0x31</size>
         <input_file_ref idref="fl-16"/>
      </object_component>
      <object_component id="oc-1a">
         <name>.text:decompress:lzss</name>
         <load_address>0x82e91</load_address>
         <run_address>0x82e91</run_address>
         <size>0x31</size>
         <input_file_ref idref="fl-2d"/>
      </object_component>
      <object_component id="oc-73">
         <name>.text:DataRxHandler</name>
         <load_address>0x82ec2</load_address>
         <run_address>0x82ec2</run_address>
         <size>0x2d</size>
         <input_file_ref idref="fl-2"/>
      </object_component>
      <object_component id="oc-33">
         <name>.text:main</name>
         <load_address>0x82eef</load_address>
         <run_address>0x82eef</run_address>
         <size>0x2d</size>
         <input_file_ref idref="fl-2"/>
      </object_component>
      <object_component id="oc-2d2">
         <name>.text:__TI_auto_init_nobinit_nopinit</name>
         <load_address>0x82f1c</load_address>
         <run_address>0x82f1c</run_address>
         <size>0x2b</size>
         <input_file_ref idref="fl-2a"/>
      </object_component>
      <object_component id="oc-416">
         <name>.text:SysCtl_pollX1Counter</name>
         <load_address>0x82f47</load_address>
         <run_address>0x82f47</run_address>
         <size>0x2a</size>
         <input_file_ref idref="fl-19"/>
      </object_component>
      <object_component id="oc-204">
         <name>.text</name>
         <load_address>0x82f71</load_address>
         <run_address>0x82f71</run_address>
         <size>0x29</size>
         <input_file_ref idref="fl-2e"/>
      </object_component>
      <object_component id="oc-39b">
         <name>.text:DCC_enableSingleShotMode</name>
         <load_address>0x82f9a</load_address>
         <run_address>0x82f9a</run_address>
         <size>0x25</size>
         <input_file_ref idref="fl-14"/>
      </object_component>
      <object_component id="oc-406">
         <name>.text:DCC_enableSingleShotMode</name>
         <load_address>0x82fbf</load_address>
         <run_address>0x82fbf</run_address>
         <size>0x25</size>
         <input_file_ref idref="fl-19"/>
      </object_component>
      <object_component id="oc-149">
         <name>.text:SysCtl_controlCMReset</name>
         <load_address>0x82fe4</load_address>
         <run_address>0x82fe4</run_address>
         <size>0x25</size>
         <input_file_ref idref="fl-19"/>
      </object_component>
      <object_component id="oc-3c2">
         <name>.text:SysCtl_selectXTAL</name>
         <load_address>0x83009</load_address>
         <run_address>0x83009</run_address>
         <size>0x24</size>
         <input_file_ref idref="fl-19"/>
      </object_component>
      <object_component id="oc-8b">
         <name>.text:Device_initGPIO</name>
         <load_address>0x8302d</load_address>
         <run_address>0x8302d</run_address>
         <size>0x21</size>
         <input_file_ref idref="fl-3"/>
      </object_component>
      <object_component id="oc-9d">
         <name>.text:Interrupt_initVectorTable</name>
         <load_address>0x8304e</load_address>
         <run_address>0x8304e</run_address>
         <size>0x20</size>
         <input_file_ref idref="fl-17"/>
      </object_component>
      <object_component id="oc-389">
         <name>.text:DCC_setCounter0ClkSource</name>
         <load_address>0x8306e</load_address>
         <run_address>0x8306e</run_address>
         <size>0x1f</size>
         <input_file_ref idref="fl-14"/>
      </object_component>
      <object_component id="oc-3f4">
         <name>.text:DCC_setCounter0ClkSource</name>
         <load_address>0x8308d</load_address>
         <run_address>0x8308d</run_address>
         <size>0x1f</size>
         <input_file_ref idref="fl-19"/>
      </object_component>
      <object_component id="oc-38f">
         <name>.text:DCC_setCounter1ClkSource</name>
         <load_address>0x830ac</load_address>
         <run_address>0x830ac</run_address>
         <size>0x1f</size>
         <input_file_ref idref="fl-14"/>
      </object_component>
      <object_component id="oc-3fa">
         <name>.text:DCC_setCounter1ClkSource</name>
         <load_address>0x830cb</load_address>
         <run_address>0x830cb</run_address>
         <size>0x1f</size>
         <input_file_ref idref="fl-19"/>
      </object_component>
      <object_component id="oc-fe">
         <name>.text:Device_verifyXTAL</name>
         <load_address>0x830ea</load_address>
         <run_address>0x830ea</run_address>
         <size>0x1e</size>
         <input_file_ref idref="fl-3"/>
      </object_component>
      <object_component id="oc-3b9">
         <name>.text:DCC_getErrorStatus</name>
         <load_address>0x83108</load_address>
         <run_address>0x83108</run_address>
         <size>0x1d</size>
         <input_file_ref idref="fl-14"/>
      </object_component>
      <object_component id="oc-3b3">
         <name>.text:DCC_getSingleShotStatus</name>
         <load_address>0x83125</load_address>
         <run_address>0x83125</run_address>
         <size>0x1d</size>
         <input_file_ref idref="fl-14"/>
      </object_component>
      <object_component id="oc-41">
         <name>.text</name>
         <load_address>0x83142</load_address>
         <run_address>0x83142</run_address>
         <size>0x1d</size>
         <input_file_ref idref="fl-28"/>
      </object_component>
      <object_component id="oc-35f">
         <name>.text:DCC_isBaseValid</name>
         <load_address>0x8315f</load_address>
         <run_address>0x8315f</run_address>
         <size>0x1a</size>
         <input_file_ref idref="fl-14"/>
      </object_component>
      <object_component id="oc-4a9">
         <name>.text:DCC_isBaseValid</name>
         <load_address>0x83179</load_address>
         <run_address>0x83179</run_address>
         <size>0x1a</size>
         <input_file_ref idref="fl-19"/>
      </object_component>
      <object_component id="oc-13d">
         <name>.text:IPC_setBootMode</name>
         <load_address>0x83193</load_address>
         <run_address>0x83193</run_address>
         <size>0x1a</size>
         <input_file_ref idref="fl-3"/>
      </object_component>
      <object_component id="oc-129">
         <name>.text:SysCtl_getLowSpeedClock</name>
         <load_address>0x831ad</load_address>
         <run_address>0x831ad</run_address>
         <size>0x1a</size>
         <input_file_ref idref="fl-19"/>
      </object_component>
      <object_component id="oc-3c8">
         <name>.text:SysCtl_selectXTALSingleEnded</name>
         <load_address>0x831c7</load_address>
         <run_address>0x831c7</run_address>
         <size>0x1a</size>
         <input_file_ref idref="fl-19"/>
      </object_component>
      <object_component id="oc-d5">
         <name>.text</name>
         <load_address>0x831e1</load_address>
         <run_address>0x831e1</run_address>
         <size>0x19</size>
         <input_file_ref idref="fl-25"/>
      </object_component>
      <object_component id="oc-383">
         <name>.text:DCC_disableDoneSignal</name>
         <load_address>0x831fa</load_address>
         <run_address>0x831fa</run_address>
         <size>0x17</size>
         <input_file_ref idref="fl-14"/>
      </object_component>
      <object_component id="oc-3ee">
         <name>.text:DCC_disableDoneSignal</name>
         <load_address>0x83211</load_address>
         <run_address>0x83211</run_address>
         <size>0x17</size>
         <input_file_ref idref="fl-19"/>
      </object_component>
      <object_component id="oc-3a7">
         <name>.text:DCC_enableDoneSignal</name>
         <load_address>0x83228</load_address>
         <run_address>0x83228</run_address>
         <size>0x17</size>
         <input_file_ref idref="fl-14"/>
      </object_component>
      <object_component id="oc-299">
         <name>.text:Device_enableUnbondedGPIOPullupsFor176Pin</name>
         <load_address>0x8323f</load_address>
         <run_address>0x8323f</run_address>
         <size>0x17</size>
         <input_file_ref idref="fl-3"/>
      </object_component>
      <object_component id="oc-254">
         <name>.text:SysCtl_enablePeripheral</name>
         <load_address>0x83256</load_address>
         <run_address>0x83256</run_address>
         <size>0x17</size>
         <input_file_ref idref="fl-3"/>
      </object_component>
      <object_component id="oc-3d0">
         <name>.text:SysCtl_enablePeripheral</name>
         <load_address>0x8326d</load_address>
         <run_address>0x8326d</run_address>
         <size>0x17</size>
         <input_file_ref idref="fl-19"/>
      </object_component>
      <object_component id="oc-371">
         <name>.text:DCC_clearDoneFlag</name>
         <load_address>0x83284</load_address>
         <run_address>0x83284</run_address>
         <size>0x16</size>
         <input_file_ref idref="fl-14"/>
      </object_component>
      <object_component id="oc-3dc">
         <name>.text:DCC_clearDoneFlag</name>
         <load_address>0x8329a</load_address>
         <run_address>0x8329a</run_address>
         <size>0x16</size>
         <input_file_ref idref="fl-19"/>
      </object_component>
      <object_component id="oc-36b">
         <name>.text:DCC_clearErrorFlag</name>
         <load_address>0x832b0</load_address>
         <run_address>0x832b0</run_address>
         <size>0x16</size>
         <input_file_ref idref="fl-14"/>
      </object_component>
      <object_component id="oc-3d6">
         <name>.text:DCC_clearErrorFlag</name>
         <load_address>0x832c6</load_address>
         <run_address>0x832c6</run_address>
         <size>0x16</size>
         <input_file_ref idref="fl-19"/>
      </object_component>
      <object_component id="oc-37d">
         <name>.text:DCC_disableErrorSignal</name>
         <load_address>0x832dc</load_address>
         <run_address>0x832dc</run_address>
         <size>0x16</size>
         <input_file_ref idref="fl-14"/>
      </object_component>
      <object_component id="oc-3e8">
         <name>.text:DCC_disableErrorSignal</name>
         <load_address>0x832f2</load_address>
         <run_address>0x832f2</run_address>
         <size>0x16</size>
         <input_file_ref idref="fl-19"/>
      </object_component>
      <object_component id="oc-3a1">
         <name>.text:DCC_enableErrorSignal</name>
         <load_address>0x83308</load_address>
         <run_address>0x83308</run_address>
         <size>0x16</size>
         <input_file_ref idref="fl-14"/>
      </object_component>
      <object_component id="oc-85">
         <name>.text:Device_bootCM</name>
         <load_address>0x8331e</load_address>
         <run_address>0x8331e</run_address>
         <size>0x16</size>
         <input_file_ref idref="fl-3"/>
      </object_component>
      <object_component id="oc-156">
         <name>.text:GPIO_unlockPortConfig</name>
         <load_address>0x83334</load_address>
         <run_address>0x83334</run_address>
         <size>0x15</size>
         <input_file_ref idref="fl-3"/>
      </object_component>
      <object_component id="oc-377">
         <name>.text:DCC_disableModule</name>
         <load_address>0x83349</load_address>
         <run_address>0x83349</run_address>
         <size>0x14</size>
         <input_file_ref idref="fl-14"/>
      </object_component>
      <object_component id="oc-3e2">
         <name>.text:DCC_disableModule</name>
         <load_address>0x8335d</load_address>
         <run_address>0x8335d</run_address>
         <size>0x14</size>
         <input_file_ref idref="fl-19"/>
      </object_component>
      <object_component id="oc-3ad">
         <name>.text:DCC_enableModule</name>
         <load_address>0x83371</load_address>
         <run_address>0x83371</run_address>
         <size>0x14</size>
         <input_file_ref idref="fl-14"/>
      </object_component>
      <object_component id="oc-40c">
         <name>.text:DCC_enableModule</name>
         <load_address>0x83385</load_address>
         <run_address>0x83385</run_address>
         <size>0x14</size>
         <input_file_ref idref="fl-19"/>
      </object_component>
      <object_component id="oc-163">
         <name>.text:SysCtl_setEnetClk</name>
         <load_address>0x83399</load_address>
         <run_address>0x83399</run_address>
         <size>0x14</size>
         <input_file_ref idref="fl-2"/>
      </object_component>
      <object_component id="oc-15c">
         <name>.text:Device_enableUnbondedGPIOPullups</name>
         <load_address>0x833ad</load_address>
         <run_address>0x833ad</run_address>
         <size>0x11</size>
         <input_file_ref idref="fl-3"/>
      </object_component>
      <object_component id="oc-b5">
         <name>.text:Flash_claimPumpSemaphore</name>
         <load_address>0x833be</load_address>
         <run_address>0x833be</run_address>
         <size>0x11</size>
         <input_file_ref idref="fl-2"/>
      </object_component>
      <object_component id="oc-116">
         <name>.text:SysCtl_setCMClk</name>
         <load_address>0x833cf</load_address>
         <run_address>0x833cf</run_address>
         <size>0x11</size>
         <input_file_ref idref="fl-3"/>
      </object_component>
      <object_component id="oc-1ac">
         <name>.text:Flash_isCtrlBaseValid</name>
         <load_address>0x833e0</load_address>
         <run_address>0x833e0</run_address>
         <size>0x10</size>
         <input_file_ref idref="fl-15"/>
      </object_component>
      <object_component id="oc-1b3">
         <name>.text:Flash_isECCBaseValid</name>
         <load_address>0x833f0</load_address>
         <run_address>0x833f0</run_address>
         <size>0x10</size>
         <input_file_ref idref="fl-15"/>
      </object_component>
      <object_component id="oc-61">
         <name>.text:IPC_ackFlagRtoL</name>
         <load_address>0x83400</load_address>
         <run_address>0x83400</run_address>
         <size>0xf</size>
         <input_file_ref idref="fl-2"/>
      </object_component>
      <object_component id="oc-a9">
         <name>.text:IPC_clearFlagLtoR</name>
         <load_address>0x8340f</load_address>
         <run_address>0x8340f</run_address>
         <size>0xf</size>
         <input_file_ref idref="fl-2"/>
      </object_component>
      <object_component id="oc-143">
         <name>.text:IPC_setFlagLtoR</name>
         <load_address>0x8341e</load_address>
         <run_address>0x8341e</run_address>
         <size>0xf</size>
         <input_file_ref idref="fl-3"/>
      </object_component>
      <object_component id="oc-19e">
         <name>.text:Interrupt_register</name>
         <load_address>0x8342d</load_address>
         <run_address>0x8342d</run_address>
         <size>0xf</size>
         <input_file_ref idref="fl-18"/>
      </object_component>
      <object_component id="oc-2a3">
         <name>.text:GPIO_isPinValid</name>
         <load_address>0x8343c</load_address>
         <run_address>0x8343c</run_address>
         <size>0xe</size>
         <input_file_ref idref="fl-16"/>
      </object_component>
      <object_component id="oc-2ac">
         <name>.text:GPIO_isPinValid</name>
         <load_address>0x8344a</load_address>
         <run_address>0x8344a</run_address>
         <size>0xe</size>
         <input_file_ref idref="fl-2"/>
      </object_component>
      <object_component id="oc-18a">
         <name>.text:Interrupt_defaultHandler</name>
         <load_address>0x83458</load_address>
         <run_address>0x83458</run_address>
         <size>0xe</size>
         <input_file_ref idref="fl-17"/>
      </object_component>
      <object_component id="oc-182">
         <name>.text:Interrupt_disableMaster</name>
         <load_address>0x83466</load_address>
         <run_address>0x83466</run_address>
         <size>0xd</size>
         <input_file_ref idref="fl-17"/>
      </object_component>
      <object_component id="oc-2bc">
         <name>.text:Interrupt_enableMaster</name>
         <load_address>0x83473</load_address>
         <run_address>0x83473</run_address>
         <size>0xd</size>
         <input_file_ref idref="fl-17"/>
      </object_component>
      <object_component id="oc-10a">
         <name>.text:SysCtl_setLowSpeedClock</name>
         <load_address>0x83480</load_address>
         <run_address>0x83480</run_address>
         <size>0xd</size>
         <input_file_ref idref="fl-3"/>
      </object_component>
      <object_component id="oc-49">
         <name>.text:decompress:ZI:__TI_zero_init_nomemset</name>
         <load_address>0x8348d</load_address>
         <run_address>0x8348d</run_address>
         <size>0xd</size>
         <input_file_ref idref="fl-2b"/>
      </object_component>
      <object_component id="oc-26f">
         <name>.text:SysCtl_setPLLSysClk</name>
         <load_address>0x8349a</load_address>
         <run_address>0x8349a</run_address>
         <size>0xc</size>
         <input_file_ref idref="fl-19"/>
      </object_component>
      <object_component id="oc-1fe">
         <name>.text</name>
         <load_address>0x834a6</load_address>
         <run_address>0x834a6</run_address>
         <size>0xc</size>
         <input_file_ref idref="fl-30"/>
      </object_component>
      <object_component id="oc-14f">
         <name>.text:SysCtl_isCMReset</name>
         <load_address>0x834b2</load_address>
         <run_address>0x834b2</run_address>
         <size>0xb</size>
         <input_file_ref idref="fl-3"/>
      </object_component>
      <object_component id="oc-290">
         <name>.text:SysCtl_isCMReset</name>
         <load_address>0x834bd</load_address>
         <run_address>0x834bd</run_address>
         <size>0xb</size>
         <input_file_ref idref="fl-19"/>
      </object_component>
      <object_component id="oc-262">
         <name>.text:SysCtl_isMCDClockFailureDetected</name>
         <load_address>0x834c8</load_address>
         <run_address>0x834c8</run_address>
         <size>0xb</size>
         <input_file_ref idref="fl-19"/>
      </object_component>
      <object_component id="oc-bb">
         <name>.text:Flash_releasePumpSemaphore</name>
         <load_address>0x834d3</load_address>
         <run_address>0x834d3</run_address>
         <size>0xa</size>
         <input_file_ref idref="fl-2"/>
      </object_component>
      <object_component id="oc-442">
         <name>.text</name>
         <load_address>0x834dd</load_address>
         <run_address>0x834dd</run_address>
         <size>0x9</size>
         <input_file_ref idref="fl-2f"/>
      </object_component>
      <object_component id="oc-f8">
         <name>.text:SysCtl_disableWatchdog</name>
         <load_address>0x834e6</load_address>
         <run_address>0x834e6</run_address>
         <size>0x8</size>
         <input_file_ref idref="fl-3"/>
      </object_component>
      <object_component id="oc-20">
         <name>.text:decompress:none</name>
         <load_address>0x834ee</load_address>
         <run_address>0x834ee</run_address>
         <size>0x8</size>
         <input_file_ref idref="fl-2c"/>
      </object_component>
      <object_component id="oc-55">
         <name>.text</name>
         <load_address>0x834f6</load_address>
         <run_address>0x834f6</run_address>
         <size>0x8</size>
         <input_file_ref idref="fl-4"/>
      </object_component>
      <object_component id="oc-4a0">
         <name>.text:SysCtl_resetMCD</name>
         <load_address>0x834fe</load_address>
         <run_address>0x834fe</run_address>
         <size>0x7</size>
         <input_file_ref idref="fl-19"/>
      </object_component>
      <object_component id="oc-123">
         <name>.text:__error__</name>
         <load_address>0x83505</load_address>
         <run_address>0x83505</run_address>
         <size>0x7</size>
         <input_file_ref idref="fl-3"/>
      </object_component>
      <object_component id="oc-67">
         <name>.text</name>
         <load_address>0x8350c</load_address>
         <run_address>0x8350c</run_address>
         <size>0x7</size>
         <input_file_ref idref="fl-31"/>
      </object_component>
      <object_component id="oc-23a">
         <name>.text:Example_Error</name>
         <load_address>0x83513</load_address>
         <run_address>0x83513</run_address>
         <size>0x6</size>
         <input_file_ref idref="fl-2"/>
      </object_component>
      <object_component id="oc-79">
         <name>.text:Interrupt_clearACKGroup</name>
         <load_address>0x83519</load_address>
         <run_address>0x83519</run_address>
         <size>0x6</size>
         <input_file_ref idref="fl-2"/>
      </object_component>
      <object_component id="oc-c1">
         <name>.text:Example_Done</name>
         <load_address>0x8351f</load_address>
         <run_address>0x8351f</run_address>
         <size>0x3</size>
         <input_file_ref idref="fl-2"/>
      </object_component>
      <object_component id="oc-246">
         <name>.text:FMSTAT_Fail</name>
         <load_address>0x83522</load_address>
         <run_address>0x83522</run_address>
         <size>0x3</size>
         <input_file_ref idref="fl-2"/>
      </object_component>
      <object_component id="oc-196">
         <name>.text:Interrupt_illegalOperationHandler</name>
         <load_address>0x83525</load_address>
         <run_address>0x83525</run_address>
         <size>0x2</size>
         <input_file_ref idref="fl-17"/>
      </object_component>
      <object_component id="oc-190">
         <name>.text:Interrupt_nmiHandler</name>
         <load_address>0x83527</load_address>
         <run_address>0x83527</run_address>
         <size>0x2</size>
         <input_file_ref idref="fl-17"/>
      </object_component>
      <object_component id="oc-1f7">
         <name>.text</name>
         <load_address>0x83529</load_address>
         <run_address>0x83529</run_address>
         <size>0x2</size>
         <input_file_ref idref="fl-29"/>
      </object_component>
      <object_component id="oc-428">
         <name>.text</name>
         <load_address>0x8352b</load_address>
         <run_address>0x8352b</run_address>
         <size>0x1</size>
         <input_file_ref idref="fl-33"/>
      </object_component>
      <object_component id="oc-531">
         <name>.cinit..data.load</name>
         <load_address>0x83530</load_address>
         <run_address>0x83530</run_address>
         <size>0x24</size>
      </object_component>
      <object_component id="oc-52e">
         <name>__TI_handler_table</name>
         <load_address>0x83554</load_address>
         <run_address>0x83554</run_address>
         <size>0x6</size>
      </object_component>
      <object_component id="oc-530">
         <name>.cinit..bss.load</name>
         <load_address>0x8355a</load_address>
         <run_address>0x8355a</run_address>
         <size>0x4</size>
      </object_component>
      <object_component id="oc-532">
         <name>.cinit.DataBufferSection.load</name>
         <load_address>0x8355e</load_address>
         <run_address>0x8355e</run_address>
         <size>0x4</size>
      </object_component>
      <object_component id="oc-52f">
         <name>__TI_cinit_table</name>
         <load_address>0x83564</load_address>
         <run_address>0x83564</run_address>
         <size>0xc</size>
      </object_component>
      <object_component id="oc-3e">
         <name>.stack</name>
         <uninitialized>true</uninitialized>
         <run_address>0x400</run_address>
         <size>0x0</size>
         <input_file_ref idref="fl-25"/>
      </object_component>
      <object_component id="oc-533">
         <name>.stack</name>
         <uninitialized>true</uninitialized>
         <run_address>0x400</run_address>
         <size>0x0</size>
      </object_component>
      <object_component id="oc-222">
         <name>.bss</name>
         <uninitialized>true</uninitialized>
         <run_address>0xac24</run_address>
         <size>0x6</size>
         <input_file_ref idref="fl-2"/>
      </object_component>
      <object_component id="oc-21f">
         <name>.data</name>
         <load_address>0xac1c</load_address>
         <run_address>0xac1c</run_address>
         <size>0x4</size>
         <input_file_ref idref="fl-2"/>
      </object_component>
      <object_component id="oc-ed">
         <name>.data:flash_address</name>
         <load_address>0xac00</load_address>
         <run_address>0xac00</run_address>
         <size>0x16</size>
         <input_file_ref idref="fl-2"/>
      </object_component>
      <object_component id="oc-6d">
         <name>.data:grlRxbuf</name>
         <load_address>0xaa00</load_address>
         <run_address>0xaa00</run_address>
         <size>0x200</size>
         <input_file_ref idref="fl-2"/>
      </object_component>
      <object_component id="oc-70">
         <name>.data:App_Data_Buf</name>
         <load_address>0xa800</load_address>
         <run_address>0xa800</run_address>
         <size>0x200</size>
         <input_file_ref idref="fl-2"/>
      </object_component>
      <object_component id="oc-304">
         <name>.data</name>
         <load_address>0xac16</load_address>
         <run_address>0xac16</run_address>
         <size>0x6</size>
         <input_file_ref idref="fl-2e"/>
      </object_component>
      <object_component id="oc-307">
         <name>.data:_lock</name>
         <load_address>0xac20</load_address>
         <run_address>0xac20</run_address>
         <size>0x2</size>
         <input_file_ref idref="fl-2f"/>
      </object_component>
      <object_component id="oc-4c1">
         <name>.data:_unlock</name>
         <load_address>0xac22</load_address>
         <run_address>0xac22</run_address>
         <size>0x2</size>
         <input_file_ref idref="fl-2f"/>
      </object_component>
      <object_component id="oc-1b2">
         <name>.const:.string</name>
         <load_address>0x90000</load_address>
         <run_address>0x90000</run_address>
         <size>0xec</size>
         <input_file_ref idref="fl-15"/>
      </object_component>
      <object_component id="oc-2a9">
         <name>.const:.string</name>
         <load_address>0x900ec</load_address>
         <run_address>0x900ec</run_address>
         <size>0xeb</size>
         <input_file_ref idref="fl-16"/>
      </object_component>
      <object_component id="oc-261">
         <name>.const:.string</name>
         <load_address>0x901d8</load_address>
         <run_address>0x901d8</run_address>
         <size>0xeb</size>
         <input_file_ref idref="fl-19"/>
      </object_component>
      <object_component id="oc-365">
         <name>.const:.string</name>
         <load_address>0x902c4</load_address>
         <run_address>0x902c4</run_address>
         <size>0xe8</size>
         <input_file_ref idref="fl-14"/>
      </object_component>
      <object_component id="oc-db">
         <name>.const:IPC_Instance</name>
         <load_address>0x903ac</load_address>
         <run_address>0x903ac</run_address>
         <size>0x88</size>
         <input_file_ref idref="fl-18"/>
      </object_component>
      <object_component id="oc-2b2">
         <name>.const:.string</name>
         <load_address>0x90434</load_address>
         <run_address>0x90434</run_address>
         <size>0x87</size>
         <input_file_ref idref="fl-2"/>
      </object_component>
      <object_component id="oc-19d">
         <name>.const:.string</name>
         <load_address>0x904bc</load_address>
         <run_address>0x904bc</run_address>
         <size>0x74</size>
         <input_file_ref idref="fl-18"/>
      </object_component>
      <object_component id="oc-122">
         <name>.const:.string</name>
         <load_address>0x90530</load_address>
         <run_address>0x90530</run_address>
         <size>0x55</size>
         <input_file_ref idref="fl-3"/>
      </object_component>
      <object_component id="oc-20b">
         <name>MSGRAM_CPU1_TO_CPU2</name>
         <uninitialized>true</uninitialized>
         <run_address>0x3a000</run_address>
         <size>0x88</size>
         <input_file_ref idref="fl-18"/>
      </object_component>
      <object_component id="oc-20e">
         <name>MSGRAM_CPU2_TO_CPU1</name>
         <uninitialized>true</uninitialized>
         <run_address>0x3b000</run_address>
         <size>0x88</size>
         <input_file_ref idref="fl-18"/>
      </object_component>
      <object_component id="oc-211">
         <name>MSGRAM_CPU_TO_CM</name>
         <uninitialized>true</uninitialized>
         <run_address>0x39000</run_address>
         <size>0x88</size>
         <input_file_ref idref="fl-18"/>
      </object_component>
      <object_component id="oc-214">
         <name>MSGRAM_CM_TO_CPU</name>
         <uninitialized>true</uninitialized>
         <run_address>0x38000</run_address>
         <size>0x88</size>
         <input_file_ref idref="fl-18"/>
      </object_component>
      <object_component id="oc-314">
         <name>DataBufferSection</name>
         <uninitialized>true</uninitialized>
         <run_address>0x1b8</run_address>
         <size>0x100</size>
         <input_file_ref idref="fl-2"/>
      </object_component>
      <object_component id="oc-452">
         <name>.text:_Fapi_setupFlashStateMachine</name>
         <load_address>0x86000</load_address>
         <run_address>0x8000</run_address>
         <size>0x2e1</size>
         <input_file_ref idref="fl-11"/>
      </object_component>
      <object_component id="oc-327">
         <name>.text:Fapi_issueProgrammingCommand</name>
         <load_address>0x862e1</load_address>
         <run_address>0x82e1</run_address>
         <size>0x1a5</size>
         <input_file_ref idref="fl-d"/>
      </object_component>
      <object_component id="oc-356">
         <name>.text:_Fapi_loopRegionForValue</name>
         <load_address>0x86486</load_address>
         <run_address>0x8486</run_address>
         <size>0x7e</size>
         <input_file_ref idref="fl-f"/>
      </object_component>
      <object_component id="oc-464">
         <name>.text:Fapi_setupEepromSectorEnable</name>
         <load_address>0x86504</load_address>
         <run_address>0x8504</run_address>
         <size>0x79</size>
         <input_file_ref idref="fl-11"/>
      </object_component>
      <object_component id="oc-31b">
         <name>.text:Fapi_initializeAPI</name>
         <load_address>0x8657d</load_address>
         <run_address>0x857d</run_address>
         <size>0x66</size>
         <input_file_ref idref="fl-12"/>
      </object_component>
      <object_component id="oc-24c">
         <name>.text:Fapi_doBlankCheck</name>
         <load_address>0x865e3</load_address>
         <run_address>0x85e3</run_address>
         <size>0x63</size>
         <input_file_ref idref="fl-e"/>
      </object_component>
      <object_component id="oc-45b">
         <name>.text:_Fapi_checkRegionForValue</name>
         <load_address>0x86646</load_address>
         <run_address>0x8646</run_address>
         <size>0x61</size>
         <input_file_ref idref="fl-f"/>
      </object_component>
      <object_component id="oc-334">
         <name>.text:_Fapi_issueFsmCommand</name>
         <load_address>0x866a7</load_address>
         <run_address>0x86a7</run_address>
         <size>0x53</size>
         <input_file_ref idref="fl-11"/>
      </object_component>
      <object_component id="oc-34a">
         <name>.text:Fapi_isAddressValid</name>
         <load_address>0x866fa</load_address>
         <run_address>0x86fa</run_address>
         <size>0x3b</size>
         <input_file_ref idref="fl-13"/>
      </object_component>
      <object_component id="oc-22e">
         <name>.text:Fapi_issueAsyncCommandWithAddress</name>
         <load_address>0x86735</load_address>
         <run_address>0x8735</run_address>
         <size>0x38</size>
         <input_file_ref idref="fl-c"/>
      </object_component>
      <object_component id="oc-46a">
         <name>.text:Fapi_setupBankSectorEnable</name>
         <load_address>0x8676d</load_address>
         <run_address>0x876d</run_address>
         <size>0x31</size>
         <input_file_ref idref="fl-11"/>
      </object_component>
      <object_component id="oc-321">
         <name>.text:Fapi_setActiveFlashBank</name>
         <load_address>0x8679e</load_address>
         <run_address>0x879e</run_address>
         <size>0x2f</size>
         <input_file_ref idref="fl-11"/>
      </object_component>
      <object_component id="oc-4fa">
         <name>.text:Fapi_calculateFletcherChecksum</name>
         <load_address>0x867cd</load_address>
         <run_address>0x87cd</run_address>
         <size>0x2c</size>
         <input_file_ref idref="fl-13"/>
      </object_component>
      <object_component id="oc-4cb">
         <name>.text:_Fapi_divideUnsignedLong</name>
         <load_address>0x867f9</load_address>
         <run_address>0x87f9</run_address>
         <size>0x2a</size>
         <input_file_ref idref="fl-13"/>
      </object_component>
      <object_component id="oc-33a">
         <name>.text:_Fapi_setupSectorsForWrite</name>
         <load_address>0x86823</load_address>
         <run_address>0x8823</run_address>
         <size>0x26</size>
         <input_file_ref idref="fl-11"/>
      </object_component>
      <object_component id="oc-47d">
         <name>.text:Fapi_isAddressEcc</name>
         <load_address>0x86849</load_address>
         <run_address>0x8849</run_address>
         <size>0x22</size>
         <input_file_ref idref="fl-11"/>
      </object_component>
      <object_component id="oc-350">
         <name>.text:Fapi_flushPipeline</name>
         <load_address>0x8686b</load_address>
         <run_address>0x886b</run_address>
         <size>0x15</size>
         <input_file_ref idref="fl-f"/>
      </object_component>
      <object_component id="oc-32d">
         <name>.text:Fapi_doVerify</name>
         <load_address>0x86880</load_address>
         <run_address>0x8880</run_address>
         <size>0xf</size>
         <input_file_ref idref="fl-10"/>
      </object_component>
      <object_component id="oc-234">
         <name>.text:Fapi_checkFsmForReady</name>
         <load_address>0x8688f</load_address>
         <run_address>0x888f</run_address>
         <size>0xe</size>
         <input_file_ref idref="fl-11"/>
      </object_component>
      <object_component id="oc-4d7">
         <name>.text:_Fapi_scaleCycleValues</name>
         <load_address>0x8689d</load_address>
         <run_address>0x889d</run_address>
         <size>0xe</size>
         <input_file_ref idref="fl-13"/>
      </object_component>
      <object_component id="oc-4d1">
         <name>.text:_Fapi_calculateOtpChecksum</name>
         <load_address>0x868ab</load_address>
         <run_address>0x88ab</run_address>
         <size>0xb</size>
         <input_file_ref idref="fl-13"/>
      </object_component>
      <object_component id="oc-340">
         <name>.bss</name>
         <load_address>0x868b6</load_address>
         <run_address>0x88b6</run_address>
         <size>0xa</size>
         <input_file_ref idref="fl-12"/>
      </object_component>
      <object_component id="oc-240">
         <name>.text:Fapi_getFsmStatus</name>
         <load_address>0x868c0</load_address>
         <run_address>0x88c0</run_address>
         <size>0x7</size>
         <input_file_ref idref="fl-11"/>
      </object_component>
      <object_component id="oc-483">
         <name>.text:Fapi_serviceWatchdogTimer</name>
         <load_address>0x868c7</load_address>
         <run_address>0x88c7</run_address>
         <size>0x2</size>
         <input_file_ref idref="fl-11"/>
      </object_component>
      <object_component id="oc-225">
         <name>.TI.ramfunc:Flash_data_program_8</name>
         <load_address>0x868c9</load_address>
         <run_address>0x88c9</run_address>
         <size>0x5e</size>
         <input_file_ref idref="fl-2"/>
      </object_component>
      <object_component id="oc-af">
         <name>.TI.ramfunc:Flash_initModule</name>
         <load_address>0x86927</load_address>
         <run_address>0x8927</run_address>
         <size>0x3f</size>
         <input_file_ref idref="fl-15"/>
      </object_component>
      <object_component id="oc-1b9">
         <name>.TI.ramfunc:Flash_setBankPowerMode</name>
         <load_address>0x86966</load_address>
         <run_address>0x8966</run_address>
         <size>0x2d</size>
         <input_file_ref idref="fl-15"/>
      </object_component>
      <object_component id="oc-f0">
         <name>.TI.ramfunc:Example_EraseSector</name>
         <load_address>0x86993</load_address>
         <run_address>0x8993</run_address>
         <size>0x27</size>
         <input_file_ref idref="fl-2"/>
      </object_component>
      <object_component id="oc-1d1">
         <name>.TI.ramfunc:Flash_setWaitstates</name>
         <load_address>0x869ba</load_address>
         <run_address>0x89ba</run_address>
         <size>0x26</size>
         <input_file_ref idref="fl-15"/>
      </object_component>
      <object_component id="oc-1bf">
         <name>.TI.ramfunc:Flash_setPumpPowerMode</name>
         <load_address>0x869e0</load_address>
         <run_address>0x89e0</run_address>
         <size>0x1e</size>
         <input_file_ref idref="fl-15"/>
      </object_component>
      <object_component id="oc-1c5">
         <name>.TI.ramfunc:Flash_disableCache</name>
         <load_address>0x869fe</load_address>
         <run_address>0x89fe</run_address>
         <size>0x1a</size>
         <input_file_ref idref="fl-15"/>
      </object_component>
      <object_component id="oc-1cb">
         <name>.TI.ramfunc:Flash_disablePrefetch</name>
         <load_address>0x86a18</load_address>
         <run_address>0x8a18</run_address>
         <size>0x1a</size>
         <input_file_ref idref="fl-15"/>
      </object_component>
      <object_component id="oc-1d7">
         <name>.TI.ramfunc:Flash_enableCache</name>
         <load_address>0x86a32</load_address>
         <run_address>0x8a32</run_address>
         <size>0x19</size>
         <input_file_ref idref="fl-15"/>
      </object_component>
      <object_component id="oc-1dd">
         <name>.TI.ramfunc:Flash_enablePrefetch</name>
         <load_address>0x86a4b</load_address>
         <run_address>0x8a4b</run_address>
         <size>0x19</size>
         <input_file_ref idref="fl-15"/>
      </object_component>
      <object_component id="oc-1e3">
         <name>.TI.ramfunc:Flash_enableECC</name>
         <load_address>0x86a64</load_address>
         <run_address>0x8a64</run_address>
         <size>0x17</size>
         <input_file_ref idref="fl-15"/>
      </object_component>
      <object_component id="oc-268">
         <name>.TI.ramfunc</name>
         <load_address>0x86a7b</load_address>
         <run_address>0x8a7b</run_address>
         <size>0x4</size>
         <input_file_ref idref="fl-19"/>
      </object_component>
      <object_component id="oc-c8">
         <name>.debug_types</name>
         <load_address>0x0</load_address>
         <run_address>0x0</run_address>
         <size>0x1ffc</size>
         <input_file_ref idref="fl-2"/>
      </object_component>
      <object_component id="oc-13c">
         <name>.debug_types</name>
         <load_address>0x1ffc</load_address>
         <run_address>0x1ffc</run_address>
         <size>0x1395</size>
         <input_file_ref idref="fl-3"/>
      </object_component>
      <object_component id="oc-344">
         <name>.debug_types</name>
         <load_address>0x3391</load_address>
         <run_address>0x3391</run_address>
         <size>0xc6b0</size>
         <input_file_ref idref="fl-c"/>
      </object_component>
      <object_component id="oc-45a">
         <name>.debug_types</name>
         <load_address>0xfa41</load_address>
         <run_address>0xfa41</run_address>
         <size>0xa1</size>
         <input_file_ref idref="fl-d"/>
      </object_component>
      <object_component id="oc-35d">
         <name>.debug_types</name>
         <load_address>0xfae2</load_address>
         <run_address>0xfae2</run_address>
         <size>0xeb</size>
         <input_file_ref idref="fl-e"/>
      </object_component>
      <object_component id="oc-47c">
         <name>.debug_types</name>
         <load_address>0xfbcd</load_address>
         <run_address>0xfbcd</run_address>
         <size>0x5a</size>
         <input_file_ref idref="fl-f"/>
      </object_component>
      <object_component id="oc-462">
         <name>.debug_types</name>
         <load_address>0x0</load_address>
         <run_address>0x0</run_address>
         <size>0x0</size>
         <input_file_ref idref="fl-10"/>
      </object_component>
      <object_component id="oc-346">
         <name>.debug_types</name>
         <load_address>0xfc27</load_address>
         <run_address>0xfc27</run_address>
         <size>0x6bb</size>
         <input_file_ref idref="fl-11"/>
      </object_component>
      <object_component id="oc-451">
         <name>.debug_types</name>
         <load_address>0x0</load_address>
         <run_address>0x0</run_address>
         <size>0x0</size>
         <input_file_ref idref="fl-12"/>
      </object_component>
      <object_component id="oc-47a">
         <name>.debug_types</name>
         <load_address>0x102e2</load_address>
         <run_address>0x102e2</run_address>
         <size>0x5a</size>
         <input_file_ref idref="fl-13"/>
      </object_component>
      <object_component id="oc-3c0">
         <name>.debug_types</name>
         <load_address>0x1033c</load_address>
         <run_address>0x1033c</run_address>
         <size>0xa2</size>
         <input_file_ref idref="fl-14"/>
      </object_component>
      <object_component id="oc-1ea">
         <name>.debug_types</name>
         <load_address>0x103de</load_address>
         <run_address>0x103de</run_address>
         <size>0x1d7</size>
         <input_file_ref idref="fl-15"/>
      </object_component>
      <object_component id="oc-2a2">
         <name>.debug_types</name>
         <load_address>0x105b5</load_address>
         <run_address>0x105b5</run_address>
         <size>0x482</size>
         <input_file_ref idref="fl-16"/>
      </object_component>
      <object_component id="oc-189">
         <name>.debug_types</name>
         <load_address>0x10a37</load_address>
         <run_address>0x10a37</run_address>
         <size>0x70</size>
         <input_file_ref idref="fl-17"/>
      </object_component>
      <object_component id="oc-df">
         <name>.debug_types</name>
         <load_address>0x10aa7</load_address>
         <run_address>0x10aa7</run_address>
         <size>0x1e3</size>
         <input_file_ref idref="fl-18"/>
      </object_component>
      <object_component id="oc-27c">
         <name>.debug_types</name>
         <load_address>0x10c8a</load_address>
         <run_address>0x10c8a</run_address>
         <size>0x8b4</size>
         <input_file_ref idref="fl-19"/>
      </object_component>
      <object_component id="oc-ce">
         <name>.debug_types</name>
         <load_address>0x1153e</load_address>
         <run_address>0x1153e</run_address>
         <size>0xb8</size>
         <input_file_ref idref="fl-28"/>
      </object_component>
      <object_component id="oc-2d1">
         <name>.debug_types</name>
         <load_address>0x0</load_address>
         <run_address>0x0</run_address>
         <size>0x0</size>
         <input_file_ref idref="fl-29"/>
      </object_component>
      <object_component id="oc-42f">
         <name>.debug_types</name>
         <load_address>0x115f6</load_address>
         <run_address>0x115f6</run_address>
         <size>0x4ca</size>
         <input_file_ref idref="fl-2a"/>
      </object_component>
      <object_component id="oc-d3">
         <name>.debug_types</name>
         <load_address>0x11ac0</load_address>
         <run_address>0x11ac0</run_address>
         <size>0x194</size>
         <input_file_ref idref="fl-2b"/>
      </object_component>
      <object_component id="oc-48">
         <name>.debug_types</name>
         <load_address>0x0</load_address>
         <run_address>0x0</run_address>
         <size>0x0</size>
         <input_file_ref idref="fl-2c"/>
      </object_component>
      <object_component id="oc-40">
         <name>.debug_types</name>
         <load_address>0x11c54</load_address>
         <run_address>0x11c54</run_address>
         <size>0x191</size>
         <input_file_ref idref="fl-2d"/>
      </object_component>
      <object_component id="oc-30b">
         <name>.debug_types</name>
         <load_address>0x11de5</load_address>
         <run_address>0x11de5</run_address>
         <size>0xbf</size>
         <input_file_ref idref="fl-2e"/>
      </object_component>
      <object_component id="oc-44a">
         <name>.debug_types</name>
         <load_address>0x11ea4</load_address>
         <run_address>0x11ea4</run_address>
         <size>0x2f</size>
         <input_file_ref idref="fl-2f"/>
      </object_component>
      <object_component id="oc-303">
         <name>.debug_types</name>
         <load_address>0x11ed3</load_address>
         <run_address>0x11ed3</run_address>
         <size>0xe1</size>
         <input_file_ref idref="fl-30"/>
      </object_component>
      <object_component id="oc-e2">
         <name>.debug_types</name>
         <load_address>0x0</load_address>
         <run_address>0x0</run_address>
         <size>0x0</size>
         <input_file_ref idref="fl-31"/>
      </object_component>
      <object_component id="oc-4bb">
         <name>.debug_types</name>
         <load_address>0x0</load_address>
         <run_address>0x0</run_address>
         <size>0x0</size>
         <input_file_ref idref="fl-33"/>
      </object_component>
      <object_component id="oc-220">
         <name>.debug_info</name>
         <load_address>0x0</load_address>
         <run_address>0x0</run_address>
         <size>0x117</size>
         <input_file_ref idref="fl-2"/>
      </object_component>
      <object_component id="oc-223">
         <name>.debug_info</name>
         <load_address>0x117</load_address>
         <run_address>0x117</run_address>
         <size>0x12f</size>
         <input_file_ref idref="fl-2"/>
      </object_component>
      <object_component id="oc-ee">
         <name>.debug_info</name>
         <load_address>0x246</load_address>
         <run_address>0x246</run_address>
         <size>0x109</size>
         <input_file_ref idref="fl-2"/>
      </object_component>
      <object_component id="oc-315">
         <name>.debug_info</name>
         <load_address>0x34f</load_address>
         <run_address>0x34f</run_address>
         <size>0xfb</size>
         <input_file_ref idref="fl-2"/>
      </object_component>
      <object_component id="oc-6e">
         <name>.debug_info</name>
         <load_address>0x44a</load_address>
         <run_address>0x44a</run_address>
         <size>0xff</size>
         <input_file_ref idref="fl-2"/>
      </object_component>
      <object_component id="oc-71">
         <name>.debug_info</name>
         <load_address>0x549</load_address>
         <run_address>0x549</run_address>
         <size>0x107</size>
         <input_file_ref idref="fl-2"/>
      </object_component>
      <object_component id="oc-7c">
         <name>.debug_info</name>
         <load_address>0x650</load_address>
         <run_address>0x650</run_address>
         <size>0x199</size>
         <input_file_ref idref="fl-2"/>
      </object_component>
      <object_component id="oc-164">
         <name>.debug_info</name>
         <load_address>0x7e9</load_address>
         <run_address>0x7e9</run_address>
         <size>0x1b3</size>
         <input_file_ref idref="fl-2"/>
      </object_component>
      <object_component id="oc-ab">
         <name>.debug_info</name>
         <load_address>0x99c</load_address>
         <run_address>0x99c</run_address>
         <size>0x1ae</size>
         <input_file_ref idref="fl-2"/>
      </object_component>
      <object_component id="oc-63">
         <name>.debug_info</name>
         <load_address>0xb4a</load_address>
         <run_address>0xb4a</run_address>
         <size>0x1aa</size>
         <input_file_ref idref="fl-2"/>
      </object_component>
      <object_component id="oc-b7">
         <name>.debug_info</name>
         <load_address>0xcf4</load_address>
         <run_address>0xcf4</run_address>
         <size>0x19b</size>
         <input_file_ref idref="fl-2"/>
      </object_component>
      <object_component id="oc-bc">
         <name>.debug_info</name>
         <load_address>0xe8f</load_address>
         <run_address>0xe8f</run_address>
         <size>0x178</size>
         <input_file_ref idref="fl-2"/>
      </object_component>
      <object_component id="oc-2ae">
         <name>.debug_info</name>
         <load_address>0x1007</load_address>
         <run_address>0x1007</run_address>
         <size>0x186</size>
         <input_file_ref idref="fl-2"/>
      </object_component>
      <object_component id="oc-17d">
         <name>.debug_info</name>
         <load_address>0x118d</load_address>
         <run_address>0x118d</run_address>
         <size>0x1df</size>
         <input_file_ref idref="fl-2"/>
      </object_component>
      <object_component id="oc-e8">
         <name>.debug_info</name>
         <load_address>0x136c</load_address>
         <run_address>0x136c</run_address>
         <size>0x27b</size>
         <input_file_ref idref="fl-2"/>
      </object_component>
      <object_component id="oc-75">
         <name>.debug_info</name>
         <load_address>0x15e7</load_address>
         <run_address>0x15e7</run_address>
         <size>0x1f0</size>
         <input_file_ref idref="fl-2"/>
      </object_component>
      <object_component id="oc-3a">
         <name>.debug_info</name>
         <load_address>0x17d7</load_address>
         <run_address>0x17d7</run_address>
         <size>0x212</size>
         <input_file_ref idref="fl-2"/>
      </object_component>
      <object_component id="oc-93">
         <name>.debug_info</name>
         <load_address>0x19e9</load_address>
         <run_address>0x19e9</run_address>
         <size>0x374</size>
         <input_file_ref idref="fl-2"/>
      </object_component>
      <object_component id="oc-35">
         <name>.debug_info</name>
         <load_address>0x1d5d</load_address>
         <run_address>0x1d5d</run_address>
         <size>0x248</size>
         <input_file_ref idref="fl-2"/>
      </object_component>
      <object_component id="oc-227">
         <name>.debug_info</name>
         <load_address>0x1fa5</load_address>
         <run_address>0x1fa5</run_address>
         <size>0x2ea</size>
         <input_file_ref idref="fl-2"/>
      </object_component>
      <object_component id="oc-f1">
         <name>.debug_info</name>
         <load_address>0x228f</load_address>
         <run_address>0x228f</run_address>
         <size>0x273</size>
         <input_file_ref idref="fl-2"/>
      </object_component>
      <object_component id="oc-23c">
         <name>.debug_info</name>
         <load_address>0x2502</load_address>
         <run_address>0x2502</run_address>
         <size>0x15d</size>
         <input_file_ref idref="fl-2"/>
      </object_component>
      <object_component id="oc-c2">
         <name>.debug_info</name>
         <load_address>0x265f</load_address>
         <run_address>0x265f</run_address>
         <size>0x136</size>
         <input_file_ref idref="fl-2"/>
      </object_component>
      <object_component id="oc-248">
         <name>.debug_info</name>
         <load_address>0x2795</load_address>
         <run_address>0x2795</run_address>
         <size>0x134</size>
         <input_file_ref idref="fl-2"/>
      </object_component>
      <object_component id="oc-255">
         <name>.debug_info</name>
         <load_address>0x28c9</load_address>
         <run_address>0x28c9</run_address>
         <size>0x1bf</size>
         <input_file_ref idref="fl-3"/>
      </object_component>
      <object_component id="oc-10c">
         <name>.debug_info</name>
         <load_address>0x2a88</load_address>
         <run_address>0x2a88</run_address>
         <size>0x193</size>
         <input_file_ref idref="fl-3"/>
      </object_component>
      <object_component id="oc-fb">
         <name>.debug_info</name>
         <load_address>0x2c1b</load_address>
         <run_address>0x2c1b</run_address>
         <size>0x166</size>
         <input_file_ref idref="fl-3"/>
      </object_component>
      <object_component id="oc-117">
         <name>.debug_info</name>
         <load_address>0x2d81</load_address>
         <run_address>0x2d81</run_address>
         <size>0x1a4</size>
         <input_file_ref idref="fl-3"/>
      </object_component>
      <object_component id="oc-152">
         <name>.debug_info</name>
         <load_address>0x2f25</load_address>
         <run_address>0x2f25</run_address>
         <size>0x162</size>
         <input_file_ref idref="fl-3"/>
      </object_component>
      <object_component id="oc-146">
         <name>.debug_info</name>
         <load_address>0x3087</load_address>
         <run_address>0x3087</run_address>
         <size>0x19f</size>
         <input_file_ref idref="fl-3"/>
      </object_component>
      <object_component id="oc-140">
         <name>.debug_info</name>
         <load_address>0x3226</load_address>
         <run_address>0x3226</run_address>
         <size>0x1ac</size>
         <input_file_ref idref="fl-3"/>
      </object_component>
      <object_component id="oc-159">
         <name>.debug_info</name>
         <load_address>0x33d2</load_address>
         <run_address>0x33d2</run_address>
         <size>0x1c2</size>
         <input_file_ref idref="fl-3"/>
      </object_component>
      <object_component id="oc-82">
         <name>.debug_info</name>
         <load_address>0x3594</load_address>
         <run_address>0x3594</run_address>
         <size>0x27d</size>
         <input_file_ref idref="fl-3"/>
      </object_component>
      <object_component id="oc-86">
         <name>.debug_info</name>
         <load_address>0x3811</load_address>
         <run_address>0x3811</run_address>
         <size>0x1a4</size>
         <input_file_ref idref="fl-3"/>
      </object_component>
      <object_component id="oc-136">
         <name>.debug_info</name>
         <load_address>0x39b5</load_address>
         <run_address>0x39b5</run_address>
         <size>0xbe4</size>
         <input_file_ref idref="fl-3"/>
      </object_component>
      <object_component id="oc-8c">
         <name>.debug_info</name>
         <load_address>0x4599</load_address>
         <run_address>0x4599</run_address>
         <size>0x1ee</size>
         <input_file_ref idref="fl-3"/>
      </object_component>
      <object_component id="oc-29a">
         <name>.debug_info</name>
         <load_address>0x4787</load_address>
         <run_address>0x4787</run_address>
         <size>0x15a</size>
         <input_file_ref idref="fl-3"/>
      </object_component>
      <object_component id="oc-15e">
         <name>.debug_info</name>
         <load_address>0x48e1</load_address>
         <run_address>0x48e1</run_address>
         <size>0x18c</size>
         <input_file_ref idref="fl-3"/>
      </object_component>
      <object_component id="oc-100">
         <name>.debug_info</name>
         <load_address>0x4a6d</load_address>
         <run_address>0x4a6d</run_address>
         <size>0x18f</size>
         <input_file_ref idref="fl-3"/>
      </object_component>
      <object_component id="oc-125">
         <name>.debug_info</name>
         <load_address>0x4bfc</load_address>
         <run_address>0x4bfc</run_address>
         <size>0x164</size>
         <input_file_ref idref="fl-3"/>
      </object_component>
      <object_component id="oc-2a">
         <name>.debug_info</name>
         <load_address>0x4d60</load_address>
         <run_address>0x4d60</run_address>
         <size>0x115</size>
         <input_file_ref idref="fl-4"/>
      </object_component>
      <object_component id="oc-56">
         <name>.debug_info</name>
         <load_address>0x4e75</load_address>
         <run_address>0x4e75</run_address>
         <size>0x116</size>
         <input_file_ref idref="fl-4"/>
      </object_component>
      <object_component id="oc-230">
         <name>.debug_info</name>
         <load_address>0x4f8b</load_address>
         <run_address>0x4f8b</run_address>
         <size>0x2d2</size>
         <input_file_ref idref="fl-c"/>
      </object_component>
      <object_component id="oc-32b">
         <name>.debug_info</name>
         <load_address>0x525d</load_address>
         <run_address>0x525d</run_address>
         <size>0x62d</size>
         <input_file_ref idref="fl-d"/>
      </object_component>
      <object_component id="oc-250">
         <name>.debug_info</name>
         <load_address>0x588a</load_address>
         <run_address>0x588a</run_address>
         <size>0x35e</size>
         <input_file_ref idref="fl-e"/>
      </object_component>
      <object_component id="oc-353">
         <name>.debug_info</name>
         <load_address>0x5be8</load_address>
         <run_address>0x5be8</run_address>
         <size>0x1fc</size>
         <input_file_ref idref="fl-f"/>
      </object_component>
      <object_component id="oc-35a">
         <name>.debug_info</name>
         <load_address>0x5de4</load_address>
         <run_address>0x5de4</run_address>
         <size>0x3d5</size>
         <input_file_ref idref="fl-f"/>
      </object_component>
      <object_component id="oc-45e">
         <name>.debug_info</name>
         <load_address>0x61b9</load_address>
         <run_address>0x61b9</run_address>
         <size>0x37c</size>
         <input_file_ref idref="fl-f"/>
      </object_component>
      <object_component id="oc-330">
         <name>.debug_info</name>
         <load_address>0x6535</load_address>
         <run_address>0x6535</run_address>
         <size>0x2c7</size>
         <input_file_ref idref="fl-10"/>
      </object_component>
      <object_component id="oc-242">
         <name>.debug_info</name>
         <load_address>0x67fc</load_address>
         <run_address>0x67fc</run_address>
         <size>0x1e7</size>
         <input_file_ref idref="fl-11"/>
      </object_component>
      <object_component id="oc-338">
         <name>.debug_info</name>
         <load_address>0x69e3</load_address>
         <run_address>0x69e3</run_address>
         <size>0x218</size>
         <input_file_ref idref="fl-11"/>
      </object_component>
      <object_component id="oc-33d">
         <name>.debug_info</name>
         <load_address>0x6bfb</load_address>
         <run_address>0x6bfb</run_address>
         <size>0x264</size>
         <input_file_ref idref="fl-11"/>
      </object_component>
      <object_component id="oc-455">
         <name>.debug_info</name>
         <load_address>0x6e5f</load_address>
         <run_address>0x6e5f</run_address>
         <size>0x3f9</size>
         <input_file_ref idref="fl-11"/>
      </object_component>
      <object_component id="oc-324">
         <name>.debug_info</name>
         <load_address>0x7258</load_address>
         <run_address>0x7258</run_address>
         <size>0x279</size>
         <input_file_ref idref="fl-11"/>
      </object_component>
      <object_component id="oc-467">
         <name>.debug_info</name>
         <load_address>0x74d1</load_address>
         <run_address>0x74d1</run_address>
         <size>0x1ff</size>
         <input_file_ref idref="fl-11"/>
      </object_component>
      <object_component id="oc-46d">
         <name>.debug_info</name>
         <load_address>0x76d0</load_address>
         <run_address>0x76d0</run_address>
         <size>0x1fb</size>
         <input_file_ref idref="fl-11"/>
      </object_component>
      <object_component id="oc-487">
         <name>.debug_info</name>
         <load_address>0x78cb</load_address>
         <run_address>0x78cb</run_address>
         <size>0x1f9</size>
         <input_file_ref idref="fl-11"/>
      </object_component>
      <object_component id="oc-480">
         <name>.debug_info</name>
         <load_address>0x7ac4</load_address>
         <run_address>0x7ac4</run_address>
         <size>0x216</size>
         <input_file_ref idref="fl-11"/>
      </object_component>
      <object_component id="oc-237">
         <name>.debug_info</name>
         <load_address>0x7cda</load_address>
         <run_address>0x7cda</run_address>
         <size>0x1f1</size>
         <input_file_ref idref="fl-11"/>
      </object_component>
      <object_component id="oc-341">
         <name>.debug_info</name>
         <load_address>0x7ecb</load_address>
         <run_address>0x7ecb</run_address>
         <size>0x15a</size>
         <input_file_ref idref="fl-12"/>
      </object_component>
      <object_component id="oc-31f">
         <name>.debug_info</name>
         <load_address>0x8025</load_address>
         <run_address>0x8025</run_address>
         <size>0x286</size>
         <input_file_ref idref="fl-12"/>
      </object_component>
      <object_component id="oc-4ce">
         <name>.debug_info</name>
         <load_address>0x82ab</load_address>
         <run_address>0x82ab</run_address>
         <size>0x27b</size>
         <input_file_ref idref="fl-13"/>
      </object_component>
      <object_component id="oc-4fb">
         <name>.debug_info</name>
         <load_address>0x8526</load_address>
         <run_address>0x8526</run_address>
         <size>0x282</size>
         <input_file_ref idref="fl-13"/>
      </object_component>
      <object_component id="oc-4d4">
         <name>.debug_info</name>
         <load_address>0x87a8</load_address>
         <run_address>0x87a8</run_address>
         <size>0x28f</size>
         <input_file_ref idref="fl-13"/>
      </object_component>
      <object_component id="oc-4d8">
         <name>.debug_info</name>
         <load_address>0x8a37</load_address>
         <run_address>0x8a37</run_address>
         <size>0x272</size>
         <input_file_ref idref="fl-13"/>
      </object_component>
      <object_component id="oc-34b">
         <name>.debug_info</name>
         <load_address>0x8ca9</load_address>
         <run_address>0x8ca9</run_address>
         <size>0x231</size>
         <input_file_ref idref="fl-13"/>
      </object_component>
      <object_component id="oc-360">
         <name>.debug_info</name>
         <load_address>0x8eda</load_address>
         <run_address>0x8eda</run_address>
         <size>0x245</size>
         <input_file_ref idref="fl-14"/>
      </object_component>
      <object_component id="oc-3ae">
         <name>.debug_info</name>
         <load_address>0x911f</load_address>
         <run_address>0x911f</run_address>
         <size>0x263</size>
         <input_file_ref idref="fl-14"/>
      </object_component>
      <object_component id="oc-378">
         <name>.debug_info</name>
         <load_address>0x9382</load_address>
         <run_address>0x9382</run_address>
         <size>0x266</size>
         <input_file_ref idref="fl-14"/>
      </object_component>
      <object_component id="oc-3a2">
         <name>.debug_info</name>
         <load_address>0x95e8</load_address>
         <run_address>0x95e8</run_address>
         <size>0x26f</size>
         <input_file_ref idref="fl-14"/>
      </object_component>
      <object_component id="oc-3a8">
         <name>.debug_info</name>
         <load_address>0x9857</load_address>
         <run_address>0x9857</run_address>
         <size>0x26d</size>
         <input_file_ref idref="fl-14"/>
      </object_component>
      <object_component id="oc-37e">
         <name>.debug_info</name>
         <load_address>0x9ac4</load_address>
         <run_address>0x9ac4</run_address>
         <size>0x271</size>
         <input_file_ref idref="fl-14"/>
      </object_component>
      <object_component id="oc-386">
         <name>.debug_info</name>
         <load_address>0x9d35</load_address>
         <run_address>0x9d35</run_address>
         <size>0x26f</size>
         <input_file_ref idref="fl-14"/>
      </object_component>
      <object_component id="oc-39c">
         <name>.debug_info</name>
         <load_address>0x9fa4</load_address>
         <run_address>0x9fa4</run_address>
         <size>0x296</size>
         <input_file_ref idref="fl-14"/>
      </object_component>
      <object_component id="oc-3ba">
         <name>.debug_info</name>
         <load_address>0xa23a</load_address>
         <run_address>0xa23a</run_address>
         <size>0x271</size>
         <input_file_ref idref="fl-14"/>
      </object_component>
      <object_component id="oc-3b5">
         <name>.debug_info</name>
         <load_address>0xa4ab</load_address>
         <run_address>0xa4ab</run_address>
         <size>0x27b</size>
         <input_file_ref idref="fl-14"/>
      </object_component>
      <object_component id="oc-36e">
[...]
         <length>0x1ff0</length>
         <used_space>0x0</used_space>
         <unused_space>0x1ff0</unused_space>
         <attributes>RWIX</attributes>
         <usage_details>
         </usage_details>
      </memory_area>
      <memory_area display="no" color="green">
         <name>RESET</name>
         <page_id>0x0</page_id>
         <origin>0x3fffc0</origin>
         <length>0x2</length>
         <used_space>0x0</used_space>
         <unused_space>0x2</unused_space>
         <attributes>RWIX</attributes>
         <usage_details>
         </usage_details>
      </memory_area>
   </placement_map>
   <cptbl_list>
      <cptbl>
         <name>__TI_cinit_table</name>
         <cprec>
            <name>.data</name>
            <load_address>0x83530</load_address>
            <load_size>0x24</load_size>
            <run_address>0xa800</run_address>
            <run_size>0x424</run_size>
            <compression>lzss</compression>
         </cprec>
         <cprec>
            <name>.bss</name>
            <load_address>0x8355a</load_address>
            <load_size>0x4</load_size>
            <run_address>0xac24</run_address>
            <run_size>0x6</run_size>
            <compression>zero_init</compression>
         </cprec>
         <cprec>
            <name>DataBufferSection</name>
            <load_address>0x8355e</load_address>
            <load_size>0x4</load_size>
            <run_address>0x1b8</run_address>
            <run_size>0x100</run_size>
            <compression>zero_init</compression>
         </cprec>
      </cptbl>
   </cptbl_list>
   <handler_table>
      <handler_table_name>__TI_handler_table</handler_table_name>
      <handler>
         <index>0x0</index>
         <name>__TI_zero_init</name>
      </handler>
      <handler>
         <index>0x1</index>
         <name>__TI_decompress_lzss</name>
      </handler>
      <handler>
         <index>0x2</index>
         <name>__TI_decompress_none</name>
      </handler>
   </handler_table>
   <symbol_table>
      <symbol id="sm-1">
         <name>RamfuncsLoadStart</name>
         <value>0x86000</value>
      </symbol>
      <symbol id="sm-2">
         <name>RamfuncsLoadSize</name>
         <value>0xa7f</value>
      </symbol>
      <symbol id="sm-3">
         <name>RamfuncsLoadEnd</name>
         <value>0x86a7f</value>
      </symbol>
      <symbol id="sm-4">
         <name>RamfuncsRunStart</name>
         <value>0x8000</value>
      </symbol>
      <symbol id="sm-5">
         <name>RamfuncsRunSize</name>
         <value>0xa7f</value>
      </symbol>
      <symbol id="sm-6">
         <name>RamfuncsRunEnd</name>
         <value>0x8a7f</value>
      </symbol>
      <symbol id="sm-7">
         <name>__TI_CINIT_Base</name>
         <value>0x83564</value>
      </symbol>
      <symbol id="sm-8">
         <name>__TI_CINIT_Limit</name>
         <value>0x83570</value>
      </symbol>
      <symbol id="sm-9">
         <name>__TI_Handler_Table_Base</name>
         <value>0x83554</value>
      </symbol>
      <symbol id="sm-a">
         <name>__TI_Handler_Table_Limit</name>
         <value>0x8355a</value>
      </symbol>
      <symbol id="sm-b">
         <name>__TI_STACK_SIZE</name>
         <value>0x3f8</value>
      </symbol>
      <symbol id="sm-c">
         <name>__TI_STACK_END</name>
         <value>0x7f8</value>
      </symbol>
      <symbol id="sm-d">
         <name>__TI_pprof_out_hndl</name>
         <value>0xffffffff</value>
      </symbol>
      <symbol id="sm-e">
         <name>__TI_prof_data_start</name>
         <value>0xffffffff</value>
      </symbol>
      <symbol id="sm-f">
         <name>__TI_prof_data_size</name>
         <value>0xffffffff</value>
      </symbol>
      <symbol id="sm-10d">
         <name>Buffer</name>
         <value>0x1b8</value>
         <object_component_ref idref="oc-314"/>
      </symbol>
      <symbol id="sm-10e">
         <name>entry_point</name>
         <value>0xac24</value>
         <object_component_ref idref="oc-222"/>
      </symbol>
      <symbol id="sm-10f">
         <name>Buffer32</name>
         <value>0xac1e</value>
         <object_component_ref idref="oc-21f"/>
      </symbol>
      <symbol id="sm-110">
         <name>Example_Done</name>
         <value>0x8351f</value>
         <object_component_ref idref="oc-c1"/>
      </symbol>
      <symbol id="sm-111">
         <name>copy_data</name>
         <value>0x82000</value>
         <object_component_ref idref="oc-e7"/>
      </symbol>
      <symbol id="sm-112">
         <name>DataRxHandler</name>
         <value>0x82ec2</value>
         <object_component_ref idref="oc-73"/>
      </symbol>
      <symbol id="sm-113">
         <name>flash_address</name>
         <value>0xac00</value>
         <object_component_ref idref="oc-ed"/>
      </symbol>
      <symbol id="sm-114">
         <name>Example_Error</name>
         <value>0x83513</value>
         <object_component_ref idref="oc-23a"/>
      </symbol>
      <symbol id="sm-115">
         <name>FMSTAT_Fail</name>
         <value>0x83522</value>
         <object_component_ref idref="oc-246"/>
      </symbol>
      <symbol id="sm-116">
         <name>main</name>
         <value>0x82eef</value>
         <object_component_ref idref="oc-33"/>
      </symbol>
      <symbol id="sm-117">
         <name>Example_EraseSector</name>
         <value>0x8993</value>
         <object_component_ref idref="oc-f0"/>
      </symbol>
      <symbol id="sm-118">
         <name>CM_EthernetIOMuxHandler</name>
         <value>0x82a5a</value>
         <object_component_ref idref="oc-91"/>
      </symbol>
      <symbol id="sm-119">
         <name>App_Data_Buf</name>
         <value>0xa800</value>
         <object_component_ref idref="oc-70"/>
      </symbol>
      <symbol id="sm-11a">
         <name>Flash_data_program_8</name>
         <value>0x88c9</value>
         <object_component_ref idref="oc-225"/>
      </symbol>
      <symbol id="sm-11b">
         <name>CM_CPU1_IPC_ISR1</name>
         <value>0x824c1</value>
         <object_component_ref idref="oc-32"/>
      </symbol>
      <symbol id="sm-11c">
         <name>grlRxbuf</name>
         <value>0xaa00</value>
         <object_component_ref idref="oc-6d"/>
      </symbol>
      <symbol id="sm-11d">
         <name>BlockHeader</name>
         <value>0xac26</value>
         <object_component_ref idref="oc-222"/>
      </symbol>
      <symbol id="sm-1a8">
         <name>Device_enableAllPeripherals</name>
         <value>0x82222</value>
         <object_component_ref idref="oc-135"/>
      </symbol>
      <symbol id="sm-1a9">
         <name>Device_verifyXTAL</name>
         <value>0x830ea</value>
         <object_component_ref idref="oc-fe"/>
      </symbol>
      <symbol id="sm-1aa">
         <name>Device_initGPIO</name>
         <value>0x8302d</value>
         <object_component_ref idref="oc-8b"/>
      </symbol>
      <symbol id="sm-1ab">
         <name>Device_init</name>
         <value>0x82ad1</value>
         <object_component_ref idref="oc-7f"/>
      </symbol>
      <symbol id="sm-1ac">
         <name>Device_bootCM</name>
         <value>0x8331e</value>
         <object_component_ref idref="oc-85"/>
      </symbol>
      <symbol id="sm-1ad">
         <name>Device_enableUnbondedGPIOPullups</name>
         <value>0x833ad</value>
         <object_component_ref idref="oc-15c"/>
      </symbol>
      <symbol id="sm-1ae">
         <name>__error__</name>
         <value>0x83505</value>
         <object_component_ref idref="oc-123"/>
      </symbol>
      <symbol id="sm-1af">
         <name>Device_enableUnbondedGPIOPullupsFor176Pin</name>
         <value>0x8323f</value>
         <object_component_ref idref="oc-299"/>
      </symbol>
      <symbol id="sm-1be">
         <name>code_start</name>
         <value>0x80000</value>
         <object_component_ref idref="oc-27"/>
      </symbol>
      <symbol id="sm-1d0">
         <name>Fapi_issueAsyncCommandWithAddress</name>
         <value>0x8735</value>
         <object_component_ref idref="oc-22e"/>
      </symbol>
      <symbol id="sm-1fd">
         <name>Fapi_issueProgrammingCommand</name>
         <value>0x82e1</value>
         <object_component_ref idref="oc-327"/>
      </symbol>
      <symbol id="sm-20d">
         <name>Fapi_doBlankCheck</name>
         <value>0x85e3</value>
         <object_component_ref idref="oc-24c"/>
      </symbol>
      <symbol id="sm-239">
         <name>Fapi_flushPipeline</name>
         <value>0x886b</value>
         <object_component_ref idref="oc-350"/>
      </symbol>
      <symbol id="sm-23a">
         <name>_Fapi_loopRegionForValue</name>
         <value>0x8486</value>
         <object_component_ref idref="oc-356"/>
      </symbol>
      <symbol id="sm-23b">
         <name>_Fapi_checkRegionForValue</name>
         <value>0x8646</value>
         <object_component_ref idref="oc-45b"/>
      </symbol>
      <symbol id="sm-248">
         <name>Fapi_doVerify</name>
         <value>0x8880</value>
         <object_component_ref idref="oc-32d"/>
      </symbol>
      <symbol id="sm-2af">
         <name>_Fapi_issueFsmCommand</name>
         <value>0x86a7</value>
         <object_component_ref idref="oc-334"/>
      </symbol>
      <symbol id="sm-2b0">
         <name>Fapi_setActiveFlashBank</name>
         <value>0x879e</value>
         <object_component_ref idref="oc-321"/>
      </symbol>
      <symbol id="sm-2b1">
         <name>Fapi_setupEepromSectorEnable</name>
         <value>0x8504</value>
         <object_component_ref idref="oc-464"/>
      </symbol>
      <symbol id="sm-2b2">
         <name>Fapi_isAddressEcc</name>
         <value>0x8849</value>
         <object_component_ref idref="oc-47d"/>
      </symbol>
      <symbol id="sm-2b3">
         <name>Fapi_setupBankSectorEnable</name>
         <value>0x876d</value>
         <object_component_ref idref="oc-46a"/>
      </symbol>
      <symbol id="sm-2b4">
         <name>Fapi_checkFsmForReady</name>
         <value>0x888f</value>
         <object_component_ref idref="oc-234"/>
      </symbol>
      <symbol id="sm-2b5">
         <name>_Fapi_setupSectorsForWrite</name>
         <value>0x8823</value>
         <object_component_ref idref="oc-33a"/>
      </symbol>
      <symbol id="sm-2b6">
         <name>Fapi_serviceWatchdogTimer</name>
         <value>0x88c7</value>
         <object_component_ref idref="oc-483"/>
      </symbol>
      <symbol id="sm-2b7">
         <name>Fapi_getFsmStatus</name>
         <value>0x88c0</value>
         <object_component_ref idref="oc-240"/>
      </symbol>
      <symbol id="sm-2cc">
         <name>Fapi_initializeAPI</name>
         <value>0x857d</value>
         <object_component_ref idref="oc-31b"/>
      </symbol>
      <symbol id="sm-2cd">
         <name>Fapi_GlobalInit</name>
         <value>0x88b6</value>
         <object_component_ref idref="oc-340"/>
      </symbol>
      <symbol id="sm-302">
         <name>Fapi_calculateFletcherChecksum</name>
         <value>0x87cd</value>
         <object_component_ref idref="oc-4fa"/>
      </symbol>
      <symbol id="sm-303">
         <name>_Fapi_scaleCycleValues</name>
         <value>0x889d</value>
         <object_component_ref idref="oc-4d7"/>
      </symbol>
      <symbol id="sm-304">
         <name>_Fapi_calculateOtpChecksum</name>
         <value>0x88ab</value>
         <object_component_ref idref="oc-4d1"/>
      </symbol>
      <symbol id="sm-305">
         <name>Fapi_isAddressValid</name>
         <value>0x86fa</value>
         <object_component_ref idref="oc-34a"/>
      </symbol>
      <symbol id="sm-306">
         <name>_Fapi_divideUnsignedLong</name>
         <value>0x87f9</value>
         <object_component_ref idref="oc-4cb"/>
      </symbol>
      <symbol id="sm-3b0">
         <name>DCC_verifyClockFrequency</name>
         <value>0x82815</value>
         <object_component_ref idref="oc-25a"/>
      </symbol>
      <symbol id="sm-420">
         <name>Flash_initModule</name>
         <value>0x8927</value>
         <object_component_ref idref="oc-af"/>
      </symbol>
      <symbol id="sm-452">
         <name>GPIO_setPadConfig</name>
         <value>0x82c57</value>
         <object_component_ref idref="oc-175"/>
      </symbol>
      <symbol id="sm-453">
         <name>GPIO_setDirectionMode</name>
         <value>0x82e60</value>
         <object_component_ref idref="oc-16f"/>
      </symbol>
      <symbol id="sm-454">
         <name>GPIO_setPinConfig</name>
         <value>0x82dbe</value>
         <object_component_ref idref="oc-169"/>
      </symbol>
      <symbol id="sm-4a6">
         <name>Interrupt_initModule</name>
         <value>0x82d81</value>
         <object_component_ref idref="oc-97"/>
      </symbol>
      <symbol id="sm-4a7">
         <name>Interrupt_enable</name>
         <value>0x82e2c</value>
         <object_component_ref idref="oc-1a4"/>
      </symbol>
      <symbol id="sm-4a8">
         <name>Interrupt_initVectorTable</name>
         <value>0x8304e</value>
         <object_component_ref idref="oc-9d"/>
      </symbol>
      <symbol id="sm-4e7">
         <name>IPC_registerInterrupt</name>
         <value>0x82df5</value>
         <object_component_ref idref="oc-a3"/>
      </symbol>
      <symbol id="sm-4e8">
         <name>IPC_CPU_To_CM_GetBuffer</name>
         <value>0x38000</value>
         <object_component_ref idref="oc-214"/>
      </symbol>
      <symbol id="sm-4e9">
         <name>IPC_CPU1_To_CPU2_GetBuffer</name>
         <value>0x3b000</value>
         <object_component_ref idref="oc-20e"/>
      </symbol>
      <symbol id="sm-4ea">
         <name>IPC_CPU1_To_CPU2_PutBuffer</name>
         <value>0x3a000</value>
         <object_component_ref idref="oc-20b"/>
      </symbol>
      <symbol id="sm-4eb">
         <name>IPC_CPU_To_CM_PutBuffer</name>
         <value>0x39000</value>
         <object_component_ref idref="oc-211"/>
      </symbol>
      <symbol id="sm-4ec">
         <name>IPC_Instance</name>
         <value>0x903ac</value>
         <object_component_ref idref="oc-db"/>
      </symbol>
      <symbol id="sm-4ed">
         <name>IPC_readCommand</name>
         <value>0x82ca9</value>
         <object_component_ref idref="oc-5b"/>
      </symbol>
      <symbol id="sm-642">
         <name>SysCtl_isPLLValid</name>
         <value>0x82705</value>
         <object_component_ref idref="oc-275"/>
      </symbol>
      <symbol id="sm-643">
         <name>SysCtl_delay</name>
         <value>0x8a7b</value>
         <object_component_ref idref="oc-268"/>
      </symbol>
      <symbol id="sm-644">
         <name>SysCtl_getAuxClock</name>
         <value>0x82b3c</value>
         <object_component_ref idref="oc-12f"/>
      </symbol>
      <symbol id="sm-645">
         <name>SysCtl_selectXTALSingleEnded</name>
         <value>0x831c7</value>
         <object_component_ref idref="oc-3c8"/>
      </symbol>
      <symbol id="sm-646">
         <name>SysCtl_selectXTAL</name>
         <value>0x83009</value>
         <object_component_ref idref="oc-3c2"/>
      </symbol>
      <symbol id="sm-647">
         <name>SysCtl_selectOscSource</name>
         <value>0x82c03</value>
         <object_component_ref idref="oc-269"/>
      </symbol>
      <symbol id="sm-648">
         <name>SysCtl_getLowSpeedClock</name>
         <value>0x831ad</value>
         <object_component_ref idref="oc-129"/>
      </symbol>
      <symbol id="sm-649">
         <name>SysCtl_controlCMReset</name>
         <value>0x82fe4</value>
         <object_component_ref idref="oc-149"/>
      </symbol>
      <symbol id="sm-64a">
         <name>SysCtl_setClock</name>
         <value>0x82389</value>
         <object_component_ref idref="oc-104"/>
      </symbol>
      <symbol id="sm-64b">
         <name>SysCtl_getClock</name>
         <value>0x82ba3</value>
         <object_component_ref idref="oc-11c"/>
      </symbol>
      <symbol id="sm-64c">
         <name>SysCtl_selectOscSourceAuxPLL</name>
         <value>0x82d3a</value>
         <object_component_ref idref="oc-27e"/>
      </symbol>
      <symbol id="sm-64d">
         <name>SysCtl_setAuxClock</name>
         <value>0x825ee</value>
         <object_component_ref idref="oc-110"/>
      </symbol>
      <symbol id="sm-657">
         <name>_c_int00</name>
         <value>0x831e1</value>
         <object_component_ref idref="oc-d5"/>
      </symbol>
      <symbol id="sm-658">
         <name>__stack</name>
         <value>0x400</value>
         <object_component_ref idref="oc-3e"/>
      </symbol>
      <symbol id="sm-665">
         <name>__c28xabi_divf</name>
         <value>0x828de</value>
         <object_component_ref idref="oc-366"/>
      </symbol>
      <symbol id="sm-678">
         <name>memcpy</name>
         <value>0x83142</value>
         <object_component_ref idref="oc-41"/>
      </symbol>
      <symbol id="sm-685">
         <name>_system_pre_init</name>
         <value>0x83529</value>
         <object_component_ref idref="oc-1f7"/>
      </symbol>
      <symbol id="sm-694">
         <name>__TI_auto_init_nobinit_nopinit</name>
         <value>0x82f1c</value>
         <object_component_ref idref="oc-2d2"/>
      </symbol>
      <symbol id="sm-6a3">
         <name>__TI_zero_init_nomemset</name>
         <value>0x8348d</value>
         <object_component_ref idref="oc-49"/>
      </symbol>
      <symbol id="sm-6b0">
         <name>__TI_decompress_none</name>
         <value>0x834ee</value>
         <object_component_ref idref="oc-20"/>
      </symbol>
      <symbol id="sm-6c4">
         <name>__TI_decompress_lzss</name>
         <value>0x82e91</value>
         <object_component_ref idref="oc-1a"/>
      </symbol>
      <symbol id="sm-6da">
         <name>C$$EXIT</name>
         <value>0x82f71</value>
         <object_component_ref idref="oc-204"/>
      </symbol>
      <symbol id="sm-6db">
         <name>abort</name>
         <value>0x82f71</value>
         <object_component_ref idref="oc-204"/>
      </symbol>
      <symbol id="sm-6dc">
         <name>exit</name>
         <value>0x82f73</value>
         <object_component_ref idref="oc-204"/>
      </symbol>
      <symbol id="sm-6dd">
         <name>__TI_dtors_ptr</name>
         <value>0xac1a</value>
         <object_component_ref idref="oc-304"/>
      </symbol>
      <symbol id="sm-6de">
         <name>__TI_cleanup_ptr</name>
         <value>0xac18</value>
         <object_component_ref idref="oc-304"/>
      </symbol>
      <symbol id="sm-6df">
         <name>__TI_enable_exit_profile_output</name>
         <value>0xac16</value>
         <object_component_ref idref="oc-304"/>
      </symbol>
      <symbol id="sm-6f6">
         <name>_nop</name>
         <value>0x834e5</value>
         <object_component_ref idref="oc-442"/>
      </symbol>
      <symbol id="sm-6f7">
         <name>_lock</name>
         <value>0xac20</value>
         <object_component_ref idref="oc-307"/>
      </symbol>
      <symbol id="sm-6f8">
         <name>_unlock</name>
         <value>0xac22</value>
         <object_component_ref idref="oc-4c1"/>
      </symbol>
      <symbol id="sm-6f9">
         <name>_register_lock</name>
         <value>0x834e1</value>
         <object_component_ref idref="oc-442"/>
      </symbol>
      <symbol id="sm-6fa">
         <name>_register_unlock</name>
         <value>0x834dd</value>
         <object_component_ref idref="oc-442"/>
      </symbol>
      <symbol id="sm-709">
         <name>_args_main</name>
         <value>0x834a6</value>
         <object_component_ref idref="oc-1fe"/>
      </symbol>
      <symbol id="sm-718">
         <name>memset</name>
         <value>0x8350c</value>
         <object_component_ref idref="oc-67"/>
      </symbol>
      <symbol id="sm-726">
         <name>_system_post_cinit</name>
         <value>0x8352b</value>
         <object_component_ref idref="oc-428"/>
      </symbol>
      <symbol id="sm-728">
         <name>__c_args__</name>
         <value>0x0</value>
      </symbol>
   </symbol_table>
   <title>Link successful</title>
</link_info>
