<?xml version="1.0" encoding="ISO-8859-1" ?>
<link_info>
   <banner>TMS320C2000 Linker PC v21.6.0.LTS</banner>
   <copyright>Copyright (c) 1996-2018 Texas Instruments Incorporated</copyright>
   <link_time>0x6221f68f</link_time>
   <link_errors>0x63</link_errors>
   <output_file>GRL_SSBL_CPU1_IPC.out</output_file>
   <entry_point>
      <name>code_start</name>
      <address>0x80000</address>
   </entry_point>
   <input_file_list>
      <input_file id="fl-2">
         <path>.\</path>
         <kind>object</kind>
         <file>CPU1_SSBL_Main.obj</file>
         <name>CPU1_SSBL_Main.obj</name>
      </input_file>
      <input_file id="fl-3">
         <path>.\</path>
         <kind>object</kind>
         <file>f2838x_codestartbranch.obj</file>
         <name>f2838x_codestartbranch.obj</name>
      </input_file>
      <input_file id="fl-4">
         <path>.\device\</path>
         <kind>object</kind>
         <file>device.obj</file>
         <name>device.obj</name>
      </input_file>
      <input_file id="fl-c">
         <kind>object</kind>
         <file>&lt;internal&gt;</file>
         <name>&lt;internal&gt;</name>
      </input_file>
      <input_file id="fl-d">
         <path>C:\ti\C2000Ware_4_00_00_00\driverlib\f2838x\driverlib\ccs\Debug\</path>
         <kind>archive</kind>
         <file>driverlib.lib</file>
         <name>dcc.obj</name>
      </input_file>
      <input_file id="fl-e">
         <path>C:\ti\C2000Ware_4_00_00_00\driverlib\f2838x\driverlib\ccs\Debug\</path>
         <kind>archive</kind>
         <file>driverlib.lib</file>
         <name>flash.obj</name>
      </input_file>
      <input_file id="fl-f">
         <path>C:\ti\C2000Ware_4_00_00_00\driverlib\f2838x\driverlib\ccs\Debug\</path>
         <kind>archive</kind>
         <file>driverlib.lib</file>
         <name>gpio.obj</name>
      </input_file>
      <input_file id="fl-10">
         <path>C:\ti\C2000Ware_4_00_00_00\driverlib\f2838x\driverlib\ccs\Debug\</path>
         <kind>archive</kind>
         <file>driverlib.lib</file>
         <name>interrupt.obj</name>
      </input_file>
      <input_file id="fl-11">
         <path>C:\ti\C2000Ware_4_00_00_00\driverlib\f2838x\driverlib\ccs\Debug\</path>
         <kind>archive</kind>
         <file>driverlib.lib</file>
         <name>ipc.obj</name>
      </input_file>
      <input_file id="fl-12">
         <path>C:\ti\C2000Ware_4_00_00_00\driverlib\f2838x\driverlib\ccs\Debug\</path>
         <kind>archive</kind>
         <file>driverlib.lib</file>
         <name>sysctl.obj</name>
      </input_file>
      <input_file id="fl-13">
         <path>C:\ti\C2000Ware_4_00_00_00\libraries\flash_api\f2838x\c28x\lib\</path>
         <kind>archive</kind>
         <file>F2838x_C28x_FlashAPI.lib</file>
         <name>Async.obj</name>
      </input_file>
      <input_file id="fl-14">
         <path>C:\ti\C2000Ware_4_00_00_00\libraries\flash_api\f2838x\c28x\lib\</path>
         <kind>archive</kind>
         <file>F2838x_C28x_FlashAPI.lib</file>
         <name>Program.obj</name>
      </input_file>
      <input_file id="fl-15">
         <path>C:\ti\C2000Ware_4_00_00_00\libraries\flash_api\f2838x\c28x\lib\</path>
         <kind>archive</kind>
         <file>F2838x_C28x_FlashAPI.lib</file>
         <name>BlankCheck.obj</name>
      </input_file>
      <input_file id="fl-16">
         <path>C:\ti\C2000Ware_4_00_00_00\libraries\flash_api\f2838x\c28x\lib\</path>
         <kind>archive</kind>
         <file>F2838x_C28x_FlashAPI.lib</file>
         <name>Read.obj</name>
      </input_file>
      <input_file id="fl-17">
         <path>C:\ti\C2000Ware_4_00_00_00\libraries\flash_api\f2838x\c28x\lib\</path>
         <kind>archive</kind>
         <file>F2838x_C28x_FlashAPI.lib</file>
         <name>Verify.obj</name>
      </input_file>
      <input_file id="fl-18">
         <path>C:\ti\C2000Ware_4_00_00_00\libraries\flash_api\f2838x\c28x\lib\</path>
         <kind>archive</kind>
         <file>F2838x_C28x_FlashAPI.lib</file>
         <name>FlashStateMachine.obj</name>
      </input_file>
      <input_file id="fl-19">
         <path>C:\ti\C2000Ware_4_00_00_00\libraries\flash_api\f2838x\c28x\lib\</path>
         <kind>archive</kind>
         <file>F2838x_C28x_FlashAPI.lib</file>
         <name>Init.obj</name>
      </input_file>
      <input_file id="fl-1a">
         <path>C:\ti\C2000Ware_4_00_00_00\libraries\flash_api\f2838x\c28x\lib\</path>
         <kind>archive</kind>
         <file>F2838x_C28x_FlashAPI.lib</file>
         <name>Utilities.obj</name>
      </input_file>
      <input_file id="fl-1b">
         <path>C:\ti\ccs1110\ccs\tools\compiler\ti-cgt-c2000_21.6.0.LTS\lib\</path>
         <kind>archive</kind>
         <file>rts2800_fpu32_eabi.lib</file>
         <name>boot28.asm.obj</name>
      </input_file>
      <input_file id="fl-1c">
         <path>C:\ti\ccs1110\ccs\tools\compiler\ti-cgt-c2000_21.6.0.LTS\lib\</path>
         <kind>archive</kind>
         <file>rts2800_fpu32_eabi.lib</file>
         <name>fs_div28.asm.obj</name>
      </input_file>
      <input_file id="fl-1d">
         <path>C:\ti\ccs1110\ccs\tools\compiler\ti-cgt-c2000_21.6.0.LTS\lib\</path>
         <kind>archive</kind>
         <file>rts2800_fpu32_eabi.lib</file>
         <name>memcpy.c.obj</name>
      </input_file>
      <input_file id="fl-1e">
         <path>C:\ti\ccs1110\ccs\tools\compiler\ti-cgt-c2000_21.6.0.LTS\lib\</path>
         <kind>archive</kind>
         <file>rts2800_fpu32_eabi.lib</file>
         <name>pre_init.c.obj</name>
      </input_file>
      <input_file id="fl-1f">
         <path>C:\ti\ccs1110\ccs\tools\compiler\ti-cgt-c2000_21.6.0.LTS\lib\</path>
         <kind>archive</kind>
         <file>rts2800_fpu32_eabi.lib</file>
         <name>autoinit.c.obj</name>
      </input_file>
      <input_file id="fl-20">
         <path>C:\ti\ccs1110\ccs\tools\compiler\ti-cgt-c2000_21.6.0.LTS\lib\</path>
         <kind>archive</kind>
         <file>rts2800_fpu32_eabi.lib</file>
         <name>copy_zero_init.c.obj</name>
      </input_file>
      <input_file id="fl-21">
         <path>C:\ti\ccs1110\ccs\tools\compiler\ti-cgt-c2000_21.6.0.LTS\lib\</path>
         <kind>archive</kind>
         <file>rts2800_fpu32_eabi.lib</file>
         <name>copy_decompress_none.c.obj</name>
      </input_file>
      <input_file id="fl-22">
         <path>C:\ti\ccs1110\ccs\tools\compiler\ti-cgt-c2000_21.6.0.LTS\lib\</path>
         <kind>archive</kind>
         <file>rts2800_fpu32_eabi.lib</file>
         <name>copy_decompress_lzss.c.obj</name>
      </input_file>
      <input_file id="fl-23">
         <path>C:\ti\ccs1110\ccs\tools\compiler\ti-cgt-c2000_21.6.0.LTS\lib\</path>
         <kind>archive</kind>
         <file>rts2800_fpu32_eabi.lib</file>
         <name>exit.c.obj</name>
      </input_file>
      <input_file id="fl-24">
         <path>C:\ti\ccs1110\ccs\tools\compiler\ti-cgt-c2000_21.6.0.LTS\lib\</path>
         <kind>archive</kind>
         <file>rts2800_fpu32_eabi.lib</file>
         <name>_lock.c.obj</name>
      </input_file>
      <input_file id="fl-25">
         <path>C:\ti\ccs1110\ccs\tools\compiler\ti-cgt-c2000_21.6.0.LTS\lib\</path>
         <kind>archive</kind>
         <file>rts2800_fpu32_eabi.lib</file>
         <name>args_main.c.obj</name>
      </input_file>
      <input_file id="fl-26">
         <path>C:\ti\ccs1110\ccs\tools\compiler\ti-cgt-c2000_21.6.0.LTS\lib\</path>
         <kind>archive</kind>
         <file>rts2800_fpu32_eabi.lib</file>
         <name>memset.c.obj</name>
      </input_file>
      <input_file id="fl-27">
         <path>C:\ti\ccs1110\ccs\tools\compiler\ti-cgt-c2000_21.6.0.LTS\lib\</path>
         <kind>archive</kind>
         <file>rts2800_fpu32_eabi.lib</file>
         <name>cpy_tbl.c.obj</name>
      </input_file>
      <input_file id="fl-28">
         <path>C:\ti\ccs1110\ccs\tools\compiler\ti-cgt-c2000_21.6.0.LTS\lib\</path>
         <kind>archive</kind>
         <file>rts2800_fpu32_eabi.lib</file>
         <name>startup.c.obj</name>
      </input_file>
   </input_file_list>
   <object_component_list>
      <object_component id="oc-46">
         <name>codestart</name>
         <load_address>0x80000</load_address>
         <run_address>0x80000</run_address>
         <size>0x2</size>
         <input_file_ref idref="fl-3"/>
      </object_component>
      <object_component id="oc-2d2">
         <name>.text:copy_data</name>
         <load_address>0x82000</load_address>
         <run_address>0x82000</run_address>
         <size>0x1d5</size>
         <input_file_ref idref="fl-2"/>
      </object_component>
      <object_component id="oc-127">
         <name>.text:Device_enableAllPeripherals</name>
         <load_address>0x821d5</load_address>
         <run_address>0x821d5</run_address>
         <size>0x167</size>
         <input_file_ref idref="fl-4"/>
      </object_component>
      <object_component id="oc-109">
         <name>.text:SysCtl_setClock</name>
         <load_address>0x8233c</load_address>
         <run_address>0x8233c</run_address>
         <size>0x138</size>
         <input_file_ref idref="fl-12"/>
      </object_component>
      <object_component id="oc-10f">
         <name>.text:SysCtl_setAuxClock</name>
         <load_address>0x82474</load_address>
         <run_address>0x82474</run_address>
         <size>0x117</size>
         <input_file_ref idref="fl-12"/>
      </object_component>
      <object_component id="oc-218">
         <name>.text:SysCtl_isPLLValid</name>
         <load_address>0x8258b</load_address>
         <run_address>0x8258b</run_address>
         <size>0x110</size>
         <input_file_ref idref="fl-12"/>
      </object_component>
      <object_component id="oc-51">
         <name>.text:CM_CPU1_IPC_ISR1</name>
         <load_address>0x8269b</load_address>
         <run_address>0x8269b</run_address>
         <size>0xdf</size>
         <input_file_ref idref="fl-2"/>
      </object_component>
      <object_component id="oc-1fd">
         <name>.text:DCC_verifyClockFrequency</name>
         <load_address>0x8277a</load_address>
         <run_address>0x8277a</run_address>
         <size>0xc9</size>
         <input_file_ref idref="fl-d"/>
      </object_component>
      <object_component id="oc-1e8">
         <name>.text:DataRxHandler</name>
         <load_address>0x82843</load_address>
         <run_address>0x82843</run_address>
         <size>0xa2</size>
         <input_file_ref idref="fl-2"/>
      </object_component>
      <object_component id="oc-a7">
         <name>.text:CM_EthernetIOMuxHandler</name>
         <load_address>0x828e5</load_address>
         <run_address>0x828e5</run_address>
         <size>0x9a</size>
         <input_file_ref idref="fl-2"/>
      </object_component>
      <object_component id="oc-2e7">
         <name>.text</name>
         <load_address>0x8297f</load_address>
         <run_address>0x8297f</run_address>
         <size>0x88</size>
         <input_file_ref idref="fl-1c"/>
      </object_component>
      <object_component id="oc-316">
         <name>.text:DCC_setCounterSeeds</name>
         <load_address>0x82a07</load_address>
         <run_address>0x82a07</run_address>
         <size>0x7a</size>
         <input_file_ref idref="fl-d"/>
      </object_component>
      <object_component id="oc-381">
         <name>.text:DCC_setCounterSeeds</name>
         <load_address>0x82a81</load_address>
         <run_address>0x82a81</run_address>
         <size>0x7a</size>
         <input_file_ref idref="fl-12"/>
      </object_component>
      <object_component id="oc-95">
         <name>.text:Device_init</name>
         <load_address>0x82afb</load_address>
         <run_address>0x82afb</run_address>
         <size>0x72</size>
         <input_file_ref idref="fl-4"/>
      </object_component>
      <object_component id="oc-121">
         <name>.text:SysCtl_getAuxClock</name>
         <load_address>0x82b6d</load_address>
         <run_address>0x82b6d</run_address>
         <size>0x67</size>
         <input_file_ref idref="fl-12"/>
      </object_component>
      <object_component id="oc-115">
         <name>.text:SysCtl_getClock</name>
         <load_address>0x82bd4</load_address>
         <run_address>0x82bd4</run_address>
         <size>0x60</size>
         <input_file_ref idref="fl-12"/>
      </object_component>
      <object_component id="oc-20c">
         <name>.text:SysCtl_selectOscSource</name>
         <load_address>0x82c34</load_address>
         <run_address>0x82c34</run_address>
         <size>0x54</size>
         <input_file_ref idref="fl-12"/>
      </object_component>
      <object_component id="oc-149">
         <name>.text:GPIO_setPadConfig</name>
         <load_address>0x82c88</load_address>
         <run_address>0x82c88</run_address>
         <size>0x52</size>
         <input_file_ref idref="fl-f"/>
      </object_component>
      <object_component id="oc-7a">
         <name>.text:IPC_readCommand</name>
         <load_address>0x82cda</load_address>
         <run_address>0x82cda</run_address>
         <size>0x4a</size>
         <input_file_ref idref="fl-11"/>
      </object_component>
      <object_component id="oc-55">
         <name>.text:main</name>
         <load_address>0x82d24</load_address>
         <run_address>0x82d24</run_address>
         <size>0x48</size>
         <input_file_ref idref="fl-2"/>
      </object_component>
      <object_component id="oc-220">
         <name>.text:SysCtl_selectOscSourceAuxPLL</name>
         <load_address>0x82d6c</load_address>
         <run_address>0x82d6c</run_address>
         <size>0x47</size>
         <input_file_ref idref="fl-12"/>
      </object_component>
      <object_component id="oc-ad">
         <name>.text:Interrupt_initModule</name>
         <load_address>0x82db3</load_address>
         <run_address>0x82db3</run_address>
         <size>0x3d</size>
         <input_file_ref idref="fl-10"/>
      </object_component>
      <object_component id="oc-13d">
         <name>.text:GPIO_setPinConfig</name>
         <load_address>0x82df0</load_address>
         <run_address>0x82df0</run_address>
         <size>0x37</size>
         <input_file_ref idref="fl-f"/>
      </object_component>
      <object_component id="oc-b3">
         <name>.text:IPC_registerInterrupt</name>
         <load_address>0x82e27</load_address>
         <run_address>0x82e27</run_address>
         <size>0x37</size>
         <input_file_ref idref="fl-11"/>
      </object_component>
      <object_component id="oc-a1">
         <name>.text:Device_initGPIO</name>
         <load_address>0x82e5e</load_address>
         <run_address>0x82e5e</run_address>
         <size>0x35</size>
         <input_file_ref idref="fl-4"/>
      </object_component>
      <object_component id="oc-15f">
         <name>.text:Interrupt_enable</name>
         <load_address>0x82e93</load_address>
         <run_address>0x82e93</run_address>
         <size>0x34</size>
         <input_file_ref idref="fl-10"/>
      </object_component>
      <object_component id="oc-143">
         <name>.text:GPIO_setDirectionMode</name>
         <load_address>0x82ec7</load_address>
         <run_address>0x82ec7</run_address>
         <size>0x31</size>
         <input_file_ref idref="fl-f"/>
      </object_component>
      <object_component id="oc-39">
         <name>.text:decompress:lzss</name>
         <load_address>0x82ef8</load_address>
         <run_address>0x82ef8</run_address>
         <size>0x31</size>
         <input_file_ref idref="fl-22"/>
      </object_component>
      <object_component id="oc-28f">
         <name>.text:__TI_auto_init_nobinit_nopinit</name>
         <load_address>0x82f29</load_address>
         <run_address>0x82f29</run_address>
         <size>0x2b</size>
         <input_file_ref idref="fl-1f"/>
      </object_component>
      <object_component id="oc-397">
         <name>.text:SysCtl_pollX1Counter</name>
         <load_address>0x82f54</load_address>
         <run_address>0x82f54</run_address>
         <size>0x2a</size>
         <input_file_ref idref="fl-12"/>
      </object_component>
      <object_component id="oc-1db">
         <name>.text</name>
         <load_address>0x82f7e</load_address>
         <run_address>0x82f7e</run_address>
         <size>0x29</size>
         <input_file_ref idref="fl-23"/>
      </object_component>
      <object_component id="oc-31c">
         <name>.text:DCC_enableSingleShotMode</name>
         <load_address>0x82fa7</load_address>
         <run_address>0x82fa7</run_address>
         <size>0x25</size>
         <input_file_ref idref="fl-d"/>
      </object_component>
      <object_component id="oc-387">
         <name>.text:DCC_enableSingleShotMode</name>
         <load_address>0x82fcc</load_address>
         <run_address>0x82fcc</run_address>
         <size>0x25</size>
         <input_file_ref idref="fl-12"/>
      </object_component>
      <object_component id="oc-12f">
         <name>.text:SysCtl_controlCMReset</name>
         <load_address>0x82ff1</load_address>
         <run_address>0x82ff1</run_address>
         <size>0x25</size>
         <input_file_ref idref="fl-12"/>
      </object_component>
      <object_component id="oc-343">
         <name>.text:SysCtl_selectXTAL</name>
         <load_address>0x83016</load_address>
         <run_address>0x83016</run_address>
         <size>0x24</size>
         <input_file_ref idref="fl-12"/>
      </object_component>
      <object_component id="oc-9b">
         <name>.text:Device_bootCM</name>
         <load_address>0x8303a</load_address>
         <run_address>0x8303a</run_address>
         <size>0x20</size>
         <input_file_ref idref="fl-4"/>
      </object_component>
      <object_component id="oc-30a">
         <name>.text:DCC_setCounter0ClkSource</name>
         <load_address>0x8305a</load_address>
         <run_address>0x8305a</run_address>
         <size>0x1f</size>
         <input_file_ref idref="fl-d"/>
      </object_component>
      <object_component id="oc-375">
         <name>.text:DCC_setCounter0ClkSource</name>
         <load_address>0x83079</load_address>
         <run_address>0x83079</run_address>
         <size>0x1f</size>
         <input_file_ref idref="fl-12"/>
      </object_component>
      <object_component id="oc-310">
         <name>.text:DCC_setCounter1ClkSource</name>
         <load_address>0x83098</load_address>
         <run_address>0x83098</run_address>
         <size>0x1f</size>
         <input_file_ref idref="fl-d"/>
      </object_component>
      <object_component id="oc-37b">
         <name>.text:DCC_setCounter1ClkSource</name>
         <load_address>0x830b7</load_address>
         <run_address>0x830b7</run_address>
         <size>0x1f</size>
         <input_file_ref idref="fl-12"/>
      </object_component>
      <object_component id="oc-33a">
         <name>.text:DCC_getErrorStatus</name>
         <load_address>0x830d6</load_address>
         <run_address>0x830d6</run_address>
         <size>0x1d</size>
         <input_file_ref idref="fl-d"/>
      </object_component>
      <object_component id="oc-334">
         <name>.text:DCC_getSingleShotStatus</name>
         <load_address>0x830f3</load_address>
         <run_address>0x830f3</run_address>
         <size>0x1d</size>
         <input_file_ref idref="fl-d"/>
      </object_component>
      <object_component id="oc-60">
         <name>.text</name>
         <load_address>0x83110</load_address>
         <run_address>0x83110</run_address>
         <size>0x1d</size>
         <input_file_ref idref="fl-1d"/>
      </object_component>
      <object_component id="oc-103">
         <name>.text:Device_verifyXTAL</name>
         <load_address>0x8312d</load_address>
         <run_address>0x8312d</run_address>
         <size>0x1c</size>
         <input_file_ref idref="fl-4"/>
      </object_component>
      <object_component id="oc-2e0">
         <name>.text:DCC_isBaseValid</name>
         <load_address>0x83149</load_address>
         <run_address>0x83149</run_address>
         <size>0x1a</size>
         <input_file_ref idref="fl-d"/>
      </object_component>
      <object_component id="oc-42d">
         <name>.text:DCC_isBaseValid</name>
         <load_address>0x83163</load_address>
         <run_address>0x83163</run_address>
         <size>0x1a</size>
         <input_file_ref idref="fl-12"/>
      </object_component>
      <object_component id="oc-11b">
         <name>.text:SysCtl_getLowSpeedClock</name>
         <load_address>0x8317d</load_address>
         <run_address>0x8317d</run_address>
         <size>0x1a</size>
         <input_file_ref idref="fl-12"/>
      </object_component>
      <object_component id="oc-349">
         <name>.text:SysCtl_selectXTALSingleEnded</name>
         <load_address>0x83197</load_address>
         <run_address>0x83197</run_address>
         <size>0x1a</size>
         <input_file_ref idref="fl-12"/>
      </object_component>
      <object_component id="oc-304">
         <name>.text:DCC_disableDoneSignal</name>
         <load_address>0x831b1</load_address>
         <run_address>0x831b1</run_address>
         <size>0x17</size>
         <input_file_ref idref="fl-d"/>
      </object_component>
      <object_component id="oc-36f">
         <name>.text:DCC_disableDoneSignal</name>
         <load_address>0x831c8</load_address>
         <run_address>0x831c8</run_address>
         <size>0x17</size>
         <input_file_ref idref="fl-12"/>
      </object_component>
      <object_component id="oc-328">
         <name>.text:DCC_enableDoneSignal</name>
         <load_address>0x831df</load_address>
         <run_address>0x831df</run_address>
         <size>0x17</size>
         <input_file_ref idref="fl-d"/>
      </object_component>
      <object_component id="oc-351">
         <name>.text:SysCtl_enablePeripheral</name>
         <load_address>0x831f6</load_address>
         <run_address>0x831f6</run_address>
         <size>0x17</size>
         <input_file_ref idref="fl-12"/>
      </object_component>
      <object_component id="oc-e0">
         <name>.text</name>
         <load_address>0x8320d</load_address>
         <run_address>0x8320d</run_address>
         <size>0x17</size>
         <input_file_ref idref="fl-1b"/>
      </object_component>
      <object_component id="oc-2f2">
         <name>.text:DCC_clearDoneFlag</name>
         <load_address>0x83224</load_address>
         <run_address>0x83224</run_address>
         <size>0x16</size>
         <input_file_ref idref="fl-d"/>
      </object_component>
      <object_component id="oc-35d">
         <name>.text:DCC_clearDoneFlag</name>
         <load_address>0x8323a</load_address>
         <run_address>0x8323a</run_address>
         <size>0x16</size>
         <input_file_ref idref="fl-12"/>
      </object_component>
      <object_component id="oc-2ec">
         <name>.text:DCC_clearErrorFlag</name>
         <load_address>0x83250</load_address>
         <run_address>0x83250</run_address>
         <size>0x16</size>
         <input_file_ref idref="fl-d"/>
      </object_component>
      <object_component id="oc-357">
         <name>.text:DCC_clearErrorFlag</name>
         <load_address>0x83266</load_address>
         <run_address>0x83266</run_address>
         <size>0x16</size>
         <input_file_ref idref="fl-12"/>
      </object_component>
      <object_component id="oc-2fe">
         <name>.text:DCC_disableErrorSignal</name>
         <load_address>0x8327c</load_address>
         <run_address>0x8327c</run_address>
         <size>0x16</size>
         <input_file_ref idref="fl-d"/>
      </object_component>
      <object_component id="oc-369">
         <name>.text:DCC_disableErrorSignal</name>
         <load_address>0x83292</load_address>
         <run_address>0x83292</run_address>
         <size>0x16</size>
         <input_file_ref idref="fl-12"/>
      </object_component>
      <object_component id="oc-1f7">
         <name>.text:SysCtl_enablePeripheral</name>
         <load_address>0x832a8</load_address>
         <run_address>0x832a8</run_address>
         <size>0x15</size>
         <input_file_ref idref="fl-4"/>
      </object_component>
      <object_component id="oc-2f8">
         <name>.text:DCC_disableModule</name>
         <load_address>0x832bd</load_address>
         <run_address>0x832bd</run_address>
         <size>0x14</size>
         <input_file_ref idref="fl-d"/>
      </object_component>
      <object_component id="oc-363">
         <name>.text:DCC_disableModule</name>
         <load_address>0x832d1</load_address>
         <run_address>0x832d1</run_address>
         <size>0x14</size>
         <input_file_ref idref="fl-12"/>
      </object_component>
      <object_component id="oc-322">
         <name>.text:DCC_enableErrorSignal</name>
         <load_address>0x832e5</load_address>
         <run_address>0x832e5</run_address>
         <size>0x14</size>
         <input_file_ref idref="fl-d"/>
      </object_component>
      <object_component id="oc-32e">
         <name>.text:DCC_enableModule</name>
         <load_address>0x832f9</load_address>
         <run_address>0x832f9</run_address>
         <size>0x14</size>
         <input_file_ref idref="fl-d"/>
      </object_component>
      <object_component id="oc-38d">
         <name>.text:DCC_enableModule</name>
         <load_address>0x8330d</load_address>
         <run_address>0x8330d</run_address>
         <size>0x14</size>
         <input_file_ref idref="fl-12"/>
      </object_component>
      <object_component id="oc-235">
         <name>.text:Device_enableUnbondedGPIOPullupsFor176Pin</name>
         <load_address>0x83321</load_address>
         <run_address>0x83321</run_address>
         <size>0x13</size>
         <input_file_ref idref="fl-4"/>
      </object_component>
      <object_component id="oc-166">
         <name>.text:Flash_isCtrlBaseValid</name>
         <load_address>0x83334</load_address>
         <run_address>0x83334</run_address>
         <size>0x10</size>
         <input_file_ref idref="fl-e"/>
      </object_component>
      <object_component id="oc-16d">
         <name>.text:Flash_isECCBaseValid</name>
         <load_address>0x83344</load_address>
         <run_address>0x83344</run_address>
         <size>0x10</size>
         <input_file_ref idref="fl-e"/>
      </object_component>
      <object_component id="oc-159">
         <name>.text:Interrupt_register</name>
         <load_address>0x83354</load_address>
         <run_address>0x83354</run_address>
         <size>0xf</size>
         <input_file_ref idref="fl-11"/>
      </object_component>
      <object_component id="oc-23e">
         <name>.text:GPIO_isPinValid</name>
         <load_address>0x83363</load_address>
         <run_address>0x83363</run_address>
         <size>0xe</size>
         <input_file_ref idref="fl-f"/>
      </object_component>
      <object_component id="oc-150">
         <name>.text:Interrupt_disableMaster</name>
         <load_address>0x83371</load_address>
         <run_address>0x83371</run_address>
         <size>0xd</size>
         <input_file_ref idref="fl-10"/>
      </object_component>
      <object_component id="oc-24c">
         <name>.text:Interrupt_enableMaster</name>
         <load_address>0x8337e</load_address>
         <run_address>0x8337e</run_address>
         <size>0xd</size>
         <input_file_ref idref="fl-10"/>
      </object_component>
      <object_component id="oc-68">
         <name>.text:decompress:ZI:__TI_zero_init_nomemset</name>
         <load_address>0x8338b</load_address>
         <run_address>0x8338b</run_address>
         <size>0xd</size>
         <input_file_ref idref="fl-20"/>
      </object_component>
      <object_component id="oc-212">
         <name>.text:SysCtl_setPLLSysClk</name>
         <load_address>0x83398</load_address>
         <run_address>0x83398</run_address>
         <size>0xc</size>
         <input_file_ref idref="fl-12"/>
      </object_component>
      <object_component id="oc-1d5">
         <name>.text</name>
         <load_address>0x833a4</load_address>
         <run_address>0x833a4</run_address>
         <size>0xc</size>
         <input_file_ref idref="fl-25"/>
      </object_component>
      <object_component id="oc-136">
         <name>.text:Device_enableUnbondedGPIOPullups</name>
         <load_address>0x833b0</load_address>
         <run_address>0x833b0</run_address>
         <size>0xb</size>
         <input_file_ref idref="fl-4"/>
      </object_component>
      <object_component id="oc-22e">
         <name>.text:SysCtl_isCMReset</name>
         <load_address>0x833bb</load_address>
         <run_address>0x833bb</run_address>
         <size>0xb</size>
         <input_file_ref idref="fl-12"/>
      </object_component>
      <object_component id="oc-205">
         <name>.text:SysCtl_isMCDClockFailureDetected</name>
         <load_address>0x833c6</load_address>
         <run_address>0x833c6</run_address>
         <size>0xb</size>
         <input_file_ref idref="fl-12"/>
      </object_component>
      <object_component id="oc-3d6">
         <name>.text</name>
         <load_address>0x833d1</load_address>
         <run_address>0x833d1</run_address>
         <size>0x9</size>
         <input_file_ref idref="fl-24"/>
      </object_component>
      <object_component id="oc-3f">
         <name>.text:decompress:none</name>
         <load_address>0x833da</load_address>
         <run_address>0x833da</run_address>
         <size>0x8</size>
         <input_file_ref idref="fl-21"/>
      </object_component>
      <object_component id="oc-74">
         <name>.text</name>
         <load_address>0x833e2</load_address>
         <run_address>0x833e2</run_address>
         <size>0x8</size>
         <input_file_ref idref="fl-3"/>
      </object_component>
      <object_component id="oc-424">
         <name>.text:SysCtl_resetMCD</name>
         <load_address>0x833ea</load_address>
         <run_address>0x833ea</run_address>
         <size>0x7</size>
         <input_file_ref idref="fl-12"/>
      </object_component>
      <object_component id="oc-83">
         <name>.text</name>
         <load_address>0x833f1</load_address>
         <run_address>0x833f1</run_address>
         <size>0x7</size>
         <input_file_ref idref="fl-26"/>
      </object_component>
      <object_component id="oc-8c">
         <name>.text:isAPI_FWUpdate</name>
         <load_address>0x833f8</load_address>
         <run_address>0x833f8</run_address>
         <size>0x6</size>
         <input_file_ref idref="fl-2"/>
      </object_component>
      <object_component id="oc-ee">
         <name>.text:is_TiFWUpdate</name>
         <load_address>0x833fe</load_address>
         <run_address>0x833fe</run_address>
         <size>0x6</size>
         <input_file_ref idref="fl-2"/>
      </object_component>
      <object_component id="oc-c0">
         <name>.text:__error__</name>
         <load_address>0x83404</load_address>
         <run_address>0x83404</run_address>
         <size>0x3</size>
         <input_file_ref idref="fl-4"/>
      </object_component>
      <object_component id="oc-1ce">
         <name>.text</name>
         <load_address>0x83407</load_address>
         <run_address>0x83407</run_address>
         <size>0x2</size>
         <input_file_ref idref="fl-1e"/>
      </object_component>
      <object_component id="oc-3bc">
         <name>.text</name>
         <load_address>0x83409</load_address>
         <run_address>0x83409</run_address>
         <size>0x1</size>
         <input_file_ref idref="fl-28"/>
      </object_component>
      <object_component id="oc-4e8">
         <name>.cinit..data.load</name>
         <load_address>0x88000</load_address>
         <run_address>0x88000</run_address>
         <size>0x1d</size>
      </object_component>
      <object_component id="oc-4e9">
         <name>.cinit.IPC_RX_DECODE_BUF.load</name>
         <load_address>0x8801d</load_address>
         <run_address>0x8801d</run_address>
         <size>0x6</size>
      </object_component>
      <object_component id="oc-4e5">
         <name>__TI_handler_table</name>
         <load_address>0x88024</load_address>
         <run_address>0x88024</run_address>
         <size>0x6</size>
      </object_component>
      <object_component id="oc-4e7">
         <name>.cinit..bss.load</name>
         <load_address>0x8802a</load_address>
         <run_address>0x8802a</run_address>
         <size>0x4</size>
      </object_component>
      <object_component id="oc-4e6">
         <name>__TI_cinit_table</name>
         <load_address>0x88030</load_address>
         <run_address>0x88030</run_address>
         <size>0xc</size>
      </object_component>
      <object_component id="oc-5d">
         <name>.stack</name>
         <uninitialized>true</uninitialized>
         <run_address>0x400</run_address>
         <size>0x0</size>
         <input_file_ref idref="fl-1b"/>
      </object_component>
      <object_component id="oc-4ea">
         <name>.stack</name>
         <uninitialized>true</uninitialized>
         <run_address>0x400</run_address>
         <size>0x0</size>
      </object_component>
      <object_component id="oc-3fa">
         <name>.bss</name>
         <uninitialized>true</uninitialized>
         <run_address>0xa824</run_address>
         <size>0xc</size>
         <input_file_ref idref="fl-2"/>
      </object_component>
      <object_component id="oc-3f7">
         <name>.data</name>
         <load_address>0xa822</load_address>
         <run_address>0xa822</run_address>
         <size>0x1</size>
         <input_file_ref idref="fl-2"/>
      </object_component>
      <object_component id="oc-2c9">
         <name>.data:flash_address</name>
         <load_address>0xa800</load_address>
         <run_address>0xa800</run_address>
         <size>0x18</size>
         <input_file_ref idref="fl-2"/>
      </object_component>
      <object_component id="oc-2c1">
         <name>.data</name>
         <load_address>0xa818</load_address>
         <run_address>0xa818</run_address>
         <size>0x6</size>
         <input_file_ref idref="fl-23"/>
      </object_component>
      <object_component id="oc-2c4">
         <name>.data:_lock</name>
         <load_address>0xa81e</load_address>
         <run_address>0xa81e</run_address>
         <size>0x2</size>
         <input_file_ref idref="fl-24"/>
      </object_component>
      <object_component id="oc-446">
         <name>.data:_unlock</name>
         <load_address>0xa820</load_address>
         <run_address>0xa820</run_address>
         <size>0x2</size>
         <input_file_ref idref="fl-24"/>
      </object_component>
      <object_component id="oc-16c">
         <name>.const:.string</name>
         <load_address>0x90000</load_address>
         <run_address>0x90000</run_address>
         <size>0x98</size>
         <input_file_ref idref="fl-e"/>
      </object_component>
      <object_component id="oc-244">
         <name>.const:.string</name>
         <load_address>0x90098</load_address>
         <run_address>0x90098</run_address>
         <size>0x97</size>
         <input_file_ref idref="fl-f"/>
      </object_component>
      <object_component id="oc-204">
         <name>.const:.string</name>
         <load_address>0x90130</load_address>
         <run_address>0x90130</run_address>
         <size>0x97</size>
         <input_file_ref idref="fl-12"/>
      </object_component>
      <object_component id="oc-2e6">
         <name>.const:.string</name>
         <load_address>0x901c8</load_address>
         <run_address>0x901c8</run_address>
         <size>0x94</size>
         <input_file_ref idref="fl-d"/>
      </object_component>
      <object_component id="oc-92">
         <name>.const:IPC_Instance</name>
         <load_address>0x9025c</load_address>
         <run_address>0x9025c</run_address>
         <size>0x88</size>
         <input_file_ref idref="fl-11"/>
      </object_component>
      <object_component id="oc-158">
         <name>.const:.string</name>
         <load_address>0x902e4</load_address>
         <run_address>0x902e4</run_address>
         <size>0x4a</size>
         <input_file_ref idref="fl-11"/>
      </object_component>
      <object_component id="oc-bf">
         <name>.const:.string</name>
         <load_address>0x9032e</load_address>
         <run_address>0x9032e</run_address>
         <size>0x3e</size>
         <input_file_ref idref="fl-2"/>
      </object_component>
      <object_component id="oc-f5">
         <name>MSGRAM_CPU1_TO_CPU2</name>
         <uninitialized>true</uninitialized>
         <run_address>0x3a000</run_address>
         <size>0x88</size>
         <input_file_ref idref="fl-11"/>
      </object_component>
      <object_component id="oc-f8">
         <name>MSGRAM_CPU2_TO_CPU1</name>
         <uninitialized>true</uninitialized>
         <run_address>0x3b000</run_address>
         <size>0x88</size>
         <input_file_ref idref="fl-11"/>
      </object_component>
      <object_component id="oc-89">
         <name>MSGRAM_CPU_TO_CM</name>
         <load_address>0x39000</load_address>
         <run_address>0x39000</run_address>
         <size>0x11e</size>
         <input_file_ref idref="fl-2"/>
      </object_component>
      <object_component id="oc-fb">
         <name>MSGRAM_CPU_TO_CM</name>
         <load_address>0x39140</load_address>
         <run_address>0x39140</run_address>
         <size>0x88</size>
         <input_file_ref idref="fl-11"/>
      </object_component>
      <object_component id="oc-fe">
         <name>MSGRAM_CM_TO_CPU</name>
         <uninitialized>true</uninitialized>
         <run_address>0x38000</run_address>
         <size>0x88</size>
         <input_file_ref idref="fl-11"/>
      </object_component>
      <object_component id="oc-3fd">
         <name>.TI.ramfunc:Flash_data_program_8</name>
         <load_address>0x86000</load_address>
         <run_address>0x8000</run_address>
         <size>0x4f</size>
         <input_file_ref idref="fl-2"/>
      </object_component>
      <object_component id="oc-b9">
         <name>.TI.ramfunc:Flash_initModule</name>
         <load_address>0x8604f</load_address>
         <run_address>0x804f</run_address>
         <size>0x3f</size>
         <input_file_ref idref="fl-e"/>
      </object_component>
      <object_component id="oc-2d8">
         <name>.TI.ramfunc:grlFlashBOOTPGMSectorWrite</name>
         <load_address>0x8608e</load_address>
         <run_address>0x808e</run_address>
         <size>0x37</size>
         <input_file_ref idref="fl-2"/>
      </object_component>
      <object_component id="oc-2cc">
         <name>.TI.ramfunc:Example_EraseSector</name>
         <load_address>0x860c5</load_address>
         <run_address>0x80c5</run_address>
         <size>0x34</size>
         <input_file_ref idref="fl-2"/>
      </object_component>
      <object_component id="oc-173">
         <name>.TI.ramfunc:Flash_setBankPowerMode</name>
         <load_address>0x860f9</load_address>
         <run_address>0x80f9</run_address>
         <size>0x2d</size>
         <input_file_ref idref="fl-e"/>
      </object_component>
      <object_component id="oc-18b">
         <name>.TI.ramfunc:Flash_setWaitstates</name>
         <load_address>0x86126</load_address>
         <run_address>0x8126</run_address>
         <size>0x22</size>
         <input_file_ref idref="fl-e"/>
      </object_component>
      <object_component id="oc-179">
         <name>.TI.ramfunc:Flash_setPumpPowerMode</name>
         <load_address>0x86148</load_address>
         <run_address>0x8148</run_address>
         <size>0x1e</size>
         <input_file_ref idref="fl-e"/>
      </object_component>
      <object_component id="oc-17f">
         <name>.TI.ramfunc:Flash_disableCache</name>
         <load_address>0x86166</load_address>
         <run_address>0x8166</run_address>
         <size>0x1a</size>
         <input_file_ref idref="fl-e"/>
      </object_component>
      <object_component id="oc-185">
         <name>.TI.ramfunc:Flash_disablePrefetch</name>
         <load_address>0x86180</load_address>
         <run_address>0x8180</run_address>
         <size>0x1a</size>
         <input_file_ref idref="fl-e"/>
      </object_component>
      <object_component id="oc-191">
         <name>.TI.ramfunc:Flash_enableCache</name>
         <load_address>0x8619a</load_address>
         <run_address>0x819a</run_address>
         <size>0x19</size>
         <input_file_ref idref="fl-e"/>
      </object_component>
      <object_component id="oc-197">
         <name>.TI.ramfunc:Flash_enablePrefetch</name>
         <load_address>0x861b3</load_address>
         <run_address>0x81b3</run_address>
         <size>0x19</size>
         <input_file_ref idref="fl-e"/>
      </object_component>
      <object_component id="oc-19d">
         <name>.TI.ramfunc:Flash_enableECC</name>
         <load_address>0x861cc</load_address>
         <run_address>0x81cc</run_address>
         <size>0x17</size>
         <input_file_ref idref="fl-e"/>
      </object_component>
      <object_component id="oc-20b">
         <name>.TI.ramfunc</name>
         <load_address>0x861e3</load_address>
         <run_address>0x81e3</run_address>
         <size>0x4</size>
         <input_file_ref idref="fl-12"/>
      </object_component>
      <object_component id="oc-498">
         <name>.TI.memcrc:_table_name</name>
         <load_address>0x0</load_address>
         <run_address>0x0</run_address>
         <size>0x60</size>
      </object_component>
      <object_component id="oc-1a9">
         <name>.text:_Fapi_setupFlashStateMachine</name>
         <load_address>0x84000</load_address>
         <run_address>0x8000</run_address>
         <size>0x2e1</size>
         <input_file_ref idref="fl-18"/>
      </object_component>
      <object_component id="oc-404">
         <name>.text:Fapi_issueProgrammingCommand</name>
         <load_address>0x842e1</load_address>
         <run_address>0x82e1</run_address>
         <size>0x1a5</size>
         <input_file_ref idref="fl-14"/>
      </object_component>
      <object_component id="oc-1bd">
         <name>.text:_Fapi_loopRegionForValue</name>
         <load_address>0x84486</load_address>
         <run_address>0x8486</run_address>
         <size>0x7e</size>
         <input_file_ref idref="fl-16"/>
      </object_component>
      <object_component id="oc-476">
         <name>.text:Fapi_setupEepromSectorEnable</name>
         <load_address>0x84504</load_address>
         <run_address>0x8504</run_address>
         <size>0x79</size>
         <input_file_ref idref="fl-18"/>
      </object_component>
      <object_component id="oc-3e4">
         <name>.text:Fapi_initializeAPI</name>
         <load_address>0x8457d</load_address>
         <run_address>0x857d</run_address>
         <size>0x66</size>
         <input_file_ref idref="fl-19"/>
      </object_component>
      <object_component id="oc-cc">
         <name>.text:Fapi_doBlankCheck</name>
         <load_address>0x845e3</load_address>
         <run_address>0x85e3</run_address>
         <size>0x63</size>
         <input_file_ref idref="fl-15"/>
      </object_component>
      <object_component id="oc-486">
         <name>.text:_Fapi_checkRegionForValue</name>
         <load_address>0x84646</load_address>
         <run_address>0x8646</run_address>
         <size>0x61</size>
         <input_file_ref idref="fl-16"/>
      </object_component>
      <object_component id="oc-44e">
         <name>.text:_Fapi_issueFsmCommand</name>
         <load_address>0x846a7</load_address>
         <run_address>0x86a7</run_address>
         <size>0x53</size>
         <input_file_ref idref="fl-18"/>
      </object_component>
      <object_component id="oc-1b1">
         <name>.text:Fapi_isAddressValid</name>
         <load_address>0x846fa</load_address>
         <run_address>0x86fa</run_address>
         <size>0x3b</size>
         <input_file_ref idref="fl-1a"/>
      </object_component>
      <object_component id="oc-3ea">
         <name>.text:Fapi_issueAsyncCommandWithAddress</name>
         <load_address>0x84735</load_address>
         <run_address>0x8735</run_address>
         <size>0x38</size>
         <input_file_ref idref="fl-13"/>
      </object_component>
      <object_component id="oc-47c">
         <name>.text:Fapi_setupBankSectorEnable</name>
         <load_address>0x8476d</load_address>
         <run_address>0x876d</run_address>
         <size>0x31</size>
         <input_file_ref idref="fl-18"/>
      </object_component>
      <object_component id="oc-c6">
         <name>.text:Fapi_setActiveFlashBank</name>
         <load_address>0x8479e</load_address>
         <run_address>0x879e</run_address>
         <size>0x2f</size>
         <input_file_ref idref="fl-18"/>
      </object_component>
      <object_component id="oc-3a9">
         <name>.text:Fapi_calculateFletcherChecksum</name>
         <load_address>0x847cd</load_address>
         <run_address>0x87cd</run_address>
         <size>0x2c</size>
         <input_file_ref idref="fl-1a"/>
      </object_component>
      <object_component id="oc-263">
         <name>.text:_Fapi_divideUnsignedLong</name>
         <load_address>0x847f9</load_address>
         <run_address>0x87f9</run_address>
         <size>0x2a</size>
         <input_file_ref idref="fl-1a"/>
      </object_component>
      <object_component id="oc-454">
         <name>.text:_Fapi_setupSectorsForWrite</name>
         <load_address>0x84823</load_address>
         <run_address>0x8823</run_address>
         <size>0x26</size>
         <input_file_ref idref="fl-18"/>
      </object_component>
      <object_component id="oc-27d">
         <name>.text:Fapi_isAddressEcc</name>
         <load_address>0x84849</load_address>
         <run_address>0x8849</run_address>
         <size>0x22</size>
         <input_file_ref idref="fl-18"/>
      </object_component>
      <object_component id="oc-1b7">
         <name>.text:Fapi_flushPipeline</name>
         <load_address>0x8486b</load_address>
         <run_address>0x886b</run_address>
         <size>0x15</size>
         <input_file_ref idref="fl-16"/>
      </object_component>
      <object_component id="oc-461">
         <name>.text:Fapi_doVerify</name>
         <load_address>0x84880</load_address>
         <run_address>0x8880</run_address>
         <size>0xf</size>
         <input_file_ref idref="fl-17"/>
      </object_component>
      <object_component id="oc-3f0">
         <name>.text:Fapi_checkFsmForReady</name>
         <load_address>0x8488f</load_address>
         <run_address>0x888f</run_address>
         <size>0xe</size>
         <input_file_ref idref="fl-18"/>
      </object_component>
      <object_component id="oc-26f">
         <name>.text:_Fapi_scaleCycleValues</name>
         <load_address>0x8489d</load_address>
         <run_address>0x889d</run_address>
         <size>0xe</size>
         <input_file_ref idref="fl-1a"/>
      </object_component>
      <object_component id="oc-269">
         <name>.text:_Fapi_calculateOtpChecksum</name>
         <load_address>0x848ab</load_address>
         <run_address>0x88ab</run_address>
         <size>0xb</size>
         <input_file_ref idref="fl-1a"/>
      </object_component>
      <object_component id="oc-1a6">
         <name>.bss</name>
         <load_address>0x848b6</load_address>
         <run_address>0x88b6</run_address>
         <size>0xa</size>
         <input_file_ref idref="fl-19"/>
      </object_component>
      <object_component id="oc-40a">
         <name>.text:Fapi_getFsmStatus</name>
         <load_address>0x848c0</load_address>
         <run_address>0x88c0</run_address>
         <size>0x7</size>
         <input_file_ref idref="fl-18"/>
      </object_component>
      <object_component id="oc-283">
         <name>.text:Fapi_serviceWatchdogTimer</name>
         <load_address>0x848c7</load_address>
         <run_address>0x88c7</run_address>
         <size>0x2</size>
         <input_file_ref idref="fl-18"/>
      </object_component>
      <object_component id="oc-80">
         <name>IPC_RX_DECODE_BUF</name>
         <load_address>0x1b0</load_address>
         <run_address>0x1b0</run_address>
         <size>0x23c</size>
         <input_file_ref idref="fl-2"/>
      </object_component>
      <object_component id="oc-d3">
         <name>.debug_types</name>
         <load_address>0x0</load_address>
         <run_address>0x0</run_address>
         <size>0x1e9e</size>
         <input_file_ref idref="fl-2"/>
      </object_component>
      <object_component id="oc-12e">
         <name>.debug_types</name>
         <load_address>0x1e9e</load_address>
         <run_address>0x1e9e</run_address>
         <size>0x1394</size>
         <input_file_ref idref="fl-4"/>
      </object_component>
      <object_component id="oc-341">
         <name>.debug_types</name>
         <load_address>0x3232</load_address>
         <run_address>0x3232</run_address>
         <size>0xa2</size>
         <input_file_ref idref="fl-d"/>
      </object_component>
      <object_component id="oc-1a4">
         <name>.debug_types</name>
         <load_address>0x32d4</load_address>
         <run_address>0x32d4</run_address>
         <size>0x1d7</size>
         <input_file_ref idref="fl-e"/>
      </object_component>
      <object_component id="oc-23d">
         <name>.debug_types</name>
         <load_address>0x34ab</load_address>
         <run_address>0x34ab</run_address>
         <size>0x482</size>
         <input_file_ref idref="fl-f"/>
      </object_component>
      <object_component id="oc-157">
         <name>.debug_types</name>
         <load_address>0x392d</load_address>
         <run_address>0x392d</run_address>
         <size>0x70</size>
         <input_file_ref idref="fl-10"/>
      </object_component>
      <object_component id="oc-e7">
         <name>.debug_types</name>
         <load_address>0x399d</load_address>
         <run_address>0x399d</run_address>
         <size>0x1b8</size>
         <input_file_ref idref="fl-11"/>
      </object_component>
      <object_component id="oc-21f">
         <name>.debug_types</name>
         <load_address>0x3b55</load_address>
         <run_address>0x3b55</run_address>
         <size>0x8b4</size>
         <input_file_ref idref="fl-12"/>
      </object_component>
      <object_component id="oc-45b">
         <name>.debug_types</name>
         <load_address>0x4409</load_address>
         <run_address>0x4409</run_address>
         <size>0xc6e3</size>
         <input_file_ref idref="fl-13"/>
      </object_component>
      <object_component id="oc-469">
         <name>.debug_types</name>
         <load_address>0x10aec</load_address>
         <run_address>0x10aec</run_address>
         <size>0xa1</size>
         <input_file_ref idref="fl-14"/>
      </object_component>
      <object_component id="oc-1c4">
         <name>.debug_types</name>
         <load_address>0x10b8d</load_address>
         <run_address>0x10b8d</run_address>
         <size>0xeb</size>
         <input_file_ref idref="fl-15"/>
      </object_component>
      <object_component id="oc-27c">
         <name>.debug_types</name>
         <load_address>0x10c78</load_address>
         <run_address>0x10c78</run_address>
         <size>0x5a</size>
         <input_file_ref idref="fl-16"/>
      </object_component>
      <object_component id="oc-48d">
         <name>.debug_types</name>
         <load_address>0x0</load_address>
         <run_address>0x0</run_address>
         <size>0x0</size>
         <input_file_ref idref="fl-17"/>
      </object_component>
      <object_component id="oc-1b0">
         <name>.debug_types</name>
         <load_address>0x10cd2</load_address>
         <run_address>0x10cd2</run_address>
         <size>0x6bb</size>
         <input_file_ref idref="fl-18"/>
      </object_component>
      <object_component id="oc-262">
         <name>.debug_types</name>
         <load_address>0x0</load_address>
         <run_address>0x0</run_address>
         <size>0x0</size>
         <input_file_ref idref="fl-19"/>
      </object_component>
      <object_component id="oc-27a">
         <name>.debug_types</name>
         <load_address>0x1138d</load_address>
         <run_address>0x1138d</run_address>
         <size>0x8e</size>
         <input_file_ref idref="fl-1a"/>
      </object_component>
      <object_component id="oc-d9">
         <name>.debug_types</name>
         <load_address>0x1141b</load_address>
         <run_address>0x1141b</run_address>
         <size>0xb8</size>
         <input_file_ref idref="fl-1d"/>
      </object_component>
      <object_component id="oc-28e">
         <name>.debug_types</name>
         <load_address>0x0</load_address>
         <run_address>0x0</run_address>
         <size>0x0</size>
         <input_file_ref idref="fl-1e"/>
      </object_component>
      <object_component id="oc-3c3">
         <name>.debug_types</name>
         <load_address>0x114d3</load_address>
         <run_address>0x114d3</run_address>
         <size>0x4ca</size>
         <input_file_ref idref="fl-1f"/>
      </object_component>
      <object_component id="oc-de">
         <name>.debug_types</name>
         <load_address>0x1199d</load_address>
         <run_address>0x1199d</run_address>
         <size>0x194</size>
         <input_file_ref idref="fl-20"/>
      </object_component>
      <object_component id="oc-67">
         <name>.debug_types</name>
         <load_address>0x0</load_address>
         <run_address>0x0</run_address>
         <size>0x0</size>
         <input_file_ref idref="fl-21"/>
      </object_component>
      <object_component id="oc-5f">
         <name>.debug_types</name>
         <load_address>0x11b31</load_address>
         <run_address>0x11b31</run_address>
         <size>0x191</size>
         <input_file_ref idref="fl-22"/>
      </object_component>
      <object_component id="oc-2c8">
         <name>.debug_types</name>
         <load_address>0x11cc2</load_address>
         <run_address>0x11cc2</run_address>
         <size>0xbf</size>
         <input_file_ref idref="fl-23"/>
      </object_component>
      <object_component id="oc-3de">
         <name>.debug_types</name>
         <load_address>0x11d81</load_address>
         <run_address>0x11d81</run_address>
         <size>0x2f</size>
         <input_file_ref idref="fl-24"/>
      </object_component>
      <object_component id="oc-2c0">
         <name>.debug_types</name>
         <load_address>0x11db0</load_address>
         <run_address>0x11db0</run_address>
         <size>0xe1</size>
         <input_file_ref idref="fl-25"/>
      </object_component>
      <object_component id="oc-eb">
         <name>.debug_types</name>
         <load_address>0x0</load_address>
         <run_address>0x0</run_address>
         <size>0x0</size>
         <input_file_ref idref="fl-26"/>
      </object_component>
      <object_component id="oc-440">
         <name>.debug_types</name>
         <load_address>0x0</load_address>
         <run_address>0x0</run_address>
         <size>0x0</size>
         <input_file_ref idref="fl-28"/>
      </object_component>
      <object_component id="oc-3fb">
         <name>.debug_info</name>
         <load_address>0x0</load_address>
         <run_address>0x0</run_address>
         <size>0x256</size>
         <input_file_ref idref="fl-2"/>
      </object_component>
      <object_component id="oc-3f8">
         <name>.debug_info</name>
         <load_address>0x256</load_address>
         <run_address>0x256</run_address>
         <size>0xe8</size>
         <input_file_ref idref="fl-2"/>
      </object_component>
      <object_component id="oc-2ca">
         <name>.debug_info</name>
         <load_address>0x33e</load_address>
         <run_address>0x33e</run_address>
         <size>0xfe</size>
         <input_file_ref idref="fl-2"/>
      </object_component>
      <object_component id="oc-8a">
         <name>.debug_info</name>
         <load_address>0x43c</load_address>
         <run_address>0x43c</run_address>
         <size>0xf4</size>
         <input_file_ref idref="fl-2"/>
      </object_component>
      <object_component id="oc-81">
         <name>.debug_info</name>
         <load_address>0x530</load_address>
         <run_address>0x530</run_address>
         <size>0xec</size>
         <input_file_ref idref="fl-2"/>
      </object_component>
      <object_component id="oc-ab">
         <name>.debug_info</name>
         <load_address>0x61c</load_address>
         <run_address>0x61c</run_address>
         <size>0x3b9</size>
         <input_file_ref idref="fl-2"/>
      </object_component>
      <object_component id="oc-59">
         <name>.debug_info</name>
         <load_address>0x9d5</load_address>
         <run_address>0x9d5</run_address>
         <size>0x220</size>
         <input_file_ref idref="fl-2"/>
      </object_component>
      <object_component id="oc-2d0">
         <name>.debug_info</name>
         <load_address>0xbf5</load_address>
         <run_address>0xbf5</run_address>
         <size>0x22a</size>
         <input_file_ref idref="fl-2"/>
      </object_component>
      <object_component id="oc-401">
         <name>.debug_info</name>
         <load_address>0xe1f</load_address>
         <run_address>0xe1f</run_address>
         <size>0x2af</size>
         <input_file_ref idref="fl-2"/>
      </object_component>
      <object_component id="oc-2d6">
         <name>.debug_info</name>
         <load_address>0x10ce</load_address>
         <run_address>0x10ce</run_address>
         <size>0x290</size>
         <input_file_ref idref="fl-2"/>
      </object_component>
      <object_component id="oc-2dc">
         <name>.debug_info</name>
         <load_address>0x135e</load_address>
         <run_address>0x135e</run_address>
         <size>0x273</size>
         <input_file_ref idref="fl-2"/>
      </object_component>
      <object_component id="oc-1ec">
         <name>.debug_info</name>
         <load_address>0x15d1</load_address>
         <run_address>0x15d1</run_address>
         <size>0x2a1</size>
         <input_file_ref idref="fl-2"/>
      </object_component>
      <object_component id="oc-f2">
         <name>.debug_info</name>
         <load_address>0x1872</load_address>
         <run_address>0x1872</run_address>
         <size>0x160</size>
         <input_file_ref idref="fl-2"/>
      </object_component>
      <object_component id="oc-90">
         <name>.debug_info</name>
         <load_address>0x19d2</load_address>
         <run_address>0x19d2</run_address>
         <size>0x17b</size>
         <input_file_ref idref="fl-2"/>
      </object_component>
      <object_component id="oc-5b">
         <name>.debug_info</name>
         <load_address>0x1b4d</load_address>
         <run_address>0x1b4d</run_address>
         <size>0x1be</size>
         <input_file_ref idref="fl-2"/>
      </object_component>
      <object_component id="oc-47">
         <name>.debug_info</name>
         <load_address>0x1d0b</load_address>
         <run_address>0x1d0b</run_address>
         <size>0x106</size>
         <input_file_ref idref="fl-3"/>
      </object_component>
      <object_component id="oc-76">
         <name>.debug_info</name>
         <load_address>0x1e11</load_address>
         <run_address>0x1e11</run_address>
         <size>0x107</size>
         <input_file_ref idref="fl-3"/>
      </object_component>
      <object_component id="oc-c2">
         <name>.debug_info</name>
         <load_address>0x1f18</load_address>
         <run_address>0x1f18</run_address>
         <size>0x13d</size>
         <input_file_ref idref="fl-4"/>
      </object_component>
      <object_component id="oc-1f9">
         <name>.debug_info</name>
         <load_address>0x2055</load_address>
         <run_address>0x2055</run_address>
         <size>0x1b5</size>
         <input_file_ref idref="fl-4"/>
      </object_component>
      <object_component id="oc-105">
         <name>.debug_info</name>
         <load_address>0x220a</load_address>
         <run_address>0x220a</run_address>
         <size>0x18e</size>
         <input_file_ref idref="fl-4"/>
      </object_component>
      <object_component id="oc-237">
         <name>.debug_info</name>
         <load_address>0x2398</load_address>
         <run_address>0x2398</run_address>
         <size>0x159</size>
         <input_file_ref idref="fl-4"/>
      </object_component>
      <object_component id="oc-138">
         <name>.debug_info</name>
         <load_address>0x24f1</load_address>
         <run_address>0x24f1</run_address>
         <size>0x176</size>
         <input_file_ref idref="fl-4"/>
      </object_component>
      <object_component id="oc-a3">
         <name>.debug_info</name>
         <load_address>0x2667</load_address>
         <run_address>0x2667</run_address>
         <size>0x1d5</size>
         <input_file_ref idref="fl-4"/>
      </object_component>
      <object_component id="oc-128">
         <name>.debug_info</name>
         <load_address>0x283c</load_address>
         <run_address>0x283c</run_address>
         <size>0xbe3</size>
         <input_file_ref idref="fl-4"/>
      </object_component>
      <object_component id="oc-96">
         <name>.debug_info</name>
         <load_address>0x341f</load_address>
         <run_address>0x341f</run_address>
         <size>0x256</size>
         <input_file_ref idref="fl-4"/>
      </object_component>
      <object_component id="oc-9c">
         <name>.debug_info</name>
         <load_address>0x3675</load_address>
         <run_address>0x3675</run_address>
         <size>0x171</size>
         <input_file_ref idref="fl-4"/>
      </object_component>
      <object_component id="oc-2e1">
         <name>.debug_info</name>
         <load_address>0x37e6</load_address>
         <run_address>0x37e6</run_address>
         <size>0x1c7</size>
         <input_file_ref idref="fl-d"/>
      </object_component>
      <object_component id="oc-330">
         <name>.debug_info</name>
         <load_address>0x39ad</load_address>
         <run_address>0x39ad</run_address>
         <size>0x1e5</size>
         <input_file_ref idref="fl-d"/>
      </object_component>
      <object_component id="oc-2fa">
         <name>.debug_info</name>
         <load_address>0x3b92</load_address>
         <run_address>0x3b92</run_address>
         <size>0x1e7</size>
         <input_file_ref idref="fl-d"/>
      </object_component>
      <object_component id="oc-323">
         <name>.debug_info</name>
         <load_address>0x3d79</load_address>
         <run_address>0x3d79</run_address>
         <size>0x1f0</size>
         <input_file_ref idref="fl-d"/>
      </object_component>
      <object_component id="oc-329">
         <name>.debug_info</name>
         <load_address>0x3f69</load_address>
         <run_address>0x3f69</run_address>
         <size>0x1ef</size>
         <input_file_ref idref="fl-d"/>
      </object_component>
      <object_component id="oc-2ff">
         <name>.debug_info</name>
         <load_address>0x4158</load_address>
         <run_address>0x4158</run_address>
         <size>0x1f3</size>
         <input_file_ref idref="fl-d"/>
      </object_component>
      <object_component id="oc-305">
         <name>.debug_info</name>
         <load_address>0x434b</load_address>
         <run_address>0x434b</run_address>
         <size>0x1f1</size>
         <input_file_ref idref="fl-d"/>
      </object_component>
      <object_component id="oc-31d">
         <name>.debug_info</name>
         <load_address>0x453c</load_address>
         <run_address>0x453c</run_address>
         <size>0x218</size>
         <input_file_ref idref="fl-d"/>
      </object_component>
      <object_component id="oc-33b">
         <name>.debug_info</name>
         <load_address>0x4754</load_address>
         <run_address>0x4754</run_address>
         <size>0x1f3</size>
         <input_file_ref idref="fl-d"/>
      </object_component>
      <object_component id="oc-335">
         <name>.debug_info</name>
         <load_address>0x4947</load_address>
         <run_address>0x4947</run_address>
         <size>0x1fd</size>
         <input_file_ref idref="fl-d"/>
      </object_component>
      <object_component id="oc-2ed">
         <name>.debug_info</name>
         <load_address>0x4b44</load_address>
         <run_address>0x4b44</run_address>
         <size>0x1eb</size>
         <input_file_ref idref="fl-d"/>
      </object_component>
      <object_component id="oc-2f3">
         <name>.debug_info</name>
         <load_address>0x4d2f</load_address>
         <run_address>0x4d2f</run_address>
         <size>0x1e9</size>
         <input_file_ref idref="fl-d"/>
      </object_component>
      <object_component id="oc-311">
         <name>.debug_info</name>
         <load_address>0x4f18</load_address>
         <run_address>0x4f18</run_address>
         <size>0x21c</size>
         <input_file_ref idref="fl-d"/>
      </object_component>
      <object_component id="oc-30b">
         <name>.debug_info</name>
         <load_address>0x5134</load_address>
         <run_address>0x5134</run_address>
         <size>0x21c</size>
         <input_file_ref idref="fl-d"/>
      </object_component>
      <object_component id="oc-318">
         <name>.debug_info</name>
         <load_address>0x5350</load_address>
         <run_address>0x5350</run_address>
         <size>0x28b</size>
         <input_file_ref idref="fl-d"/>
      </object_component>
      <object_component id="oc-1fe">
         <name>.debug_info</name>
         <load_address>0x55db</load_address>
         <run_address>0x55db</run_address>
         <size>0x563</size>
         <input_file_ref idref="fl-d"/>
      </object_component>
      <object_component id="oc-168">
         <name>.debug_info</name>
         <load_address>0x5b3e</load_address>
         <run_address>0x5b3e</run_address>
         <size>0x1df</size>
         <input_file_ref idref="fl-e"/>
      </object_component>
      <object_component id="oc-16f">
         <name>.debug_info</name>
         <load_address>0x5d1d</load_address>
         <run_address>0x5d1d</run_address>
         <size>0x1db</size>
         <input_file_ref idref="fl-e"/>
      </object_component>
      <object_component id="oc-18d">
         <name>.debug_info</name>
         <load_address>0x5ef8</load_address>
         <run_address>0x5ef8</run_address>
         <size>0x23a</size>
         <input_file_ref idref="fl-e"/>
      </object_component>
      <object_component id="oc-175">
         <name>.debug_info</name>
         <load_address>0x6132</load_address>
         <run_address>0x6132</run_address>
         <size>0x251</size>
         <input_file_ref idref="fl-e"/>
      </object_component>
      <object_component id="oc-17b">
         <name>.debug_info</name>
         <load_address>0x6383</load_address>
         <run_address>0x6383</run_address>
         <size>0x230</size>
         <input_file_ref idref="fl-e"/>
      </object_component>
      <object_component id="oc-198">
         <name>.debug_info</name>
         <load_address>0x65b3</load_address>
         <run_address>0x65b3</run_address>
         <size>0x201</size>
         <input_file_ref idref="fl-e"/>
      </object_component>
      <object_component id="oc-187">
         <name>.debug_info</name>
         <load_address>0x67b4</load_address>
         <run_address>0x67b4</run_address>
         <size>0x203</size>
         <input_file_ref idref="fl-e"/>
      </object_component>
      <object_component id="oc-192">
         <name>.debug_info</name>
         <load_address>0x69b7</load_address>
         <run_address>0x69b7</run_address>
         <size>0x1fb</size>
         <input_file_ref idref="fl-e"/>
      </object_component>
      <object_component id="oc-180">
         <name>.debug_info</name>
         <load_address>0x6bb2</load_address>
         <run_address>0x6bb2</run_address>
         <size>0x1fd</size>
         <input_file_ref idref="fl-e"/>
      </object_component>
      <object_component id="oc-19e">
         <name>.debug_info</name>
         <load_address>0x6daf</load_address>
         <run_address>0x6daf</run_address>
         <size>0x1f4</size>
         <input_file_ref idref="fl-e"/>
      </object_component>
      <object_component id="oc-ba">
         <name>.debug_info</name>
         <load_address>0x6fa3</load_address>
         <run_address>0x6fa3</run_address>
         <size>0x33a</size>
         <input_file_ref idref="fl-e"/>
      </object_component>
      <object_component id="oc-23f">
         <name>.debug_info</name>
         <load_address>0x72dd</load_address>
         <run_address>0x72dd</run_address>
         <size>0x1c7</size>
         <input_file_ref idref="fl-f"/>
      </object_component>
      <object_component id="oc-144">
         <name>.debug_info</name>
         <load_address>0x74a4</load_address>
         <run_address>0x74a4</run_address>
         <size>0x23f</size>
         <input_file_ref idref="fl-f"/>
      </object_component>
      <object_component id="oc-14b">
         <name>.debug_info</name>
         <load_address>0x76e3</load_address>
         <run_address>0x76e3</run_address>
         <size>0x228</size>
         <input_file_ref idref="fl-f"/>
      </object_component>
      <object_component id="oc-13e">
         <name>.debug_info</name>
         <load_address>0x790b</load_address>
         <run_address>0x790b</run_address>
         <size>0x211</size>
         <input_file_ref idref="fl-f"/>
      </object_component>
      <object_component id="oc-24e">
         <name>.debug_info</name>
         <load_address>0x7b1c</load_address>
         <run_address>0x7b1c</run_address>
         <size>0x1c0</size>
         <input_file_ref idref="fl-10"/>
      </object_component>
      <object_component id="oc-151">
         <name>.debug_info</name>
         <load_address>0x7cdc</load_address>
         <run_address>0x7cdc</run_address>
         <size>0x1c2</size>
         <input_file_ref idref="fl-10"/>
      </object_component>
      <object_component id="oc-af">
         <name>.debug_info</name>
         <load_address>0x7e9e</load_address>
         <run_address>0x7e9e</run_address>
         <size>0x1d1</size>
         <input_file_ref idref="fl-10"/>
      </object_component>
      <object_component id="oc-161">
         <name>.debug_info</name>
         <load_address>0x806f</load_address>
         <run_address>0x806f</run_address>
         <size>0x273</size>
         <input_file_ref idref="fl-10"/>
      </object_component>
      <object_component id="oc-f6">
         <name>.debug_info</name>
         <load_address>0x82e2</load_address>
         <run_address>0x82e2</run_address>
         <size>0x15b</size>
         <input_file_ref idref="fl-11"/>
      </object_component>
      <object_component id="oc-f9">
         <name>.debug_info</name>
         <load_address>0x843d</load_address>
         <run_address>0x843d</run_address>
         <size>0x15b</size>
         <input_file_ref idref="fl-11"/>
      </object_component>
      <object_component id="oc-fc">
         <name>.debug_info</name>
         <load_address>0x8598</load_address>
         <run_address>0x8598</run_address>
         <size>0x155</size>
         <input_file_ref idref="fl-11"/>
      </object_component>
      <object_component id="oc-ff">
         <name>.debug_info</name>
         <load_address>0x86ed</load_address>
         <run_address>0x86ed</run_address>
         <size>0x155</size>
         <input_file_ref idref="fl-11"/>
      </object_component>
      <object_component id="oc-93">
         <name>.debug_info</name>
         <load_address>0x8842</load_address>
         <run_address>0x8842</run_address>
         <size>0x13f</size>
         <input_file_ref idref="fl-11"/>
      </object_component>
      <object_component id="oc-15a">
         <name>.debug_info</name>
         <load_address>0x8981</load_address>
         <run_address>0x8981</run_address>
         <size>0x21e</size>
         <input_file_ref idref="fl-11"/>
      </object_component>
      <object_component id="oc-7b">
         <name>.debug_info</name>
         <load_address>0x8b9f</load_address>
         <run_address>0x8b9f</run_address>
         <size>0x275</size>
         <input_file_ref idref="fl-11"/>
      </object_component>
      <object_component id="oc-b5">
         <name>.debug_info</name>
         <load_address>0x8e14</load_address>
         <run_address>0x8e14</run_address>
         <size>0x274</size>
         <input_file_ref idref="fl-11"/>
      </object_component>
      <object_component id="oc-353">
         <name>.debug_info</name>
         <load_address>0x9088</load_address>
         <run_address>0x9088</run_address>
         <size>0x20d</size>
         <input_file_ref idref="fl-12"/>
      </object_component>
      <object_component id="oc-207">
         <name>.debug_info</name>
         <load_address>0x9295</load_address>
         <run_address>0x9295</run_address>
         <size>0x1d0</size>
         <input_file_ref idref="fl-12"/>
      </object_component>
      <object_component id="oc-425">
         <name>.debug_info</name>
         <load_address>0x9465</load_address>
         <run_address>0x9465</run_address>
         <size>0x1a6</size>
         <input_file_ref idref="fl-12"/>
      </object_component>
      <object_component id="oc-213">
         <name>.debug_info</name>
         <load_address>0x960b</load_address>
         <run_address>0x960b</run_address>
         <size>0x1d5</size>
         <input_file_ref idref="fl-12"/>
      </object_component>
      <object_component id="oc-22f">
         <name>.debug_info</name>
         <load_address>0x97e0</load_address>
         <run_address>0x97e0</run_address>
         <size>0x1b0</size>
         <input_file_ref idref="fl-12"/>
      </object_component>
      <object_component id="oc-42e">
         <name>.debug_info</name>
         <load_address>0x9990</load_address>
         <run_address>0x9990</run_address>
         <size>0x1ca</size>
         <input_file_ref idref="fl-12"/>
      </object_component>
      <object_component id="oc-38e">
         <name>.debug_info</name>
         <load_address>0x9b5a</load_address>
         <run_address>0x9b5a</run_address>
         <size>0x1e8</size>
         <input_file_ref idref="fl-12"/>
      </object_component>
      <object_component id="oc-364">
         <name>.debug_info</name>
         <load_address>0x9d42</load_address>
         <run_address>0x9d42</run_address>
         <size>0x1ea</size>
         <input_file_ref idref="fl-12"/>
      </object_component>
      <object_component id="oc-36a">
         <name>.debug_info</name>
         <load_address>0x9f2c</load_address>
         <run_address>0x9f2c</run_address>
         <size>0x1f6</size>
         <input_file_ref idref="fl-12"/>
      </object_component>
      <object_component id="oc-370">
         <name>.debug_info</name>
         <load_address>0xa122</load_address>
         <run_address>0xa122</run_address>
         <size>0x1f4</size>
         <input_file_ref idref="fl-12"/>
      </object_component>
      <object_component id="oc-388">
         <name>.debug_info</name>
         <load_address>0xa316</load_address>
         <run_address>0xa316</run_address>
         <size>0x21b</size>
         <input_file_ref idref="fl-12"/>
      </object_component>
      <object_component id="oc-358">
         <name>.debug_info</name>
         <load_address>0xa531</load_address>
         <run_address>0xa531</run_address>
         <size>0x1ee</size>
         <input_file_ref idref="fl-12"/>
      </object_component>
      <object_component id="oc-35e">
         <name>.debug_info</name>
         <load_address>0xa71f</load_address>
         <run_address>0xa71f</run_address>
         <size>0x1ec</size>
         <input_file_ref idref="fl-12"/>
      </object_component>
      <object_component id="oc-37c">
         <name>.debug_info</name>
         <load_address>0xa90b</load_address>
         <run_address>0xa90b</run_address>
         <size>0x21f</size>
         <input_file_ref idref="fl-12"/>
      </object_component>
      <object_component id="oc-376">
         <name>.debug_info</name>
         <load_address>0xab2a</load_address>
         <run_address>0xab2a</run_address>
         <size>0x21f</size>
         <input_file_ref idref="fl-12"/>
      </object_component>
      <object_component id="oc-382">
         <name>.debug_info</name>
         <load_address>0xad49</load_address>
         <run_address>0xad49</run_address>
         <size>0x28e</size>
         <input_file_ref idref="fl-12"/>
      </object_component>
      <object_component id="oc-398">
         <name>.debug_info</name>
         <load_address>0xafd7</load_address>
         <run_address>0xafd7</run_address>
         <size>0x1d6</size>
         <input_file_ref idref="fl-12"/>
      </object_component>
      <object_component id="oc-116">
         <name>.debug_info</name>
         <load_address>0xb1ad</load_address>
         <run_address>0xb1ad</run_address>
         <size>0x239</size>
         <input_file_ref idref="fl-12"/>
      </object_component>
      <object_component id="oc-122">
         <name>.debug_info</name>
         <load_address>0xb3e6</load_address>
         <run_address>0xb3e6</run_address>
         <size>0x22e</size>
         <input_file_ref idref="fl-12"/>
      </object_component>
      <object_component id="oc-10a">
         <name>.debug_info</name>
         <load_address>0xb614</load_address>
         <run_address>0xb614</run_address>
         <size>0x39e</size>
         <input_file_ref idref="fl-12"/>
      </object_component>
      <object_component id="oc-110">
         <name>.debug_info</name>
         <load_address>0xb9b2</load_address>
         <run_address>0xb9b2</run_address>
         <size>0x335</size>
         <input_file_ref idref="fl-12"/>
      </object_component>
      <object_component id="oc-344">
         <name>.debug_info</name>
         <load_address>0xbce7</load_address>
         <run_address>0xbce7</run_address>
         <size>0x219</size>
         <input_file_ref idref="fl-12"/>
      </object_component>
      <object_component id="oc-34a">
         <name>.debug_info</name>
         <load_address>0xbf00</load_address>
         <run_address>0xbf00</run_address>
         <size>0x200</size>
         <input_file_ref idref="fl-12"/>
      </object_component>
      <object_component id="oc-20d">
         <name>.debug_info</name>
         <load_address>0xc100</load_address>
         <run_address>0xc100</run_address>
         <size>0x227</size>
         <input_file_ref idref="fl-12"/>
      </object_component>
      <object_component id="oc-221">
         <name>.debug_info</name>
         <load_address>0xc327</load_address>
         <run_address>0xc327</run_address>
         <size>0x21f</size>
         <input_file_ref idref="fl-12"/>
      </object_component>
      <object_component id="oc-11c">
         <name>.debug_info</name>
         <load_address>0xc546</load_address>
         <run_address>0xc546</run_address>
         <size>0x213</size>
         <input_file_ref idref="fl-12"/>
      </object_component>
      <object_component id="oc-219">
         <name>.debug_info</name>
         <load_address>0xc759</load_address>
         <run_address>0xc759</run_address>
         <size>0x4d1</size>
         <input_file_ref idref="fl-12"/>
      </object_component>
      <object_component id="oc-130">
         <name>.debug_info</name>
         <load_address>0xcc2a</load_address>
         <run_address>0xcc2a</run_address>
         <size>0x205</size>
         <input_file_ref idref="fl-12"/>
      </object_component>
      <object_component id="oc-3ee">
         <name>.debug_info</name>
         <load_address>0xce2f</load_address>
         <run_address>0xce2f</run_address>
         <size>0x2d2</size>
         <input_file_ref idref="fl-13"/>
      </object_component>
      <object_component id="oc-407">
         <name>.debug_info</name>
         <load_address>0xd101</load_address>
         <run_address>0xd101</run_address>
         <size>0x62d</size>
         <input_file_ref idref="fl-14"/>
[...]
            <load_address>0x88000</load_address>
            <load_size>0x8000</load_size>
         </mem_crc_rec>
         <mem_crc_rec>
            <name>FLASH5</name>
            <load_page_id>0x0</load_page_id>
            <load_address>0x90000</load_address>
            <load_size>0x8000</load_size>
         </mem_crc_rec>
         <mem_crc_rec>
            <name>FLASH6</name>
            <load_page_id>0x0</load_page_id>
            <load_address>0x98000</load_address>
            <load_size>0x8000</load_size>
         </mem_crc_rec>
         <mem_crc_rec>
            <name>FLASH7</name>
            <load_page_id>0x0</load_page_id>
            <load_address>0xa0000</load_address>
            <load_size>0x8000</load_size>
         </mem_crc_rec>
         <mem_crc_rec>
            <name>FLASH8</name>
            <load_page_id>0x0</load_page_id>
            <load_address>0xa8000</load_address>
            <load_size>0x8000</load_size>
         </mem_crc_rec>
         <mem_crc_rec>
            <name>FLASH9</name>
            <load_page_id>0x0</load_page_id>
            <load_address>0xb0000</load_address>
            <load_size>0x8000</load_size>
         </mem_crc_rec>
         <mem_crc_rec>
            <name>FLASH10</name>
            <load_page_id>0x0</load_page_id>
            <load_address>0xb8000</load_address>
            <load_size>0x2000</load_size>
         </mem_crc_rec>
         <mem_crc_rec>
            <name>FLASH11</name>
            <load_page_id>0x0</load_page_id>
            <load_address>0xba000</load_address>
            <load_size>0x2000</load_size>
         </mem_crc_rec>
         <mem_crc_rec>
            <name>FLASH12</name>
            <load_page_id>0x0</load_page_id>
            <load_address>0xbc000</load_address>
            <load_size>0x2000</load_size>
         </mem_crc_rec>
         <mem_crc_rec>
            <name>FLASH13</name>
            <load_page_id>0x0</load_page_id>
            <load_address>0xbe000</load_address>
            <load_size>0x2000</load_size>
         </mem_crc_rec>
      </mem_crc_table>
   </mem_crc_table_list>
   <symbol_table>
      <symbol id="sm-1">
         <name>RamfuncsLoadStart</name>
         <value>0x86000</value>
      </symbol>
      <symbol id="sm-2">
         <name>RamfuncsLoadSize</name>
         <value>0x8c9</value>
      </symbol>
      <symbol id="sm-3">
         <name>RamfuncsLoadEnd</name>
         <value>0x861e7</value>
      </symbol>
      <symbol id="sm-4">
         <name>RamfuncsRunStart</name>
         <value>0x8000</value>
      </symbol>
      <symbol id="sm-5">
         <name>RamfuncsRunSize</name>
         <value>0x8c9</value>
      </symbol>
      <symbol id="sm-6">
         <name>RamfuncsRunEnd</name>
         <value>0x81e7</value>
      </symbol>
      <symbol id="sm-7">
         <name>__TI_CINIT_Base</name>
         <value>0x88030</value>
      </symbol>
      <symbol id="sm-8">
         <name>__TI_CINIT_Limit</name>
         <value>0x8803c</value>
      </symbol>
      <symbol id="sm-9">
         <name>__TI_CINIT_Warm</name>
         <value>0x8803c</value>
      </symbol>
      <symbol id="sm-a">
         <name>__TI_Handler_Table_Base</name>
         <value>0x88024</value>
      </symbol>
      <symbol id="sm-b">
         <name>__TI_Handler_Table_Limit</name>
         <value>0x8802a</value>
      </symbol>
      <symbol id="sm-c">
         <name>_table_name</name>
         <value>0x0</value>
      </symbol>
      <symbol id="sm-d">
         <name>__TI_MEMRANGE_CRC__table_name</name>
         <value>0x0</value>
      </symbol>
      <symbol id="sm-e">
         <name>__TI_STACK_SIZE</name>
         <value>0x3f8</value>
      </symbol>
      <symbol id="sm-f">
         <name>__TI_STACK_END</name>
         <value>0x7f8</value>
      </symbol>
      <symbol id="sm-10">
         <name>__TI_pprof_out_hndl</name>
         <value>0xffffffff</value>
      </symbol>
      <symbol id="sm-11">
         <name>__TI_prof_data_start</name>
         <value>0xffffffff</value>
      </symbol>
      <symbol id="sm-12">
         <name>__TI_prof_data_size</name>
         <value>0xffffffff</value>
      </symbol>
      <symbol id="sm-f4">
         <name>entry_point</name>
         <value>0xa82a</value>
         <object_component_ref idref="oc-3fa"/>
      </symbol>
      <symbol id="sm-f5">
         <name>copy_data</name>
         <value>0x82000</value>
         <object_component_ref idref="oc-2d2"/>
      </symbol>
      <symbol id="sm-f6">
         <name>DataRxHandler</name>
         <value>0x82843</value>
         <object_component_ref idref="oc-1e8"/>
      </symbol>
      <symbol id="sm-f7">
         <name>flash_address</name>
         <value>0xa800</value>
         <object_component_ref idref="oc-2c9"/>
      </symbol>
      <symbol id="sm-f8">
         <name>grlFlashBOOTPGMSectorWrite</name>
         <value>0x808e</value>
         <object_component_ref idref="oc-2d8"/>
      </symbol>
      <symbol id="sm-f9">
         <name>main</name>
         <value>0x82d24</value>
         <object_component_ref idref="oc-55"/>
      </symbol>
      <symbol id="sm-fa">
         <name>Example_EraseSector</name>
         <value>0x80c5</value>
         <object_component_ref idref="oc-2cc"/>
      </symbol>
      <symbol id="sm-fb">
         <name>is_TiFWUpdate</name>
         <value>0x833fe</value>
         <object_component_ref idref="oc-ee"/>
      </symbol>
      <symbol id="sm-fc">
         <name>CM_EthernetIOMuxHandler</name>
         <value>0x828e5</value>
         <object_component_ref idref="oc-a7"/>
      </symbol>
      <symbol id="sm-fd">
         <name>isAPI_FWUpdate</name>
         <value>0x833f8</value>
         <object_component_ref idref="oc-8c"/>
      </symbol>
      <symbol id="sm-fe">
         <name>Flash_data_program_8</name>
         <value>0x8000</value>
         <object_component_ref idref="oc-3fd"/>
      </symbol>
      <symbol id="sm-ff">
         <name>gVar</name>
         <value>0x1b0</value>
         <object_component_ref idref="oc-80"/>
      </symbol>
      <symbol id="sm-100">
         <name>CM_CPU1_IPC_ISR1</name>
         <value>0x8269b</value>
         <object_component_ref idref="oc-51"/>
      </symbol>
      <symbol id="sm-101">
         <name>grlRxbuf</name>
         <value>0x39000</value>
         <object_component_ref idref="oc-89"/>
      </symbol>
      <symbol id="sm-102">
         <name>BlockHeader</name>
         <value>0xa82c</value>
         <object_component_ref idref="oc-3fa"/>
      </symbol>
      <symbol id="sm-111">
         <name>code_start</name>
         <value>0x80000</value>
         <object_component_ref idref="oc-46"/>
      </symbol>
      <symbol id="sm-15c">
         <name>Device_enableAllPeripherals</name>
         <value>0x821d5</value>
         <object_component_ref idref="oc-127"/>
      </symbol>
      <symbol id="sm-15d">
         <name>Device_verifyXTAL</name>
         <value>0x8312d</value>
         <object_component_ref idref="oc-103"/>
      </symbol>
      <symbol id="sm-15e">
         <name>Device_initGPIO</name>
         <value>0x82e5e</value>
         <object_component_ref idref="oc-a1"/>
      </symbol>
      <symbol id="sm-15f">
         <name>Device_init</name>
         <value>0x82afb</value>
         <object_component_ref idref="oc-95"/>
      </symbol>
      <symbol id="sm-160">
         <name>Device_bootCM</name>
         <value>0x8303a</value>
         <object_component_ref idref="oc-9b"/>
      </symbol>
      <symbol id="sm-161">
         <name>Device_enableUnbondedGPIOPullups</name>
         <value>0x833b0</value>
         <object_component_ref idref="oc-136"/>
      </symbol>
      <symbol id="sm-162">
         <name>__error__</name>
         <value>0x83404</value>
         <object_component_ref idref="oc-c0"/>
      </symbol>
      <symbol id="sm-163">
         <name>Device_enableUnbondedGPIOPullupsFor176Pin</name>
         <value>0x83321</value>
         <object_component_ref idref="oc-235"/>
      </symbol>
      <symbol id="sm-20d">
         <name>DCC_verifyClockFrequency</name>
         <value>0x8277a</value>
         <object_component_ref idref="oc-1fd"/>
      </symbol>
      <symbol id="sm-27d">
         <name>Flash_initModule</name>
         <value>0x804f</value>
         <object_component_ref idref="oc-b9"/>
      </symbol>
      <symbol id="sm-2af">
         <name>GPIO_setPadConfig</name>
         <value>0x82c88</value>
         <object_component_ref idref="oc-149"/>
      </symbol>
      <symbol id="sm-2b0">
         <name>GPIO_setDirectionMode</name>
         <value>0x82ec7</value>
         <object_component_ref idref="oc-143"/>
      </symbol>
      <symbol id="sm-2b1">
         <name>GPIO_setPinConfig</name>
         <value>0x82df0</value>
         <object_component_ref idref="oc-13d"/>
      </symbol>
      <symbol id="sm-2de">
         <name>Interrupt_initModule</name>
         <value>0x82db3</value>
         <object_component_ref idref="oc-ad"/>
      </symbol>
      <symbol id="sm-2df">
         <name>Interrupt_enable</name>
         <value>0x82e93</value>
         <object_component_ref idref="oc-15f"/>
      </symbol>
      <symbol id="sm-31e">
         <name>IPC_registerInterrupt</name>
         <value>0x82e27</value>
         <object_component_ref idref="oc-b3"/>
      </symbol>
      <symbol id="sm-31f">
         <name>IPC_CPU_To_CM_GetBuffer</name>
         <value>0x38000</value>
         <object_component_ref idref="oc-fe"/>
      </symbol>
      <symbol id="sm-320">
         <name>IPC_CPU1_To_CPU2_GetBuffer</name>
         <value>0x3b000</value>
         <object_component_ref idref="oc-f8"/>
      </symbol>
      <symbol id="sm-321">
         <name>IPC_CPU1_To_CPU2_PutBuffer</name>
         <value>0x3a000</value>
         <object_component_ref idref="oc-f5"/>
      </symbol>
      <symbol id="sm-322">
         <name>IPC_CPU_To_CM_PutBuffer</name>
         <value>0x39140</value>
         <object_component_ref idref="oc-fb"/>
      </symbol>
      <symbol id="sm-323">
         <name>IPC_Instance</name>
         <value>0x9025c</value>
         <object_component_ref idref="oc-92"/>
      </symbol>
      <symbol id="sm-324">
         <name>IPC_readCommand</name>
         <value>0x82cda</value>
         <object_component_ref idref="oc-7a"/>
      </symbol>
      <symbol id="sm-479">
         <name>SysCtl_isPLLValid</name>
         <value>0x8258b</value>
         <object_component_ref idref="oc-218"/>
      </symbol>
      <symbol id="sm-47a">
         <name>SysCtl_delay</name>
         <value>0x81e3</value>
         <object_component_ref idref="oc-20b"/>
      </symbol>
      <symbol id="sm-47b">
         <name>SysCtl_getAuxClock</name>
         <value>0x82b6d</value>
         <object_component_ref idref="oc-121"/>
      </symbol>
      <symbol id="sm-47c">
         <name>SysCtl_selectXTALSingleEnded</name>
         <value>0x83197</value>
         <object_component_ref idref="oc-349"/>
      </symbol>
      <symbol id="sm-47d">
         <name>SysCtl_selectXTAL</name>
         <value>0x83016</value>
         <object_component_ref idref="oc-343"/>
      </symbol>
      <symbol id="sm-47e">
         <name>SysCtl_selectOscSource</name>
         <value>0x82c34</value>
         <object_component_ref idref="oc-20c"/>
      </symbol>
      <symbol id="sm-47f">
         <name>SysCtl_getLowSpeedClock</name>
         <value>0x8317d</value>
         <object_component_ref idref="oc-11b"/>
      </symbol>
      <symbol id="sm-480">
         <name>SysCtl_controlCMReset</name>
         <value>0x82ff1</value>
         <object_component_ref idref="oc-12f"/>
      </symbol>
      <symbol id="sm-481">
         <name>SysCtl_setClock</name>
         <value>0x8233c</value>
         <object_component_ref idref="oc-109"/>
      </symbol>
      <symbol id="sm-482">
         <name>SysCtl_getClock</name>
         <value>0x82bd4</value>
         <object_component_ref idref="oc-115"/>
      </symbol>
      <symbol id="sm-483">
         <name>SysCtl_selectOscSourceAuxPLL</name>
         <value>0x82d6c</value>
         <object_component_ref idref="oc-220"/>
      </symbol>
      <symbol id="sm-484">
         <name>SysCtl_setAuxClock</name>
         <value>0x82474</value>
         <object_component_ref idref="oc-10f"/>
      </symbol>
      <symbol id="sm-496">
         <name>Fapi_issueAsyncCommandWithAddress</name>
         <value>0x8735</value>
         <object_component_ref idref="oc-3ea"/>
      </symbol>
      <symbol id="sm-4c3">
         <name>Fapi_issueProgrammingCommand</name>
         <value>0x82e1</value>
         <object_component_ref idref="oc-404"/>
      </symbol>
      <symbol id="sm-4d3">
         <name>Fapi_doBlankCheck</name>
         <value>0x85e3</value>
         <object_component_ref idref="oc-cc"/>
      </symbol>
      <symbol id="sm-4ff">
         <name>Fapi_flushPipeline</name>
         <value>0x886b</value>
         <object_component_ref idref="oc-1b7"/>
      </symbol>
      <symbol id="sm-500">
         <name>_Fapi_loopRegionForValue</name>
         <value>0x8486</value>
         <object_component_ref idref="oc-1bd"/>
      </symbol>
      <symbol id="sm-501">
         <name>_Fapi_checkRegionForValue</name>
         <value>0x8646</value>
         <object_component_ref idref="oc-486"/>
      </symbol>
      <symbol id="sm-50e">
         <name>Fapi_doVerify</name>
         <value>0x8880</value>
         <object_component_ref idref="oc-461"/>
      </symbol>
      <symbol id="sm-575">
         <name>_Fapi_issueFsmCommand</name>
         <value>0x86a7</value>
         <object_component_ref idref="oc-44e"/>
      </symbol>
      <symbol id="sm-576">
         <name>Fapi_setActiveFlashBank</name>
         <value>0x879e</value>
         <object_component_ref idref="oc-c6"/>
      </symbol>
      <symbol id="sm-577">
         <name>Fapi_setupEepromSectorEnable</name>
         <value>0x8504</value>
         <object_component_ref idref="oc-476"/>
      </symbol>
      <symbol id="sm-578">
         <name>Fapi_isAddressEcc</name>
         <value>0x8849</value>
         <object_component_ref idref="oc-27d"/>
      </symbol>
      <symbol id="sm-579">
         <name>Fapi_setupBankSectorEnable</name>
         <value>0x876d</value>
         <object_component_ref idref="oc-47c"/>
      </symbol>
      <symbol id="sm-57a">
         <name>Fapi_checkFsmForReady</name>
         <value>0x888f</value>
         <object_component_ref idref="oc-3f0"/>
      </symbol>
      <symbol id="sm-57b">
         <name>_Fapi_setupSectorsForWrite</name>
         <value>0x8823</value>
         <object_component_ref idref="oc-454"/>
      </symbol>
      <symbol id="sm-57c">
         <name>Fapi_serviceWatchdogTimer</name>
         <value>0x88c7</value>
         <object_component_ref idref="oc-283"/>
      </symbol>
      <symbol id="sm-57d">
         <name>Fapi_getFsmStatus</name>
         <value>0x88c0</value>
         <object_component_ref idref="oc-40a"/>
      </symbol>
      <symbol id="sm-592">
         <name>Fapi_initializeAPI</name>
         <value>0x857d</value>
         <object_component_ref idref="oc-3e4"/>
      </symbol>
      <symbol id="sm-593">
         <name>Fapi_GlobalInit</name>
         <value>0x88b6</value>
         <object_component_ref idref="oc-1a6"/>
      </symbol>
      <symbol id="sm-5c8">
         <name>Fapi_calculateFletcherChecksum</name>
         <value>0x87cd</value>
         <object_component_ref idref="oc-3a9"/>
      </symbol>
      <symbol id="sm-5c9">
         <name>_Fapi_scaleCycleValues</name>
         <value>0x889d</value>
         <object_component_ref idref="oc-26f"/>
      </symbol>
      <symbol id="sm-5ca">
         <name>_Fapi_calculateOtpChecksum</name>
         <value>0x88ab</value>
         <object_component_ref idref="oc-269"/>
      </symbol>
      <symbol id="sm-5cb">
         <name>Fapi_isAddressValid</name>
         <value>0x86fa</value>
         <object_component_ref idref="oc-1b1"/>
      </symbol>
      <symbol id="sm-5cc">
         <name>_Fapi_divideUnsignedLong</name>
         <value>0x87f9</value>
         <object_component_ref idref="oc-263"/>
      </symbol>
      <symbol id="sm-5d6">
         <name>_c_int00</name>
         <value>0x8320d</value>
         <object_component_ref idref="oc-e0"/>
      </symbol>
      <symbol id="sm-5d7">
         <name>__stack</name>
         <value>0x400</value>
         <object_component_ref idref="oc-5d"/>
      </symbol>
      <symbol id="sm-5e4">
         <name>__c28xabi_divf</name>
         <value>0x8297f</value>
         <object_component_ref idref="oc-2e7"/>
      </symbol>
      <symbol id="sm-5f6">
         <name>memcpy</name>
         <value>0x83110</value>
         <object_component_ref idref="oc-60"/>
      </symbol>
      <symbol id="sm-603">
         <name>_system_pre_init</name>
         <value>0x83407</value>
         <object_component_ref idref="oc-1ce"/>
      </symbol>
      <symbol id="sm-612">
         <name>__TI_auto_init_nobinit_nopinit</name>
         <value>0x82f29</value>
         <object_component_ref idref="oc-28f"/>
      </symbol>
      <symbol id="sm-621">
         <name>__TI_zero_init_nomemset</name>
         <value>0x8338b</value>
         <object_component_ref idref="oc-68"/>
      </symbol>
      <symbol id="sm-62e">
         <name>__TI_decompress_none</name>
         <value>0x833da</value>
         <object_component_ref idref="oc-3f"/>
      </symbol>
      <symbol id="sm-642">
         <name>__TI_decompress_lzss</name>
         <value>0x82ef8</value>
         <object_component_ref idref="oc-39"/>
      </symbol>
      <symbol id="sm-658">
         <name>C$$EXIT</name>
         <value>0x82f7e</value>
         <object_component_ref idref="oc-1db"/>
      </symbol>
      <symbol id="sm-659">
         <name>abort</name>
         <value>0x82f7e</value>
         <object_component_ref idref="oc-1db"/>
      </symbol>
      <symbol id="sm-65a">
         <name>exit</name>
         <value>0x82f80</value>
         <object_component_ref idref="oc-1db"/>
      </symbol>
      <symbol id="sm-65b">
         <name>__TI_dtors_ptr</name>
         <value>0xa81c</value>
         <object_component_ref idref="oc-2c1"/>
      </symbol>
      <symbol id="sm-65c">
         <name>__TI_cleanup_ptr</name>
         <value>0xa81a</value>
         <object_component_ref idref="oc-2c1"/>
      </symbol>
      <symbol id="sm-65d">
         <name>__TI_enable_exit_profile_output</name>
         <value>0xa818</value>
         <object_component_ref idref="oc-2c1"/>
      </symbol>
      <symbol id="sm-674">
         <name>_nop</name>
         <value>0x833d9</value>
         <object_component_ref idref="oc-3d6"/>
      </symbol>
      <symbol id="sm-675">
         <name>_lock</name>
         <value>0xa81e</value>
         <object_component_ref idref="oc-2c4"/>
      </symbol>
      <symbol id="sm-676">
         <name>_unlock</name>
         <value>0xa820</value>
         <object_component_ref idref="oc-446"/>
      </symbol>
      <symbol id="sm-677">
         <name>_register_lock</name>
         <value>0x833d5</value>
         <object_component_ref idref="oc-3d6"/>
      </symbol>
      <symbol id="sm-678">
         <name>_register_unlock</name>
         <value>0x833d1</value>
         <object_component_ref idref="oc-3d6"/>
      </symbol>
      <symbol id="sm-687">
         <name>_args_main</name>
         <value>0x833a4</value>
         <object_component_ref idref="oc-1d5"/>
      </symbol>
      <symbol id="sm-696">
         <name>memset</name>
         <value>0x833f1</value>
         <object_component_ref idref="oc-83"/>
      </symbol>
      <symbol id="sm-6a4">
         <name>_system_post_cinit</name>
         <value>0x83409</value>
         <object_component_ref idref="oc-3bc"/>
      </symbol>
      <symbol id="sm-6a6">
         <name>__c_args__</name>
         <value>0x0</value>
      </symbol>
   </symbol_table>
   <title>Link errors: red sections failed placement</title>
</link_info>
