******************************************************************************
                  TI ARM Linker PC v20.2.5                     
******************************************************************************
>> Linked Mon Mar 14 15:31:55 2022

OUTPUT FILE NAME:   <GRL_PD_Comm_App_CM.out>
ENTRY POINT SYMBOL: "_c_int00_noargs"  address: 0021c615


MEMORY CONFIGURATION

         name            origin    length      used     unused   attr    fill
----------------------  --------  ---------  --------  --------  ----  --------
  CMBANK0_RESETISR      00200000   00000008  00000006  00000002  RWIX
  CMBANK0_SECTOR0       00200008   00003ff7  00000674  00003983  RWIX
  CMBANK0_SECTOR1       00204000   00004000  00000000  00004000  RWIX
  CMBANK0_SECTOR2       00208000   00004000  00000000  00004000  RWIX
  CMBANK0_SECTOR3       0020c000   00004000  00000000  00004000  RWIX
  CMBANK0_SECTOR4       00210000   00010000  0000ceb0  00003150  RWIX
  CMBANK0_SECTOR5       00220000   00010000  00000000  00010000  RWIX
  CMBANK0_SECTOR6       00230000   00010000  00000000  00010000  RWIX
  CMBANK0_SECTOR7       00240000   00010000  00000000  00010000  RWIX
  CMBANK0_SECTOR8       00250000   00010000  00000000  00010000  RWIX
  CMBANK0_SECTOR9       00260000   00010000  00000000  00010000  RWIX
  CMBANK0_SECTOR10      00270000   00004000  00000000  00004000  RWIX
  CMBANK0_SECTOR11      00274000   00004000  00000000  00004000  RWIX
  CMBANK0_SECTOR12      00278000   00004000  00000000  00004000  RWIX
  CMBANK0_SECTOR13      0027c000   00004000  00000000  00004000  RWIX
  C1RAM                 1fffc000   00001fff  00000000  00001fff  RWIX
  C0RAM                 1fffe000   00001fff  00001000  00000fff  RWIX
  BOOT_RSVD             20000000   00000800  00000000  00000800  RWIX
  SRAM                  20000800   0000f7ff  00009bbd  00005c42  RWIX
  E0RAM                 20010000   00003fff  00000000  00003fff  RWIX
  CPU1TOCMMSGRAM0       20080000   00000800  00000110  000006f0  RWIX
  CPU1TOCMMSGRAM1       20080800   00000800  00000000  00000800  RWIX
  CMTOCPU1MSGRAM0       20082000   00000800  00000550  000002b0  RWIX
  CMTOCPU1MSGRAM1       20082800   00000800  00000000  00000800  RWIX
  CPU2TOCMMSGRAM0       20084000   00000800  00000110  000006f0  RWIX
  CPU2TOCMMSGRAM1       20084800   00000800  00000000  00000800  RWIX
  CMTOCPU2MSGRAM0       20086000   00000800  00000110  000006f0  RWIX
  CMTOCPU2MSGRAM1       20086800   00000800  00000000  00000800  RWIX


SEGMENT ALLOCATION MAP

run origin  load origin   length   init length attrs members
----------  ----------- ---------- ----------- ----- -------
00200000    00200000    00000006   00000006    r-x
  00200000    00200000    00000006   00000006    r-x .resetisr
00200360    00200360    00000088   00000088    r--
  00200360    00200360    00000088   00000088    r-- .cinit
00200400    00200400    00000140   00000140    r--
  00200400    00200400    00000140   00000140    r-- .vftable
00210000    00210000    0000ceb0   0000ceb0    r-x
  00210000    00210000    0000ceb0   0000ceb0    r-x .text
1fffe000    1fffe000    00001000   00000000    rw-
  1fffe000    1fffe000    00001000   00000000    rw- .stack
20000800    20000800    000094cf   00000000    rw-
  20000800    20000800    000094cf   00000000    rw- .bss
20009cd0    00200008    00000354   00000354    r-x
  20009cd0    00200008    00000354   00000354    r-x .TI.ramfunc
2000a024    00200540    00000158   00000158    r--
  2000a024    00200540    00000158   00000158    r-- .const
2000a17c    2000a17c    00000102   00000000    rw-
  2000a17c    2000a17c    00000102   00000000    rw- .data
2000a400    2000a400    00000140   00000000    rw-
  2000a400    2000a400    00000140   00000000    rw- .vtable
20080000    20080000    00000110   00000000    rw-
  20080000    20080000    00000110   00000000    rw- MSGRAM_CPU1_TO_CM
20082000    20082000    00000550   00000000    rw-
  20082000    20082000    00000550   00000000    rw- MSGRAM_CM_TO_CPU1
20084000    20084000    00000110   00000000    rw-
  20084000    20084000    00000110   00000000    rw- MSGRAM_CPU2_TO_CM
20086000    20086000    00000110   00000000    rw-
  20086000    20086000    00000110   00000000    rw- MSGRAM_CM_TO_CPU2


SECTION ALLOCATION MAP

 output                                  attributes/
section   page    origin      length       input sections
--------  ----  ----------  ----------   ----------------
.resetisr 
*          0    00200000    00000006     
                  00200000    00000006     startup_ccs.obj (.resetisr:ResetISR)

.cinit     0    00200360    00000088     
                  00200360    00000053     (.cinit..data.load) [load image, compression = lzss]
                  002003b3    00000001     --HOLE-- [fill = 0]
                  002003b4    0000000c     (__TI_handler_table)
                  002003c0    00000008     (.cinit..bss.load) [load image, compression = zero_init]
                  002003c8    00000008     (.cinit..vtable.load) [load image, compression = zero_init]
                  002003d0    00000018     (__TI_cinit_table)

.vftable   0    00200400    00000140     
                  00200400    00000140     startup_ccs.obj (.vftable)

.vtable    0    2000a400    00000140     UNINITIALIZED
                  2000a400    00000140     driverlib_cm.lib : interrupt.obj (.vtable)

.stack     0    1fffe000    00001000     UNINITIALIZED
                  1fffe000    00000004     rtsv7M4_T_le_eabi.lib : boot_cortex_m.c.obj (.stack)
                  1fffe004    00000ffc     --HOLE--

.TI.ramfunc 
*          0    00200008    00000354     RUN ADDR = 20009cd0
                  00200008    000000b4     GrlPDComm.obj (.TI.ramfunc:Flash_data_program_8)
                  002000bc    0000007c     GrlPDComm.obj (.TI.ramfunc:grlFlashBOOTPGMSectorWrite)
                  00200138    00000078     GrlPDComm.obj (.TI.ramfunc:Example_EraseSector)
                  002001b0    00000070     driverlib_cm.lib : flash.obj (.TI.ramfunc:Flash_initModule)
                  00200220    00000030                      : flash.obj (.TI.ramfunc:Flash_setBankPowerMode)
                  00200250    00000022                      : flash.obj (.TI.ramfunc:Flash_setWaitstates)
                  00200272    00000020                      : flash.obj (.TI.ramfunc:Flash_setPumpPowerMode)
                  00200292    0000001a                      : flash.obj (.TI.ramfunc:Flash_enableECC)
                  002002ac    00000018                      : flash.obj (.TI.ramfunc:Flash_disableDataCache)
                  002002c4    00000018                      : flash.obj (.TI.ramfunc:Flash_disableProgramCache)
                  002002dc    00000018                      : flash.obj (.TI.ramfunc:Flash_enableDataCache)
                  002002f4    00000018                      : flash.obj (.TI.ramfunc:Flash_enableProgramCache)
                  0020030c    00000008                      : flash.obj (.tramp.Flash_unlockECCRegisters.1)
                  00200314    00000008                      : flash.obj (.tramp.Flash_unlockCtrlRegisters.1)
                  0020031c    00000008     F2838x_CM_FlashAPI.lib : BlankCheck.obj (.tramp.Fapi_doBlankCheck.1)
                  00200324    00000008                            : Async.obj (.tramp.Fapi_issueAsyncCommandWithAddress.1)
                  0020032c    00000008                            : Verify.obj (.tramp.Fapi_doVerify.1)
                  00200334    00000008                            : FlashStateMachine.obj (.tramp.Fapi_getFsmStatus.1)
                  0020033c    00000008                            : FlashStateMachine.obj (.tramp.Fapi_checkFsmForReady.1)
                  00200344    00000008                            : Program.obj (.tramp.Fapi_issueProgrammingCommand.1)
                  0020034c    00000008                            : FlashStateMachine.obj (.tramp.Fapi_setActiveFlashBank.1)
                  00200354    00000008                            : Init.obj (.tramp.Fapi_initializeAPI.1)

.const     0    00200540    00000158     RUN ADDR = 2000a024
                  00200540    00000088     driverlib_cm.lib : ipc.obj (.const:IPC_Instance)
                  002005c8    0000001c     lwiplib.obj (.const:memp_pools)
                  002005e4    00000010     lwiplib.obj (.const:lwip_cyclic_timers)
                  002005f4    00000010     lwiplib.obj (.const:memp_ARP_QUEUE)
                  00200604    00000010     lwiplib.obj (.const:memp_PBUF)
                  00200614    00000010     lwiplib.obj (.const:memp_PBUF_POOL)
                  00200624    00000010     lwiplib.obj (.const:memp_SYS_TIMEOUT)
                  00200634    00000010     lwiplib.obj (.const:memp_TCP_PCB)
                  00200644    00000010     lwiplib.obj (.const:memp_TCP_PCB_LISTEN)
                  00200654    00000010     lwiplib.obj (.const:memp_TCP_SEG)
                  00200664    00000010     lwiplib.obj (.const:tcp_pcb_lists)
                  00200674    0000000d     lwiplib.obj (.const:.string:tcp_backoff)
                  00200681    00000007     lwiplib.obj (.const:.string:tcp_persist_backoff)
                  00200688    00000006     lwiplib.obj (.const:ethbroadcast)
                  0020068e    00000006     lwiplib.obj (.const:ethzero)
                  00200694    00000004     lwiplib.obj (.const:ip_addr_any)

.bss       0    20000800    000094cf     UNINITIALIZED
                  20000800    00006504     (.common:memp_memory_PBUF_POOL_base)
                  20006d04    00001014     (.common:ram_heap)
                  20007d18    00000c04     (.common:Ethernet_rxBuffer)
                  2000891c    00000754     (.common:memp_memory_TCP_PCB_base)
                  20009070    0000025c     (.common:Ethernet_device_struct)
                  200092cc    00000200     (.common:Ethernet_descArray)
                  200094cc    00000104     (.common:memp_memory_PBUF_base)
                  200095d0    00000104     (.common:memp_memory_TCP_PCB_LISTEN_base)
                  200096d4    00000104     (.common:memp_memory_TCP_SEG_base)
                  200097d8    000000f4     (.common:memp_memory_ARP_QUEUE_base)
                  200098cc    000000f0     lwiplib.obj (.bss:arp_table)
                  200099bc    000000a0     (.common:lwip_stats)
                  20009a5c    0000006c     lwiplib.obj (.bss)
                  20009ac8    00000064     f2838xif.obj (.bss:f2838xif_data)
                  20009b2c    00000048     (.common:Ethernet_pktDescriptorRX)
                  20009b74    0000003c     lwiplib.obj (.bss:g_sNetIF)
                  20009bb0    0000003c     lwiplib.obj (.bss:loop_netif)
                  20009bec    00000024     (.common:memp_memory_SYS_TIMEOUT_base)
                  20009c10    00000018     (.common:ip_data)
                  20009c28    00000010     lwiplib.obj (.bss:inseg)
                  20009c38    0000000c     (.common:Fapi_GlobalInit)
                  20009c44    0000000a     lwiplib.obj (.bss:memp_stats_ARP_QUEUE)
                  20009c4e    0000000a     lwiplib.obj (.bss:memp_stats_PBUF)
                  20009c58    0000000a     lwiplib.obj (.bss:memp_stats_PBUF_POOL)
                  20009c62    0000000a     lwiplib.obj (.bss:memp_stats_SYS_TIMEOUT)
                  20009c6c    0000000a     lwiplib.obj (.bss:memp_stats_TCP_PCB)
                  20009c76    0000000a     lwiplib.obj (.bss:memp_stats_TCP_PCB_LISTEN)
                  20009c80    0000000a     lwiplib.obj (.bss:memp_stats_TCP_SEG)
                  20009c8a    00000002     (.common:cont_rx_udp)
                  20009c8c    00000008     (.common:BlockHeader)
                  20009c94    00000004     (.common:Rxtcb)
                  20009c98    00000004     (.common:emac_handle)
                  20009c9c    00000004     (.common:entry_point)
                  20009ca0    00000004     (.common:netif_default)
                  20009ca4    00000004     (.common:netif_list)
                  20009ca8    00000004     (.common:pInitCfg)
                  20009cac    00000004     (.common:pktCounter)
                  20009cb0    00000004     (.common:tcp_active_pcbs)
                  20009cb4    00000004     (.common:tcp_bound_pcbs)
                  20009cb8    00000004     (.common:tcp_echoserver_pcb)
                  20009cbc    00000004     (.common:tcp_input_pcb)
                  20009cc0    00000004     (.common:tcp_listen_pcbs)
                  20009cc4    00000004     (.common:tcp_ticks)
                  20009cc8    00000004     (.common:tcp_tw_pcbs)
                  20009ccc    00000001     (.common:gReadAPI)
                  20009ccd    00000001     (.common:pbuf_free_ooseq_pending)
                  20009cce    00000001     (.common:tcp_active_pcbs_changed)

.data      0    2000a17c    00000102     UNINITIALIZED
                  2000a17c    0000005c     driverlib_cm.lib : ethernet.obj (.data)
                  2000a1d8    00000040     enet_lwip_udp.obj (.data)
                  2000a218    00000028     GrlPDComm.obj (.data:flash_address)
                  2000a240    00000020     lwiplib.obj (.data)
                  2000a260    00000010     f2838xif.obj (.data)
                  2000a270    00000008     rtsv7M4_T_le_eabi.lib : _lock.c.obj (.data:$O1$$)
                  2000a278    00000004                           : rand.c.obj (.data)
                  2000a27c    00000002     GrlPDComm.obj (.data)

MSGRAM_CPU1_TO_CM 
*          0    20080000    00000110     UNINITIALIZED
                  20080000    00000110     driverlib_cm.lib : ipc.obj (MSGRAM_CPU1_TO_CM)

MSGRAM_CM_TO_CPU1 
*          0    20082000    00000550     UNINITIALIZED
                  20082000    00000440     enet_lwip_udp.obj (MSGRAM_CM_TO_CPU1)
                  20082440    00000110     driverlib_cm.lib : ipc.obj (MSGRAM_CM_TO_CPU1)

MSGRAM_CPU2_TO_CM 
*          0    20084000    00000110     UNINITIALIZED
                  20084000    00000110     driverlib_cm.lib : ipc.obj (MSGRAM_CPU2_TO_CM)

MSGRAM_CM_TO_CPU2 
*          0    20086000    00000110     UNINITIALIZED
                  20086000    00000110     driverlib_cm.lib : ipc.obj (MSGRAM_CM_TO_CPU2)

__llvm_prf_cnts 
*          0    20000800    00000000     UNINITIALIZED

.text      0    00210000    0000ceb0     
                  00210000    00000b9c     lwiplib.obj (.text:tcp_receive)
                  00210b9c    000006cc     lwiplib.obj (.text:tcp_input)
                  00211268    000006c4     lwiplib.obj (.text:tcp_process)
                  0021192c    000006be     F2838x_CM_FlashAPI.lib : FlashStateMachine.obj (.text:_Fapi_setupFlashStateMachine)
                  00211fea    00000002     startup_ccs.obj (.text:FaultISR)
                  00211fec    00000590     lwiplib.obj (.text:tcp_write)
                  0021257c    0000050c     lwiplib.obj (.text:tcp_slowtmr)
                  00212a88    00000500     GrlPDComm.obj (.text:copy_data)
                  00212f88    000004f4     driverlib_cm.lib : ethernet.obj (.text:Ethernet_genericISR)
                  0021347c    0000033c                      : ethernet.obj (.text:Ethernet_addPacketsIntoTxQueue)
                  002137b8    0000032c     F2838x_CM_FlashAPI.lib : Program.obj (.text:Fapi_issueProgrammingCommand)
                  00213ae4    00000306     lwiplib.obj (.text:tcp_output)
                  00213dea    00000002     startup_ccs.obj (.text:IntDefaultHandler)
                  00213dec    000002cc     driverlib_cm.lib : ethernet.obj (.text:Ethernet_removePacketsFromRxQueue)
                  002140b8    000002ac     lwiplib.obj (.text:ip4_input)
                  00214364    00000280     lwiplib.obj (.text:icmp_input)
                  002145e4    00000264     lwiplib.obj (.text:etharp_query)
                  00214848    00000258     lwiplib.obj (.text:etharp_find_entry)
                  00214aa0    00000248     driverlib_cm.lib : ethernet.obj (.text:Ethernet_getInitConfig)
                  00214ce8    0000022c     lwiplib.obj (.text:tcp_split_unsent_seg)
                  00214f14    000001e8     enet_lwip_udp.obj (.text:Ethernet_genericISRCustom)
                  002150fc    000001e8     lwiplib.obj (.text:mem_trim)
                  002152e4    000001d8     lwiplib.obj (.text:ip4_output_if_src)
                  002154bc    000001d4     lwiplib.obj (.text:tcp_listen_input)
                  00215690    000001c8     f2838xif.obj (.text:f2838xif_transmit)
                  00215858    000001c0     lwiplib.obj (.text:mem_malloc)
                  00215a18    000001bc     driverlib_cm.lib : ethernet.obj (.text:Ethernet_getHandle)
                  00215bd4    000001b0     lwiplib.obj (.text:pbuf_alloc)
                  00215d84    000001a4     enet_lwip_udp.obj (.text:Ethernet_init)
                  00215f28    000001a0     lwiplib.obj (.text:etharp_output)
                  002160c8    0000017c     lwiplib.obj (.text:tcp_close_shutdown)
                  00216244    00000150     lwiplib.obj (.text:tcp_enqueue_flags)
                  00216394    00000148     lwiplib.obj (.text:tcp_listen_with_backlog_and_err)
                  002164dc    00000144     lwiplib.obj (.text:tcp_abandon)
                  00216620    00000144     lwiplib.obj (.text:tcp_output_segment)
                  00216764    0000013e     F2838x_CM_FlashAPI.lib : FlashStateMachine.obj (.text:Fapi_setupEepromSectorEnable)
                  002168a2    00000002     startup_ccs.obj (.text:NmiSR)
                  002168a4    0000013c     driverlib_cm.lib : ethernet.obj (.text:Ethernet_initRxChannel)
                  002169e0    00000134                      : ethernet.obj (.text:Ethernet_removePacketsFromTxQueue)
                  00216b14    00000134     lwiplib.obj (.text:netif_add)
                  00216c48    00000134     lwiplib.obj (.text:tcp_alloc)
                  00216d7c    00000128     lwiplib.obj (.text:ethernet_input)
                  00216ea4    00000124     driverlib_cm.lib : ethernet.obj (.text:Ethernet_initTxChannel)
                  00216fc8    00000118     lwiplib.obj (.text:etharp_update_arp_entry)
                  002170e0    00000118     lwiplib.obj (.text:netif_loop_output)
                  002171f8    00000110     lwiplib.obj (.text:etharp_input)
                  00217308    00000110     GrlPDComm.obj (.text:tcpRxdataHandler)
                  00217418    0000010c     GrlPDComm.obj (.text:grl_tcp_recv_data_pop)
                  00217524    0000010a     lwiplib.obj (.text:tcp_zero_window_probe)
                  0021762e    00000002     rtsv7M4_T_le_eabi.lib : _lock.c.obj (.text:_nop)
                  00217630    00000108     driverlib_cm.lib : ethernet.obj (.text:Ethernet_sendPacket)
                  00217738    00000106     F2838x_CM_FlashAPI.lib : Read.obj (.text:_Fapi_loopRegionForValue)
                  0021783e    00000002     lwiplib.obj (.text:stats_init)
                  00217840    00000104     enet_lwip_udp.obj (.text:main)
                  00217944    00000104     lwiplib.obj (.text:tcp_create_segment)
                  00217a48    00000100     lwiplib.obj (.text:etharp_tmr)
                  00217b48    000000fc     driverlib_cm.lib : ethernet.obj (.text:Ethernet_initInterface)
                  00217c44    000000fc     lwiplib.obj (.text:tcp_bind)
                  00217d40    000000f8     GrlPDComm.obj (.text:cm_handler)
                  00217e38    000000f6     lwiplib.obj (.text:pbuf_copy)
                  00217f2e    00000002     --HOLE-- [fill = 0]
                  00217f30    000000f4     lwiplib.obj (.text:mem_free)
                  00218024    000000e8     driverlib_cm.lib : interrupt.obj (.text:Interrupt_setPriority)
                  0021810c    000000e6     F2838x_CM_FlashAPI.lib : BlankCheck.obj (.text:Fapi_doBlankCheck)
                  002181f2    000000e4                            : Read.obj (.text:_Fapi_checkRegionForValue)
                  002182d6    00000002     --HOLE-- [fill = 0]
                  002182d8    000000e4     lwiplib.obj (.text:ip4_route)
                  002183bc    000000de     lwiplib.obj (.text:inet_cksum_pseudo_base)
                  0021849a    00000002     --HOLE-- [fill = 0]
                  0021849c    000000dc     driverlib_cm.lib : ipc.obj (.text:IPC_sendCommand)
                  00218578    000000dc     lwiplib.obj (.text:etharp_output_to_arp_index)
                  00218654    000000dc     lwiplib.obj (.text:pbuf_copy_partial)
                  00218730    000000d6     driverlib_cm.lib : ethernet.obj (.text:Ethernet_writeTxDMAControl)
                  00218806    000000d2     F2838x_CM_FlashAPI.lib : FlashStateMachine.obj (.text:_Fapi_issueFsmCommand)
                  002188d8    000000cc     lwiplib.obj (.text:tcp_process_refused_data)
                  002189a4    000000ca     F2838x_CM_FlashAPI.lib : Init.obj (.text:Fapi_initializeAPI)
                  00218a6e    000000ca     lwiplib.obj (.text:tcp_send_empty_ack)
                  00218b38    000000c4     lwiplib.obj (.text:etharp_raw)
                  00218bfc    000000bc     lwiplib.obj (.text:sys_timeout_abs)
                  00218cb8    000000b8     lwiplib.obj (.text:pbuf_realloc)
                  00218d70    000000b8     lwiplib.obj (.text:tcp_parseopt)
                  00218e28    000000b4     lwiplib.obj (.text:tcp_oos_insert_segment)
                  00218edc    000000b4     lwiplib.obj (.text:tcp_timewait_input)
                  00218f90    000000b2     lwiplib.obj (.text:lwip_standard_chksum)
                  00219042    00000002     --HOLE-- [fill = 0]
                  00219044    000000b0     lwiplib.obj (.text:icmp_send_response)
                  002190f4    000000b0     lwiplib.obj (.text:plug_holes)
                  002191a4    000000b0     lwiplib.obj (.text:tcp_fasttmr)
                  00219254    000000ac     lwiplib.obj (.text:pbuf_add_header_impl)
                  00219300    000000ac     lwiplib.obj (.text:tcp_pbuf_prealloc)
                  002193ac    000000a6     lwiplib.obj (.text:pbuf_free)
                  00219452    00000002     --HOLE-- [fill = 0]
                  00219454    000000a4     lwiplib.obj (.text:tcp_kill_prio)
                  002194f8    000000a0     lwiplib.obj (.text:inet_chksum_pbuf)
                  00219598    000000a0     lwiplib.obj (.text:tcp_close_shutdown_fin)
                  00219638    000000a0     lwiplib.obj (.text:tcp_output_control_segment)
                  002196d8    000000a0     lwiplib.obj (.text:tcp_write_checks)
                  00219778    0000009c     driverlib_cm.lib : ethernet.obj (.text:Ethernet_writePHYRegister)
                  00219814    0000009c     lwiplib.obj (.text:lwIPServiceTimers)
                  002198b0    0000009c     rtsv7M4_T_le_eabi.lib : memcpy_t2.asm.obj (.text)
                  0021994c    0000009c     lwiplib.obj (.text:tcp_free_acked_segments)
                  002199e8    0000009c     lwiplib.obj (.text:tcp_new_port)
                  00219a84    0000009a     lwiplib.obj (.text:tcp_rexmit)
                  00219b1e    0000009a     lwiplib.obj (.text:tcp_rexmit_rto_prepare)
                  00219bb8    00000098     lwiplib.obj (.text:tcp_output_alloc_header_common)
                  00219c50    00000096     driverlib_cm.lib : ethernet.obj (.text:Ethernet_writeRxDMAControl)
                  00219ce6    00000094     lwiplib.obj (.text:tcp_pcb_remove)
                  00219d7a    00000092     enet_lwip_udp.obj (.text:tcp_echoserver_send)
                  00219e0c    0000008e     F2838x_CM_FlashAPI.lib : Async.obj (.text:Fapi_issueAsyncCommandWithAddress)
                  00219e9a    0000008e     lwiplib.obj (.text:tcp_rexmit_fast)
                  00219f28    00000088     driverlib_cm.lib : ethernet.obj (.text:Ethernet_addPacketsIntoRxQueue)
                  00219fb0    00000084     F2838x_CM_FlashAPI.lib : Utilities.obj (.text:Fapi_isAddressValid)
                  0021a034    00000084                            : FlashStateMachine.obj (.text:Fapi_setActiveFlashBank)
                  0021a0b8    00000084     lwiplib.obj (.text:lwIPPrivateInit)
                  0021a13c    00000080     driverlib_cm.lib : interrupt.obj (.text:Interrupt_disable)
                  0021a1bc    00000080                      : interrupt.obj (.text:Interrupt_enable)
                  0021a23c    0000007e     F2838x_CM_FlashAPI.lib : FlashStateMachine.obj (.text:Fapi_setupBankSectorEnable)
                  0021a2ba    00000002     --HOLE-- [fill = 0]
                  0021a2bc    0000007c     lwiplib.obj (.text:netif_set_addr)
                  0021a338    0000007c     lwiplib.obj (.text:sys_check_timeouts)
                  0021a3b4    0000007c     enet_lwip_udp.obj (.text:tcp_echoserver_accept)
                  0021a430    0000007a     lwiplib.obj (.text:inet_chksum_pseudo)
                  0021a4aa    0000007a     rtsv7M4_T_le_eabi.lib : memset_t2.asm.obj (.text)
                  0021a524    00000078     F2838x_CM_FlashAPI.lib : Utilities.obj (.text:Fapi_calculateFletcherChecksum)
                  0021a59c    00000078     f2838xif.obj (.text:f2838xif_hwinit)
                  0021a614    00000078     lwiplib.obj (.text:mem_init)
                  0021a68c    00000078     lwiplib.obj (.text:mem_link_valid)
                  0021a704    00000078     lwiplib.obj (.text:tcp_output_fill_options)
                  0021a77c    00000076     lwiplib.obj (.text:tcp_update_rcv_ann_wnd)
                  0021a7f2    00000074     lwiplib.obj (.text:tcp_pcb_purge)
                  0021a866    00000072     driverlib_cm.lib : ethernet.obj (.text:Ethernet_readPHYRegister)
                  0021a8d8    00000070                      : ethernet.obj (.text:Ethernet_receiveISR)
                  0021a948    00000070                      : ethernet.obj (.text:Ethernet_transmitISR)
                  0021a9b8    00000070                      : sysctl.obj (.text:SysCtl_resetPeripheral)
                  0021aa28    00000070     lwiplib.obj (.text:ethernet_output)
                  0021aa98    0000006e     lwiplib.obj (.text:pbuf_remove_header)
                  0021ab06    00000002     --HOLE-- [fill = 0]
                  0021ab08    0000006c     f2838xif.obj (.text:f2838xif_receive)
                  0021ab74    0000006c     lwiplib.obj (.text:ip4_addr_isbroadcast_u32)
                  0021abe0    0000006c     lwiplib.obj (.text:tcp_eff_send_mss_netif)
                  0021ac4c    0000006c     lwiplib.obj (.text:tcp_kill_state)
                  0021acb8    0000006c     lwiplib.obj (.text:tcp_netif_ip_addr_changed)
                  0021ad24    0000006a     lwiplib.obj (.text:do_memp_malloc_pool)
                  0021ad8e    00000068     F2838x_CM_FlashAPI.lib : Utilities.obj (.text:_Fapi_divideUnsignedLong)
                  0021adf6    00000068                            : FlashStateMachine.obj (.text:_Fapi_setupSectorsForWrite)
                  0021ae5e    00000068     rtsv7M4_T_le_eabi.lib : copy_decompress_lzss.c.obj (.text:decompress:lzss:__TI_decompress_lzss)
                  0021aec6    00000066     lwiplib.obj (.text:tcp_rst)
                  0021af2c    00000064     lwiplib.obj (.text:lwip_cyclic_timer)
                  0021af90    00000064     lwiplib.obj (.text:tcp_get_next_optbyte)
                  0021aff4    00000064     lwiplib.obj (.text:tcp_recved)
                  0021b058    00000060     driverlib_cm.lib : ethernet.obj (.text:Ethernet_getPacketBuffer)
                  0021b0b8    00000060     f2838xif.obj (.text:f2838xif_init)
                  0021b118    0000005e     lwiplib.obj (.text:tcp_send_fin)
                  0021b176    00000002     --HOLE-- [fill = 0]
                  0021b178    0000005c     driverlib_cm.lib : interrupt.obj (.text:Interrupt_registerHandler)
                  0021b1d4    0000005a     lwiplib.obj (.text:memp_init_pool)
                  0021b22e    00000002     --HOLE-- [fill = 0]
                  0021b230    00000058     enet_lwip_udp.obj (.text:my_tcp_init)
                  0021b288    00000056     lwiplib.obj (.text:netif_do_set_ipaddr)
                  0021b2de    00000054     lwiplib.obj (.text:tcp_keepalive)
                  0021b332    00000002     --HOLE-- [fill = 0]
                  0021b334    00000054     lwiplib.obj (.text:tcp_kill_timewait)
                  0021b388    00000054     lwiplib.obj (.text:tcp_output_alloc_header)
                  0021b3dc    00000050     enet_lwip_udp.obj (.text:CM_init)
                  0021b42c    00000050     F2838x_CM_FlashAPI.lib : FlashStateMachine.obj (.text:Fapi_isAddressEcc)
                  0021b47c    00000050     f2838xif.obj (.text:f2838xif_process_transmit)
                  0021b4cc    00000050     enet_lwip_udp.obj (.text:grltcpServerRecv)
                  0021b51c    00000050     lwiplib.obj (.text:memp_init)
                  0021b56c    00000050     enet_lwip_udp.obj (.text:tcp_echoserver_poll)
                  0021b5bc    0000004e     F2838x_CM_FlashAPI.lib : Utilities.obj (.text:Fapi_calculateEcc)
                  0021b60a    00000002     --HOLE-- [fill = 0]
                  0021b60c    0000004c     lwiplib.obj (.text:netif_init)
                  0021b658    0000004c     lwiplib.obj (.text:tcp_input_delayed_close)
                  0021b6a4    0000004a     lwiplib.obj (.text:pbuf_cat)
                  0021b6ee    00000002     --HOLE-- [fill = 0]
                  0021b6f0    00000048     driverlib_cm.lib : sysctl.obj (.text:SysCtl_enablePeripheral)
                  0021b738    00000048     lwiplib.obj (.text:etharp_free_entry)
                  0021b780    00000048     lwiplib.obj (.text:ip4_output_if)
                  0021b7c8    00000048     lwiplib.obj (.text:pbuf_free_ooseq)
                  0021b810    00000048     lwiplib.obj (.text:pbuf_init_alloced_pbuf)
                  0021b858    00000044     rtsv7M4_T_le_eabi.lib : autoinit.c.obj (.text:__TI_auto_init_nobinit_nopinit:__TI_auto_init_nobinit_nopinit)
                  0021b89c    00000044     lwiplib.obj (.text:netif_get_by_index)
                  0021b8e0    00000044     lwiplib.obj (.text:tcp_recv_null)
                  0021b924    00000042     driverlib_cm.lib : ethernet.obj (.text:Ethernet_performPushPacketQueueChain)
                  0021b966    00000042     enet_lwip_udp.obj (.text:tcp_echoserver_connection_close)
                  0021b9a8    00000040     lwiplib.obj (.text:ip4_input_accept)
                  0021b9e8    00000040     lwiplib.obj (.text:lwIPInit)
                  0021ba28    00000040     lwiplib.obj (.text:netif_issue_reports)
                  0021ba68    00000040     lwiplib.obj (.text:pbuf_alloc_reference)
                  0021baa8    00000040     lwiplib.obj (.text:tcp_handle_closepend)
                  0021bae8    00000040     lwiplib.obj (.text:tcp_netif_ip_addr_changed_pcblist)
                  0021bb28    0000003e     lwiplib.obj (.text:do_memp_free_pool)
                  0021bb66    0000003c     driverlib_cm.lib : ethernet.obj (.text:Ethernet_performPushOnPacketQueue)
                  0021bba2    0000003c                      : ethernet.obj (.text:Ethernet_setMACAddr)
                  0021bbde    0000003c     f2838xif.obj (.text:f2838xif_interrupt)
                  0021bc1a    0000003a     driverlib_cm.lib : ethernet.obj (.text:Ethernet_getMACAddr)
                  0021bc54    00000038     F2838x_CM_FlashAPI.lib : Read.obj (.text:Fapi_flushPipeline)
                  0021bc8c    00000038     lwiplib.obj (.text:etharp_request_dst)
                  0021bcc4    00000038     lwiplib.obj (.text:netif_loopif_init)
                  0021bcfc    00000038     lwiplib.obj (.text:sys_timeouts_init)
                  0021bd34    00000038     lwiplib.obj (.text:tcp_timer_needed)
                  0021bd6c    00000038     lwiplib.obj (.text:tcpip_tcp_timer)
                  0021bda4    00000036     lwiplib.obj (.text:netif_do_set_gw)
                  0021bdda    00000036     lwiplib.obj (.text:netif_do_set_netmask)
                  0021be10    00000036     lwiplib.obj (.text:pbuf_clone)
                  0021be46    00000002     --HOLE-- [fill = 0]
                  0021be48    00000034     rtsv7M4_T_le_eabi.lib : rand.c.obj (.text:rand)
                  0021be7c    00000032     driverlib_cm.lib : ethernet.obj (.text:Ethernet_enableMACRxQ)
                  0021beae    00000032     lwiplib.obj (.text:pbuf_header_impl)
                  0021bee0    00000030     driverlib_cm.lib : ethernet.obj (.text:Ethernet_configureEEEClockGatingControl)
                  0021bf10    00000030                      : ethernet.obj (.text:Ethernet_getOneStepTransmitTimestampPTP)
                  0021bf40    00000030     lwiplib.obj (.text:tcp_backlog_accepted)
                  0021bf70    00000030     lwiplib.obj (.text:tcp_listen_closed)
                  0021bfa0    00000030     lwiplib.obj (.text:tcp_remove_listener)
                  0021bfd0    0000002e     driverlib_cm.lib : ethernet.obj (.text:Ethernet_setMTLTxQueueOpMode)
                  0021bffe    0000002e     lwiplib.obj (.text:pbuf_clen)
                  0021c02c    0000002c     driverlib_cm.lib : ethernet.obj (.text:Ethernet_isTimestampIntActive)
                  0021c058    0000002c                      : ethernet.obj (.text:Ethernet_isTransmitTimestampStatusSet)
                  0021c084    0000002c     lwiplib.obj (.text:lwip_htonl)
                  0021c0b0    0000002c     lwiplib.obj (.text:memp_free)
                  0021c0dc    0000002c     lwiplib.obj (.text:memp_malloc)
                  0021c108    0000002c     lwiplib.obj (.text:netif_set_link_up)
                  0021c134    0000002c     lwiplib.obj (.text:netif_set_up)
                  0021c160    0000002c     lwiplib.obj (.text:tcp_close)
                  0021c18c    0000002a     lwiplib.obj (.text:free_etharp_q)
                  0021c1b6    0000002a     lwiplib.obj (.text:ip_chksum_pseudo)
                  0021c1e0    0000002a     lwiplib.obj (.text:tcp_seg_copy)
                  0021c20a    00000002     --HOLE-- [fill = 0]
                  0021c20c    00000028     enet_lwip_udp.obj (.text:Ethernet_receivePacketCallbackCustom)
                  0021c234    00000028     driverlib_cm.lib : ethernet.obj (.text:Ethernet_setMTLRxQueueOpMode)
                  0021c25c    00000028     enet_lwip_udp.obj (.text:GPIO_togglePin)
                  0021c284    00000028     GrlPDComm.obj (.text:IPC_waitForAck)
                  0021c2ac    00000028     lwiplib.obj (.text:lwIPEthernetIntHandler)
                  0021c2d4    00000026     F2838x_CM_FlashAPI.lib : Async.obj (.text:CM_FLASHREGS_LOCK)
                  0021c2fa    00000026                            : BlankCheck.obj (.text:CM_FLASHREGS_LOCK)
                  0021c320    00000026                            : FlashStateMachine.obj (.text:CM_FLASHREGS_LOCK)
                  0021c346    00000026                            : Program.obj (.text:CM_FLASHREGS_LOCK)
                  0021c36c    00000026                            : Read.obj (.text:CM_FLASHREGS_LOCK)
                  0021c392    00000026                            : Utilities.obj (.text:CM_FLASHREGS_LOCK)
                  0021c3b8    00000026                            : Async.obj (.text:CM_FLASHREGS_UNLOCK)
                  0021c3de    00000026                            : BlankCheck.obj (.text:CM_FLASHREGS_UNLOCK)
                  0021c404    00000026                            : FlashStateMachine.obj (.text:CM_FLASHREGS_UNLOCK)
                  0021c42a    00000026                            : Program.obj (.text:CM_FLASHREGS_UNLOCK)
                  0021c450    00000026                            : Read.obj (.text:CM_FLASHREGS_UNLOCK)
                  0021c476    00000026                            : Utilities.obj (.text:CM_FLASHREGS_UNLOCK)
                  0021c49c    00000026     driverlib_cm.lib : ethernet.obj (.text:Ethernet_configureMDIO)
                  0021c4c2    00000026                      : ethernet.obj (.text:Ethernet_configureRevMIIAddress)
                  0021c4e8    00000026                      : ethernet.obj (.text:Ethernet_disableRxDMAReception)
                  0021c50e    00000026                      : ethernet.obj (.text:Ethernet_enableRxDMAReception)
                  0021c534    00000026                      : ethernet.obj (.text:Ethernet_getRxERICount)
                  0021c55a    00000026                      : ethernet.obj (.text:Ethernet_performPopOnPacketQueue)
                  0021c580    00000026                      : ethernet.obj (.text:Ethernet_setRxDescRingLength)
                  0021c5a6    00000026                      : ethernet.obj (.text:Ethernet_setTxDescRingLength)
                  0021c5cc    00000024                      : ethernet.obj (.text:Ethernet_disableDmaInterrupt)
                  0021c5f0    00000024                      : ethernet.obj (.text:Ethernet_enableDmaInterrupt)
                  0021c614    00000024     rtsv7M4_T_le_eabi.lib : boot_cortex_m.c.obj (.text:_c_int00_noargs:_c_int00_noargs)
                  0021c638    00000024     lwiplib.obj (.text:lwip_htons)
                  0021c65c    00000024     rtsv7M4_T_le_eabi.lib : memcmp.c.obj (.text:memcmp)
                  0021c680    00000024     lwiplib.obj (.text:pbuf_ref)
                  0021c6a4    00000024     lwiplib.obj (.text:sys_timeout)
                  0021c6c8    00000024     lwiplib.obj (.text:tcp_next_iss)
                  0021c6ec    00000024     lwiplib.obj (.text:tcp_poll)
                  0021c710    00000024     lwiplib.obj (.text:tcp_route)
                  0021c734    00000022     driverlib_cm.lib : ethernet.obj (.text:Ethernet_enableMTLInterrupt)
                  0021c756    00000022     F2838x_CM_FlashAPI.lib : Verify.obj (.text:Fapi_doVerify)
                  0021c778    00000022     lwiplib.obj (.text:tcp_accept)
                  0021c79a    00000022     lwiplib.obj (.text:tcp_rexmit_rto_commit)
                  0021c7bc    00000020     driverlib_cm.lib : ethernet.obj (.text:Ethernet_configurePHYAddress)
                  0021c7dc    00000020                      : ethernet.obj (.text:Ethernet_resetModule)
                  0021c7fc    00000020     lwiplib.obj (.text:lwip_init)
                  0021c81c    00000020     lwiplib.obj (.text:pbuf_pool_is_empty)
                  0021c83c    00000020     lwiplib.obj (.text:tcp_seg_free)
                  0021c85c    00000020     lwiplib.obj (.text:tcp_segs_free)
                  0021c87c    00000020     lwiplib.obj (.text:tcp_tmr)
                  0021c89c    0000001e     driverlib_cm.lib : ethernet.obj (.text:Ethernet_clearDMAChannelInterrupt)
                  0021c8ba    0000001e                      : ethernet.obj (.text:Ethernet_getPHYMode)
                  0021c8d8    0000001e                      : ethernet.obj (.text:Ethernet_setMTLOpmode)
                  0021c8f6    0000001e                      : ethernet.obj (.text:Ethernet_writeRxDescListAddress)
                  0021c914    0000001e                      : ethernet.obj (.text:Ethernet_writeRxDescTailPointer)
                  0021c932    0000001e                      : ethernet.obj (.text:Ethernet_writeTxDescListAddress)
                  0021c950    0000001e                      : ethernet.obj (.text:Ethernet_writeTxDescTailPointer)
                  0021c96e    0000001c     F2838x_CM_FlashAPI.lib : Utilities.obj (.text:_Fapi_scaleCycleValues)
                  0021c98a    00000002     --HOLE-- [fill = 0]
                  0021c98c    0000001c     lwiplib.obj (.text:ptr_to_mem)
                  0021c9a8    0000001a     F2838x_CM_FlashAPI.lib : FlashStateMachine.obj (.text:Fapi_checkFsmForReady)
                  0021c9c2    0000001a                            : Utilities.obj (.text:_Fapi_calculateOtpChecksum)
                  0021c9dc    0000001a     lwiplib.obj (.text:tcp_free_ooseq)
                  0021c9f6    0000001a     lwiplib.obj (.text:tcp_output_segment_busy)
                  0021ca10    0000001a     lwiplib.obj (.text:tcp_setprio)
                  0021ca2a    00000018     driverlib_cm.lib : ethernet.obj (.text:Ethernet_setMACPacketFilter)
                  0021ca42    00000018     lwiplib.obj (.text:Interrupt_disableInProcessor)
                  0021ca5a    00000018     enet_lwip_udp.obj (.text:Interrupt_enableInProcessor)
                  0021ca72    00000018     lwiplib.obj (.text:Interrupt_enableInProcessor)
                  0021ca8a    00000002     --HOLE-- [fill = 0]
                  0021ca8c    00000018     enet_lwip_udp.obj (.text:SYSTICK_setPeriod)
                  0021caa4    00000018     lwiplib.obj (.text:etharp_request)
                  0021cabc    00000018     lwiplib.obj (.text:inet_chksum)
                  0021cad4    00000018     lwiplib.obj (.text:lwIPTimer)
                  0021caec    00000018     lwiplib.obj (.text:mem_to_ptr)
                  0021cb04    00000018     enet_lwip_udp.obj (.text:tcp_echoserver_error)
                  0021cb1c    00000018     lwiplib.obj (.text:tcp_err)
                  0021cb34    00000018     lwiplib.obj (.text:tcp_init)
                  0021cb4c    00000018     lwiplib.obj (.text:tcp_recv)
                  0021cb64    00000018     lwiplib.obj (.text:tcp_sent)
                  0021cb7c    00000016     enet_lwip_udp.obj (.text:Ethernet_clearMACConfigurationCustom)
                  0021cb92    00000016     driverlib_cm.lib : ethernet.obj (.text:Ethernet_disableTxEEEMode)
                  0021cba8    00000016                      : ethernet.obj (.text:Ethernet_setDMAMode)
                  0021cbbe    00000016                      : ethernet.obj (.text:Ethernet_setMACConfiguration)
                  0021cbd4    00000016     enet_lwip_udp.obj (.text:Ethernet_setMACConfigurationCustom)
                  0021cbea    00000016     lwiplib.obj (.text:icmp_dest_unreach)
                  0021cc00    00000016     lwiplib.obj (.text:pbuf_header_force)
                  0021cc16    00000016     lwiplib.obj (.text:tcp_accept_null)
                  0021cc2c    00000016     lwiplib.obj (.text:tcp_arg)
                  0021cc42    00000016     lwiplib.obj (.text:tcp_listen_with_backlog)
                  0021cc58    00000014     driverlib_cm.lib : flash.obj (.text:Flash_unlockCtrlRegisters)
                  0021cc6c    00000014     enet_lwip_udp.obj (.text:Interrupt_setVectorTableOffset)
                  0021cc80    00000014     enet_lwip_udp.obj (.text:SYSTICK_registerInterruptHandler)
                  0021cc94    00000014     lwiplib.obj (.text:netif_set_default)
                  0021cca8    00000014     lwiplib.obj (.text:sys_arch_unprotect)
                  0021ccbc    00000014     lwiplib.obj (.text:tcp_rexmit_rto)
                  0021ccd0    00000012     driverlib_cm.lib : flash.obj (.text:Flash_unlockECCRegisters)
                  0021cce2    00000012     f2838xif.obj (.text:f2838xif_output)
                  0021ccf4    00000012     lwiplib.obj (.text:netif_loop_output_ipv4)
                  0021cd06    00000012     lwiplib.obj (.text:netif_null_output_ip4)
                  0021cd18    00000012     lwiplib.obj (.text:pbuf_add_header)
                  0021cd2a    00000012     enet_lwip_udp.obj (.text:start_application)
                  0021cd3c    00000010     enet_lwip_udp.obj (.text:SYSTICK_enableCounter)
                  0021cd4c    00000010     enet_lwip_udp.obj (.text:SysCtl_disableWatchdog)
                  0021cd5c    00000010     enet_lwip_udp.obj (.text:lwIPHostTimerHandler)
                  0021cd6c    00000010     lwiplib.obj (.text:netif_do_ip_addr_changed)
                  0021cd7c    00000010     lwiplib.obj (.text:tcp_trigger_input_pcb_close)
                  0021cd8c    0000000e     enet_lwip_udp.obj (.text:Ethernet_releaseTxPacketBufferCustom)
                  0021cd9a    0000000e     driverlib_cm.lib : ethernet.obj (.text:Ethernet_returnTopOfPacketQueue)
                  0021cda8    0000000e     F2838x_CM_FlashAPI.lib : FlashStateMachine.obj (.text:Fapi_getFsmStatus)
                  0021cdb6    0000000e     driverlib_cm.lib : platform_port.obj (.text:Platform_enablePeripheral)
                  0021cdc4    0000000e                      : platform_port.obj (.text:Platform_resetPeripheral)
                  0021cdd2    0000000e     rtsv7M4_T_le_eabi.lib : copy_decompress_none.c.obj (.text:decompress:none:__TI_decompress_none)
                  0021cde0    0000000e     lwiplib.obj (.text:tcp_abort)
                  0021cdee    0000000e     lwiplib.obj (.text:tcp_free)
                  0021cdfc    0000000e     lwiplib.obj (.text:tcp_free_listen)
                  0021ce0a    0000000c     driverlib_cm.lib : platform_port.obj (.text:Platform_disableInterrupt)
                  0021ce16    0000000c                      : platform_port.obj (.text:Platform_enableInterrupt)
                  0021ce22    0000000c     rtsv7M4_T_le_eabi.lib : copy_zero_init.c.obj (.text:decompress:ZI:__TI_zero_init)
                  0021ce2e    00000002     --HOLE-- [fill = 0]
                  0021ce30    0000000c     lwiplib.obj (.text:sys_now)
                  0021ce3c    0000000a     enet_lwip_udp.obj (.text:SYSTICK_enableInterrupt)
                  0021ce46    0000000a     enet_lwip_udp.obj (.text:SysTickIntHandler)
                  0021ce50    0000000a     enet_lwip_udp.obj (.text:httpLEDToggle)
                  0021ce5a    0000000a     lwiplib.obj (.text:tcp_new)
                  0021ce64    00000008     enet_lwip_udp.obj (.text:CPU_clearPRIMASK)
                  0021ce6c    00000008     lwiplib.obj (.text:CPU_clearPRIMASK)
                  0021ce74    00000008     lwiplib.obj (.text:CPU_setPRIMASK)
                  0021ce7c    00000008     lwiplib.obj (.text:sys_arch_protect)
                  0021ce84    00000004     F2838x_CM_FlashAPI.lib : FlashStateMachine.obj (.text:Fapi_serviceWatchdogTimer)
                  0021ce88    00000004     rtsv7M4_T_le_eabi.lib : pre_init.c.obj (.text:_system_pre_init)
                  0021ce8c    00000004                           : exit.c.obj (.text:abort:abort)
                  0021ce90    00000008     driverlib_cm.lib : flash.obj (.tramp.Flash_initModule.1)
                  0021ce98    00000008     GrlPDComm.obj (.tramp.grlFlashBOOTPGMSectorWrite.1)
                  0021cea0    00000008     GrlPDComm.obj (.tramp.Example_EraseSector.1)
                  0021cea8    00000008     GrlPDComm.obj (.tramp.Flash_data_program_8.1)

MODULE SUMMARY

       Module                       code    ro data   rw data
       ------                       ----    -------   -------
    .\
       lwiplib.obj                  32560   416       33720  
       enet_lwip_udp.obj            2186    0         4242   
       GrlPDComm.obj                2980    0         59     
       f2838xif.obj                 938     0         116    
       startup_ccs.obj              12      320       0      
    +--+----------------------------+-------+---------+---------+
       Total:                       38676   736       38137  
                                                             
    C:/ti/C2000Ware_4_00_00_00/driverlib/f2838x/driverlib_cm/ccs/Debug/driverlib_cm.lib
       ethernet.obj                 7714    0         1280   
       ipc.obj                      220     272       1088   
       interrupt.obj                580     0         320    
       flash.obj                    774     0         0      
       sysctl.obj                   184     0         0      
       platform_port.obj            52      0         0      
    +--+----------------------------+-------+---------+---------+
       Total:                       9524    272       2688   
                                                             
    C:/ti/C2000Ware_4_00_00_00/libraries/flash_api/f2838x/cm/lib/F2838x_CM_FlashAPI.lib
       FlashStateMachine.obj        2864    0         0      
       Program.obj                  904     0         0      
       Read.obj                     622     0         0      
       Utilities.obj                564     0         0      
       BlankCheck.obj               322     0         0      
       Async.obj                    234     0         0      
       Init.obj                     218     0         12     
       Verify.obj                   50      0         0      
    +--+----------------------------+-------+---------+---------+
       Total:                       5778    0         12     
                                                             
    C:\ti\ccs1110\ccs\tools\compiler\ti-cgt-arm_20.2.5.LTS\lib\rtsv7M4_T_le_eabi.lib
       memcpy_t2.asm.obj            156     0         0      
       memset_t2.asm.obj            122     0         0      
       copy_decompress_lzss.c.obj   104     0         0      
       autoinit.c.obj               68      0         0      
       rand.c.obj                   52      0         4      
       boot_cortex_m.c.obj          36      0         0      
       memcmp.c.obj                 36      0         0      
       copy_decompress_none.c.obj   14      0         0      
       copy_zero_init.c.obj         12      0         0      
       _lock.c.obj                  2       0         8      
       exit.c.obj                   4       0         0      
       pre_init.c.obj               4       0         0      
    +--+----------------------------+-------+---------+---------+
       Total:                       610     0         12     
                                                             
       Stack:                       0       0         4096   
       Linker Generated:            0       135       0      
    +--+----------------------------+-------+---------+---------+
       Grand Total:                 54588   1143      44945  


LINKER GENERATED COPY TABLES

__TI_cinit_table @ 002003d0 records: 3, size/record: 8, table size: 24
	.data: load addr=00200360, load size=00000053 bytes, run addr=2000a17c, run size=00000102 bytes, compression=lzss
	.bss: load addr=002003c0, load size=00000008 bytes, run addr=20000800, run size=000094cf bytes, compression=zero_init
	.vtable: load addr=002003c8, load size=00000008 bytes, run addr=2000a400, run size=00000140 bytes, compression=zero_init


LINKER GENERATED HANDLER TABLE

__TI_handler_table @ 002003b4 records: 3, size/record: 4, table size: 12
	index: 0, handler: __TI_zero_init
	index: 1, handler: __TI_decompress_lzss
	index: 2, handler: __TI_decompress_none


FAR CALL TRAMPOLINES

callee name               trampoline name
   callee addr  tramp addr   call addr  call info
--------------  -----------  ---------  ----------------
Flash_initModule          $Tramp$TT$L$PI$$Flash_initModule
   20009e79     0021ce90     0021b3fc   enet_lwip_udp.obj (.text:CM_init)
grlFlashBOOTPGMSectorWrite  $Tramp$TT$L$PI$$grlFlashBOOTPGMSectorWrite
   20009d85     0021ce98     00217d92   GrlPDComm.obj (.text:cm_handler)
Example_EraseSector       $Tramp$TT$L$PI$$Example_EraseSector
   20009e01     0021cea0     00217d86   GrlPDComm.obj (.text:cm_handler)
                             00217e08   GrlPDComm.obj (.text:cm_handler)
Flash_data_program_8      $Tramp$TT$L$PI$$Flash_data_program_8
   20009cd1     0021cea8     00212b3e   GrlPDComm.obj (.text:copy_data)
                             00212b96   GrlPDComm.obj (.text:copy_data)
                             00212bdc   GrlPDComm.obj (.text:copy_data)
                             00212da6   GrlPDComm.obj (.text:copy_data)
                             00212df8   GrlPDComm.obj (.text:copy_data)
                             00212e5c   GrlPDComm.obj (.text:copy_data)
                             00212e9c   GrlPDComm.obj (.text:copy_data)
                             00212f00   GrlPDComm.obj (.text:copy_data)
                             00212f3e   GrlPDComm.obj (.text:copy_data)
Flash_unlockECCRegisters  $Tramp$TT$L$PI$$Flash_unlockECCRegisters
   0021ccd1     20009fd4     20009e8e   driverlib_cm.lib : flash.obj (.TI.ramfunc:Flash_initModule)
Flash_unlockCtrlRegisters  $Tramp$TT$L$PI$$Flash_unlockCtrlRegisters
   0021cc59     20009fdc     20009e88   driverlib_cm.lib : flash.obj (.TI.ramfunc:Flash_initModule)
Fapi_doBlankCheck         $Tramp$TT$L$PI$$Fapi_doBlankCheck
   0021810d     20009fe4     20009e5a   GrlPDComm.obj (.TI.ramfunc:Example_EraseSector)
Fapi_issueAsyncCommandWithAddress  $Tramp$TT$L$PI$$Fapi_issueAsyncCommandWithAddress
   00219e0d     20009fec     20009e36   GrlPDComm.obj (.TI.ramfunc:Example_EraseSector)
Fapi_doVerify             $Tramp$TT$L$PI$$Fapi_doVerify
   0021c757     20009ff4     20009d68   GrlPDComm.obj (.TI.ramfunc:Flash_data_program_8)
Fapi_getFsmStatus         $Tramp$TT$L$PI$$Fapi_getFsmStatus
   0021cda9     20009ffc     20009d3c   GrlPDComm.obj (.TI.ramfunc:Flash_data_program_8)
                             20009de8   GrlPDComm.obj (.TI.ramfunc:grlFlashBOOTPGMSectorWrite)
Fapi_checkFsmForReady     $Tramp$TT$L$PI$$Fapi_checkFsmForReady
   0021c9a9     2000a004     20009d2a   GrlPDComm.obj (.TI.ramfunc:Flash_data_program_8)
                             20009dd6   GrlPDComm.obj (.TI.ramfunc:grlFlashBOOTPGMSectorWrite)
                             20009e3e   GrlPDComm.obj (.TI.ramfunc:Example_EraseSector)
Fapi_issueProgrammingCommand  $Tramp$TT$L$PI$$Fapi_issueProgrammingCommand
   002137b9     2000a00c     20009d22   GrlPDComm.obj (.TI.ramfunc:Flash_data_program_8)
                             20009dce   GrlPDComm.obj (.TI.ramfunc:grlFlashBOOTPGMSectorWrite)
Fapi_setActiveFlashBank   $Tramp$TT$L$PI$$Fapi_setActiveFlashBank
   0021a035     2000a014     20009cfe   GrlPDComm.obj (.TI.ramfunc:Flash_data_program_8)
                             20009daa   GrlPDComm.obj (.TI.ramfunc:grlFlashBOOTPGMSectorWrite)
                             20009e20   GrlPDComm.obj (.TI.ramfunc:Example_EraseSector)
Fapi_initializeAPI        $Tramp$TT$L$PI$$Fapi_initializeAPI
   002189a5     2000a01c     20009cea   GrlPDComm.obj (.TI.ramfunc:Flash_data_program_8)
                             20009d96   GrlPDComm.obj (.TI.ramfunc:grlFlashBOOTPGMSectorWrite)
                             20009e0c   GrlPDComm.obj (.TI.ramfunc:Example_EraseSector)

[14 trampolines]
[31 trampoline calls]


GLOBAL SYMBOLS: SORTED ALPHABETICALLY BY Name 

address   name                                      
-------   ----                                      
20009c8c  BlockHeader                               
0021ce8d  C$$EXIT                                   
0021b3dd  CM_init                                   
2000a1dd  Connected_udp_28000                       
00219f29  Ethernet_addPacketsIntoRxQueue            
0021347d  Ethernet_addPacketsIntoTxQueue            
0021c89d  Ethernet_clearDMAChannelInterrupt         
0021cb7d  Ethernet_clearMACConfigurationCustom      
0021bee1  Ethernet_configureEEEClockGatingControl   
0021c49d  Ethernet_configureMDIO                    
0021c7bd  Ethernet_configurePHYAddress              
0021c4c3  Ethernet_configureRevMIIAddress           
200092cc  Ethernet_descArray                        
20009070  Ethernet_device_struct                    
0021c5cd  Ethernet_disableDmaInterrupt              
0021c4e9  Ethernet_disableRxDMAReception            
0021cb93  Ethernet_disableTxEEEMode                 
2000a198  Ethernet_earlyRxInterruptCount            
2000a19c  Ethernet_earlyTxInterruptCount            
2000a1b4  Ethernet_eeeRxLPIEntryCount               
2000a1b8  Ethernet_eeeRxLPIExitCount                
2000a1ac  Ethernet_eeeTxLPIEntryCount               
2000a1b0  Ethernet_eeeTxLPIExitCount                
0021c5f1  Ethernet_enableDmaInterrupt               
0021be7d  Ethernet_enableMACRxQ                     
0021c735  Ethernet_enableMTLInterrupt               
0021c50f  Ethernet_enableRxDMAReception             
00212f89  Ethernet_genericISR                       
00214f15  Ethernet_genericISRCustom                 
2000a194  Ethernet_genericInterruptCount            
2000a1a0  Ethernet_genericRxCompletionInterruptCount
00215a19  Ethernet_getHandle                        
00214aa1  Ethernet_getInitConfig                    
0021bc1b  Ethernet_getMACAddr                       
0021bf11  Ethernet_getOneStepTransmitTimestampPTP   
0021c8bb  Ethernet_getPHYMode                       
0021b059  Ethernet_getPacketBuffer                  
0021c535  Ethernet_getRxERICount                    
00215d85  Ethernet_init                             
00217b49  Ethernet_initInterface                    
002168a5  Ethernet_initRxChannel                    
0021c02d  Ethernet_isTimestampIntActive             
0021c059  Ethernet_isTransmitTimestampStatusSet     
2000a1c0  Ethernet_magicPktReceivedCount            
2000a184  Ethernet_numGetPacketBufferCallback       
2000a180  Ethernet_numRxCallback                    
2000a1e0  Ethernet_numRxCallbackCustom              
2000a17c  Ethernet_numTxPktFreeCallback             
2000a1a4  Ethernet_phyLinkStatusChangeInterruptCount
20009b2c  Ethernet_pktDescriptorRX                  
2000a1bc  Ethernet_pmtInterruptCount                
0021a867  Ethernet_readPHYRegister                  
0021a8d9  Ethernet_receiveISR                       
0021c20d  Ethernet_receivePacketCallbackCustom      
0021cd8d  Ethernet_releaseTxPacketBufferCustom      
00213ded  Ethernet_removePacketsFromRxQueue         
002169e1  Ethernet_removePacketsFromTxQueue         
0021c7dd  Ethernet_resetModule                      
2000a1c4  Ethernet_rwakeupPktReceivedCount          
20007d18  Ethernet_rxBuffer                         
2000a1cc  Ethernet_rxChan0BufUnavail                
2000a1d4  Ethernet_rxChan1BufUnavail                
2000a190  Ethernet_rxContextTimeStamp               
2000a18c  Ethernet_rxInterruptCount                 
2000a1a8  Ethernet_rxReplacementFailedCount         
00217631  Ethernet_sendPacket                       
0021cba9  Ethernet_setDMAMode                       
0021bba3  Ethernet_setMACAddr                       
0021cbbf  Ethernet_setMACConfiguration              
0021cbd5  Ethernet_setMACConfigurationCustom        
0021ca2b  Ethernet_setMACPacketFilter               
0021c8d9  Ethernet_setMTLOpmode                     
0021c235  Ethernet_setMTLRxQueueOpMode              
0021bfd1  Ethernet_setMTLTxQueueOpMode              
0021c581  Ethernet_setRxDescRingLength              
0021c5a7  Ethernet_setTxDescRingLength              
0021a949  Ethernet_transmitISR                      
2000a1c8  Ethernet_txChan0BufUnavail                
2000a1d0  Ethernet_txChan1BufUnavail                
2000a188  Ethernet_txInterruptCount                 
00219779  Ethernet_writePHYRegister                 
00219c51  Ethernet_writeRxDMAControl                
0021c8f7  Ethernet_writeRxDescListAddress           
0021c915  Ethernet_writeRxDescTailPointer           
00218731  Ethernet_writeTxDMAControl                
0021c933  Ethernet_writeTxDescListAddress           
0021c951  Ethernet_writeTxDescTailPointer           
20009e01  Example_EraseSector                       
20009c38  Fapi_GlobalInit                           
0021b5bd  Fapi_calculateEcc                         
0021a525  Fapi_calculateFletcherChecksum            
0021c9a9  Fapi_checkFsmForReady                     
0021810d  Fapi_doBlankCheck                         
0021c757  Fapi_doVerify                             
0021bc55  Fapi_flushPipeline                        
0021cda9  Fapi_getFsmStatus                         
002189a5  Fapi_initializeAPI                        
0021b42d  Fapi_isAddressEcc                         
00219fb1  Fapi_isAddressValid                       
00219e0d  Fapi_issueAsyncCommandWithAddress         
002137b9  Fapi_issueProgrammingCommand              
0021ce85  Fapi_serviceWatchdogTimer                 
0021a035  Fapi_setActiveFlashBank                   
0021a23d  Fapi_setupBankSectorEnable                
00216765  Fapi_setupEepromSectorEnable              
20009cd1  Flash_data_program_8                      
20009e79  Flash_initModule                          
2000a20c  GWAddr                                    
2000a204  IPAddr                                    
20080000  IPC_CM_To_CPU1_GetBuffer                  
20082440  IPC_CM_To_CPU1_PutBuffer                  
20084000  IPC_CM_To_CPU2_GetBuffer                  
20086000  IPC_CM_To_CPU2_PutBuffer                  
2000a024  IPC_Instance                              
0021849d  IPC_sendCommand                           
0021a13d  Interrupt_disable                         
0021a1bd  Interrupt_enable                          
0021b179  Interrupt_registerHandler                 
00218025  Interrupt_setPriority                     
2000a208  NetMask                                   
0021ce0b  Platform_disableInterrupt                 
0021ce17  Platform_enableInterrupt                  
0021cdb7  Platform_enablePeripheral                 
0021cdc5  Platform_resetPeripheral                  
0020035c  RamfuncsLoadEnd                           
00000354  RamfuncsLoadSize                          
00200008  RamfuncsLoadStart                         
2000a024  RamfuncsRunEnd                            
00000354  RamfuncsRunSize                           
20009cd0  RamfuncsRunStart                          
00200001  ResetISR                                  
20009c94  Rxtcb                                     
0021b6f1  SysCtl_enablePeripheral                   
0021a9b9  SysCtl_resetPeripheral                    
0021ce47  SysTickIntHandler                         
0021c9c3  _Fapi_calculateOtpChecksum                
002181f3  _Fapi_checkRegionForValue                 
0021ad8f  _Fapi_divideUnsignedLong                  
00218807  _Fapi_issueFsmCommand                     
00217739  _Fapi_loopRegionForValue                  
0021c96f  _Fapi_scaleCycleValues                    
0021adf7  _Fapi_setupSectorsForWrite                
1ffff000  __STACK_END                               
00001000  __STACK_SIZE                              
002003d0  __TI_CINIT_Base                           
002003e8  __TI_CINIT_Limit                          
002003b4  __TI_Handler_Table_Base                   
002003c0  __TI_Handler_Table_Limit                  
0021b859  __TI_auto_init_nobinit_nopinit            
0021ae5f  __TI_decompress_lzss                      
0021cdd3  __TI_decompress_none                      
ffffffff  __TI_pprof_out_hndl                       
ffffffff  __TI_prof_data_size                       
ffffffff  __TI_prof_data_start                      
00200360  __TI_static_base__                        
0021ce23  __TI_zero_init                            
0021a4ab  __aeabi_memclr                            
0021a4ab  __aeabi_memclr4                           
0021a4ab  __aeabi_memclr8                           
002198b1  __aeabi_memcpy                            
002198b1  __aeabi_memcpy4                           
002198b1  __aeabi_memcpy8                           
0021a4ad  __aeabi_memset                            
0021a4ad  __aeabi_memset4                           
0021a4ad  __aeabi_memset8                           
ffffffff  __binit__                                 
ffffffff  __c_args__                                
UNDEFED   __mpu_init                                
1fffe000  __stack                                   
20000800  __start___llvm_prf_cnts                   
20000800  __stop___llvm_prf_cnts                    
0021c615  _c_int00_noargs                           
2000a270  _lock                                     
0021762f  _nop                                      
UNDEFED   _system_post_cinit                        
0021ce89  _system_pre_init                          
2000a274  _unlock                                   
0021ce8d  abort                                     
ffffffff  binit                                     
20082000  buf_rx                                    
00217d41  cm_handler                                
2000a1de  cnt_Connected_udp_28000                   
2000a214  cnt_ms_TX_Htimer                          
2000a210  cnt_ms_lwip_Htimer                        
00200698  constLoadEnd                              
00000158  constLoadSize                             
00200540  constLoadStart                            
2000a17c  constRunEnd                               
00000158  constRunSize                              
2000a024  constRunStart                             
20009c8a  cont_rx_udp                               
00212a89  copy_data                                 
2000a26c  descriptorFreeErr                         
20009c98  emac_handle                               
20009c9c  entry_point                               
002171f9  etharp_input                              
00215f29  etharp_output                             
002145e5  etharp_query                              
0021caa5  etharp_request                            
00217a49  etharp_tmr                                
2000a16c  ethbroadcast                              
00216d7d  ethernet_input                            
0021aa29  ethernet_output                           
2000a172  ethzero                                   
0021b0b9  f2838xif_init                             
0021bbdf  f2838xif_interrupt                        
0021ab09  f2838xif_receive                          
2000a1dc  flag_TX_frame_UDP                         
2000a218  flash_address                             
20009ccc  gReadAPI                                  
2000a244  g_ui32LocalTimer                          
2000a1ec  genericISRCustomRBUcount                  
2000a1f4  genericISRCustomRIcount                   
2000a1f0  genericISRCustomROVcount                  
2000a1e8  genericISRCustomcount                     
20009d85  grlFlashBOOTPGMSectorWrite                
00217419  grl_tcp_recv_data_pop                     
0021ce51  httpLEDToggle                             
0021cbeb  icmp_dest_unreach                         
00214365  icmp_input                                
0021cabd  inet_chksum                               
002194f9  inet_chksum_pbuf                          
0021a431  inet_chksum_pseudo                        
0021ab75  ip4_addr_isbroadcast_u32                  
002140b9  ip4_input                                 
0021b781  ip4_output_if                             
002152e5  ip4_output_if_src                         
002182d9  ip4_route                                 
2000a178  ip_addr_any                               
0021c1b7  ip_chksum_pseudo                          
20009c10  ip_data                                   
2000a200  ledtoggleFuncPtr                          
0021c2ad  lwIPEthernetIntHandler                    
0021cd5d  lwIPHostTimerHandler                      
0021b9e9  lwIPInit                                  
0021cad5  lwIPTimer                                 
2000a0c8  lwip_cyclic_timers                        
0021c085  lwip_htonl                                
0021c639  lwip_htons                                
0021c7fd  lwip_init                                 
00218f91  lwip_standard_chksum                      
200099bc  lwip_stats                                
00217841  main                                      
2000a260  mem_alloc_count                           
00217f31  mem_free                                  
2000a264  mem_free_count                            
0021a615  mem_init                                  
00215859  mem_malloc                                
002150fd  mem_trim                                  
0021c65d  memcmp                                    
002198b1  memcpy                                    
2000a0d8  memp_ARP_QUEUE                            
2000a0e8  memp_PBUF                                 
2000a0f8  memp_PBUF_POOL                            
2000a108  memp_SYS_TIMEOUT                          
2000a118  memp_TCP_PCB                              
2000a128  memp_TCP_PCB_LISTEN                       
2000a138  memp_TCP_SEG                              
0021c0b1  memp_free                                 
0021b51d  memp_init                                 
0021b1d5  memp_init_pool                            
0021c0dd  memp_malloc                               
200097d8  memp_memory_ARP_QUEUE_base                
20000800  memp_memory_PBUF_POOL_base                
200094cc  memp_memory_PBUF_base                     
20009bec  memp_memory_SYS_TIMEOUT_base              
200095d0  memp_memory_TCP_PCB_LISTEN_base           
2000891c  memp_memory_TCP_PCB_base                  
200096d4  memp_memory_TCP_SEG_base                  
2000a0ac  memp_pools                                
0021a4b3  memset                                    
2000a1d8  msTime                                    
0021b231  my_tcp_init                               
00216b15  netif_add                                 
20009ca0  netif_default                             
0021b89d  netif_get_by_index                        
0021b60d  netif_init                                
20009ca4  netif_list                                
002170e1  netif_loop_output                         
0021a2bd  netif_set_addr                            
0021cc95  netif_set_default                         
0021c109  netif_set_link_up                         
0021c135  netif_set_up                              
20009ca8  pInitCfg                                  
0021cd19  pbuf_add_header                           
00215bd5  pbuf_alloc                                
0021ba69  pbuf_alloc_reference                      
0021b6a5  pbuf_cat                                  
0021bfff  pbuf_clen                                 
0021be11  pbuf_clone                                
00217e39  pbuf_copy                                 
00218655  pbuf_copy_partial                         
002193ad  pbuf_free                                 
0021b7c9  pbuf_free_ooseq                           
20009ccd  pbuf_free_ooseq_pending                   
0021cc01  pbuf_header_force                         
00218cb9  pbuf_realloc                              
0021c681  pbuf_ref                                  
0021aa99  pbuf_remove_header                        
20009cac  pktCounter                                
2000a268  process_transmit_count                    
20006d04  ram_heap                                  
0021be49  rand                                      
2000a1e4  releaseTxCount                            
2000a1fc  sendPacketFailedCount                     
0021cd2b  start_application                         
0021783f  stats_init                                
0021ce7d  sys_arch_protect                          
0021cca9  sys_arch_unprotect                        
0021a339  sys_check_timeouts                        
0021ce31  sys_now                                   
0021c6a5  sys_timeout                               
0021bcfd  sys_timeouts_init                         
2000a1f8  systickPeriodValue                        
00217309  tcpRxdataHandler                          
002164dd  tcp_abandon                               
0021cde1  tcp_abort                                 
0021c779  tcp_accept                                
20009cb0  tcp_active_pcbs                           
20009cce  tcp_active_pcbs_changed                   
00216c49  tcp_alloc                                 
0021cc2d  tcp_arg                                   
0021bf41  tcp_backlog_accepted                      
00217c45  tcp_bind                                  
20009cb4  tcp_bound_pcbs                            
0021c161  tcp_close                                 
20009cb8  tcp_echoserver_pcb                        
0021abe1  tcp_eff_send_mss_netif                    
00216245  tcp_enqueue_flags                         
0021cb1d  tcp_err                                   
002191a5  tcp_fasttmr                               
0021cdef  tcp_free                                  
0021c9dd  tcp_free_ooseq                            
0021cb35  tcp_init                                  
00210b9d  tcp_input                                 
20009cbc  tcp_input_pcb                             
0021b2df  tcp_keepalive                             
20009cc0  tcp_listen_pcbs                           
0021cc43  tcp_listen_with_backlog                   
00216395  tcp_listen_with_backlog_and_err           
0021acb9  tcp_netif_ip_addr_changed                 
0021ce5b  tcp_new                                   
0021c6c9  tcp_next_iss                              
00213ae5  tcp_output                                
2000a148  tcp_pcb_lists                             
0021a7f3  tcp_pcb_purge                             
00219ce7  tcp_pcb_remove                            
0021c6ed  tcp_poll                                  
002188d9  tcp_process_refused_data                  
0021cb4d  tcp_recv                                  
0021b8e1  tcp_recv_null                             
0021aff5  tcp_recved                                
00219a85  tcp_rexmit                                
00219e9b  tcp_rexmit_fast                           
0021ccbd  tcp_rexmit_rto                            
0021c79b  tcp_rexmit_rto_commit                     
00219b1f  tcp_rexmit_rto_prepare                    
0021aec7  tcp_rst                                   
0021c1e1  tcp_seg_copy                              
0021c83d  tcp_seg_free                              
0021c85d  tcp_segs_free                             
00218a6f  tcp_send_empty_ack                        
0021b119  tcp_send_fin                              
0021cb65  tcp_sent                                  
0021ca11  tcp_setprio                               
0021257d  tcp_slowtmr                               
00214ce9  tcp_split_unsent_seg                      
20009cc4  tcp_ticks                                 
0021bd35  tcp_timer_needed                          
0021c87d  tcp_tmr                                   
0021cd7d  tcp_trigger_input_pcb_close               
20009cc8  tcp_tw_pcbs                               
0021a77d  tcp_update_rcv_ann_wnd                    
00211fed  tcp_write                                 
00217525  tcp_zero_window_probe                     
00200400  vectorTableFlash                          
2000a400  vectorTableRAM                            


GLOBAL SYMBOLS: SORTED BY Symbol Address 

address   name                                      
-------   ----                                      
00000158  constLoadSize                             
00000158  constRunSize                              
00000354  RamfuncsLoadSize                          
00000354  RamfuncsRunSize                           
00001000  __STACK_SIZE                              
00200001  ResetISR                                  
00200008  RamfuncsLoadStart                         
0020035c  RamfuncsLoadEnd                           
00200360  __TI_static_base__                        
002003b4  __TI_Handler_Table_Base                   
002003c0  __TI_Handler_Table_Limit                  
002003d0  __TI_CINIT_Base                           
002003e8  __TI_CINIT_Limit                          
00200400  vectorTableFlash                          
00200540  constLoadStart                            
00200698  constLoadEnd                              
00210b9d  tcp_input                                 
00211fed  tcp_write                                 
0021257d  tcp_slowtmr                               
00212a89  copy_data                                 
00212f89  Ethernet_genericISR                       
0021347d  Ethernet_addPacketsIntoTxQueue            
002137b9  Fapi_issueProgrammingCommand              
00213ae5  tcp_output                                
00213ded  Ethernet_removePacketsFromRxQueue         
002140b9  ip4_input                                 
00214365  icmp_input                                
002145e5  etharp_query                              
00214aa1  Ethernet_getInitConfig                    
00214ce9  tcp_split_unsent_seg                      
00214f15  Ethernet_genericISRCustom                 
002150fd  mem_trim                                  
002152e5  ip4_output_if_src                         
00215859  mem_malloc                                
00215a19  Ethernet_getHandle                        
00215bd5  pbuf_alloc                                
00215d85  Ethernet_init                             
00215f29  etharp_output                             
00216245  tcp_enqueue_flags                         
00216395  tcp_listen_with_backlog_and_err           
002164dd  tcp_abandon                               
00216765  Fapi_setupEepromSectorEnable              
002168a5  Ethernet_initRxChannel                    
002169e1  Ethernet_removePacketsFromTxQueue         
00216b15  netif_add                                 
00216c49  tcp_alloc                                 
00216d7d  ethernet_input                            
002170e1  netif_loop_output                         
002171f9  etharp_input                              
00217309  tcpRxdataHandler                          
00217419  grl_tcp_recv_data_pop                     
00217525  tcp_zero_window_probe                     
0021762f  _nop                                      
00217631  Ethernet_sendPacket                       
00217739  _Fapi_loopRegionForValue                  
0021783f  stats_init                                
00217841  main                                      
00217a49  etharp_tmr                                
00217b49  Ethernet_initInterface                    
00217c45  tcp_bind                                  
00217d41  cm_handler                                
00217e39  pbuf_copy                                 
00217f31  mem_free                                  
00218025  Interrupt_setPriority                     
0021810d  Fapi_doBlankCheck                         
002181f3  _Fapi_checkRegionForValue                 
002182d9  ip4_route                                 
0021849d  IPC_sendCommand                           
00218655  pbuf_copy_partial                         
00218731  Ethernet_writeTxDMAControl                
00218807  _Fapi_issueFsmCommand                     
002188d9  tcp_process_refused_data                  
002189a5  Fapi_initializeAPI                        
00218a6f  tcp_send_empty_ack                        
00218cb9  pbuf_realloc                              
00218f91  lwip_standard_chksum                      
002191a5  tcp_fasttmr                               
002193ad  pbuf_free                                 
002194f9  inet_chksum_pbuf                          
00219779  Ethernet_writePHYRegister                 
002198b1  __aeabi_memcpy                            
002198b1  __aeabi_memcpy4                           
002198b1  __aeabi_memcpy8                           
002198b1  memcpy                                    
00219a85  tcp_rexmit                                
00219b1f  tcp_rexmit_rto_prepare                    
00219c51  Ethernet_writeRxDMAControl                
00219ce7  tcp_pcb_remove                            
00219e0d  Fapi_issueAsyncCommandWithAddress         
00219e9b  tcp_rexmit_fast                           
00219f29  Ethernet_addPacketsIntoRxQueue            
00219fb1  Fapi_isAddressValid                       
0021a035  Fapi_setActiveFlashBank                   
0021a13d  Interrupt_disable                         
0021a1bd  Interrupt_enable                          
0021a23d  Fapi_setupBankSectorEnable                
0021a2bd  netif_set_addr                            
0021a339  sys_check_timeouts                        
0021a431  inet_chksum_pseudo                        
0021a4ab  __aeabi_memclr                            
0021a4ab  __aeabi_memclr4                           
0021a4ab  __aeabi_memclr8                           
0021a4ad  __aeabi_memset                            
0021a4ad  __aeabi_memset4                           
0021a4ad  __aeabi_memset8                           
0021a4b3  memset                                    
0021a525  Fapi_calculateFletcherChecksum            
0021a615  mem_init                                  
0021a77d  tcp_update_rcv_ann_wnd                    
0021a7f3  tcp_pcb_purge                             
0021a867  Ethernet_readPHYRegister                  
0021a8d9  Ethernet_receiveISR                       
0021a949  Ethernet_transmitISR                      
0021a9b9  SysCtl_resetPeripheral                    
0021aa29  ethernet_output                           
0021aa99  pbuf_remove_header                        
0021ab09  f2838xif_receive                          
0021ab75  ip4_addr_isbroadcast_u32                  
0021abe1  tcp_eff_send_mss_netif                    
0021acb9  tcp_netif_ip_addr_changed                 
0021ad8f  _Fapi_divideUnsignedLong                  
0021adf7  _Fapi_setupSectorsForWrite                
0021ae5f  __TI_decompress_lzss                      
0021aec7  tcp_rst                                   
0021aff5  tcp_recved                                
0021b059  Ethernet_getPacketBuffer                  
0021b0b9  f2838xif_init                             
0021b119  tcp_send_fin                              
0021b179  Interrupt_registerHandler                 
0021b1d5  memp_init_pool                            
0021b231  my_tcp_init                               
0021b2df  tcp_keepalive                             
0021b3dd  CM_init                                   
0021b42d  Fapi_isAddressEcc                         
0021b51d  memp_init                                 
0021b5bd  Fapi_calculateEcc                         
0021b60d  netif_init                                
0021b6a5  pbuf_cat                                  
0021b6f1  SysCtl_enablePeripheral                   
0021b781  ip4_output_if                             
0021b7c9  pbuf_free_ooseq                           
0021b859  __TI_auto_init_nobinit_nopinit            
0021b89d  netif_get_by_index                        
0021b8e1  tcp_recv_null                             
0021b9e9  lwIPInit                                  
0021ba69  pbuf_alloc_reference                      
0021bba3  Ethernet_setMACAddr                       
0021bbdf  f2838xif_interrupt                        
0021bc1b  Ethernet_getMACAddr                       
0021bc55  Fapi_flushPipeline                        
0021bcfd  sys_timeouts_init                         
0021bd35  tcp_timer_needed                          
0021be11  pbuf_clone                                
0021be49  rand                                      
0021be7d  Ethernet_enableMACRxQ                     
0021bee1  Ethernet_configureEEEClockGatingControl   
0021bf11  Ethernet_getOneStepTransmitTimestampPTP   
0021bf41  tcp_backlog_accepted                      
0021bfd1  Ethernet_setMTLTxQueueOpMode              
0021bfff  pbuf_clen                                 
0021c02d  Ethernet_isTimestampIntActive             
0021c059  Ethernet_isTransmitTimestampStatusSet     
0021c085  lwip_htonl                                
0021c0b1  memp_free                                 
0021c0dd  memp_malloc                               
0021c109  netif_set_link_up                         
0021c135  netif_set_up                              
0021c161  tcp_close                                 
0021c1b7  ip_chksum_pseudo                          
0021c1e1  tcp_seg_copy                              
0021c20d  Ethernet_receivePacketCallbackCustom      
0021c235  Ethernet_setMTLRxQueueOpMode              
0021c2ad  lwIPEthernetIntHandler                    
0021c49d  Ethernet_configureMDIO                    
0021c4c3  Ethernet_configureRevMIIAddress           
0021c4e9  Ethernet_disableRxDMAReception            
0021c50f  Ethernet_enableRxDMAReception             
0021c535  Ethernet_getRxERICount                    
0021c581  Ethernet_setRxDescRingLength              
0021c5a7  Ethernet_setTxDescRingLength              
0021c5cd  Ethernet_disableDmaInterrupt              
0021c5f1  Ethernet_enableDmaInterrupt               
0021c615  _c_int00_noargs                           
0021c639  lwip_htons                                
0021c65d  memcmp                                    
0021c681  pbuf_ref                                  
0021c6a5  sys_timeout                               
0021c6c9  tcp_next_iss                              
0021c6ed  tcp_poll                                  
0021c735  Ethernet_enableMTLInterrupt               
0021c757  Fapi_doVerify                             
0021c779  tcp_accept                                
0021c79b  tcp_rexmit_rto_commit                     
0021c7bd  Ethernet_configurePHYAddress              
0021c7dd  Ethernet_resetModule                      
0021c7fd  lwip_init                                 
0021c83d  tcp_seg_free                              
0021c85d  tcp_segs_free                             
0021c87d  tcp_tmr                                   
0021c89d  Ethernet_clearDMAChannelInterrupt         
0021c8bb  Ethernet_getPHYMode                       
0021c8d9  Ethernet_setMTLOpmode                     
0021c8f7  Ethernet_writeRxDescListAddress           
0021c915  Ethernet_writeRxDescTailPointer           
0021c933  Ethernet_writeTxDescListAddress           
0021c951  Ethernet_writeTxDescTailPointer           
0021c96f  _Fapi_scaleCycleValues                    
0021c9a9  Fapi_checkFsmForReady                     
0021c9c3  _Fapi_calculateOtpChecksum                
0021c9dd  tcp_free_ooseq                            
0021ca11  tcp_setprio                               
0021ca2b  Ethernet_setMACPacketFilter               
0021caa5  etharp_request                            
0021cabd  inet_chksum                               
0021cad5  lwIPTimer                                 
0021cb1d  tcp_err                                   
0021cb35  tcp_init                                  
0021cb4d  tcp_recv                                  
0021cb65  tcp_sent                                  
0021cb7d  Ethernet_clearMACConfigurationCustom      
0021cb93  Ethernet_disableTxEEEMode                 
0021cba9  Ethernet_setDMAMode                       
0021cbbf  Ethernet_setMACConfiguration              
0021cbd5  Ethernet_setMACConfigurationCustom        
0021cbeb  icmp_dest_unreach                         
0021cc01  pbuf_header_force                         
0021cc2d  tcp_arg                                   
0021cc43  tcp_listen_with_backlog                   
0021cc95  netif_set_default                         
0021cca9  sys_arch_unprotect                        
0021ccbd  tcp_rexmit_rto                            
0021cd19  pbuf_add_header                           
0021cd2b  start_application                         
0021cd5d  lwIPHostTimerHandler                      
0021cd7d  tcp_trigger_input_pcb_close               
0021cd8d  Ethernet_releaseTxPacketBufferCustom      
0021cda9  Fapi_getFsmStatus                         
0021cdb7  Platform_enablePeripheral                 
0021cdc5  Platform_resetPeripheral                  
0021cdd3  __TI_decompress_none                      
0021cde1  tcp_abort                                 
0021cdef  tcp_free                                  
0021ce0b  Platform_disableInterrupt                 
0021ce17  Platform_enableInterrupt                  
0021ce23  __TI_zero_init                            
0021ce31  sys_now                                   
0021ce47  SysTickIntHandler                         
0021ce51  httpLEDToggle                             
0021ce5b  tcp_new                                   
0021ce7d  sys_arch_protect                          
0021ce85  Fapi_serviceWatchdogTimer                 
0021ce89  _system_pre_init                          
0021ce8d  C$$EXIT                                   
0021ce8d  abort                                     
1fffe000  __stack                                   
1ffff000  __STACK_END                               
20000800  __start___llvm_prf_cnts                   
20000800  __stop___llvm_prf_cnts                    
20000800  memp_memory_PBUF_POOL_base                
20006d04  ram_heap                                  
20007d18  Ethernet_rxBuffer                         
2000891c  memp_memory_TCP_PCB_base                  
20009070  Ethernet_device_struct                    
200092cc  Ethernet_descArray                        
200094cc  memp_memory_PBUF_base                     
200095d0  memp_memory_TCP_PCB_LISTEN_base           
200096d4  memp_memory_TCP_SEG_base                  
200097d8  memp_memory_ARP_QUEUE_base                
200099bc  lwip_stats                                
20009b2c  Ethernet_pktDescriptorRX                  
20009bec  memp_memory_SYS_TIMEOUT_base              
20009c10  ip_data                                   
20009c38  Fapi_GlobalInit                           
20009c8a  cont_rx_udp                               
20009c8c  BlockHeader                               
20009c94  Rxtcb                                     
20009c98  emac_handle                               
20009c9c  entry_point                               
20009ca0  netif_default                             
20009ca4  netif_list                                
20009ca8  pInitCfg                                  
20009cac  pktCounter                                
20009cb0  tcp_active_pcbs                           
20009cb4  tcp_bound_pcbs                            
20009cb8  tcp_echoserver_pcb                        
20009cbc  tcp_input_pcb                             
20009cc0  tcp_listen_pcbs                           
20009cc4  tcp_ticks                                 
20009cc8  tcp_tw_pcbs                               
20009ccc  gReadAPI                                  
20009ccd  pbuf_free_ooseq_pending                   
20009cce  tcp_active_pcbs_changed                   
20009cd0  RamfuncsRunStart                          
20009cd1  Flash_data_program_8                      
20009d85  grlFlashBOOTPGMSectorWrite                
20009e01  Example_EraseSector                       
20009e79  Flash_initModule                          
2000a024  IPC_Instance                              
2000a024  RamfuncsRunEnd                            
2000a024  constRunStart                             
2000a0ac  memp_pools                                
2000a0c8  lwip_cyclic_timers                        
2000a0d8  memp_ARP_QUEUE                            
2000a0e8  memp_PBUF                                 
2000a0f8  memp_PBUF_POOL                            
2000a108  memp_SYS_TIMEOUT                          
2000a118  memp_TCP_PCB                              
2000a128  memp_TCP_PCB_LISTEN                       
2000a138  memp_TCP_SEG                              
2000a148  tcp_pcb_lists                             
2000a16c  ethbroadcast                              
2000a172  ethzero                                   
2000a178  ip_addr_any                               
2000a17c  Ethernet_numTxPktFreeCallback             
2000a17c  constRunEnd                               
2000a180  Ethernet_numRxCallback                    
2000a184  Ethernet_numGetPacketBufferCallback       
2000a188  Ethernet_txInterruptCount                 
2000a18c  Ethernet_rxInterruptCount                 
2000a190  Ethernet_rxContextTimeStamp               
2000a194  Ethernet_genericInterruptCount            
2000a198  Ethernet_earlyRxInterruptCount            
2000a19c  Ethernet_earlyTxInterruptCount            
2000a1a0  Ethernet_genericRxCompletionInterruptCount
2000a1a4  Ethernet_phyLinkStatusChangeInterruptCount
2000a1a8  Ethernet_rxReplacementFailedCount         
2000a1ac  Ethernet_eeeTxLPIEntryCount               
2000a1b0  Ethernet_eeeTxLPIExitCount                
2000a1b4  Ethernet_eeeRxLPIEntryCount               
2000a1b8  Ethernet_eeeRxLPIExitCount                
2000a1bc  Ethernet_pmtInterruptCount                
2000a1c0  Ethernet_magicPktReceivedCount            
2000a1c4  Ethernet_rwakeupPktReceivedCount          
2000a1c8  Ethernet_txChan0BufUnavail                
2000a1cc  Ethernet_rxChan0BufUnavail                
2000a1d0  Ethernet_txChan1BufUnavail                
2000a1d4  Ethernet_rxChan1BufUnavail                
2000a1d8  msTime                                    
2000a1dc  flag_TX_frame_UDP                         
2000a1dd  Connected_udp_28000                       
2000a1de  cnt_Connected_udp_28000                   
2000a1e0  Ethernet_numRxCallbackCustom              
2000a1e4  releaseTxCount                            
2000a1e8  genericISRCustomcount                     
2000a1ec  genericISRCustomRBUcount                  
2000a1f0  genericISRCustomROVcount                  
2000a1f4  genericISRCustomRIcount                   
2000a1f8  systickPeriodValue                        
2000a1fc  sendPacketFailedCount                     
2000a200  ledtoggleFuncPtr                          
2000a204  IPAddr                                    
2000a208  NetMask                                   
2000a20c  GWAddr                                    
2000a210  cnt_ms_lwip_Htimer                        
2000a214  cnt_ms_TX_Htimer                          
2000a218  flash_address                             
2000a244  g_ui32LocalTimer                          
2000a260  mem_alloc_count                           
2000a264  mem_free_count                            
2000a268  process_transmit_count                    
2000a26c  descriptorFreeErr                         
2000a270  _lock                                     
2000a274  _unlock                                   
2000a400  vectorTableRAM                            
20080000  IPC_CM_To_CPU1_GetBuffer                  
20082000  buf_rx                                    
20082440  IPC_CM_To_CPU1_PutBuffer                  
20084000  IPC_CM_To_CPU2_GetBuffer                  
20086000  IPC_CM_To_CPU2_PutBuffer                  
ffffffff  __TI_pprof_out_hndl                       
ffffffff  __TI_prof_data_size                       
ffffffff  __TI_prof_data_start                      
ffffffff  __binit__                                 
ffffffff  __c_args__                                
ffffffff  binit                                     
UNDEFED   __mpu_init                                
UNDEFED   _system_post_cinit                        

[377 symbols]
