******************************************************************************
                  TI ARM Linker PC v20.2.5                     
******************************************************************************
>> Linked Wed Feb  9 13:33:42 2022

OUTPUT FILE NAME:   <GRL_PD_Comm_LWIP.out>
ENTRY POINT SYMBOL: "_c_int00_noargs"  address: 0021afd5


MEMORY CONFIGURATION

         name            origin    length      used     unused   attr    fill
----------------------  --------  ---------  --------  --------  ----  --------
  CMBANK0_RESETISR      00200000   00000008  00000006  00000002  RWIX
  CMBANK0_SECTOR0       00200008   00003ff7  00000480  00003b77  RWIX
  CMBANK0_SECTOR1       00204000   00004000  00000000  00004000  RWIX
  CMBANK0_SECTOR2       00208000   00004000  00000000  00004000  RWIX
  CMBANK0_SECTOR3       0020c000   00004000  00000000  00004000  RWIX
  CMBANK0_SECTOR4       00210000   00010000  0000b7e8  00004818  RWIX
  CMBANK0_SECTOR5       00220000   00010000  00000000  00010000  RWIX
  CMBANK0_SECTOR6       00230000   00010000  00000000  00010000  RWIX
  CMBANK0_SECTOR7       00240000   00010000  00000000  00010000  RWIX
  CMBANK0_SECTOR8       00250000   00010000  00000000  00010000  RWIX
  CMBANK0_SECTOR9       00260000   00010000  00000000  00010000  RWIX
  CMBANK0_SECTOR10      00270000   00004000  00000000  00004000  RWIX
  CMBANK0_SECTOR11      00274000   00004000  00000000  00004000  RWIX
  CMBANK0_SECTOR12      00278000   00004000  00000000  00004000  RWIX
  CMBANK0_SECTOR13      0027c000   00004000  00000000  00004000  RWIX
  C1RAM                 1fffc000   00001fff  00000000  00001fff  RWIX
  C0RAM                 1fffe000   00001fff  00000100  00001eff  RWIX
  BOOT_RSVD             20000000   00000800  00000000  00000800  RWIX
  SRAM                  20000800   0000f7ff  00009cb1  00005b4e  RWIX
  E0RAM                 20010000   00003fff  00000000  00003fff  RWIX
  CPU1TOCMMSGRAM0       20080000   00000800  00000110  000006f0  RWIX
  CPU1TOCMMSGRAM1       20080800   00000800  00000000  00000800  RWIX
  CMTOCPU1MSGRAM0       20082000   00000800  00000550  000002b0  RWIX
  CMTOCPU1MSGRAM1       20082800   00000800  00000000  00000800  RWIX
  CPU2TOCMMSGRAM0       20084000   00000800  00000110  000006f0  RWIX
  CPU2TOCMMSGRAM1       20084800   00000800  00000000  00000800  RWIX
  CMTOCPU2MSGRAM0       20086000   00000800  00000110  000006f0  RWIX
  CMTOCPU2MSGRAM1       20086800   00000800  00000000  00000800  RWIX


SEGMENT ALLOCATION MAP

run origin  load origin   length   init length attrs members
----------  ----------- ---------- ----------- ----- -------
00200000    00200000    00000006   00000006    r-x
  00200000    00200000    00000006   00000006    r-x .resetisr
002002e8    002002e8    00000068   00000068    r--
  002002e8    002002e8    00000068   00000068    r-- .cinit
00200400    00200400    00000140   00000140    r--
  00200400    00200400    00000140   00000140    r-- .vftable
00210000    00210000    0000b7e8   0000b7e8    r-x
  00210000    00210000    0000b7e8   0000b7e8    r-x .text
1fffe000    1fffe000    00000100   00000000    rw-
  1fffe000    1fffe000    00000100   00000000    rw- .stack
20000800    20000800    000097c1   00000000    rw-
  20000800    20000800    000097c1   00000000    rw- .bss
20009fc4    00200008    0000016c   0000016c    r--
  20009fc4    00200008    0000016c   0000016c    r-- .const
2000a130    00200178    0000016c   0000016c    r-x
  2000a130    00200178    0000016c   0000016c    r-x .TI.ramfunc
2000a29c    2000a29c    000000d8   00000000    rw-
  2000a29c    2000a29c    000000d8   00000000    rw- .data
2000a400    2000a400    00000140   00000000    rw-
  2000a400    2000a400    00000140   00000000    rw- .vtable
20080000    20080000    00000110   00000000    rw-
  20080000    20080000    00000110   00000000    rw- MSGRAM_CPU1_TO_CM
20082000    20082000    00000550   00000000    rw-
  20082000    20082000    00000550   00000000    rw- MSGRAM_CM_TO_CPU1
20084000    20084000    00000110   00000000    rw-
  20084000    20084000    00000110   00000000    rw- MSGRAM_CPU2_TO_CM
20086000    20086000    00000110   00000000    rw-
  20086000    20086000    00000110   00000000    rw- MSGRAM_CM_TO_CPU2


SECTION ALLOCATION MAP

 output                                  attributes/
section   page    origin      length       input sections
--------  ----  ----------  ----------   ----------------
.resetisr 
*          0    00200000    00000006     
                  00200000    00000006     startup_ccs.obj (.resetisr:ResetISR)

.cinit     0    002002e8    00000068     
                  002002e8    00000033     (.cinit..data.load) [load image, compression = lzss]
                  0020031b    00000001     --HOLE-- [fill = 0]
                  0020031c    0000000c     (__TI_handler_table)
                  00200328    00000008     (.cinit..bss.load) [load image, compression = zero_init]
                  00200330    00000008     (.cinit..vtable.load) [load image, compression = zero_init]
                  00200338    00000018     (__TI_cinit_table)

.vftable   0    00200400    00000140     
                  00200400    00000140     startup_ccs.obj (.vftable)

.vtable    0    2000a400    00000140     UNINITIALIZED
                  2000a400    00000140     driverlib_cm.lib : interrupt.obj (.vtable)

.stack     0    1fffe000    00000100     UNINITIALIZED
                  1fffe000    00000004     rtsv7M4_T_le_eabi.lib : boot_cortex_m.c.obj (.stack)
                  1fffe004    000000fc     --HOLE--

.const     0    00200008    0000016c     RUN ADDR = 20009fc4
                  00200008    00000088     driverlib_cm.lib : ipc.obj (.const:IPC_Instance)
                  00200090    00000020     lwiplib.obj (.const:memp_pools)
                  002000b0    00000010     lwiplib.obj (.const:lwip_cyclic_timers)
                  002000c0    00000010     lwiplib.obj (.const:memp_ARP_QUEUE)
                  002000d0    00000010     lwiplib.obj (.const:memp_PBUF)
                  002000e0    00000010     lwiplib.obj (.const:memp_PBUF_POOL)
                  002000f0    00000010     lwiplib.obj (.const:memp_SYS_TIMEOUT)
                  00200100    00000010     lwiplib.obj (.const:memp_TCP_PCB)
                  00200110    00000010     lwiplib.obj (.const:memp_TCP_PCB_LISTEN)
                  00200120    00000010     lwiplib.obj (.const:memp_TCP_SEG)
                  00200130    00000010     lwiplib.obj (.const:memp_UDP_PCB)
                  00200140    00000010     lwiplib.obj (.const:tcp_pcb_lists)
                  00200150    0000000d     lwiplib.obj (.const:.string:tcp_backoff)
                  0020015d    00000007     lwiplib.obj (.const:.string:tcp_persist_backoff)
                  00200164    00000006     lwiplib.obj (.const:ethbroadcast)
                  0020016a    00000006     lwiplib.obj (.const:ethzero)
                  00200170    00000004     lwiplib.obj (.const:ip_addr_any)

.TI.ramfunc 
*          0    00200178    0000016c     RUN ADDR = 2000a130
                  00200178    00000070     driverlib_cm.lib : flash.obj (.TI.ramfunc:Flash_initModule)
                  002001e8    00000030                      : flash.obj (.TI.ramfunc:Flash_setBankPowerMode)
                  00200218    00000022                      : flash.obj (.TI.ramfunc:Flash_setWaitstates)
                  0020023a    00000020                      : flash.obj (.TI.ramfunc:Flash_setPumpPowerMode)
                  0020025a    0000001a                      : flash.obj (.TI.ramfunc:Flash_enableECC)
                  00200274    00000018                      : flash.obj (.TI.ramfunc:Flash_disableDataCache)
                  0020028c    00000018                      : flash.obj (.TI.ramfunc:Flash_disableProgramCache)
                  002002a4    00000018                      : flash.obj (.TI.ramfunc:Flash_enableDataCache)
                  002002bc    00000018                      : flash.obj (.TI.ramfunc:Flash_enableProgramCache)
                  002002d4    00000008                      : flash.obj (.tramp.Flash_unlockECCRegisters.1)
                  002002dc    00000008                      : flash.obj (.tramp.Flash_unlockCtrlRegisters.1)

.bss       0    20000800    000097c1     UNINITIALIZED
                  20000800    00006504     (.common:memp_memory_PBUF_POOL_base)
                  20006d04    00001014     (.common:ram_heap)
                  20007d18    00000c04     (.common:Ethernet_rxBuffer)
                  2000891c    00000754     (.common:memp_memory_TCP_PCB_base)
                  20009070    0000025c     (.common:Ethernet_device_struct)
                  200092cc    00000258     (.common:buf_rx_cm)
                  20009524    00000200     (.common:Ethernet_descArray)
                  20009724    00000104     (.common:memp_memory_PBUF_base)
                  20009828    00000104     (.common:memp_memory_TCP_PCB_LISTEN_base)
                  2000992c    00000104     (.common:memp_memory_TCP_SEG_base)
                  20009a30    000000f4     (.common:memp_memory_ARP_QUEUE_base)
                  20009b24    000000f0     lwiplib.obj (.bss:arp_table)
                  20009c14    000000bc     (.common:lwip_stats)
                  20009cd0    00000084     (.common:memp_memory_UDP_PCB_base)
                  20009d54    00000070     lwiplib.obj (.bss)
                  20009dc4    00000064     f2838xif.obj (.bss:f2838xif_data)
                  20009e28    00000048     (.common:Ethernet_pktDescriptorRX)
                  20009e70    0000003c     lwiplib.obj (.bss:g_sNetIF)
                  20009eac    0000003c     lwiplib.obj (.bss:loop_netif)
                  20009ee8    00000024     (.common:memp_memory_SYS_TIMEOUT_base)
                  20009f0c    00000018     (.common:ip_data)
                  20009f24    00000010     lwiplib.obj (.bss:inseg)
                  20009f34    0000000a     lwiplib.obj (.bss:memp_stats_ARP_QUEUE)
                  20009f3e    0000000a     lwiplib.obj (.bss:memp_stats_PBUF)
                  20009f48    0000000a     lwiplib.obj (.bss:memp_stats_PBUF_POOL)
                  20009f52    0000000a     lwiplib.obj (.bss:memp_stats_SYS_TIMEOUT)
                  20009f5c    0000000a     lwiplib.obj (.bss:memp_stats_TCP_PCB)
                  20009f66    0000000a     lwiplib.obj (.bss:memp_stats_TCP_PCB_LISTEN)
                  20009f70    0000000a     lwiplib.obj (.bss:memp_stats_TCP_SEG)
                  20009f7a    0000000a     lwiplib.obj (.bss:memp_stats_UDP_PCB)
                  20009f84    00000004     (.common:Rxtcb)
                  20009f88    00000004     (.common:emac_handle)
                  20009f8c    00000004     (.common:netif_default)
                  20009f90    00000004     (.common:netif_list)
                  20009f94    00000004     (.common:pInitCfg)
                  20009f98    00000004     (.common:pktCounter)
                  20009f9c    00000004     (.common:tcp_active_pcbs)
                  20009fa0    00000004     (.common:tcp_bound_pcbs)
                  20009fa4    00000004     (.common:tcp_echoserver_pcb)
                  20009fa8    00000004     (.common:tcp_input_pcb)
                  20009fac    00000004     (.common:tcp_listen_pcbs)
                  20009fb0    00000004     (.common:tcp_ticks)
                  20009fb4    00000004     (.common:tcp_tw_pcbs)
                  20009fb8    00000004     (.common:udp_pcbs)
                  20009fbc    00000002     (.common:cont_rx_udp)
                  20009fbe    00000001     (.common:gReadAPI)
                  20009fbf    00000001     (.common:pbuf_free_ooseq_pending)
                  20009fc0    00000001     (.common:tcp_active_pcbs_changed)

.data      0    2000a29c    000000d8     UNINITIALIZED
                  2000a29c    0000005c     driverlib_cm.lib : ethernet.obj (.data)
                  2000a2f8    00000040     enet_lwip_udp.obj (.data)
                  2000a338    00000020     lwiplib.obj (.data)
                  2000a358    00000010     f2838xif.obj (.data)
                  2000a368    00000008     rtsv7M4_T_le_eabi.lib : _lock.c.obj (.data:$O1$$)
                  2000a370    00000004                           : rand.c.obj (.data)

MSGRAM_CPU1_TO_CM 
*          0    20080000    00000110     UNINITIALIZED
                  20080000    00000110     driverlib_cm.lib : ipc.obj (MSGRAM_CPU1_TO_CM)

MSGRAM_CM_TO_CPU1 
*          0    20082000    00000550     UNINITIALIZED
                  20082000    00000440     enet_lwip_udp.obj (MSGRAM_CM_TO_CPU1)
                  20082440    00000110     driverlib_cm.lib : ipc.obj (MSGRAM_CM_TO_CPU1)

MSGRAM_CPU2_TO_CM 
*          0    20084000    00000110     UNINITIALIZED
                  20084000    00000110     driverlib_cm.lib : ipc.obj (MSGRAM_CPU2_TO_CM)

MSGRAM_CM_TO_CPU2 
*          0    20086000    00000110     UNINITIALIZED
                  20086000    00000110     driverlib_cm.lib : ipc.obj (MSGRAM_CM_TO_CPU2)

__llvm_prf_cnts 
*          0    20000800    00000000     UNINITIALIZED

.text      0    00210000    0000b7e8     
                  00210000    00000b9c     lwiplib.obj (.text:tcp_receive)
                  00210b9c    000006cc     lwiplib.obj (.text:tcp_input)
                  00211268    000006c4     lwiplib.obj (.text:tcp_process)
                  0021192c    00000590     lwiplib.obj (.text:tcp_write)
                  00211ebc    0000050c     lwiplib.obj (.text:tcp_slowtmr)
                  002123c8    000004f4     driverlib_cm.lib : ethernet.obj (.text:Ethernet_genericISR)
                  002128bc    0000033c                      : ethernet.obj (.text:Ethernet_addPacketsIntoTxQueue)
                  00212bf8    00000306     lwiplib.obj (.text:tcp_output)
                  00212efe    00000002     startup_ccs.obj (.text:FaultISR)
                  00212f00    000002cc     driverlib_cm.lib : ethernet.obj (.text:Ethernet_removePacketsFromRxQueue)
                  002131cc    000002b8     lwiplib.obj (.text:ip4_input)
                  00213484    00000280     lwiplib.obj (.text:icmp_input)
                  00213704    00000264     lwiplib.obj (.text:etharp_query)
                  00213968    00000258     lwiplib.obj (.text:etharp_find_entry)
                  00213bc0    0000024c     lwiplib.obj (.text:udp_input)
                  00213e0c    00000248     driverlib_cm.lib : ethernet.obj (.text:Ethernet_getInitConfig)
                  00214054    0000022c     lwiplib.obj (.text:tcp_split_unsent_seg)
                  00214280    000001e8     enet_lwip_udp.obj (.text:Ethernet_genericISRCustom)
                  00214468    000001e8     lwiplib.obj (.text:mem_trim)
                  00214650    000001d8     lwiplib.obj (.text:ip4_output_if_src)
                  00214828    000001d4     lwiplib.obj (.text:tcp_listen_input)
                  002149fc    000001c8     f2838xif.obj (.text:f2838xif_transmit)
                  00214bc4    000001c0     lwiplib.obj (.text:mem_malloc)
                  00214d84    000001bc     driverlib_cm.lib : ethernet.obj (.text:Ethernet_getHandle)
                  00214f40    000001b0     lwiplib.obj (.text:pbuf_alloc)
                  002150f0    000001a4     enet_lwip_udp.obj (.text:Ethernet_init)
                  00215294    000001a0     lwiplib.obj (.text:etharp_output)
                  00215434    0000017c     lwiplib.obj (.text:tcp_close_shutdown)
                  002155b0    00000150     lwiplib.obj (.text:tcp_enqueue_flags)
                  00215700    00000148     lwiplib.obj (.text:tcp_listen_with_backlog_and_err)
                  00215848    00000144     lwiplib.obj (.text:tcp_abandon)
                  0021598c    00000144     lwiplib.obj (.text:tcp_output_segment)
                  00215ad0    0000013c     driverlib_cm.lib : ethernet.obj (.text:Ethernet_initRxChannel)
                  00215c0c    00000134                      : ethernet.obj (.text:Ethernet_removePacketsFromTxQueue)
                  00215d40    00000134     lwiplib.obj (.text:netif_add)
                  00215e74    00000134     lwiplib.obj (.text:tcp_alloc)
                  00215fa8    00000128     lwiplib.obj (.text:ethernet_input)
                  002160d0    00000124     driverlib_cm.lib : ethernet.obj (.text:Ethernet_initTxChannel)
                  002161f4    00000118     lwiplib.obj (.text:etharp_update_arp_entry)
                  0021630c    00000118     lwiplib.obj (.text:netif_loop_output)
                  00216424    00000110     lwiplib.obj (.text:etharp_input)
                  00216534    0000010c     GrlPDComm.obj (.text:grl_tcp_recv_data_pop)
                  00216640    0000010a     lwiplib.obj (.text:tcp_zero_window_probe)
                  0021674a    00000002     startup_ccs.obj (.text:IntDefaultHandler)
                  0021674c    00000108     driverlib_cm.lib : ethernet.obj (.text:Ethernet_sendPacket)
                  00216854    00000108     enet_lwip_udp.obj (.text:IPC_ISR0)
                  0021695c    00000104     lwiplib.obj (.text:tcp_create_segment)
                  00216a60    00000100     lwiplib.obj (.text:etharp_tmr)
                  00216b60    000000fc     driverlib_cm.lib : ethernet.obj (.text:Ethernet_initInterface)
                  00216c5c    000000fc     lwiplib.obj (.text:tcp_bind)
                  00216d58    000000f8     enet_lwip_udp.obj (.text:main)
                  00216e50    000000f6     lwiplib.obj (.text:pbuf_copy)
                  00216f46    00000002     startup_ccs.obj (.text:NmiSR)
                  00216f48    000000f4     lwiplib.obj (.text:mem_free)
                  0021703c    000000e8     driverlib_cm.lib : interrupt.obj (.text:Interrupt_setPriority)
                  00217124    000000e4     lwiplib.obj (.text:ip4_route)
                  00217208    000000de     lwiplib.obj (.text:inet_cksum_pseudo_base)
                  002172e6    00000002     rtsv7M4_T_le_eabi.lib : _lock.c.obj (.text:_nop)
                  002172e8    000000dc     driverlib_cm.lib : ipc.obj (.text:IPC_sendCommand)
                  002173c4    000000dc     lwiplib.obj (.text:etharp_output_to_arp_index)
                  002174a0    000000dc     lwiplib.obj (.text:pbuf_copy_partial)
                  0021757c    000000d6     driverlib_cm.lib : ethernet.obj (.text:Ethernet_writeTxDMAControl)
                  00217652    000000cc     lwiplib.obj (.text:tcp_process_refused_data)
                  0021771e    000000ca     lwiplib.obj (.text:tcp_send_empty_ack)
                  002177e8    000000c4     lwiplib.obj (.text:etharp_raw)
                  002178ac    000000c0     driverlib_cm.lib : ipc.obj (.text:IPC_readCommand)
                  0021796c    000000bc     lwiplib.obj (.text:sys_timeout_abs)
                  00217a28    000000b8     lwiplib.obj (.text:pbuf_realloc)
                  00217ae0    000000b8     lwiplib.obj (.text:tcp_parseopt)
                  00217b98    000000b4     lwiplib.obj (.text:tcp_oos_insert_segment)
                  00217c4c    000000b4     lwiplib.obj (.text:tcp_timewait_input)
                  00217d00    000000b2     lwiplib.obj (.text:lwip_standard_chksum)
                  00217db2    00000002     lwiplib.obj (.text:stats_init)
                  00217db4    000000b0     lwiplib.obj (.text:icmp_send_response)
                  00217e64    000000b0     lwiplib.obj (.text:plug_holes)
                  00217f14    000000b0     lwiplib.obj (.text:tcp_fasttmr)
                  00217fc4    000000ac     lwiplib.obj (.text:pbuf_add_header_impl)
                  00218070    000000ac     lwiplib.obj (.text:tcp_pbuf_prealloc)
                  0021811c    000000a6     lwiplib.obj (.text:pbuf_free)
                  002181c2    00000002     --HOLE-- [fill = 0]
                  002181c4    000000a4     lwiplib.obj (.text:tcp_kill_prio)
                  00218268    000000a0     lwiplib.obj (.text:inet_chksum_pbuf)
                  00218308    000000a0     lwiplib.obj (.text:tcp_close_shutdown_fin)
                  002183a8    000000a0     lwiplib.obj (.text:tcp_output_control_segment)
                  00218448    000000a0     lwiplib.obj (.text:tcp_write_checks)
                  002184e8    0000009c     driverlib_cm.lib : ethernet.obj (.text:Ethernet_writePHYRegister)
                  00218584    0000009c     lwiplib.obj (.text:lwIPServiceTimers)
                  00218620    0000009c     rtsv7M4_T_le_eabi.lib : memcpy_t2.asm.obj (.text)
                  002186bc    0000009c     lwiplib.obj (.text:tcp_free_acked_segments)
                  00218758    0000009c     lwiplib.obj (.text:tcp_new_port)
                  002187f4    0000009a     lwiplib.obj (.text:tcp_rexmit)
                  0021888e    0000009a     lwiplib.obj (.text:tcp_rexmit_rto_prepare)
                  00218928    00000098     GrlPDComm.obj (.text:tcpRxdataHandler)
                  002189c0    00000098     lwiplib.obj (.text:tcp_output_alloc_header_common)
                  00218a58    00000096     driverlib_cm.lib : ethernet.obj (.text:Ethernet_writeRxDMAControl)
                  00218aee    00000094     lwiplib.obj (.text:tcp_pcb_remove)
                  00218b82    00000092     enet_lwip_udp.obj (.text:tcp_echoserver_send)
                  00218c14    0000008e     lwiplib.obj (.text:tcp_rexmit_fast)
                  00218ca2    00000002     --HOLE-- [fill = 0]
                  00218ca4    00000088     driverlib_cm.lib : ethernet.obj (.text:Ethernet_addPacketsIntoRxQueue)
                  00218d2c    00000088     lwiplib.obj (.text:udp_input_local_match)
                  00218db4    00000084     lwiplib.obj (.text:lwIPPrivateInit)
                  00218e38    00000080     driverlib_cm.lib : interrupt.obj (.text:Interrupt_disable)
                  00218eb8    00000080                      : interrupt.obj (.text:Interrupt_enable)
                  00218f38    0000007c     lwiplib.obj (.text:netif_set_addr)
                  00218fb4    0000007c     lwiplib.obj (.text:sys_check_timeouts)
                  00219030    0000007c     enet_lwip_udp.obj (.text:tcp_echoserver_accept)
                  002190ac    0000007a     lwiplib.obj (.text:inet_chksum_pseudo)
                  00219126    0000007a     rtsv7M4_T_le_eabi.lib : memset_t2.asm.obj (.text)
                  002191a0    00000078     f2838xif.obj (.text:f2838xif_hwinit)
                  00219218    00000078     lwiplib.obj (.text:mem_init)
                  00219290    00000078     lwiplib.obj (.text:mem_link_valid)
                  00219308    00000078     lwiplib.obj (.text:tcp_output_fill_options)
                  00219380    00000076     lwiplib.obj (.text:tcp_update_rcv_ann_wnd)
                  002193f6    00000074     lwiplib.obj (.text:tcp_pcb_purge)
                  0021946a    00000072     driverlib_cm.lib : ethernet.obj (.text:Ethernet_readPHYRegister)
                  002194dc    00000070                      : ethernet.obj (.text:Ethernet_receiveISR)
                  0021954c    00000070                      : ethernet.obj (.text:Ethernet_transmitISR)
                  002195bc    00000070                      : sysctl.obj (.text:SysCtl_resetPeripheral)
                  0021962c    00000070     lwiplib.obj (.text:ethernet_output)
                  0021969c    0000006e     lwiplib.obj (.text:pbuf_remove_header)
                  0021970a    00000002     --HOLE-- [fill = 0]
                  0021970c    0000006c     f2838xif.obj (.text:f2838xif_receive)
                  00219778    0000006c     lwiplib.obj (.text:ip4_addr_isbroadcast_u32)
                  002197e4    0000006c     lwiplib.obj (.text:tcp_eff_send_mss_netif)
                  00219850    0000006c     lwiplib.obj (.text:tcp_kill_state)
                  002198bc    0000006c     lwiplib.obj (.text:tcp_netif_ip_addr_changed)
                  00219928    0000006a     lwiplib.obj (.text:do_memp_malloc_pool)
                  00219992    00000068     rtsv7M4_T_le_eabi.lib : copy_decompress_lzss.c.obj (.text:decompress:lzss:__TI_decompress_lzss)
                  002199fa    00000066     lwiplib.obj (.text:tcp_rst)
                  00219a60    00000064     lwiplib.obj (.text:lwip_cyclic_timer)
                  00219ac4    00000064     lwiplib.obj (.text:tcp_get_next_optbyte)
                  00219b28    00000064     lwiplib.obj (.text:tcp_recved)
                  00219b8c    00000060     driverlib_cm.lib : ethernet.obj (.text:Ethernet_getPacketBuffer)
                  00219bec    00000060     f2838xif.obj (.text:f2838xif_init)
                  00219c4c    0000005e     lwiplib.obj (.text:tcp_send_fin)
                  00219caa    00000002     --HOLE-- [fill = 0]
                  00219cac    0000005c     driverlib_cm.lib : interrupt.obj (.text:Interrupt_registerHandler)
                  00219d08    0000005a     lwiplib.obj (.text:memp_init_pool)
                  00219d62    00000002     --HOLE-- [fill = 0]
                  00219d64    00000058     enet_lwip_udp.obj (.text:my_tcp_init)
                  00219dbc    00000056     lwiplib.obj (.text:netif_do_set_ipaddr)
                  00219e12    00000002     --HOLE-- [fill = 0]
                  00219e14    00000054     enet_lwip_udp.obj (.text:grlTcpDataTx)
                  00219e68    00000054     lwiplib.obj (.text:tcp_keepalive)
                  00219ebc    00000054     lwiplib.obj (.text:tcp_kill_timewait)
                  00219f10    00000054     lwiplib.obj (.text:tcp_output_alloc_header)
                  00219f64    00000050     enet_lwip_udp.obj (.text:CM_init)
                  00219fb4    00000050     f2838xif.obj (.text:f2838xif_process_transmit)
                  0021a004    00000050     enet_lwip_udp.obj (.text:grltcpServerRecv)
                  0021a054    00000050     lwiplib.obj (.text:memp_init)
                  0021a0a4    00000050     enet_lwip_udp.obj (.text:tcp_echoserver_poll)
                  0021a0f4    00000050     lwiplib.obj (.text:udp_netif_ip_addr_changed)
                  0021a144    0000004c     lwiplib.obj (.text:netif_init)
                  0021a190    0000004c     lwiplib.obj (.text:tcp_input_delayed_close)
                  0021a1dc    0000004a     lwiplib.obj (.text:pbuf_cat)
                  0021a226    00000002     --HOLE-- [fill = 0]
                  0021a228    00000048     driverlib_cm.lib : sysctl.obj (.text:SysCtl_enablePeripheral)
                  0021a270    00000048     lwiplib.obj (.text:etharp_free_entry)
                  0021a2b8    00000048     lwiplib.obj (.text:ip4_output_if)
                  0021a300    00000048     lwiplib.obj (.text:pbuf_free_ooseq)
                  0021a348    00000048     lwiplib.obj (.text:pbuf_init_alloced_pbuf)
                  0021a390    00000044     rtsv7M4_T_le_eabi.lib : autoinit.c.obj (.text:__TI_auto_init_nobinit_nopinit:__TI_auto_init_nobinit_nopinit)
                  0021a3d4    00000044     lwiplib.obj (.text:netif_get_by_index)
                  0021a418    00000044     lwiplib.obj (.text:tcp_recv_null)
                  0021a45c    00000042     driverlib_cm.lib : ethernet.obj (.text:Ethernet_performPushPacketQueueChain)
                  0021a49e    00000042     enet_lwip_udp.obj (.text:tcp_echoserver_connection_close)
                  0021a4e0    00000040     lwiplib.obj (.text:ip4_input_accept)
                  0021a520    00000040     lwiplib.obj (.text:lwIPInit)
                  0021a560    00000040     lwiplib.obj (.text:netif_issue_reports)
                  0021a5a0    00000040     lwiplib.obj (.text:pbuf_alloc_reference)
                  0021a5e0    00000040     lwiplib.obj (.text:tcp_handle_closepend)
                  0021a620    00000040     lwiplib.obj (.text:tcp_netif_ip_addr_changed_pcblist)
                  0021a660    0000003e     lwiplib.obj (.text:do_memp_free_pool)
                  0021a69e    0000003c     driverlib_cm.lib : ethernet.obj (.text:Ethernet_performPushOnPacketQueue)
                  0021a6da    0000003c                      : ethernet.obj (.text:Ethernet_setMACAddr)
                  0021a716    00000002     --HOLE-- [fill = 0]
                  0021a718    0000003c                      : ipc.obj (.text:IPC_registerInterrupt)
                  0021a754    0000003c     f2838xif.obj (.text:f2838xif_interrupt)
                  0021a790    0000003a     driverlib_cm.lib : ethernet.obj (.text:Ethernet_getMACAddr)
                  0021a7ca    00000002     --HOLE-- [fill = 0]
                  0021a7cc    00000038     lwiplib.obj (.text:etharp_request_dst)
                  0021a804    00000038     lwiplib.obj (.text:netif_loopif_init)
                  0021a83c    00000038     lwiplib.obj (.text:sys_timeouts_init)
                  0021a874    00000038     lwiplib.obj (.text:tcp_timer_needed)
                  0021a8ac    00000038     lwiplib.obj (.text:tcpip_tcp_timer)
                  0021a8e4    00000036     lwiplib.obj (.text:netif_do_set_gw)
                  0021a91a    00000036     lwiplib.obj (.text:netif_do_set_netmask)
                  0021a950    00000036     lwiplib.obj (.text:pbuf_clone)
                  0021a986    00000002     --HOLE-- [fill = 0]
                  0021a988    00000034     rtsv7M4_T_le_eabi.lib : rand.c.obj (.text:rand)
                  0021a9bc    00000032     driverlib_cm.lib : ethernet.obj (.text:Ethernet_enableMACRxQ)
                  0021a9ee    00000032     lwiplib.obj (.text:pbuf_header_impl)
                  0021aa20    00000030     driverlib_cm.lib : ethernet.obj (.text:Ethernet_configureEEEClockGatingControl)
                  0021aa50    00000030                      : ethernet.obj (.text:Ethernet_getOneStepTransmitTimestampPTP)
                  0021aa80    00000030     lwiplib.obj (.text:tcp_backlog_accepted)
                  0021aab0    00000030     lwiplib.obj (.text:tcp_listen_closed)
                  0021aae0    00000030     lwiplib.obj (.text:tcp_remove_listener)
                  0021ab10    0000002e     driverlib_cm.lib : ethernet.obj (.text:Ethernet_setMTLTxQueueOpMode)
                  0021ab3e    0000002e     lwiplib.obj (.text:pbuf_clen)
                  0021ab6c    0000002c     driverlib_cm.lib : ethernet.obj (.text:Ethernet_isTimestampIntActive)
                  0021ab98    0000002c                      : ethernet.obj (.text:Ethernet_isTransmitTimestampStatusSet)
                  0021abc4    0000002c     lwiplib.obj (.text:lwip_htonl)
                  0021abf0    0000002c     lwiplib.obj (.text:memp_free)
                  0021ac1c    0000002c     lwiplib.obj (.text:memp_malloc)
                  0021ac48    0000002c     lwiplib.obj (.text:netif_set_link_up)
                  0021ac74    0000002c     lwiplib.obj (.text:netif_set_up)
                  0021aca0    0000002c     lwiplib.obj (.text:tcp_close)
                  0021accc    0000002a     lwiplib.obj (.text:free_etharp_q)
                  0021acf6    0000002a     lwiplib.obj (.text:ip_chksum_pseudo)
                  0021ad20    0000002a     lwiplib.obj (.text:tcp_seg_copy)
                  0021ad4a    00000002     --HOLE-- [fill = 0]
                  0021ad4c    00000028     enet_lwip_udp.obj (.text:Ethernet_receivePacketCallbackCustom)
                  0021ad74    00000028     driverlib_cm.lib : ethernet.obj (.text:Ethernet_setMTLRxQueueOpMode)
                  0021ad9c    00000028     enet_lwip_udp.obj (.text:GPIO_togglePin)
                  0021adc4    00000028     GrlPDComm.obj (.text:IPC_waitForAck)
                  0021adec    00000028     lwiplib.obj (.text:lwIPEthernetIntHandler)
                  0021ae14    00000026     driverlib_cm.lib : ethernet.obj (.text:Ethernet_configureMDIO)
                  0021ae3a    00000026                      : ethernet.obj (.text:Ethernet_configureRevMIIAddress)
                  0021ae60    00000026                      : ethernet.obj (.text:Ethernet_disableRxDMAReception)
                  0021ae86    00000026                      : ethernet.obj (.text:Ethernet_enableRxDMAReception)
                  0021aeac    00000026                      : ethernet.obj (.text:Ethernet_getRxERICount)
                  0021aed2    00000026                      : ethernet.obj (.text:Ethernet_performPopOnPacketQueue)
                  0021aef8    00000026                      : ethernet.obj (.text:Ethernet_setRxDescRingLength)
                  0021af1e    00000026                      : ethernet.obj (.text:Ethernet_setTxDescRingLength)
                  0021af44    00000024                      : ethernet.obj (.text:Ethernet_disableDmaInterrupt)
                  0021af68    00000024                      : ethernet.obj (.text:Ethernet_enableDmaInterrupt)
                  0021af8c    00000024     enet_lwip_udp.obj (.text:IPC_ackFlagRtoL)
                  0021afb0    00000024     enet_lwip_udp.obj (.text:IPC_clearFlagLtoR)
                  0021afd4    00000024     rtsv7M4_T_le_eabi.lib : boot_cortex_m.c.obj (.text:_c_int00_noargs:_c_int00_noargs)
                  0021aff8    00000024     lwiplib.obj (.text:lwip_htons)
                  0021b01c    00000024     lwiplib.obj (.text:lwip_init)
                  0021b040    00000024     rtsv7M4_T_le_eabi.lib : memcmp.c.obj (.text:memcmp)
                  0021b064    00000024     lwiplib.obj (.text:pbuf_ref)
                  0021b088    00000024     lwiplib.obj (.text:sys_timeout)
                  0021b0ac    00000024     lwiplib.obj (.text:tcp_next_iss)
                  0021b0d0    00000024     lwiplib.obj (.text:tcp_poll)
                  0021b0f4    00000024     lwiplib.obj (.text:tcp_route)
                  0021b118    00000022     driverlib_cm.lib : ethernet.obj (.text:Ethernet_enableMTLInterrupt)
                  0021b13a    00000022     lwiplib.obj (.text:tcp_accept)
                  0021b15c    00000022     lwiplib.obj (.text:tcp_rexmit_rto_commit)
                  0021b17e    00000020     driverlib_cm.lib : ethernet.obj (.text:Ethernet_configurePHYAddress)
                  0021b19e    00000020                      : ethernet.obj (.text:Ethernet_resetModule)
                  0021b1be    00000002     --HOLE-- [fill = 0]
                  0021b1c0    00000020     lwiplib.obj (.text:pbuf_pool_is_empty)
                  0021b1e0    00000020     lwiplib.obj (.text:tcp_seg_free)
                  0021b200    00000020     lwiplib.obj (.text:tcp_segs_free)
                  0021b220    00000020     lwiplib.obj (.text:tcp_tmr)
                  0021b240    0000001e     driverlib_cm.lib : ethernet.obj (.text:Ethernet_clearDMAChannelInterrupt)
                  0021b25e    0000001e                      : ethernet.obj (.text:Ethernet_getPHYMode)
                  0021b27c    0000001e                      : ethernet.obj (.text:Ethernet_setMTLOpmode)
                  0021b29a    0000001e                      : ethernet.obj (.text:Ethernet_writeRxDescListAddress)
                  0021b2b8    0000001e                      : ethernet.obj (.text:Ethernet_writeRxDescTailPointer)
                  0021b2d6    0000001e                      : ethernet.obj (.text:Ethernet_writeTxDescListAddress)
                  0021b2f4    0000001e                      : ethernet.obj (.text:Ethernet_writeTxDescTailPointer)
                  0021b312    00000002     --HOLE-- [fill = 0]
                  0021b314    0000001c     lwiplib.obj (.text:ptr_to_mem)
                  0021b330    0000001a     lwiplib.obj (.text:tcp_free_ooseq)
                  0021b34a    0000001a     lwiplib.obj (.text:tcp_output_segment_busy)
                  0021b364    0000001a     lwiplib.obj (.text:tcp_setprio)
                  0021b37e    00000018     driverlib_cm.lib : ethernet.obj (.text:Ethernet_setMACPacketFilter)
                  0021b396    00000018     lwiplib.obj (.text:Interrupt_disableInProcessor)
                  0021b3ae    00000018     enet_lwip_udp.obj (.text:Interrupt_enableInProcessor)
                  0021b3c6    00000018     lwiplib.obj (.text:Interrupt_enableInProcessor)
                  0021b3de    00000002     --HOLE-- [fill = 0]
                  0021b3e0    00000018     enet_lwip_udp.obj (.text:SYSTICK_setPeriod)
                  0021b3f8    00000018     lwiplib.obj (.text:etharp_request)
                  0021b410    00000018     lwiplib.obj (.text:inet_chksum)
                  0021b428    00000018     lwiplib.obj (.text:lwIPTimer)
                  0021b440    00000018     lwiplib.obj (.text:mem_to_ptr)
                  0021b458    00000018     lwiplib.obj (.text:netif_do_ip_addr_changed)
                  0021b470    00000018     enet_lwip_udp.obj (.text:tcp_echoserver_error)
                  0021b488    00000018     lwiplib.obj (.text:tcp_err)
                  0021b4a0    00000018     lwiplib.obj (.text:tcp_init)
                  0021b4b8    00000018     lwiplib.obj (.text:tcp_recv)
                  0021b4d0    00000018     lwiplib.obj (.text:tcp_sent)
                  0021b4e8    00000018     lwiplib.obj (.text:udp_init)
                  0021b500    00000016     enet_lwip_udp.obj (.text:Ethernet_clearMACConfigurationCustom)
                  0021b516    00000016     driverlib_cm.lib : ethernet.obj (.text:Ethernet_disableTxEEEMode)
                  0021b52c    00000016                      : ethernet.obj (.text:Ethernet_setDMAMode)
                  0021b542    00000016                      : ethernet.obj (.text:Ethernet_setMACConfiguration)
                  0021b558    00000016     enet_lwip_udp.obj (.text:Ethernet_setMACConfigurationCustom)
                  0021b56e    00000016     lwiplib.obj (.text:icmp_dest_unreach)
                  0021b584    00000016     lwiplib.obj (.text:pbuf_header_force)
                  0021b59a    00000016     lwiplib.obj (.text:tcp_accept_null)
                  0021b5b0    00000016     lwiplib.obj (.text:tcp_arg)
                  0021b5c6    00000016     lwiplib.obj (.text:tcp_listen_with_backlog)
                  0021b5dc    00000014     driverlib_cm.lib : flash.obj (.text:Flash_unlockCtrlRegisters)
                  0021b5f0    00000014     enet_lwip_udp.obj (.text:Interrupt_setVectorTableOffset)
                  0021b604    00000014     enet_lwip_udp.obj (.text:SYSTICK_registerInterruptHandler)
                  0021b618    00000014     lwiplib.obj (.text:netif_set_default)
                  0021b62c    00000014     lwiplib.obj (.text:sys_arch_unprotect)
                  0021b640    00000014     lwiplib.obj (.text:tcp_rexmit_rto)
                  0021b654    00000012     driverlib_cm.lib : flash.obj (.text:Flash_unlockECCRegisters)
                  0021b666    00000012     f2838xif.obj (.text:f2838xif_output)
                  0021b678    00000012     lwiplib.obj (.text:netif_loop_output_ipv4)
                  0021b68a    00000012     lwiplib.obj (.text:netif_null_output_ip4)
                  0021b69c    00000012     lwiplib.obj (.text:pbuf_add_header)
                  0021b6ae    00000002     --HOLE-- [fill = 0]
                  0021b6b0    00000010     enet_lwip_udp.obj (.text:SYSTICK_enableCounter)
                  0021b6c0    00000010     enet_lwip_udp.obj (.text:SysCtl_disableWatchdog)
                  0021b6d0    00000010     enet_lwip_udp.obj (.text:lwIPHostTimerHandler)
                  0021b6e0    00000010     lwiplib.obj (.text:tcp_trigger_input_pcb_close)
                  0021b6f0    0000000e     enet_lwip_udp.obj (.text:Ethernet_releaseTxPacketBufferCustom)
                  0021b6fe    0000000e     driverlib_cm.lib : ethernet.obj (.text:Ethernet_returnTopOfPacketQueue)
                  0021b70c    0000000e                      : platform_port.obj (.text:Platform_enablePeripheral)
                  0021b71a    0000000e                      : platform_port.obj (.text:Platform_resetPeripheral)
                  0021b728    0000000e     rtsv7M4_T_le_eabi.lib : copy_decompress_none.c.obj (.text:decompress:none:__TI_decompress_none)
                  0021b736    0000000e     lwiplib.obj (.text:tcp_abort)
                  0021b744    0000000e     lwiplib.obj (.text:tcp_free)
                  0021b752    0000000e     lwiplib.obj (.text:tcp_free_listen)
                  0021b760    0000000c     driverlib_cm.lib : platform_port.obj (.text:Platform_disableInterrupt)
                  0021b76c    0000000c                      : platform_port.obj (.text:Platform_enableInterrupt)
                  0021b778    0000000c     rtsv7M4_T_le_eabi.lib : copy_zero_init.c.obj (.text:decompress:ZI:__TI_zero_init)
                  0021b784    0000000c     lwiplib.obj (.text:sys_now)
                  0021b790    0000000a     enet_lwip_udp.obj (.text:SYSTICK_enableInterrupt)
                  0021b79a    0000000a     enet_lwip_udp.obj (.text:SysTickIntHandler)
                  0021b7a4    0000000a     enet_lwip_udp.obj (.text:httpLEDToggle)
                  0021b7ae    0000000a     lwiplib.obj (.text:tcp_new)
                  0021b7b8    00000008     enet_lwip_udp.obj (.text:CPU_clearPRIMASK)
                  0021b7c0    00000008     lwiplib.obj (.text:CPU_clearPRIMASK)
                  0021b7c8    00000008     lwiplib.obj (.text:CPU_setPRIMASK)
                  0021b7d0    00000008     lwiplib.obj (.text:sys_arch_protect)
                  0021b7d8    00000004     rtsv7M4_T_le_eabi.lib : pre_init.c.obj (.text:_system_pre_init)
                  0021b7dc    00000004                           : exit.c.obj (.text:abort:abort)
                  0021b7e0    00000008     driverlib_cm.lib : flash.obj (.tramp.Flash_initModule.1)

MODULE SUMMARY

       Module                       code    ro data   rw data
       ------                       ----    -------   -------
    .\
       lwiplib.obj                  33412   456       33898  
       enet_lwip_udp.obj            2576    0         4842   
       f2838xif.obj                 938     0         116    
       GrlPDComm.obj                460     0         5      
       startup_ccs.obj              12      320       0      
    +--+----------------------------+-------+---------+---------+
       Total:                       37398   776       38861  
                                                             
    C:/ti/c2000/C2000Ware_4_00_00_00/driverlib/f2838x/driverlib_cm/ccs/Debug/driverlib_cm.lib
       ethernet.obj                 7714    0         1280   
       ipc.obj                      472     272       1088   
       interrupt.obj                580     0         320    
       flash.obj                    774     0         0      
       sysctl.obj                   184     0         0      
       platform_port.obj            52      0         0      
    +--+----------------------------+-------+---------+---------+
       Total:                       9776    272       2688   
                                                             
    C:\ti\ccs1040\ccs\tools\compiler\ti-cgt-arm_20.2.5.LTS\lib\rtsv7M4_T_le_eabi.lib
       memcpy_t2.asm.obj            156     0         0      
       memset_t2.asm.obj            122     0         0      
       copy_decompress_lzss.c.obj   104     0         0      
       autoinit.c.obj               68      0         0      
       rand.c.obj                   52      0         4      
       boot_cortex_m.c.obj          36      0         0      
       memcmp.c.obj                 36      0         0      
       copy_decompress_none.c.obj   14      0         0      
       copy_zero_init.c.obj         12      0         0      
       _lock.c.obj                  2       0         8      
       exit.c.obj                   4       0         0      
       pre_init.c.obj               4       0         0      
    +--+----------------------------+-------+---------+---------+
       Total:                       610     0         12     
                                                             
       Stack:                       0       0         256    
       Linker Generated:            0       103       0      
    +--+----------------------------+-------+---------+---------+
       Grand Total:                 47784   1151      41817  


LINKER GENERATED COPY TABLES

__TI_cinit_table @ 00200338 records: 3, size/record: 8, table size: 24
	.data: load addr=002002e8, load size=00000033 bytes, run addr=2000a29c, run size=000000d8 bytes, compression=lzss
	.bss: load addr=00200328, load size=00000008 bytes, run addr=20000800, run size=000097c1 bytes, compression=zero_init
	.vtable: load addr=00200330, load size=00000008 bytes, run addr=2000a400, run size=00000140 bytes, compression=zero_init


LINKER GENERATED HANDLER TABLE

__TI_handler_table @ 0020031c records: 3, size/record: 4, table size: 12
	index: 0, handler: __TI_zero_init
	index: 1, handler: __TI_decompress_lzss
	index: 2, handler: __TI_decompress_none


FAR CALL TRAMPOLINES

callee name               trampoline name
   callee addr  tramp addr   call addr  call info
--------------  -----------  ---------  ----------------
Flash_initModule          $Tramp$TT$L$PI$$Flash_initModule
   2000a131     0021b7e0     00219f84   enet_lwip_udp.obj (.text:CM_init)
Flash_unlockECCRegisters  $Tramp$TT$L$PI$$Flash_unlockECCRegisters
   0021b655     2000a28c     2000a146   driverlib_cm.lib : flash.obj (.TI.ramfunc:Flash_initModule)
Flash_unlockCtrlRegisters  $Tramp$TT$L$PI$$Flash_unlockCtrlRegisters
   0021b5dd     2000a294     2000a140   driverlib_cm.lib : flash.obj (.TI.ramfunc:Flash_initModule)

[3 trampolines]
[3 trampoline calls]


GLOBAL SYMBOLS: SORTED ALPHABETICALLY BY Name 

address   name                                      
-------   ----                                      
0021b7dd  C$$EXIT                                   
00219f65  CM_init                                   
2000a2fd  Connected_udp_28000                       
00218ca5  Ethernet_addPacketsIntoRxQueue            
002128bd  Ethernet_addPacketsIntoTxQueue            
0021b241  Ethernet_clearDMAChannelInterrupt         
0021b501  Ethernet_clearMACConfigurationCustom      
0021aa21  Ethernet_configureEEEClockGatingControl   
0021ae15  Ethernet_configureMDIO                    
0021b17f  Ethernet_configurePHYAddress              
0021ae3b  Ethernet_configureRevMIIAddress           
20009524  Ethernet_descArray                        
20009070  Ethernet_device_struct                    
0021af45  Ethernet_disableDmaInterrupt              
0021ae61  Ethernet_disableRxDMAReception            
0021b517  Ethernet_disableTxEEEMode                 
2000a2b8  Ethernet_earlyRxInterruptCount            
2000a2bc  Ethernet_earlyTxInterruptCount            
2000a2d4  Ethernet_eeeRxLPIEntryCount               
2000a2d8  Ethernet_eeeRxLPIExitCount                
2000a2cc  Ethernet_eeeTxLPIEntryCount               
2000a2d0  Ethernet_eeeTxLPIExitCount                
0021af69  Ethernet_enableDmaInterrupt               
0021a9bd  Ethernet_enableMACRxQ                     
0021b119  Ethernet_enableMTLInterrupt               
0021ae87  Ethernet_enableRxDMAReception             
002123c9  Ethernet_genericISR                       
00214281  Ethernet_genericISRCustom                 
2000a2b4  Ethernet_genericInterruptCount            
2000a2c0  Ethernet_genericRxCompletionInterruptCount
00214d85  Ethernet_getHandle                        
00213e0d  Ethernet_getInitConfig                    
0021a791  Ethernet_getMACAddr                       
0021aa51  Ethernet_getOneStepTransmitTimestampPTP   
0021b25f  Ethernet_getPHYMode                       
00219b8d  Ethernet_getPacketBuffer                  
0021aead  Ethernet_getRxERICount                    
002150f1  Ethernet_init                             
00216b61  Ethernet_initInterface                    
00215ad1  Ethernet_initRxChannel                    
0021ab6d  Ethernet_isTimestampIntActive             
0021ab99  Ethernet_isTransmitTimestampStatusSet     
2000a2e0  Ethernet_magicPktReceivedCount            
2000a2a4  Ethernet_numGetPacketBufferCallback       
2000a2a0  Ethernet_numRxCallback                    
2000a300  Ethernet_numRxCallbackCustom              
2000a29c  Ethernet_numTxPktFreeCallback             
2000a2c4  Ethernet_phyLinkStatusChangeInterruptCount
20009e28  Ethernet_pktDescriptorRX                  
2000a2dc  Ethernet_pmtInterruptCount                
0021946b  Ethernet_readPHYRegister                  
002194dd  Ethernet_receiveISR                       
0021ad4d  Ethernet_receivePacketCallbackCustom      
0021b6f1  Ethernet_releaseTxPacketBufferCustom      
00212f01  Ethernet_removePacketsFromRxQueue         
00215c0d  Ethernet_removePacketsFromTxQueue         
0021b19f  Ethernet_resetModule                      
2000a2e4  Ethernet_rwakeupPktReceivedCount          
20007d18  Ethernet_rxBuffer                         
2000a2ec  Ethernet_rxChan0BufUnavail                
2000a2f4  Ethernet_rxChan1BufUnavail                
2000a2b0  Ethernet_rxContextTimeStamp               
2000a2ac  Ethernet_rxInterruptCount                 
2000a2c8  Ethernet_rxReplacementFailedCount         
0021674d  Ethernet_sendPacket                       
0021b52d  Ethernet_setDMAMode                       
0021a6db  Ethernet_setMACAddr                       
0021b543  Ethernet_setMACConfiguration              
0021b559  Ethernet_setMACConfigurationCustom        
0021b37f  Ethernet_setMACPacketFilter               
0021b27d  Ethernet_setMTLOpmode                     
0021ad75  Ethernet_setMTLRxQueueOpMode              
0021ab11  Ethernet_setMTLTxQueueOpMode              
0021aef9  Ethernet_setRxDescRingLength              
0021af1f  Ethernet_setTxDescRingLength              
0021954d  Ethernet_transmitISR                      
2000a2e8  Ethernet_txChan0BufUnavail                
2000a2f0  Ethernet_txChan1BufUnavail                
2000a2a8  Ethernet_txInterruptCount                 
002184e9  Ethernet_writePHYRegister                 
00218a59  Ethernet_writeRxDMAControl                
0021b29b  Ethernet_writeRxDescListAddress           
0021b2b9  Ethernet_writeRxDescTailPointer           
0021757d  Ethernet_writeTxDMAControl                
0021b2d7  Ethernet_writeTxDescListAddress           
0021b2f5  Ethernet_writeTxDescTailPointer           
2000a131  Flash_initModule                          
2000a32c  GWAddr                                    
2000a324  IPAddr                                    
20080000  IPC_CM_To_CPU1_GetBuffer                  
20082440  IPC_CM_To_CPU1_PutBuffer                  
20084000  IPC_CM_To_CPU2_GetBuffer                  
20086000  IPC_CM_To_CPU2_PutBuffer                  
00216855  IPC_ISR0                                  
20009fc4  IPC_Instance                              
002178ad  IPC_readCommand                           
0021a719  IPC_registerInterrupt                     
002172e9  IPC_sendCommand                           
00218e39  Interrupt_disable                         
00218eb9  Interrupt_enable                          
00219cad  Interrupt_registerHandler                 
0021703d  Interrupt_setPriority                     
2000a328  NetMask                                   
0021b761  Platform_disableInterrupt                 
0021b76d  Platform_enableInterrupt                  
0021b70d  Platform_enablePeripheral                 
0021b71b  Platform_resetPeripheral                  
002002e4  RamfuncsLoadEnd                           
0000016c  RamfuncsLoadSize                          
00200178  RamfuncsLoadStart                         
2000a29c  RamfuncsRunEnd                            
0000016c  RamfuncsRunSize                           
2000a130  RamfuncsRunStart                          
00200001  ResetISR                                  
20009f84  Rxtcb                                     
0021a229  SysCtl_enablePeripheral                   
002195bd  SysCtl_resetPeripheral                    
0021b79b  SysTickIntHandler                         
1fffe100  __STACK_END                               
00000100  __STACK_SIZE                              
00200338  __TI_CINIT_Base                           
00200350  __TI_CINIT_Limit                          
0020031c  __TI_Handler_Table_Base                   
00200328  __TI_Handler_Table_Limit                  
0021a391  __TI_auto_init_nobinit_nopinit            
00219993  __TI_decompress_lzss                      
0021b729  __TI_decompress_none                      
ffffffff  __TI_pprof_out_hndl                       
ffffffff  __TI_prof_data_size                       
ffffffff  __TI_prof_data_start                      
002002e8  __TI_static_base__                        
0021b779  __TI_zero_init                            
00219127  __aeabi_memclr                            
00219127  __aeabi_memclr4                           
00219127  __aeabi_memclr8                           
00218621  __aeabi_memcpy                            
00218621  __aeabi_memcpy4                           
00218621  __aeabi_memcpy8                           
00219129  __aeabi_memset                            
00219129  __aeabi_memset4                           
00219129  __aeabi_memset8                           
ffffffff  __binit__                                 
ffffffff  __c_args__                                
UNDEFED   __mpu_init                                
1fffe000  __stack                                   
20000800  __start___llvm_prf_cnts                   
20000800  __stop___llvm_prf_cnts                    
0021afd5  _c_int00_noargs                           
2000a368  _lock                                     
002172e7  _nop                                      
UNDEFED   _system_post_cinit                        
0021b7d9  _system_pre_init                          
2000a36c  _unlock                                   
0021b7dd  abort                                     
ffffffff  binit                                     
20082000  buf_rx                                    
200092cc  buf_rx_cm                                 
2000a2fe  cnt_Connected_udp_28000                   
2000a334  cnt_ms_TX_Htimer                          
2000a330  cnt_ms_lwip_Htimer                        
00200174  constLoadEnd                              
0000016c  constLoadSize                             
00200008  constLoadStart                            
2000a130  constRunEnd                               
0000016c  constRunSize                              
20009fc4  constRunStart                             
20009fbc  cont_rx_udp                               
2000a364  descriptorFreeErr                         
20009f88  emac_handle                               
00216425  etharp_input                              
00215295  etharp_output                             
00213705  etharp_query                              
0021b3f9  etharp_request                            
00216a61  etharp_tmr                                
2000a120  ethbroadcast                              
00215fa9  ethernet_input                            
0021962d  ethernet_output                           
2000a126  ethzero                                   
00219bed  f2838xif_init                             
0021a755  f2838xif_interrupt                        
0021970d  f2838xif_receive                          
2000a2fc  flag_TX_frame_UDP                         
20009fbe  gReadAPI                                  
2000a33c  g_ui32LocalTimer                          
2000a30c  genericISRCustomRBUcount                  
2000a314  genericISRCustomRIcount                   
2000a310  genericISRCustomROVcount                  
2000a308  genericISRCustomcount                     
00219e15  grlTcpDataTx                              
00216535  grl_tcp_recv_data_pop                     
0021b7a5  httpLEDToggle                             
0021b56f  icmp_dest_unreach                         
00213485  icmp_input                                
0021b411  inet_chksum                               
00218269  inet_chksum_pbuf                          
002190ad  inet_chksum_pseudo                        
00219779  ip4_addr_isbroadcast_u32                  
002131cd  ip4_input                                 
0021a2b9  ip4_output_if                             
00214651  ip4_output_if_src                         
00217125  ip4_route                                 
2000a12c  ip_addr_any                               
0021acf7  ip_chksum_pseudo                          
20009f0c  ip_data                                   
2000a320  ledtoggleFuncPtr                          
0021aded  lwIPEthernetIntHandler                    
0021b6d1  lwIPHostTimerHandler                      
0021a521  lwIPInit                                  
0021b429  lwIPTimer                                 
2000a06c  lwip_cyclic_timers                        
0021abc5  lwip_htonl                                
0021aff9  lwip_htons                                
0021b01d  lwip_init                                 
00217d01  lwip_standard_chksum                      
20009c14  lwip_stats                                
00216d59  main                                      
2000a358  mem_alloc_count                           
00216f49  mem_free                                  
2000a35c  mem_free_count                            
00219219  mem_init                                  
00214bc5  mem_malloc                                
00214469  mem_trim                                  
0021b041  memcmp                                    
00218621  memcpy                                    
2000a07c  memp_ARP_QUEUE                            
2000a08c  memp_PBUF                                 
2000a09c  memp_PBUF_POOL                            
2000a0ac  memp_SYS_TIMEOUT                          
2000a0bc  memp_TCP_PCB                              
2000a0cc  memp_TCP_PCB_LISTEN                       
2000a0dc  memp_TCP_SEG                              
2000a0ec  memp_UDP_PCB                              
0021abf1  memp_free                                 
0021a055  memp_init                                 
00219d09  memp_init_pool                            
0021ac1d  memp_malloc                               
20009a30  memp_memory_ARP_QUEUE_base                
20000800  memp_memory_PBUF_POOL_base                
20009724  memp_memory_PBUF_base                     
20009ee8  memp_memory_SYS_TIMEOUT_base              
20009828  memp_memory_TCP_PCB_LISTEN_base           
2000891c  memp_memory_TCP_PCB_base                  
2000992c  memp_memory_TCP_SEG_base                  
20009cd0  memp_memory_UDP_PCB_base                  
2000a04c  memp_pools                                
0021912f  memset                                    
2000a2f8  msTime                                    
00219d65  my_tcp_init                               
00215d41  netif_add                                 
20009f8c  netif_default                             
0021a3d5  netif_get_by_index                        
0021a145  netif_init                                
20009f90  netif_list                                
0021630d  netif_loop_output                         
00218f39  netif_set_addr                            
0021b619  netif_set_default                         
0021ac49  netif_set_link_up                         
0021ac75  netif_set_up                              
20009f94  pInitCfg                                  
0021b69d  pbuf_add_header                           
00214f41  pbuf_alloc                                
0021a5a1  pbuf_alloc_reference                      
0021a1dd  pbuf_cat                                  
0021ab3f  pbuf_clen                                 
0021a951  pbuf_clone                                
00216e51  pbuf_copy                                 
002174a1  pbuf_copy_partial                         
0021811d  pbuf_free                                 
0021a301  pbuf_free_ooseq                           
20009fbf  pbuf_free_ooseq_pending                   
0021b585  pbuf_header_force                         
00217a29  pbuf_realloc                              
0021b065  pbuf_ref                                  
0021969d  pbuf_remove_header                        
20009f98  pktCounter                                
2000a360  process_transmit_count                    
20006d04  ram_heap                                  
0021a989  rand                                      
2000a304  releaseTxCount                            
2000a31c  sendPacketFailedCount                     
00217db3  stats_init                                
0021b7d1  sys_arch_protect                          
0021b62d  sys_arch_unprotect                        
00218fb5  sys_check_timeouts                        
0021b785  sys_now                                   
0021b089  sys_timeout                               
0021a83d  sys_timeouts_init                         
2000a318  systickPeriodValue                        
00218929  tcpRxdataHandler                          
00215849  tcp_abandon                               
0021b737  tcp_abort                                 
0021b13b  tcp_accept                                
20009f9c  tcp_active_pcbs                           
20009fc0  tcp_active_pcbs_changed                   
00215e75  tcp_alloc                                 
0021b5b1  tcp_arg                                   
0021aa81  tcp_backlog_accepted                      
00216c5d  tcp_bind                                  
20009fa0  tcp_bound_pcbs                            
0021aca1  tcp_close                                 
20009fa4  tcp_echoserver_pcb                        
002197e5  tcp_eff_send_mss_netif                    
002155b1  tcp_enqueue_flags                         
0021b489  tcp_err                                   
00217f15  tcp_fasttmr                               
0021b745  tcp_free                                  
0021b331  tcp_free_ooseq                            
0021b4a1  tcp_init                                  
00210b9d  tcp_input                                 
20009fa8  tcp_input_pcb                             
00219e69  tcp_keepalive                             
20009fac  tcp_listen_pcbs                           
0021b5c7  tcp_listen_with_backlog                   
00215701  tcp_listen_with_backlog_and_err           
002198bd  tcp_netif_ip_addr_changed                 
0021b7af  tcp_new                                   
0021b0ad  tcp_next_iss                              
00212bf9  tcp_output                                
2000a0fc  tcp_pcb_lists                             
002193f7  tcp_pcb_purge                             
00218aef  tcp_pcb_remove                            
0021b0d1  tcp_poll                                  
00217653  tcp_process_refused_data                  
0021b4b9  tcp_recv                                  
0021a419  tcp_recv_null                             
00219b29  tcp_recved                                
002187f5  tcp_rexmit                                
00218c15  tcp_rexmit_fast                           
0021b641  tcp_rexmit_rto                            
0021b15d  tcp_rexmit_rto_commit                     
0021888f  tcp_rexmit_rto_prepare                    
002199fb  tcp_rst                                   
0021ad21  tcp_seg_copy                              
0021b1e1  tcp_seg_free                              
0021b201  tcp_segs_free                             
0021771f  tcp_send_empty_ack                        
00219c4d  tcp_send_fin                              
0021b4d1  tcp_sent                                  
0021b365  tcp_setprio                               
00211ebd  tcp_slowtmr                               
00214055  tcp_split_unsent_seg                      
20009fb0  tcp_ticks                                 
0021a875  tcp_timer_needed                          
0021b221  tcp_tmr                                   
0021b6e1  tcp_trigger_input_pcb_close               
20009fb4  tcp_tw_pcbs                               
00219381  tcp_update_rcv_ann_wnd                    
0021192d  tcp_write                                 
00216641  tcp_zero_window_probe                     
0021b4e9  udp_init                                  
00213bc1  udp_input                                 
0021a0f5  udp_netif_ip_addr_changed                 
20009fb8  udp_pcbs                                  
00200400  vectorTableFlash                          
2000a400  vectorTableRAM                            


GLOBAL SYMBOLS: SORTED BY Symbol Address 

address   name                                      
-------   ----                                      
00000100  __STACK_SIZE                              
0000016c  RamfuncsLoadSize                          
0000016c  RamfuncsRunSize                           
0000016c  constLoadSize                             
0000016c  constRunSize                              
00200001  ResetISR                                  
00200008  constLoadStart                            
00200174  constLoadEnd                              
00200178  RamfuncsLoadStart                         
002002e4  RamfuncsLoadEnd                           
002002e8  __TI_static_base__                        
0020031c  __TI_Handler_Table_Base                   
00200328  __TI_Handler_Table_Limit                  
00200338  __TI_CINIT_Base                           
00200350  __TI_CINIT_Limit                          
00200400  vectorTableFlash                          
00210b9d  tcp_input                                 
0021192d  tcp_write                                 
00211ebd  tcp_slowtmr                               
002123c9  Ethernet_genericISR                       
002128bd  Ethernet_addPacketsIntoTxQueue            
00212bf9  tcp_output                                
00212f01  Ethernet_removePacketsFromRxQueue         
002131cd  ip4_input                                 
00213485  icmp_input                                
00213705  etharp_query                              
00213bc1  udp_input                                 
00213e0d  Ethernet_getInitConfig                    
00214055  tcp_split_unsent_seg                      
00214281  Ethernet_genericISRCustom                 
00214469  mem_trim                                  
00214651  ip4_output_if_src                         
00214bc5  mem_malloc                                
00214d85  Ethernet_getHandle                        
00214f41  pbuf_alloc                                
002150f1  Ethernet_init                             
00215295  etharp_output                             
002155b1  tcp_enqueue_flags                         
00215701  tcp_listen_with_backlog_and_err           
00215849  tcp_abandon                               
00215ad1  Ethernet_initRxChannel                    
00215c0d  Ethernet_removePacketsFromTxQueue         
00215d41  netif_add                                 
00215e75  tcp_alloc                                 
00215fa9  ethernet_input                            
0021630d  netif_loop_output                         
00216425  etharp_input                              
00216535  grl_tcp_recv_data_pop                     
00216641  tcp_zero_window_probe                     
0021674d  Ethernet_sendPacket                       
00216855  IPC_ISR0                                  
00216a61  etharp_tmr                                
00216b61  Ethernet_initInterface                    
00216c5d  tcp_bind                                  
00216d59  main                                      
00216e51  pbuf_copy                                 
00216f49  mem_free                                  
0021703d  Interrupt_setPriority                     
00217125  ip4_route                                 
002172e7  _nop                                      
002172e9  IPC_sendCommand                           
002174a1  pbuf_copy_partial                         
0021757d  Ethernet_writeTxDMAControl                
00217653  tcp_process_refused_data                  
0021771f  tcp_send_empty_ack                        
002178ad  IPC_readCommand                           
00217a29  pbuf_realloc                              
00217d01  lwip_standard_chksum                      
00217db3  stats_init                                
00217f15  tcp_fasttmr                               
0021811d  pbuf_free                                 
00218269  inet_chksum_pbuf                          
002184e9  Ethernet_writePHYRegister                 
00218621  __aeabi_memcpy                            
00218621  __aeabi_memcpy4                           
00218621  __aeabi_memcpy8                           
00218621  memcpy                                    
002187f5  tcp_rexmit                                
0021888f  tcp_rexmit_rto_prepare                    
00218929  tcpRxdataHandler                          
00218a59  Ethernet_writeRxDMAControl                
00218aef  tcp_pcb_remove                            
00218c15  tcp_rexmit_fast                           
00218ca5  Ethernet_addPacketsIntoRxQueue            
00218e39  Interrupt_disable                         
00218eb9  Interrupt_enable                          
00218f39  netif_set_addr                            
00218fb5  sys_check_timeouts                        
002190ad  inet_chksum_pseudo                        
00219127  __aeabi_memclr                            
00219127  __aeabi_memclr4                           
00219127  __aeabi_memclr8                           
00219129  __aeabi_memset                            
00219129  __aeabi_memset4                           
00219129  __aeabi_memset8                           
0021912f  memset                                    
00219219  mem_init                                  
00219381  tcp_update_rcv_ann_wnd                    
002193f7  tcp_pcb_purge                             
0021946b  Ethernet_readPHYRegister                  
002194dd  Ethernet_receiveISR                       
0021954d  Ethernet_transmitISR                      
002195bd  SysCtl_resetPeripheral                    
0021962d  ethernet_output                           
0021969d  pbuf_remove_header                        
0021970d  f2838xif_receive                          
00219779  ip4_addr_isbroadcast_u32                  
002197e5  tcp_eff_send_mss_netif                    
002198bd  tcp_netif_ip_addr_changed                 
00219993  __TI_decompress_lzss                      
002199fb  tcp_rst                                   
00219b29  tcp_recved                                
00219b8d  Ethernet_getPacketBuffer                  
00219bed  f2838xif_init                             
00219c4d  tcp_send_fin                              
00219cad  Interrupt_registerHandler                 
00219d09  memp_init_pool                            
00219d65  my_tcp_init                               
00219e15  grlTcpDataTx                              
00219e69  tcp_keepalive                             
00219f65  CM_init                                   
0021a055  memp_init                                 
0021a0f5  udp_netif_ip_addr_changed                 
0021a145  netif_init                                
0021a1dd  pbuf_cat                                  
0021a229  SysCtl_enablePeripheral                   
0021a2b9  ip4_output_if                             
0021a301  pbuf_free_ooseq                           
0021a391  __TI_auto_init_nobinit_nopinit            
0021a3d5  netif_get_by_index                        
0021a419  tcp_recv_null                             
0021a521  lwIPInit                                  
0021a5a1  pbuf_alloc_reference                      
0021a6db  Ethernet_setMACAddr                       
0021a719  IPC_registerInterrupt                     
0021a755  f2838xif_interrupt                        
0021a791  Ethernet_getMACAddr                       
0021a83d  sys_timeouts_init                         
0021a875  tcp_timer_needed                          
0021a951  pbuf_clone                                
0021a989  rand                                      
0021a9bd  Ethernet_enableMACRxQ                     
0021aa21  Ethernet_configureEEEClockGatingControl   
0021aa51  Ethernet_getOneStepTransmitTimestampPTP   
0021aa81  tcp_backlog_accepted                      
0021ab11  Ethernet_setMTLTxQueueOpMode              
0021ab3f  pbuf_clen                                 
0021ab6d  Ethernet_isTimestampIntActive             
0021ab99  Ethernet_isTransmitTimestampStatusSet     
0021abc5  lwip_htonl                                
0021abf1  memp_free                                 
0021ac1d  memp_malloc                               
0021ac49  netif_set_link_up                         
0021ac75  netif_set_up                              
0021aca1  tcp_close                                 
0021acf7  ip_chksum_pseudo                          
0021ad21  tcp_seg_copy                              
0021ad4d  Ethernet_receivePacketCallbackCustom      
0021ad75  Ethernet_setMTLRxQueueOpMode              
0021aded  lwIPEthernetIntHandler                    
0021ae15  Ethernet_configureMDIO                    
0021ae3b  Ethernet_configureRevMIIAddress           
0021ae61  Ethernet_disableRxDMAReception            
0021ae87  Ethernet_enableRxDMAReception             
0021aead  Ethernet_getRxERICount                    
0021aef9  Ethernet_setRxDescRingLength              
0021af1f  Ethernet_setTxDescRingLength              
0021af45  Ethernet_disableDmaInterrupt              
0021af69  Ethernet_enableDmaInterrupt               
0021afd5  _c_int00_noargs                           
0021aff9  lwip_htons                                
0021b01d  lwip_init                                 
0021b041  memcmp                                    
0021b065  pbuf_ref                                  
0021b089  sys_timeout                               
0021b0ad  tcp_next_iss                              
0021b0d1  tcp_poll                                  
0021b119  Ethernet_enableMTLInterrupt               
0021b13b  tcp_accept                                
0021b15d  tcp_rexmit_rto_commit                     
0021b17f  Ethernet_configurePHYAddress              
0021b19f  Ethernet_resetModule                      
0021b1e1  tcp_seg_free                              
0021b201  tcp_segs_free                             
0021b221  tcp_tmr                                   
0021b241  Ethernet_clearDMAChannelInterrupt         
0021b25f  Ethernet_getPHYMode                       
0021b27d  Ethernet_setMTLOpmode                     
0021b29b  Ethernet_writeRxDescListAddress           
0021b2b9  Ethernet_writeRxDescTailPointer           
0021b2d7  Ethernet_writeTxDescListAddress           
0021b2f5  Ethernet_writeTxDescTailPointer           
0021b331  tcp_free_ooseq                            
0021b365  tcp_setprio                               
0021b37f  Ethernet_setMACPacketFilter               
0021b3f9  etharp_request                            
0021b411  inet_chksum                               
0021b429  lwIPTimer                                 
0021b489  tcp_err                                   
0021b4a1  tcp_init                                  
0021b4b9  tcp_recv                                  
0021b4d1  tcp_sent                                  
0021b4e9  udp_init                                  
0021b501  Ethernet_clearMACConfigurationCustom      
0021b517  Ethernet_disableTxEEEMode                 
0021b52d  Ethernet_setDMAMode                       
0021b543  Ethernet_setMACConfiguration              
0021b559  Ethernet_setMACConfigurationCustom        
0021b56f  icmp_dest_unreach                         
0021b585  pbuf_header_force                         
0021b5b1  tcp_arg                                   
0021b5c7  tcp_listen_with_backlog                   
0021b619  netif_set_default                         
0021b62d  sys_arch_unprotect                        
0021b641  tcp_rexmit_rto                            
0021b69d  pbuf_add_header                           
0021b6d1  lwIPHostTimerHandler                      
0021b6e1  tcp_trigger_input_pcb_close               
0021b6f1  Ethernet_releaseTxPacketBufferCustom      
0021b70d  Platform_enablePeripheral                 
0021b71b  Platform_resetPeripheral                  
0021b729  __TI_decompress_none                      
0021b737  tcp_abort                                 
0021b745  tcp_free                                  
0021b761  Platform_disableInterrupt                 
0021b76d  Platform_enableInterrupt                  
0021b779  __TI_zero_init                            
0021b785  sys_now                                   
0021b79b  SysTickIntHandler                         
0021b7a5  httpLEDToggle                             
0021b7af  tcp_new                                   
0021b7d1  sys_arch_protect                          
0021b7d9  _system_pre_init                          
0021b7dd  C$$EXIT                                   
0021b7dd  abort                                     
1fffe000  __stack                                   
1fffe100  __STACK_END                               
20000800  __start___llvm_prf_cnts                   
20000800  __stop___llvm_prf_cnts                    
20000800  memp_memory_PBUF_POOL_base                
20006d04  ram_heap                                  
20007d18  Ethernet_rxBuffer                         
2000891c  memp_memory_TCP_PCB_base                  
20009070  Ethernet_device_struct                    
200092cc  buf_rx_cm                                 
20009524  Ethernet_descArray                        
20009724  memp_memory_PBUF_base                     
20009828  memp_memory_TCP_PCB_LISTEN_base           
2000992c  memp_memory_TCP_SEG_base                  
20009a30  memp_memory_ARP_QUEUE_base                
20009c14  lwip_stats                                
20009cd0  memp_memory_UDP_PCB_base                  
20009e28  Ethernet_pktDescriptorRX                  
20009ee8  memp_memory_SYS_TIMEOUT_base              
20009f0c  ip_data                                   
20009f84  Rxtcb                                     
20009f88  emac_handle                               
20009f8c  netif_default                             
20009f90  netif_list                                
20009f94  pInitCfg                                  
20009f98  pktCounter                                
20009f9c  tcp_active_pcbs                           
20009fa0  tcp_bound_pcbs                            
20009fa4  tcp_echoserver_pcb                        
20009fa8  tcp_input_pcb                             
20009fac  tcp_listen_pcbs                           
20009fb0  tcp_ticks                                 
20009fb4  tcp_tw_pcbs                               
20009fb8  udp_pcbs                                  
20009fbc  cont_rx_udp                               
20009fbe  gReadAPI                                  
20009fbf  pbuf_free_ooseq_pending                   
20009fc0  tcp_active_pcbs_changed                   
20009fc4  IPC_Instance                              
20009fc4  constRunStart                             
2000a04c  memp_pools                                
2000a06c  lwip_cyclic_timers                        
2000a07c  memp_ARP_QUEUE                            
2000a08c  memp_PBUF                                 
2000a09c  memp_PBUF_POOL                            
2000a0ac  memp_SYS_TIMEOUT                          
2000a0bc  memp_TCP_PCB                              
2000a0cc  memp_TCP_PCB_LISTEN                       
2000a0dc  memp_TCP_SEG                              
2000a0ec  memp_UDP_PCB                              
2000a0fc  tcp_pcb_lists                             
2000a120  ethbroadcast                              
2000a126  ethzero                                   
2000a12c  ip_addr_any                               
2000a130  RamfuncsRunStart                          
2000a130  constRunEnd                               
2000a131  Flash_initModule                          
2000a29c  Ethernet_numTxPktFreeCallback             
2000a29c  RamfuncsRunEnd                            
2000a2a0  Ethernet_numRxCallback                    
2000a2a4  Ethernet_numGetPacketBufferCallback       
2000a2a8  Ethernet_txInterruptCount                 
2000a2ac  Ethernet_rxInterruptCount                 
2000a2b0  Ethernet_rxContextTimeStamp               
2000a2b4  Ethernet_genericInterruptCount            
2000a2b8  Ethernet_earlyRxInterruptCount            
2000a2bc  Ethernet_earlyTxInterruptCount            
2000a2c0  Ethernet_genericRxCompletionInterruptCount
2000a2c4  Ethernet_phyLinkStatusChangeInterruptCount
2000a2c8  Ethernet_rxReplacementFailedCount         
2000a2cc  Ethernet_eeeTxLPIEntryCount               
2000a2d0  Ethernet_eeeTxLPIExitCount                
2000a2d4  Ethernet_eeeRxLPIEntryCount               
2000a2d8  Ethernet_eeeRxLPIExitCount                
2000a2dc  Ethernet_pmtInterruptCount                
2000a2e0  Ethernet_magicPktReceivedCount            
2000a2e4  Ethernet_rwakeupPktReceivedCount          
2000a2e8  Ethernet_txChan0BufUnavail                
2000a2ec  Ethernet_rxChan0BufUnavail                
2000a2f0  Ethernet_txChan1BufUnavail                
2000a2f4  Ethernet_rxChan1BufUnavail                
2000a2f8  msTime                                    
2000a2fc  flag_TX_frame_UDP                         
2000a2fd  Connected_udp_28000                       
2000a2fe  cnt_Connected_udp_28000                   
2000a300  Ethernet_numRxCallbackCustom              
2000a304  releaseTxCount                            
2000a308  genericISRCustomcount                     
2000a30c  genericISRCustomRBUcount                  
2000a310  genericISRCustomROVcount                  
2000a314  genericISRCustomRIcount                   
2000a318  systickPeriodValue                        
2000a31c  sendPacketFailedCount                     
2000a320  ledtoggleFuncPtr                          
2000a324  IPAddr                                    
2000a328  NetMask                                   
2000a32c  GWAddr                                    
2000a330  cnt_ms_lwip_Htimer                        
2000a334  cnt_ms_TX_Htimer                          
2000a33c  g_ui32LocalTimer                          
2000a358  mem_alloc_count                           
2000a35c  mem_free_count                            
2000a360  process_transmit_count                    
2000a364  descriptorFreeErr                         
2000a368  _lock                                     
2000a36c  _unlock                                   
2000a400  vectorTableRAM                            
20080000  IPC_CM_To_CPU1_GetBuffer                  
20082000  buf_rx                                    
20082440  IPC_CM_To_CPU1_PutBuffer                  
20084000  IPC_CM_To_CPU2_GetBuffer                  
20086000  IPC_CM_To_CPU2_PutBuffer                  
ffffffff  __TI_pprof_out_hndl                       
ffffffff  __TI_prof_data_size                       
ffffffff  __TI_prof_data_start                      
ffffffff  __binit__                                 
ffffffff  __c_args__                                
ffffffff  binit                                     
UNDEFED   __mpu_init                                
UNDEFED   _system_post_cinit                        

[355 symbols]
