<?xml version="1.0" encoding="ISO-8859-1" ?>
<link_info>
   <banner>TMS320C2000 Linker PC v21.6.0.LTS</banner>
   <copyright>Copyright (c) 1996-2018 Texas Instruments Incorporated</copyright>
   <link_time>0x6221f694</link_time>
   <link_errors>0x63</link_errors>
   <output_file>GRL_SSBL_CPU1_IPC.out</output_file>
   <entry_point>
      <name>code_start</name>
      <address>0x80000</address>
   </entry_point>
   <input_file_list>
      <input_file id="fl-2">
         <path>.\</path>
         <kind>object</kind>
         <file>CPU1_SSBL_Main.obj</file>
         <name>CPU1_SSBL_Main.obj</name>
      </input_file>
      <input_file id="fl-3">
         <path>.\</path>
         <kind>object</kind>
         <file>f2838x_codestartbranch.obj</file>
         <name>f2838x_codestartbranch.obj</name>
      </input_file>
      <input_file id="fl-4">
         <path>.\device\</path>
         <kind>object</kind>
         <file>device.obj</file>
         <name>device.obj</name>
      </input_file>
      <input_file id="fl-c">
         <kind>object</kind>
         <file>&lt;internal&gt;</file>
         <name>&lt;internal&gt;</name>
      </input_file>
      <input_file id="fl-d">
         <path>C:\ti\C2000Ware_4_00_00_00\driverlib\f2838x\driverlib\ccs\Debug\</path>
         <kind>archive</kind>
         <file>driverlib.lib</file>
         <name>dcc.obj</name>
      </input_file>
      <input_file id="fl-e">
         <path>C:\ti\C2000Ware_4_00_00_00\driverlib\f2838x\driverlib\ccs\Debug\</path>
         <kind>archive</kind>
         <file>driverlib.lib</file>
         <name>flash.obj</name>
      </input_file>
      <input_file id="fl-f">
         <path>C:\ti\C2000Ware_4_00_00_00\driverlib\f2838x\driverlib\ccs\Debug\</path>
         <kind>archive</kind>
         <file>driverlib.lib</file>
         <name>gpio.obj</name>
      </input_file>
      <input_file id="fl-10">
         <path>C:\ti\C2000Ware_4_00_00_00\driverlib\f2838x\driverlib\ccs\Debug\</path>
         <kind>archive</kind>
         <file>driverlib.lib</file>
         <name>interrupt.obj</name>
      </input_file>
      <input_file id="fl-11">
         <path>C:\ti\C2000Ware_4_00_00_00\driverlib\f2838x\driverlib\ccs\Debug\</path>
         <kind>archive</kind>
         <file>driverlib.lib</file>
         <name>ipc.obj</name>
      </input_file>
      <input_file id="fl-12">
         <path>C:\ti\C2000Ware_4_00_00_00\driverlib\f2838x\driverlib\ccs\Debug\</path>
         <kind>archive</kind>
         <file>driverlib.lib</file>
         <name>sysctl.obj</name>
      </input_file>
      <input_file id="fl-13">
         <path>C:\ti\C2000Ware_4_00_00_00\libraries\flash_api\f2838x\c28x\lib\</path>
         <kind>archive</kind>
         <file>F2838x_C28x_FlashAPI.lib</file>
         <name>Async.obj</name>
      </input_file>
      <input_file id="fl-14">
         <path>C:\ti\C2000Ware_4_00_00_00\libraries\flash_api\f2838x\c28x\lib\</path>
         <kind>archive</kind>
         <file>F2838x_C28x_FlashAPI.lib</file>
         <name>Program.obj</name>
      </input_file>
      <input_file id="fl-15">
         <path>C:\ti\C2000Ware_4_00_00_00\libraries\flash_api\f2838x\c28x\lib\</path>
         <kind>archive</kind>
         <file>F2838x_C28x_FlashAPI.lib</file>
         <name>BlankCheck.obj</name>
      </input_file>
      <input_file id="fl-16">
         <path>C:\ti\C2000Ware_4_00_00_00\libraries\flash_api\f2838x\c28x\lib\</path>
         <kind>archive</kind>
         <file>F2838x_C28x_FlashAPI.lib</file>
         <name>Read.obj</name>
      </input_file>
      <input_file id="fl-17">
         <path>C:\ti\C2000Ware_4_00_00_00\libraries\flash_api\f2838x\c28x\lib\</path>
         <kind>archive</kind>
         <file>F2838x_C28x_FlashAPI.lib</file>
         <name>Verify.obj</name>
      </input_file>
      <input_file id="fl-18">
         <path>C:\ti\C2000Ware_4_00_00_00\libraries\flash_api\f2838x\c28x\lib\</path>
         <kind>archive</kind>
         <file>F2838x_C28x_FlashAPI.lib</file>
         <name>FlashStateMachine.obj</name>
      </input_file>
      <input_file id="fl-19">
         <path>C:\ti\C2000Ware_4_00_00_00\libraries\flash_api\f2838x\c28x\lib\</path>
         <kind>archive</kind>
         <file>F2838x_C28x_FlashAPI.lib</file>
         <name>Init.obj</name>
      </input_file>
      <input_file id="fl-1a">
         <path>C:\ti\C2000Ware_4_00_00_00\libraries\flash_api\f2838x\c28x\lib\</path>
         <kind>archive</kind>
         <file>F2838x_C28x_FlashAPI.lib</file>
         <name>Utilities.obj</name>
      </input_file>
      <input_file id="fl-1b">
         <path>C:\ti\ccs1110\ccs\tools\compiler\ti-cgt-c2000_21.6.0.LTS\lib\</path>
         <kind>archive</kind>
         <file>rts2800_fpu32_eabi.lib</file>
         <name>boot28.asm.obj</name>
      </input_file>
      <input_file id="fl-1c">
         <path>C:\ti\ccs1110\ccs\tools\compiler\ti-cgt-c2000_21.6.0.LTS\lib\</path>
         <kind>archive</kind>
         <file>rts2800_fpu32_eabi.lib</file>
         <name>fs_div28.asm.obj</name>
      </input_file>
      <input_file id="fl-1d">
         <path>C:\ti\ccs1110\ccs\tools\compiler\ti-cgt-c2000_21.6.0.LTS\lib\</path>
         <kind>archive</kind>
         <file>rts2800_fpu32_eabi.lib</file>
         <name>memcpy.c.obj</name>
      </input_file>
      <input_file id="fl-1e">
         <path>C:\ti\ccs1110\ccs\tools\compiler\ti-cgt-c2000_21.6.0.LTS\lib\</path>
         <kind>archive</kind>
         <file>rts2800_fpu32_eabi.lib</file>
         <name>pre_init.c.obj</name>
      </input_file>
      <input_file id="fl-1f">
         <path>C:\ti\ccs1110\ccs\tools\compiler\ti-cgt-c2000_21.6.0.LTS\lib\</path>
         <kind>archive</kind>
         <file>rts2800_fpu32_eabi.lib</file>
         <name>autoinit.c.obj</name>
      </input_file>
      <input_file id="fl-20">
         <path>C:\ti\ccs1110\ccs\tools\compiler\ti-cgt-c2000_21.6.0.LTS\lib\</path>
         <kind>archive</kind>
         <file>rts2800_fpu32_eabi.lib</file>
         <name>copy_zero_init.c.obj</name>
      </input_file>
      <input_file id="fl-21">
         <path>C:\ti\ccs1110\ccs\tools\compiler\ti-cgt-c2000_21.6.0.LTS\lib\</path>
         <kind>archive</kind>
         <file>rts2800_fpu32_eabi.lib</file>
         <name>copy_decompress_none.c.obj</name>
      </input_file>
      <input_file id="fl-22">
         <path>C:\ti\ccs1110\ccs\tools\compiler\ti-cgt-c2000_21.6.0.LTS\lib\</path>
         <kind>archive</kind>
         <file>rts2800_fpu32_eabi.lib</file>
         <name>copy_decompress_lzss.c.obj</name>
      </input_file>
      <input_file id="fl-23">
         <path>C:\ti\ccs1110\ccs\tools\compiler\ti-cgt-c2000_21.6.0.LTS\lib\</path>
         <kind>archive</kind>
         <file>rts2800_fpu32_eabi.lib</file>
         <name>exit.c.obj</name>
      </input_file>
      <input_file id="fl-24">
         <path>C:\ti\ccs1110\ccs\tools\compiler\ti-cgt-c2000_21.6.0.LTS\lib\</path>
         <kind>archive</kind>
         <file>rts2800_fpu32_eabi.lib</file>
         <name>_lock.c.obj</name>
      </input_file>
      <input_file id="fl-25">
         <path>C:\ti\ccs1110\ccs\tools\compiler\ti-cgt-c2000_21.6.0.LTS\lib\</path>
         <kind>archive</kind>
         <file>rts2800_fpu32_eabi.lib</file>
         <name>args_main.c.obj</name>
      </input_file>
      <input_file id="fl-26">
         <path>C:\ti\ccs1110\ccs\tools\compiler\ti-cgt-c2000_21.6.0.LTS\lib\</path>
         <kind>archive</kind>
         <file>rts2800_fpu32_eabi.lib</file>
         <name>memset.c.obj</name>
      </input_file>
      <input_file id="fl-27">
         <path>C:\ti\ccs1110\ccs\tools\compiler\ti-cgt-c2000_21.6.0.LTS\lib\</path>
         <kind>archive</kind>
         <file>rts2800_fpu32_eabi.lib</file>
         <name>cpy_tbl.c.obj</name>
      </input_file>
      <input_file id="fl-28">
         <path>C:\ti\ccs1110\ccs\tools\compiler\ti-cgt-c2000_21.6.0.LTS\lib\</path>
         <kind>archive</kind>
         <file>rts2800_fpu32_eabi.lib</file>
         <name>startup.c.obj</name>
      </input_file>
   </input_file_list>
   <object_component_list>
      <object_component id="oc-46">
         <name>codestart</name>
         <load_address>0x80000</load_address>
         <run_address>0x80000</run_address>
         <size>0x2</size>
         <input_file_ref idref="fl-3"/>
      </object_component>
      <object_component id="oc-1e8">
         <name>.text:copy_data</name>
         <load_address>0x82000</load_address>
         <run_address>0x82000</run_address>
         <size>0x17f</size>
         <input_file_ref idref="fl-2"/>
      </object_component>
      <object_component id="oc-127">
         <name>.text:Device_enableAllPeripherals</name>
         <load_address>0x8217f</load_address>
         <run_address>0x8217f</run_address>
         <size>0x167</size>
         <input_file_ref idref="fl-4"/>
      </object_component>
      <object_component id="oc-109">
         <name>.text:SysCtl_setClock</name>
         <load_address>0x822e6</load_address>
         <run_address>0x822e6</run_address>
         <size>0x138</size>
         <input_file_ref idref="fl-12"/>
      </object_component>
      <object_component id="oc-10f">
         <name>.text:SysCtl_setAuxClock</name>
         <load_address>0x8241e</load_address>
         <run_address>0x8241e</run_address>
         <size>0x117</size>
         <input_file_ref idref="fl-12"/>
      </object_component>
      <object_component id="oc-227">
         <name>.text:SysCtl_isPLLValid</name>
         <load_address>0x82535</load_address>
         <run_address>0x82535</run_address>
         <size>0x110</size>
         <input_file_ref idref="fl-12"/>
      </object_component>
      <object_component id="oc-20d">
         <name>.text:DCC_verifyClockFrequency</name>
         <load_address>0x82645</load_address>
         <run_address>0x82645</run_address>
         <size>0xc9</size>
         <input_file_ref idref="fl-d"/>
      </object_component>
      <object_component id="oc-51">
         <name>.text:CM_CPU1_IPC_ISR1</name>
         <load_address>0x8270e</load_address>
         <run_address>0x8270e</run_address>
         <size>0x9b</size>
         <input_file_ref idref="fl-2"/>
      </object_component>
      <object_component id="oc-ee">
         <name>.text:DataRxHandler</name>
         <load_address>0x827a9</load_address>
         <run_address>0x827a9</run_address>
         <size>0x8f</size>
         <input_file_ref idref="fl-2"/>
      </object_component>
      <object_component id="oc-309">
         <name>.text</name>
         <load_address>0x82838</load_address>
         <run_address>0x82838</run_address>
         <size>0x88</size>
         <input_file_ref idref="fl-1c"/>
      </object_component>
      <object_component id="oc-a7">
         <name>.text:CM_EthernetIOMuxHandler</name>
         <load_address>0x828c0</load_address>
         <run_address>0x828c0</run_address>
         <size>0x7c</size>
         <input_file_ref idref="fl-2"/>
      </object_component>
      <object_component id="oc-338">
         <name>.text:DCC_setCounterSeeds</name>
         <load_address>0x8293c</load_address>
         <run_address>0x8293c</run_address>
         <size>0x7a</size>
         <input_file_ref idref="fl-d"/>
      </object_component>
      <object_component id="oc-3a3">
         <name>.text:DCC_setCounterSeeds</name>
         <load_address>0x829b6</load_address>
         <run_address>0x829b6</run_address>
         <size>0x7a</size>
         <input_file_ref idref="fl-12"/>
      </object_component>
      <object_component id="oc-95">
         <name>.text:Device_init</name>
         <load_address>0x82a30</load_address>
         <run_address>0x82a30</run_address>
         <size>0x70</size>
         <input_file_ref idref="fl-4"/>
      </object_component>
      <object_component id="oc-121">
         <name>.text:SysCtl_getAuxClock</name>
         <load_address>0x82aa0</load_address>
         <run_address>0x82aa0</run_address>
         <size>0x67</size>
         <input_file_ref idref="fl-12"/>
      </object_component>
      <object_component id="oc-115">
         <name>.text:SysCtl_getClock</name>
         <load_address>0x82b07</load_address>
         <run_address>0x82b07</run_address>
         <size>0x60</size>
         <input_file_ref idref="fl-12"/>
      </object_component>
      <object_component id="oc-21b">
         <name>.text:SysCtl_selectOscSource</name>
         <load_address>0x82b67</load_address>
         <run_address>0x82b67</run_address>
         <size>0x54</size>
         <input_file_ref idref="fl-12"/>
      </object_component>
      <object_component id="oc-149">
         <name>.text:GPIO_setPadConfig</name>
         <load_address>0x82bbb</load_address>
         <run_address>0x82bbb</run_address>
         <size>0x52</size>
         <input_file_ref idref="fl-f"/>
      </object_component>
      <object_component id="oc-7a">
         <name>.text:IPC_readCommand</name>
         <load_address>0x82c0d</load_address>
         <run_address>0x82c0d</run_address>
         <size>0x4a</size>
         <input_file_ref idref="fl-11"/>
      </object_component>
      <object_component id="oc-52">
         <name>.text:main</name>
         <load_address>0x82c57</load_address>
         <run_address>0x82c57</run_address>
         <size>0x48</size>
         <input_file_ref idref="fl-2"/>
      </object_component>
      <object_component id="oc-22f">
         <name>.text:SysCtl_selectOscSourceAuxPLL</name>
         <load_address>0x82c9f</load_address>
         <run_address>0x82c9f</run_address>
         <size>0x47</size>
         <input_file_ref idref="fl-12"/>
      </object_component>
      <object_component id="oc-ad">
         <name>.text:Interrupt_initModule</name>
         <load_address>0x82ce6</load_address>
         <run_address>0x82ce6</run_address>
         <size>0x3d</size>
         <input_file_ref idref="fl-10"/>
      </object_component>
      <object_component id="oc-13d">
         <name>.text:GPIO_setPinConfig</name>
         <load_address>0x82d23</load_address>
         <run_address>0x82d23</run_address>
         <size>0x37</size>
         <input_file_ref idref="fl-f"/>
      </object_component>
      <object_component id="oc-b3">
         <name>.text:IPC_registerInterrupt</name>
         <load_address>0x82d5a</load_address>
         <run_address>0x82d5a</run_address>
         <size>0x37</size>
         <input_file_ref idref="fl-11"/>
      </object_component>
      <object_component id="oc-15f">
         <name>.text:Interrupt_enable</name>
         <load_address>0x82d91</load_address>
         <run_address>0x82d91</run_address>
         <size>0x34</size>
         <input_file_ref idref="fl-10"/>
      </object_component>
      <object_component id="oc-143">
         <name>.text:GPIO_setDirectionMode</name>
         <load_address>0x82dc5</load_address>
         <run_address>0x82dc5</run_address>
         <size>0x31</size>
         <input_file_ref idref="fl-f"/>
      </object_component>
      <object_component id="oc-39">
         <name>.text:decompress:lzss</name>
         <load_address>0x82df6</load_address>
         <run_address>0x82df6</run_address>
         <size>0x31</size>
         <input_file_ref idref="fl-22"/>
      </object_component>
      <object_component id="oc-298">
         <name>.text:__TI_auto_init_nobinit_nopinit</name>
         <load_address>0x82e27</load_address>
         <run_address>0x82e27</run_address>
         <size>0x2b</size>
         <input_file_ref idref="fl-1f"/>
      </object_component>
      <object_component id="oc-3b9">
         <name>.text:SysCtl_pollX1Counter</name>
         <load_address>0x82e52</load_address>
         <run_address>0x82e52</run_address>
         <size>0x2a</size>
         <input_file_ref idref="fl-12"/>
      </object_component>
      <object_component id="oc-1db">
         <name>.text</name>
         <load_address>0x82e7c</load_address>
         <run_address>0x82e7c</run_address>
         <size>0x29</size>
         <input_file_ref idref="fl-23"/>
      </object_component>
      <object_component id="oc-33e">
         <name>.text:DCC_enableSingleShotMode</name>
         <load_address>0x82ea5</load_address>
         <run_address>0x82ea5</run_address>
         <size>0x25</size>
         <input_file_ref idref="fl-d"/>
      </object_component>
      <object_component id="oc-3a9">
         <name>.text:DCC_enableSingleShotMode</name>
         <load_address>0x82eca</load_address>
         <run_address>0x82eca</run_address>
         <size>0x25</size>
         <input_file_ref idref="fl-12"/>
      </object_component>
      <object_component id="oc-12f">
         <name>.text:SysCtl_controlCMReset</name>
         <load_address>0x82eef</load_address>
         <run_address>0x82eef</run_address>
         <size>0x25</size>
         <input_file_ref idref="fl-12"/>
      </object_component>
      <object_component id="oc-365">
         <name>.text:SysCtl_selectXTAL</name>
         <load_address>0x82f14</load_address>
         <run_address>0x82f14</run_address>
         <size>0x24</size>
         <input_file_ref idref="fl-12"/>
      </object_component>
      <object_component id="oc-32c">
         <name>.text:DCC_setCounter0ClkSource</name>
         <load_address>0x82f38</load_address>
         <run_address>0x82f38</run_address>
         <size>0x1f</size>
         <input_file_ref idref="fl-d"/>
      </object_component>
      <object_component id="oc-397">
         <name>.text:DCC_setCounter0ClkSource</name>
         <load_address>0x82f57</load_address>
         <run_address>0x82f57</run_address>
         <size>0x1f</size>
         <input_file_ref idref="fl-12"/>
      </object_component>
      <object_component id="oc-332">
         <name>.text:DCC_setCounter1ClkSource</name>
         <load_address>0x82f76</load_address>
         <run_address>0x82f76</run_address>
         <size>0x1f</size>
         <input_file_ref idref="fl-d"/>
      </object_component>
      <object_component id="oc-39d">
         <name>.text:DCC_setCounter1ClkSource</name>
         <load_address>0x82f95</load_address>
         <run_address>0x82f95</run_address>
         <size>0x1f</size>
         <input_file_ref idref="fl-12"/>
      </object_component>
      <object_component id="oc-a1">
         <name>.text:Device_initGPIO</name>
         <load_address>0x82fb4</load_address>
         <run_address>0x82fb4</run_address>
         <size>0x1e</size>
         <input_file_ref idref="fl-4"/>
      </object_component>
      <object_component id="oc-35c">
         <name>.text:DCC_getErrorStatus</name>
         <load_address>0x82fd2</load_address>
         <run_address>0x82fd2</run_address>
         <size>0x1d</size>
         <input_file_ref idref="fl-d"/>
      </object_component>
      <object_component id="oc-356">
         <name>.text:DCC_getSingleShotStatus</name>
         <load_address>0x82fef</load_address>
         <run_address>0x82fef</run_address>
         <size>0x1d</size>
         <input_file_ref idref="fl-d"/>
      </object_component>
      <object_component id="oc-60">
         <name>.text</name>
         <load_address>0x8300c</load_address>
         <run_address>0x8300c</run_address>
         <size>0x1d</size>
         <input_file_ref idref="fl-1d"/>
      </object_component>
      <object_component id="oc-103">
         <name>.text:Device_verifyXTAL</name>
         <load_address>0x83029</load_address>
         <run_address>0x83029</run_address>
         <size>0x1c</size>
         <input_file_ref idref="fl-4"/>
      </object_component>
      <object_component id="oc-136">
         <name>.text:Device_enableUnbondedGPIOPullups</name>
         <load_address>0x83045</load_address>
         <run_address>0x83045</run_address>
         <size>0x1b</size>
         <input_file_ref idref="fl-4"/>
      </object_component>
      <object_component id="oc-302">
         <name>.text:DCC_isBaseValid</name>
         <load_address>0x83060</load_address>
         <run_address>0x83060</run_address>
         <size>0x1a</size>
         <input_file_ref idref="fl-d"/>
      </object_component>
      <object_component id="oc-43d">
         <name>.text:DCC_isBaseValid</name>
         <load_address>0x8307a</load_address>
         <run_address>0x8307a</run_address>
         <size>0x1a</size>
         <input_file_ref idref="fl-12"/>
      </object_component>
      <object_component id="oc-11b">
         <name>.text:SysCtl_getLowSpeedClock</name>
         <load_address>0x83094</load_address>
         <run_address>0x83094</run_address>
         <size>0x1a</size>
         <input_file_ref idref="fl-12"/>
      </object_component>
      <object_component id="oc-36b">
         <name>.text:SysCtl_selectXTALSingleEnded</name>
         <load_address>0x830ae</load_address>
         <run_address>0x830ae</run_address>
         <size>0x1a</size>
         <input_file_ref idref="fl-12"/>
      </object_component>
      <object_component id="oc-207">
         <name>.text:SysCtl_enablePeripheral</name>
         <load_address>0x830c8</load_address>
         <run_address>0x830c8</run_address>
         <size>0x19</size>
         <input_file_ref idref="fl-4"/>
      </object_component>
      <object_component id="oc-326">
         <name>.text:DCC_disableDoneSignal</name>
         <load_address>0x830e1</load_address>
         <run_address>0x830e1</run_address>
         <size>0x17</size>
         <input_file_ref idref="fl-d"/>
      </object_component>
      <object_component id="oc-391">
         <name>.text:DCC_disableDoneSignal</name>
         <load_address>0x830f8</load_address>
         <run_address>0x830f8</run_address>
         <size>0x17</size>
         <input_file_ref idref="fl-12"/>
      </object_component>
      <object_component id="oc-34a">
         <name>.text:DCC_enableDoneSignal</name>
         <load_address>0x8310f</load_address>
         <run_address>0x8310f</run_address>
         <size>0x17</size>
         <input_file_ref idref="fl-d"/>
      </object_component>
      <object_component id="oc-373">
         <name>.text:SysCtl_enablePeripheral</name>
         <load_address>0x83126</load_address>
         <run_address>0x83126</run_address>
         <size>0x17</size>
         <input_file_ref idref="fl-12"/>
      </object_component>
      <object_component id="oc-e0">
         <name>.text</name>
         <load_address>0x8313d</load_address>
         <run_address>0x8313d</run_address>
         <size>0x17</size>
         <input_file_ref idref="fl-1b"/>
      </object_component>
      <object_component id="oc-314">
         <name>.text:DCC_clearDoneFlag</name>
         <load_address>0x83154</load_address>
         <run_address>0x83154</run_address>
         <size>0x16</size>
         <input_file_ref idref="fl-d"/>
      </object_component>
      <object_component id="oc-37f">
         <name>.text:DCC_clearDoneFlag</name>
         <load_address>0x8316a</load_address>
         <run_address>0x8316a</run_address>
         <size>0x16</size>
         <input_file_ref idref="fl-12"/>
      </object_component>
      <object_component id="oc-30e">
         <name>.text:DCC_clearErrorFlag</name>
         <load_address>0x83180</load_address>
         <run_address>0x83180</run_address>
         <size>0x16</size>
         <input_file_ref idref="fl-d"/>
      </object_component>
      <object_component id="oc-379">
         <name>.text:DCC_clearErrorFlag</name>
         <load_address>0x83196</load_address>
         <run_address>0x83196</run_address>
         <size>0x16</size>
         <input_file_ref idref="fl-12"/>
      </object_component>
      <object_component id="oc-320">
         <name>.text:DCC_disableErrorSignal</name>
         <load_address>0x831ac</load_address>
         <run_address>0x831ac</run_address>
         <size>0x16</size>
         <input_file_ref idref="fl-d"/>
      </object_component>
      <object_component id="oc-38b">
         <name>.text:DCC_disableErrorSignal</name>
         <load_address>0x831c2</load_address>
         <run_address>0x831c2</run_address>
         <size>0x16</size>
         <input_file_ref idref="fl-12"/>
      </object_component>
      <object_component id="oc-9b">
         <name>.text:Device_bootCM</name>
         <load_address>0x831d8</load_address>
         <run_address>0x831d8</run_address>
         <size>0x15</size>
         <input_file_ref idref="fl-4"/>
      </object_component>
      <object_component id="oc-31a">
         <name>.text:DCC_disableModule</name>
         <load_address>0x831ed</load_address>
         <run_address>0x831ed</run_address>
         <size>0x14</size>
         <input_file_ref idref="fl-d"/>
      </object_component>
      <object_component id="oc-385">
         <name>.text:DCC_disableModule</name>
         <load_address>0x83201</load_address>
         <run_address>0x83201</run_address>
         <size>0x14</size>
         <input_file_ref idref="fl-12"/>
      </object_component>
      <object_component id="oc-344">
         <name>.text:DCC_enableErrorSignal</name>
         <load_address>0x83215</load_address>
         <run_address>0x83215</run_address>
         <size>0x14</size>
         <input_file_ref idref="fl-d"/>
      </object_component>
      <object_component id="oc-350">
         <name>.text:DCC_enableModule</name>
         <load_address>0x83229</load_address>
         <run_address>0x83229</run_address>
         <size>0x14</size>
         <input_file_ref idref="fl-d"/>
      </object_component>
      <object_component id="oc-3af">
         <name>.text:DCC_enableModule</name>
         <load_address>0x8323d</load_address>
         <run_address>0x8323d</run_address>
         <size>0x14</size>
         <input_file_ref idref="fl-12"/>
      </object_component>
      <object_component id="oc-166">
         <name>.text:Flash_isCtrlBaseValid</name>
         <load_address>0x83251</load_address>
         <run_address>0x83251</run_address>
         <size>0x10</size>
         <input_file_ref idref="fl-e"/>
      </object_component>
      <object_component id="oc-16d">
         <name>.text:Flash_isECCBaseValid</name>
         <load_address>0x83261</load_address>
         <run_address>0x83261</run_address>
         <size>0x10</size>
         <input_file_ref idref="fl-e"/>
      </object_component>
      <object_component id="oc-159">
         <name>.text:Interrupt_register</name>
         <load_address>0x83271</load_address>
         <run_address>0x83271</run_address>
         <size>0xf</size>
         <input_file_ref idref="fl-11"/>
      </object_component>
      <object_component id="oc-247">
         <name>.text:GPIO_isPinValid</name>
         <load_address>0x83280</load_address>
         <run_address>0x83280</run_address>
         <size>0xe</size>
         <input_file_ref idref="fl-f"/>
      </object_component>
      <object_component id="oc-150">
         <name>.text:Interrupt_disableMaster</name>
         <load_address>0x8328e</load_address>
         <run_address>0x8328e</run_address>
         <size>0xd</size>
         <input_file_ref idref="fl-10"/>
      </object_component>
      <object_component id="oc-255">
         <name>.text:Interrupt_enableMaster</name>
         <load_address>0x8329b</load_address>
         <run_address>0x8329b</run_address>
         <size>0xd</size>
         <input_file_ref idref="fl-10"/>
      </object_component>
      <object_component id="oc-68">
         <name>.text:decompress:ZI:__TI_zero_init_nomemset</name>
         <load_address>0x832a8</load_address>
         <run_address>0x832a8</run_address>
         <size>0xd</size>
         <input_file_ref idref="fl-20"/>
      </object_component>
      <object_component id="oc-221">
         <name>.text:SysCtl_setPLLSysClk</name>
         <load_address>0x832b5</load_address>
         <run_address>0x832b5</run_address>
         <size>0xc</size>
         <input_file_ref idref="fl-12"/>
      </object_component>
      <object_component id="oc-1d5">
         <name>.text</name>
         <load_address>0x832c1</load_address>
         <run_address>0x832c1</run_address>
         <size>0xc</size>
         <input_file_ref idref="fl-25"/>
      </object_component>
      <object_component id="oc-23d">
         <name>.text:SysCtl_isCMReset</name>
         <load_address>0x832cd</load_address>
         <run_address>0x832cd</run_address>
         <size>0xb</size>
         <input_file_ref idref="fl-12"/>
      </object_component>
      <object_component id="oc-215">
         <name>.text:SysCtl_isMCDClockFailureDetected</name>
         <load_address>0x832d8</load_address>
         <run_address>0x832d8</run_address>
         <size>0xb</size>
         <input_file_ref idref="fl-12"/>
      </object_component>
      <object_component id="oc-8c">
         <name>.text:isAPI_FWUpdate</name>
         <load_address>0x832e3</load_address>
         <run_address>0x832e3</run_address>
         <size>0x9</size>
         <input_file_ref idref="fl-2"/>
      </object_component>
      <object_component id="oc-3f7">
         <name>.text</name>
         <load_address>0x832ec</load_address>
         <run_address>0x832ec</run_address>
         <size>0x9</size>
         <input_file_ref idref="fl-24"/>
      </object_component>
      <object_component id="oc-3f">
         <name>.text:decompress:none</name>
         <load_address>0x832f5</load_address>
         <run_address>0x832f5</run_address>
         <size>0x8</size>
         <input_file_ref idref="fl-21"/>
      </object_component>
      <object_component id="oc-74">
         <name>.text</name>
         <load_address>0x832fd</load_address>
         <run_address>0x832fd</run_address>
         <size>0x8</size>
         <input_file_ref idref="fl-3"/>
      </object_component>
      <object_component id="oc-434">
         <name>.text:SysCtl_resetMCD</name>
         <load_address>0x83305</load_address>
         <run_address>0x83305</run_address>
         <size>0x7</size>
         <input_file_ref idref="fl-12"/>
      </object_component>
      <object_component id="oc-83">
         <name>.text</name>
         <load_address>0x8330c</load_address>
         <run_address>0x8330c</run_address>
         <size>0x7</size>
         <input_file_ref idref="fl-26"/>
      </object_component>
      <object_component id="oc-c0">
         <name>.text:__error__</name>
         <load_address>0x83313</load_address>
         <run_address>0x83313</run_address>
         <size>0x3</size>
         <input_file_ref idref="fl-4"/>
      </object_component>
      <object_component id="oc-1ce">
         <name>.text</name>
         <load_address>0x83316</load_address>
         <run_address>0x83316</run_address>
         <size>0x2</size>
         <input_file_ref idref="fl-1e"/>
      </object_component>
      <object_component id="oc-3dd">
         <name>.text</name>
         <load_address>0x83318</load_address>
         <run_address>0x83318</run_address>
         <size>0x1</size>
         <input_file_ref idref="fl-28"/>
      </object_component>
      <object_component id="oc-4da">
         <name>.cinit..data.load</name>
         <load_address>0x88000</load_address>
         <run_address>0x88000</run_address>
         <size>0x1d</size>
      </object_component>
      <object_component id="oc-4db">
         <name>.cinit.IPC_RX_DECODE_BUF.load</name>
         <load_address>0x8801d</load_address>
         <run_address>0x8801d</run_address>
         <size>0x6</size>
      </object_component>
      <object_component id="oc-4d7">
         <name>__TI_handler_table</name>
         <load_address>0x88024</load_address>
         <run_address>0x88024</run_address>
         <size>0x6</size>
      </object_component>
      <object_component id="oc-4d9">
         <name>.cinit..bss.load</name>
         <load_address>0x8802a</load_address>
         <run_address>0x8802a</run_address>
         <size>0x4</size>
      </object_component>
      <object_component id="oc-4d8">
         <name>__TI_cinit_table</name>
         <load_address>0x88030</load_address>
         <run_address>0x88030</run_address>
         <size>0xc</size>
      </object_component>
      <object_component id="oc-5d">
         <name>.stack</name>
         <uninitialized>true</uninitialized>
         <run_address>0x400</run_address>
         <size>0x0</size>
         <input_file_ref idref="fl-1b"/>
      </object_component>
      <object_component id="oc-4dc">
         <name>.stack</name>
         <uninitialized>true</uninitialized>
         <run_address>0x400</run_address>
         <size>0x0</size>
      </object_component>
      <object_component id="oc-2d5">
         <name>.bss</name>
         <uninitialized>true</uninitialized>
         <run_address>0xa824</run_address>
         <size>0xc</size>
         <input_file_ref idref="fl-2"/>
      </object_component>
      <object_component id="oc-2d2">
         <name>.data</name>
         <load_address>0xa822</load_address>
         <run_address>0xa822</run_address>
         <size>0x1</size>
         <input_file_ref idref="fl-2"/>
      </object_component>
      <object_component id="oc-1fa">
         <name>.data:flash_address</name>
         <load_address>0xa800</load_address>
         <run_address>0xa800</run_address>
         <size>0x18</size>
         <input_file_ref idref="fl-2"/>
      </object_component>
      <object_component id="oc-2ca">
         <name>.data</name>
         <load_address>0xa818</load_address>
         <run_address>0xa818</run_address>
         <size>0x6</size>
         <input_file_ref idref="fl-23"/>
      </object_component>
      <object_component id="oc-2cd">
         <name>.data:_lock</name>
         <load_address>0xa81e</load_address>
         <run_address>0xa81e</run_address>
         <size>0x2</size>
         <input_file_ref idref="fl-24"/>
      </object_component>
      <object_component id="oc-456">
         <name>.data:_unlock</name>
         <load_address>0xa820</load_address>
         <run_address>0xa820</run_address>
         <size>0x2</size>
         <input_file_ref idref="fl-24"/>
      </object_component>
      <object_component id="oc-16c">
         <name>.const:.string</name>
         <load_address>0x90000</load_address>
         <run_address>0x90000</run_address>
         <size>0x98</size>
         <input_file_ref idref="fl-e"/>
      </object_component>
      <object_component id="oc-24d">
         <name>.const:.string</name>
         <load_address>0x90098</load_address>
         <run_address>0x90098</run_address>
         <size>0x97</size>
         <input_file_ref idref="fl-f"/>
      </object_component>
      <object_component id="oc-214">
         <name>.const:.string</name>
         <load_address>0x90130</load_address>
         <run_address>0x90130</run_address>
         <size>0x97</size>
         <input_file_ref idref="fl-12"/>
      </object_component>
      <object_component id="oc-308">
         <name>.const:.string</name>
         <load_address>0x901c8</load_address>
         <run_address>0x901c8</run_address>
         <size>0x94</size>
         <input_file_ref idref="fl-d"/>
      </object_component>
      <object_component id="oc-92">
         <name>.const:IPC_Instance</name>
         <load_address>0x9025c</load_address>
         <run_address>0x9025c</run_address>
         <size>0x88</size>
         <input_file_ref idref="fl-11"/>
      </object_component>
      <object_component id="oc-158">
         <name>.const:.string</name>
         <load_address>0x902e4</load_address>
         <run_address>0x902e4</run_address>
         <size>0x4a</size>
         <input_file_ref idref="fl-11"/>
      </object_component>
      <object_component id="oc-bf">
         <name>.const:.string</name>
         <load_address>0x9032e</load_address>
         <run_address>0x9032e</run_address>
         <size>0x3e</size>
         <input_file_ref idref="fl-2"/>
      </object_component>
      <object_component id="oc-f5">
         <name>MSGRAM_CPU1_TO_CPU2</name>
         <uninitialized>true</uninitialized>
         <run_address>0x3a000</run_address>
         <size>0x88</size>
         <input_file_ref idref="fl-11"/>
      </object_component>
      <object_component id="oc-f8">
         <name>MSGRAM_CPU2_TO_CPU1</name>
         <uninitialized>true</uninitialized>
         <run_address>0x3b000</run_address>
         <size>0x88</size>
         <input_file_ref idref="fl-11"/>
      </object_component>
      <object_component id="oc-89">
         <name>MSGRAM_CPU_TO_CM</name>
         <load_address>0x39000</load_address>
         <run_address>0x39000</run_address>
         <size>0x11e</size>
         <input_file_ref idref="fl-2"/>
      </object_component>
      <object_component id="oc-fb">
         <name>MSGRAM_CPU_TO_CM</name>
         <load_address>0x39140</load_address>
         <run_address>0x39140</run_address>
         <size>0x88</size>
         <input_file_ref idref="fl-11"/>
      </object_component>
      <object_component id="oc-fe">
         <name>MSGRAM_CM_TO_CPU</name>
         <uninitialized>true</uninitialized>
         <run_address>0x38000</run_address>
         <size>0x88</size>
         <input_file_ref idref="fl-11"/>
      </object_component>
      <object_component id="oc-2d8">
         <name>.TI.ramfunc:Flash_data_program_8</name>
         <load_address>0x86000</load_address>
         <run_address>0x8000</run_address>
         <size>0x45</size>
         <input_file_ref idref="fl-2"/>
      </object_component>
      <object_component id="oc-b9">
         <name>.TI.ramfunc:Flash_initModule</name>
         <load_address>0x86045</load_address>
         <run_address>0x8045</run_address>
         <size>0x3f</size>
         <input_file_ref idref="fl-e"/>
      </object_component>
      <object_component id="oc-1f4">
         <name>.TI.ramfunc:grlFlashBOOTPGMSectorWrite</name>
         <load_address>0x86084</load_address>
         <run_address>0x8084</run_address>
         <size>0x31</size>
         <input_file_ref idref="fl-2"/>
      </object_component>
      <object_component id="oc-1ee">
         <name>.TI.ramfunc:Example_EraseSector</name>
         <load_address>0x860b5</load_address>
         <run_address>0x80b5</run_address>
         <size>0x2e</size>
         <input_file_ref idref="fl-2"/>
      </object_component>
      <object_component id="oc-173">
         <name>.TI.ramfunc:Flash_setBankPowerMode</name>
         <load_address>0x860e3</load_address>
         <run_address>0x80e3</run_address>
         <size>0x2d</size>
         <input_file_ref idref="fl-e"/>
      </object_component>
      <object_component id="oc-18b">
         <name>.TI.ramfunc:Flash_setWaitstates</name>
         <load_address>0x86110</load_address>
         <run_address>0x8110</run_address>
         <size>0x22</size>
         <input_file_ref idref="fl-e"/>
      </object_component>
      <object_component id="oc-179">
         <name>.TI.ramfunc:Flash_setPumpPowerMode</name>
         <load_address>0x86132</load_address>
         <run_address>0x8132</run_address>
         <size>0x1e</size>
         <input_file_ref idref="fl-e"/>
      </object_component>
      <object_component id="oc-17f">
         <name>.TI.ramfunc:Flash_disableCache</name>
         <load_address>0x86150</load_address>
         <run_address>0x8150</run_address>
         <size>0x1a</size>
         <input_file_ref idref="fl-e"/>
      </object_component>
      <object_component id="oc-185">
         <name>.TI.ramfunc:Flash_disablePrefetch</name>
         <load_address>0x8616a</load_address>
         <run_address>0x816a</run_address>
         <size>0x1a</size>
         <input_file_ref idref="fl-e"/>
      </object_component>
      <object_component id="oc-191">
         <name>.TI.ramfunc:Flash_enableCache</name>
         <load_address>0x86184</load_address>
         <run_address>0x8184</run_address>
         <size>0x19</size>
         <input_file_ref idref="fl-e"/>
      </object_component>
      <object_component id="oc-197">
         <name>.TI.ramfunc:Flash_enablePrefetch</name>
         <load_address>0x8619d</load_address>
         <run_address>0x819d</run_address>
         <size>0x19</size>
         <input_file_ref idref="fl-e"/>
      </object_component>
      <object_component id="oc-19d">
         <name>.TI.ramfunc:Flash_enableECC</name>
         <load_address>0x861b6</load_address>
         <run_address>0x81b6</run_address>
         <size>0x17</size>
         <input_file_ref idref="fl-e"/>
      </object_component>
      <object_component id="oc-1fd">
         <name>.TI.ramfunc</name>
         <load_address>0x861cd</load_address>
         <run_address>0x81cd</run_address>
         <size>0x4</size>
         <input_file_ref idref="fl-12"/>
      </object_component>
      <object_component id="oc-48a">
         <name>.TI.memcrc:_table_name</name>
         <load_address>0x0</load_address>
         <run_address>0x0</run_address>
         <size>0x60</size>
      </object_component>
      <object_component id="oc-1a9">
         <name>.text:_Fapi_setupFlashStateMachine</name>
         <load_address>0x84000</load_address>
         <run_address>0x8000</run_address>
         <size>0x2e1</size>
         <input_file_ref idref="fl-18"/>
      </object_component>
      <object_component id="oc-2f2">
         <name>.text:Fapi_issueProgrammingCommand</name>
         <load_address>0x842e1</load_address>
         <run_address>0x82e1</run_address>
         <size>0x1a5</size>
         <input_file_ref idref="fl-14"/>
      </object_component>
      <object_component id="oc-1bd">
         <name>.text:_Fapi_loopRegionForValue</name>
         <load_address>0x84486</load_address>
         <run_address>0x8486</run_address>
         <size>0x7e</size>
         <input_file_ref idref="fl-16"/>
      </object_component>
      <object_component id="oc-466">
         <name>.text:Fapi_setupEepromSectorEnable</name>
         <load_address>0x84504</load_address>
         <run_address>0x8504</run_address>
         <size>0x79</size>
         <input_file_ref idref="fl-18"/>
      </object_component>
      <object_component id="oc-2df">
         <name>.text:Fapi_initializeAPI</name>
         <load_address>0x8457d</load_address>
         <run_address>0x857d</run_address>
         <size>0x66</size>
         <input_file_ref idref="fl-19"/>
      </object_component>
      <object_component id="oc-cc">
         <name>.text:Fapi_doBlankCheck</name>
         <load_address>0x845e3</load_address>
         <run_address>0x85e3</run_address>
         <size>0x63</size>
         <input_file_ref idref="fl-15"/>
      </object_component>
      <object_component id="oc-45d">
         <name>.text:_Fapi_checkRegionForValue</name>
         <load_address>0x84646</load_address>
         <run_address>0x8646</run_address>
         <size>0x61</size>
         <input_file_ref idref="fl-16"/>
      </object_component>
      <object_component id="oc-40f">
         <name>.text:_Fapi_issueFsmCommand</name>
         <load_address>0x846a7</load_address>
         <run_address>0x86a7</run_address>
         <size>0x53</size>
         <input_file_ref idref="fl-18"/>
      </object_component>
      <object_component id="oc-1b1">
         <name>.text:Fapi_isAddressValid</name>
         <load_address>0x846fa</load_address>
         <run_address>0x86fa</run_address>
         <size>0x3b</size>
         <input_file_ref idref="fl-1a"/>
      </object_component>
      <object_component id="oc-2e5">
         <name>.text:Fapi_issueAsyncCommandWithAddress</name>
         <load_address>0x84735</load_address>
         <run_address>0x8735</run_address>
         <size>0x38</size>
         <input_file_ref idref="fl-13"/>
      </object_component>
      <object_component id="oc-46c">
         <name>.text:Fapi_setupBankSectorEnable</name>
         <load_address>0x8476d</load_address>
         <run_address>0x876d</run_address>
         <size>0x31</size>
         <input_file_ref idref="fl-18"/>
      </object_component>
      <object_component id="oc-c6">
         <name>.text:Fapi_setActiveFlashBank</name>
         <load_address>0x8479e</load_address>
         <run_address>0x879e</run_address>
         <size>0x2f</size>
         <input_file_ref idref="fl-18"/>
      </object_component>
      <object_component id="oc-3ca">
         <name>.text:Fapi_calculateFletcherChecksum</name>
         <load_address>0x847cd</load_address>
         <run_address>0x87cd</run_address>
         <size>0x2c</size>
         <input_file_ref idref="fl-1a"/>
      </object_component>
      <object_component id="oc-26c">
         <name>.text:_Fapi_divideUnsignedLong</name>
         <load_address>0x847f9</load_address>
         <run_address>0x87f9</run_address>
         <size>0x2a</size>
         <input_file_ref idref="fl-1a"/>
      </object_component>
      <object_component id="oc-415">
         <name>.text:_Fapi_setupSectorsForWrite</name>
         <load_address>0x84823</load_address>
         <run_address>0x8823</run_address>
         <size>0x26</size>
         <input_file_ref idref="fl-18"/>
      </object_component>
      <object_component id="oc-286">
         <name>.text:Fapi_isAddressEcc</name>
         <load_address>0x84849</load_address>
         <run_address>0x8849</run_address>
         <size>0x22</size>
         <input_file_ref idref="fl-18"/>
      </object_component>
      <object_component id="oc-1b7">
         <name>.text:Fapi_flushPipeline</name>
         <load_address>0x8486b</load_address>
         <run_address>0x886b</run_address>
         <size>0x15</size>
         <input_file_ref idref="fl-16"/>
      </object_component>
      <object_component id="oc-407">
         <name>.text:Fapi_doVerify</name>
         <load_address>0x84880</load_address>
         <run_address>0x8880</run_address>
         <size>0xf</size>
         <input_file_ref idref="fl-17"/>
      </object_component>
      <object_component id="oc-2eb">
         <name>.text:Fapi_checkFsmForReady</name>
         <load_address>0x8488f</load_address>
         <run_address>0x888f</run_address>
         <size>0xe</size>
         <input_file_ref idref="fl-18"/>
      </object_component>
      <object_component id="oc-278">
         <name>.text:_Fapi_scaleCycleValues</name>
         <load_address>0x8489d</load_address>
         <run_address>0x889d</run_address>
         <size>0xe</size>
         <input_file_ref idref="fl-1a"/>
      </object_component>
      <object_component id="oc-272">
         <name>.text:_Fapi_calculateOtpChecksum</name>
         <load_address>0x848ab</load_address>
         <run_address>0x88ab</run_address>
         <size>0xb</size>
         <input_file_ref idref="fl-1a"/>
      </object_component>
      <object_component id="oc-1a6">
         <name>.bss</name>
         <load_address>0x848b6</load_address>
         <run_address>0x88b6</run_address>
         <size>0xa</size>
         <input_file_ref idref="fl-19"/>
      </object_component>
      <object_component id="oc-2f8">
         <name>.text:Fapi_getFsmStatus</name>
         <load_address>0x848c0</load_address>
         <run_address>0x88c0</run_address>
         <size>0x7</size>
         <input_file_ref idref="fl-18"/>
      </object_component>
      <object_component id="oc-28c">
         <name>.text:Fapi_serviceWatchdogTimer</name>
         <load_address>0x848c7</load_address>
         <run_address>0x88c7</run_address>
         <size>0x2</size>
         <input_file_ref idref="fl-18"/>
      </object_component>
      <object_component id="oc-80">
         <name>IPC_RX_DECODE_BUF</name>
         <load_address>0x1b0</load_address>
         <run_address>0x1b0</run_address>
         <size>0x23c</size>
         <input_file_ref idref="fl-2"/>
      </object_component>
      <object_component id="oc-d3">
         <name>.debug_types</name>
         <load_address>0x0</load_address>
         <run_address>0x0</run_address>
         <size>0x1f5e</size>
         <input_file_ref idref="fl-2"/>
      </object_component>
      <object_component id="oc-12e">
         <name>.debug_types</name>
         <load_address>0x1f5e</load_address>
         <run_address>0x1f5e</run_address>
         <size>0x13f2</size>
         <input_file_ref idref="fl-4"/>
      </object_component>
      <object_component id="oc-363">
         <name>.debug_types</name>
         <load_address>0x3350</load_address>
         <run_address>0x3350</run_address>
         <size>0xa2</size>
         <input_file_ref idref="fl-d"/>
      </object_component>
      <object_component id="oc-1a4">
         <name>.debug_types</name>
         <load_address>0x33f2</load_address>
         <run_address>0x33f2</run_address>
         <size>0x1d7</size>
         <input_file_ref idref="fl-e"/>
      </object_component>
      <object_component id="oc-246">
         <name>.debug_types</name>
         <load_address>0x35c9</load_address>
         <run_address>0x35c9</run_address>
         <size>0x4dc</size>
         <input_file_ref idref="fl-f"/>
      </object_component>
      <object_component id="oc-157">
         <name>.debug_types</name>
         <load_address>0x3aa5</load_address>
         <run_address>0x3aa5</run_address>
         <size>0x70</size>
         <input_file_ref idref="fl-10"/>
      </object_component>
      <object_component id="oc-e7">
         <name>.debug_types</name>
         <load_address>0x3b15</load_address>
         <run_address>0x3b15</run_address>
         <size>0x1b8</size>
         <input_file_ref idref="fl-11"/>
      </object_component>
      <object_component id="oc-22e">
         <name>.debug_types</name>
         <load_address>0x3ccd</load_address>
         <run_address>0x3ccd</run_address>
         <size>0x8b4</size>
         <input_file_ref idref="fl-12"/>
      </object_component>
      <object_component id="oc-41c">
         <name>.debug_types</name>
         <load_address>0x4581</load_address>
         <run_address>0x4581</run_address>
         <size>0xc6e3</size>
         <input_file_ref idref="fl-13"/>
      </object_component>
      <object_component id="oc-41f">
         <name>.debug_types</name>
         <load_address>0x10c64</load_address>
         <run_address>0x10c64</run_address>
         <size>0xa1</size>
         <input_file_ref idref="fl-14"/>
      </object_component>
      <object_component id="oc-1c4">
         <name>.debug_types</name>
         <load_address>0x10d05</load_address>
         <run_address>0x10d05</run_address>
         <size>0xeb</size>
         <input_file_ref idref="fl-15"/>
      </object_component>
      <object_component id="oc-285">
         <name>.debug_types</name>
         <load_address>0x10df0</load_address>
         <run_address>0x10df0</run_address>
         <size>0x5a</size>
         <input_file_ref idref="fl-16"/>
      </object_component>
      <object_component id="oc-464">
         <name>.debug_types</name>
         <load_address>0x0</load_address>
         <run_address>0x0</run_address>
         <size>0x0</size>
         <input_file_ref idref="fl-17"/>
      </object_component>
      <object_component id="oc-1b0">
         <name>.debug_types</name>
         <load_address>0x10e4a</load_address>
         <run_address>0x10e4a</run_address>
         <size>0x6bb</size>
         <input_file_ref idref="fl-18"/>
      </object_component>
      <object_component id="oc-26b">
         <name>.debug_types</name>
         <load_address>0x0</load_address>
         <run_address>0x0</run_address>
         <size>0x0</size>
         <input_file_ref idref="fl-19"/>
      </object_component>
      <object_component id="oc-283">
         <name>.debug_types</name>
         <load_address>0x11505</load_address>
         <run_address>0x11505</run_address>
         <size>0x5f</size>
         <input_file_ref idref="fl-1a"/>
      </object_component>
      <object_component id="oc-d9">
         <name>.debug_types</name>
         <load_address>0x11564</load_address>
         <run_address>0x11564</run_address>
         <size>0xb8</size>
         <input_file_ref idref="fl-1d"/>
      </object_component>
      <object_component id="oc-297">
         <name>.debug_types</name>
         <load_address>0x0</load_address>
         <run_address>0x0</run_address>
         <size>0x0</size>
         <input_file_ref idref="fl-1e"/>
      </object_component>
      <object_component id="oc-3e4">
         <name>.debug_types</name>
         <load_address>0x1161c</load_address>
         <run_address>0x1161c</run_address>
         <size>0x4ca</size>
         <input_file_ref idref="fl-1f"/>
      </object_component>
      <object_component id="oc-de">
         <name>.debug_types</name>
         <load_address>0x11ae6</load_address>
         <run_address>0x11ae6</run_address>
         <size>0x194</size>
         <input_file_ref idref="fl-20"/>
      </object_component>
      <object_component id="oc-67">
         <name>.debug_types</name>
         <load_address>0x0</load_address>
         <run_address>0x0</run_address>
         <size>0x0</size>
         <input_file_ref idref="fl-21"/>
      </object_component>
      <object_component id="oc-5f">
         <name>.debug_types</name>
         <load_address>0x11c7a</load_address>
         <run_address>0x11c7a</run_address>
         <size>0x191</size>
         <input_file_ref idref="fl-22"/>
      </object_component>
      <object_component id="oc-2d1">
         <name>.debug_types</name>
         <load_address>0x11e0b</load_address>
         <run_address>0x11e0b</run_address>
         <size>0xbf</size>
         <input_file_ref idref="fl-23"/>
      </object_component>
      <object_component id="oc-3ff">
         <name>.debug_types</name>
         <load_address>0x11eca</load_address>
         <run_address>0x11eca</run_address>
         <size>0x2f</size>
         <input_file_ref idref="fl-24"/>
      </object_component>
      <object_component id="oc-2c9">
         <name>.debug_types</name>
         <load_address>0x11ef9</load_address>
         <run_address>0x11ef9</run_address>
         <size>0xe1</size>
         <input_file_ref idref="fl-25"/>
      </object_component>
      <object_component id="oc-eb">
         <name>.debug_types</name>
         <load_address>0x0</load_address>
         <run_address>0x0</run_address>
         <size>0x0</size>
         <input_file_ref idref="fl-26"/>
      </object_component>
      <object_component id="oc-450">
         <name>.debug_types</name>
         <load_address>0x0</load_address>
         <run_address>0x0</run_address>
         <size>0x0</size>
         <input_file_ref idref="fl-28"/>
      </object_component>
      <object_component id="oc-2d6">
         <name>.debug_info</name>
         <load_address>0x0</load_address>
         <run_address>0x0</run_address>
         <size>0x256</size>
         <input_file_ref idref="fl-2"/>
      </object_component>
      <object_component id="oc-2d3">
         <name>.debug_info</name>
         <load_address>0x256</load_address>
         <run_address>0x256</run_address>
         <size>0xe8</size>
         <input_file_ref idref="fl-2"/>
      </object_component>
      <object_component id="oc-1fb">
         <name>.debug_info</name>
         <load_address>0x33e</load_address>
         <run_address>0x33e</run_address>
         <size>0xfe</size>
         <input_file_ref idref="fl-2"/>
      </object_component>
      <object_component id="oc-8a">
         <name>.debug_info</name>
         <load_address>0x43c</load_address>
         <run_address>0x43c</run_address>
         <size>0xf4</size>
         <input_file_ref idref="fl-2"/>
      </object_component>
      <object_component id="oc-81">
         <name>.debug_info</name>
         <load_address>0x530</load_address>
         <run_address>0x530</run_address>
         <size>0xec</size>
         <input_file_ref idref="fl-2"/>
      </object_component>
      <object_component id="oc-a8">
         <name>.debug_info</name>
         <load_address>0x61c</load_address>
         <run_address>0x61c</run_address>
         <size>0x322</size>
         <input_file_ref idref="fl-2"/>
      </object_component>
      <object_component id="oc-53">
         <name>.debug_info</name>
         <load_address>0x93e</load_address>
         <run_address>0x93e</run_address>
         <size>0x20d</size>
         <input_file_ref idref="fl-2"/>
      </object_component>
      <object_component id="oc-1ef">
         <name>.debug_info</name>
         <load_address>0xb4b</load_address>
         <run_address>0xb4b</run_address>
         <size>0x22a</size>
         <input_file_ref idref="fl-2"/>
      </object_component>
      <object_component id="oc-2d9">
         <name>.debug_info</name>
         <load_address>0xd75</load_address>
         <run_address>0xd75</run_address>
         <size>0x299</size>
         <input_file_ref idref="fl-2"/>
      </object_component>
      <object_component id="oc-1e9">
         <name>.debug_info</name>
         <load_address>0x100e</load_address>
         <run_address>0x100e</run_address>
         <size>0x28f</size>
         <input_file_ref idref="fl-2"/>
      </object_component>
      <object_component id="oc-1f5">
         <name>.debug_info</name>
         <load_address>0x129d</load_address>
         <run_address>0x129d</run_address>
         <size>0x25b</size>
         <input_file_ref idref="fl-2"/>
      </object_component>
      <object_component id="oc-ef">
         <name>.debug_info</name>
         <load_address>0x14f8</load_address>
         <run_address>0x14f8</run_address>
         <size>0x22c</size>
         <input_file_ref idref="fl-2"/>
      </object_component>
      <object_component id="oc-8d">
         <name>.debug_info</name>
         <load_address>0x1724</load_address>
         <run_address>0x1724</run_address>
         <size>0x162</size>
         <input_file_ref idref="fl-2"/>
      </object_component>
      <object_component id="oc-58">
         <name>.debug_info</name>
         <load_address>0x1886</load_address>
         <run_address>0x1886</run_address>
         <size>0x1ba</size>
         <input_file_ref idref="fl-2"/>
      </object_component>
      <object_component id="oc-48">
         <name>.debug_info</name>
         <load_address>0x1a40</load_address>
         <run_address>0x1a40</run_address>
         <size>0x106</size>
         <input_file_ref idref="fl-3"/>
      </object_component>
      <object_component id="oc-75">
         <name>.debug_info</name>
         <load_address>0x1b46</load_address>
         <run_address>0x1b46</run_address>
         <size>0x107</size>
         <input_file_ref idref="fl-3"/>
      </object_component>
      <object_component id="oc-c1">
         <name>.debug_info</name>
         <load_address>0x1c4d</load_address>
         <run_address>0x1c4d</run_address>
         <size>0x13d</size>
         <input_file_ref idref="fl-4"/>
      </object_component>
      <object_component id="oc-208">
         <name>.debug_info</name>
         <load_address>0x1d8a</load_address>
         <run_address>0x1d8a</run_address>
         <size>0x18d</size>
         <input_file_ref idref="fl-4"/>
      </object_component>
      <object_component id="oc-104">
         <name>.debug_info</name>
         <load_address>0x1f17</load_address>
         <run_address>0x1f17</run_address>
         <size>0x18e</size>
         <input_file_ref idref="fl-4"/>
      </object_component>
      <object_component id="oc-138">
         <name>.debug_info</name>
         <load_address>0x20a5</load_address>
         <run_address>0x20a5</run_address>
         <size>0x147</size>
         <input_file_ref idref="fl-4"/>
      </object_component>
      <object_component id="oc-a3">
         <name>.debug_info</name>
         <load_address>0x21ec</load_address>
         <run_address>0x21ec</run_address>
         <size>0x14b</size>
         <input_file_ref idref="fl-4"/>
      </object_component>
      <object_component id="oc-128">
         <name>.debug_info</name>
         <load_address>0x2337</load_address>
         <run_address>0x2337</run_address>
         <size>0xbe3</size>
         <input_file_ref idref="fl-4"/>
      </object_component>
      <object_component id="oc-96">
         <name>.debug_info</name>
         <load_address>0x2f1a</load_address>
         <run_address>0x2f1a</run_address>
         <size>0x22e</size>
         <input_file_ref idref="fl-4"/>
      </object_component>
      <object_component id="oc-9c">
         <name>.debug_info</name>
         <load_address>0x3148</load_address>
         <run_address>0x3148</run_address>
         <size>0x14e</size>
         <input_file_ref idref="fl-4"/>
      </object_component>
      <object_component id="oc-303">
         <name>.debug_info</name>
         <load_address>0x3296</load_address>
         <run_address>0x3296</run_address>
         <size>0x1c7</size>
         <input_file_ref idref="fl-d"/>
      </object_component>
      <object_component id="oc-351">
         <name>.debug_info</name>
         <load_address>0x345d</load_address>
         <run_address>0x345d</run_address>
         <size>0x1e5</size>
         <input_file_ref idref="fl-d"/>
      </object_component>
      <object_component id="oc-31c">
         <name>.debug_info</name>
         <load_address>0x3642</load_address>
         <run_address>0x3642</run_address>
         <size>0x1e7</size>
         <input_file_ref idref="fl-d"/>
      </object_component>
      <object_component id="oc-345">
         <name>.debug_info</name>
         <load_address>0x3829</load_address>
         <run_address>0x3829</run_address>
         <size>0x1f0</size>
         <input_file_ref idref="fl-d"/>
      </object_component>
      <object_component id="oc-34b">
         <name>.debug_info</name>
         <load_address>0x3a19</load_address>
         <run_address>0x3a19</run_address>
         <size>0x1ef</size>
         <input_file_ref idref="fl-d"/>
      </object_component>
      <object_component id="oc-322">
         <name>.debug_info</name>
         <load_address>0x3c08</load_address>
         <run_address>0x3c08</run_address>
         <size>0x1f3</size>
         <input_file_ref idref="fl-d"/>
      </object_component>
      <object_component id="oc-327">
         <name>.debug_info</name>
         <load_address>0x3dfb</load_address>
         <run_address>0x3dfb</run_address>
         <size>0x1f1</size>
         <input_file_ref idref="fl-d"/>
      </object_component>
      <object_component id="oc-33f">
         <name>.debug_info</name>
         <load_address>0x3fec</load_address>
         <run_address>0x3fec</run_address>
         <size>0x218</size>
         <input_file_ref idref="fl-d"/>
      </object_component>
      <object_component id="oc-35d">
         <name>.debug_info</name>
         <load_address>0x4204</load_address>
         <run_address>0x4204</run_address>
         <size>0x1f3</size>
         <input_file_ref idref="fl-d"/>
      </object_component>
      <object_component id="oc-358">
         <name>.debug_info</name>
         <load_address>0x43f7</load_address>
         <run_address>0x43f7</run_address>
         <size>0x1fd</size>
         <input_file_ref idref="fl-d"/>
      </object_component>
      <object_component id="oc-30f">
         <name>.debug_info</name>
         <load_address>0x45f4</load_address>
         <run_address>0x45f4</run_address>
         <size>0x1eb</size>
         <input_file_ref idref="fl-d"/>
      </object_component>
      <object_component id="oc-316">
         <name>.debug_info</name>
         <load_address>0x47df</load_address>
         <run_address>0x47df</run_address>
         <size>0x1e9</size>
         <input_file_ref idref="fl-d"/>
      </object_component>
      <object_component id="oc-334">
         <name>.debug_info</name>
         <load_address>0x49c8</load_address>
         <run_address>0x49c8</run_address>
         <size>0x21c</size>
         <input_file_ref idref="fl-d"/>
      </object_component>
      <object_component id="oc-32d">
         <name>.debug_info</name>
         <load_address>0x4be4</load_address>
         <run_address>0x4be4</run_address>
         <size>0x21c</size>
         <input_file_ref idref="fl-d"/>
      </object_component>
      <object_component id="oc-339">
         <name>.debug_info</name>
         <load_address>0x4e00</load_address>
         <run_address>0x4e00</run_address>
         <size>0x28b</size>
         <input_file_ref idref="fl-d"/>
      </object_component>
      <object_component id="oc-20f">
         <name>.debug_info</name>
         <load_address>0x508b</load_address>
         <run_address>0x508b</run_address>
         <size>0x563</size>
         <input_file_ref idref="fl-d"/>
      </object_component>
      <object_component id="oc-16a">
         <name>.debug_info</name>
         <load_address>0x55ee</load_address>
         <run_address>0x55ee</run_address>
         <size>0x1df</size>
         <input_file_ref idref="fl-e"/>
      </object_component>
      <object_component id="oc-171">
         <name>.debug_info</name>
         <load_address>0x57cd</load_address>
         <run_address>0x57cd</run_address>
         <size>0x1db</size>
         <input_file_ref idref="fl-e"/>
      </object_component>
      <object_component id="oc-18e">
         <name>.debug_info</name>
         <load_address>0x59a8</load_address>
         <run_address>0x59a8</run_address>
         <size>0x23a</size>
         <input_file_ref idref="fl-e"/>
      </object_component>
      <object_component id="oc-176">
         <name>.debug_info</name>
         <load_address>0x5be2</load_address>
         <run_address>0x5be2</run_address>
         <size>0x251</size>
         <input_file_ref idref="fl-e"/>
      </object_component>
      <object_component id="oc-17c">
         <name>.debug_info</name>
         <load_address>0x5e33</load_address>
         <run_address>0x5e33</run_address>
         <size>0x230</size>
         <input_file_ref idref="fl-e"/>
      </object_component>
      <object_component id="oc-19a">
         <name>.debug_info</name>
         <load_address>0x6063</load_address>
         <run_address>0x6063</run_address>
         <size>0x201</size>
         <input_file_ref idref="fl-e"/>
      </object_component>
      <object_component id="oc-189">
         <name>.debug_info</name>
         <load_address>0x6264</load_address>
         <run_address>0x6264</run_address>
         <size>0x203</size>
         <input_file_ref idref="fl-e"/>
      </object_component>
      <object_component id="oc-195">
         <name>.debug_info</name>
         <load_address>0x6467</load_address>
         <run_address>0x6467</run_address>
         <size>0x1fb</size>
         <input_file_ref idref="fl-e"/>
      </object_component>
      <object_component id="oc-183">
         <name>.debug_info</name>
         <load_address>0x6662</load_address>
         <run_address>0x6662</run_address>
         <size>0x1fd</size>
         <input_file_ref idref="fl-e"/>
      </object_component>
      <object_component id="oc-1a1">
         <name>.debug_info</name>
         <load_address>0x685f</load_address>
         <run_address>0x685f</run_address>
         <size>0x1f4</size>
         <input_file_ref idref="fl-e"/>
      </object_component>
      <object_component id="oc-bd">
         <name>.debug_info</name>
         <load_address>0x6a53</load_address>
         <run_address>0x6a53</run_address>
         <size>0x33a</size>
         <input_file_ref idref="fl-e"/>
      </object_component>
      <object_component id="oc-248">
         <name>.debug_info</name>
         <load_address>0x6d8d</load_address>
         <run_address>0x6d8d</run_address>
         <size>0x1c7</size>
         <input_file_ref idref="fl-f"/>
      </object_component>
      <object_component id="oc-144">
         <name>.debug_info</name>
         <load_address>0x6f54</load_address>
         <run_address>0x6f54</run_address>
         <size>0x23f</size>
         <input_file_ref idref="fl-f"/>
      </object_component>
      <object_component id="oc-14a">
         <name>.debug_info</name>
         <load_address>0x7193</load_address>
         <run_address>0x7193</run_address>
         <size>0x228</size>
         <input_file_ref idref="fl-f"/>
      </object_component>
      <object_component id="oc-13e">
         <name>.debug_info</name>
         <load_address>0x73bb</load_address>
         <run_address>0x73bb</run_address>
         <size>0x211</size>
         <input_file_ref idref="fl-f"/>
      </object_component>
      <object_component id="oc-256">
         <name>.debug_info</name>
         <load_address>0x75cc</load_address>
         <run_address>0x75cc</run_address>
         <size>0x1c0</size>
         <input_file_ref idref="fl-10"/>
      </object_component>
      <object_component id="oc-152">
         <name>.debug_info</name>
         <load_address>0x778c</load_address>
         <run_address>0x778c</run_address>
         <size>0x1c2</size>
         <input_file_ref idref="fl-10"/>
      </object_component>
      <object_component id="oc-ae">
         <name>.debug_info</name>
         <load_address>0x794e</load_address>
         <run_address>0x794e</run_address>
         <size>0x1d1</size>
         <input_file_ref idref="fl-10"/>
      </object_component>
      <object_component id="oc-161">
         <name>.debug_info</name>
         <load_address>0x7b1f</load_address>
         <run_address>0x7b1f</run_address>
         <size>0x273</size>
         <input_file_ref idref="fl-10"/>
      </object_component>
      <object_component id="oc-f6">
         <name>.debug_info</name>
         <load_address>0x7d92</load_address>
         <run_address>0x7d92</run_address>
         <size>0x15b</size>
         <input_file_ref idref="fl-11"/>
      </object_component>
      <object_component id="oc-f9">
         <name>.debug_info</name>
         <load_address>0x7eed</load_address>
         <run_address>0x7eed</run_address>
         <size>0x15b</size>
         <input_file_ref idref="fl-11"/>
      </object_component>
      <object_component id="oc-fc">
         <name>.debug_info</name>
         <load_address>0x8048</load_address>
         <run_address>0x8048</run_address>
         <size>0x155</size>
         <input_file_ref idref="fl-11"/>
      </object_component>
      <object_component id="oc-ff">
         <name>.debug_info</name>
         <load_address>0x819d</load_address>
         <run_address>0x819d</run_address>
         <size>0x155</size>
         <input_file_ref idref="fl-11"/>
      </object_component>
      <object_component id="oc-93">
         <name>.debug_info</name>
         <load_address>0x82f2</load_address>
         <run_address>0x82f2</run_address>
         <size>0x13f</size>
         <input_file_ref idref="fl-11"/>
      </object_component>
      <object_component id="oc-15a">
         <name>.debug_info</name>
         <load_address>0x8431</load_address>
         <run_address>0x8431</run_address>
         <size>0x21e</size>
         <input_file_ref idref="fl-11"/>
      </object_component>
      <object_component id="oc-7d">
         <name>.debug_info</name>
         <load_address>0x864f</load_address>
         <run_address>0x864f</run_address>
         <size>0x275</size>
         <input_file_ref idref="fl-11"/>
      </object_component>
      <object_component id="oc-b5">
         <name>.debug_info</name>
         <load_address>0x88c4</load_address>
         <run_address>0x88c4</run_address>
         <size>0x274</size>
         <input_file_ref idref="fl-11"/>
      </object_component>
      <object_component id="oc-374">
         <name>.debug_info</name>
         <load_address>0x8b38</load_address>
         <run_address>0x8b38</run_address>
         <size>0x20d</size>
         <input_file_ref idref="fl-12"/>
      </object_component>
      <object_component id="oc-216">
         <name>.debug_info</name>
         <load_address>0x8d45</load_address>
         <run_address>0x8d45</run_address>
         <size>0x1d0</size>
         <input_file_ref idref="fl-12"/>
      </object_component>
      <object_component id="oc-436">
         <name>.debug_info</name>
         <load_address>0x8f15</load_address>
         <run_address>0x8f15</run_address>
         <size>0x1a6</size>
         <input_file_ref idref="fl-12"/>
      </object_component>
      <object_component id="oc-223">
         <name>.debug_info</name>
         <load_address>0x90bb</load_address>
         <run_address>0x90bb</run_address>
         <size>0x1d5</size>
         <input_file_ref idref="fl-12"/>
      </object_component>
      <object_component id="oc-23e">
         <name>.debug_info</name>
         <load_address>0x9290</load_address>
         <run_address>0x9290</run_address>
         <size>0x1b0</size>
         <input_file_ref idref="fl-12"/>
      </object_component>
      <object_component id="oc-43e">
         <name>.debug_info</name>
         <load_address>0x9440</load_address>
         <run_address>0x9440</run_address>
         <size>0x1ca</size>
         <input_file_ref idref="fl-12"/>
      </object_component>
      <object_component id="oc-3b0">
         <name>.debug_info</name>
         <load_address>0x960a</load_address>
         <run_address>0x960a</run_address>
         <size>0x1e8</size>
         <input_file_ref idref="fl-12"/>
      </object_component>
      <object_component id="oc-386">
         <name>.debug_info</name>
         <load_address>0x97f2</load_address>
         <run_address>0x97f2</run_address>
         <size>0x1ea</size>
         <input_file_ref idref="fl-12"/>
      </object_component>
      <object_component id="oc-38c">
         <name>.debug_info</name>
         <load_address>0x99dc</load_address>
         <run_address>0x99dc</run_address>
         <size>0x1f6</size>
         <input_file_ref idref="fl-12"/>
      </object_component>
      <object_component id="oc-392">
         <name>.debug_info</name>
         <load_address>0x9bd2</load_address>
         <run_address>0x9bd2</run_address>
         <size>0x1f4</size>
         <input_file_ref idref="fl-12"/>
      </object_component>
      <object_component id="oc-3aa">
         <name>.debug_info</name>
         <load_address>0x9dc6</load_address>
         <run_address>0x9dc6</run_address>
         <size>0x21b</size>
         <input_file_ref idref="fl-12"/>
      </object_component>
      <object_component id="oc-37a">
         <name>.debug_info</name>
         <load_address>0x9fe1</load_address>
         <run_address>0x9fe1</run_address>
         <size>0x1ee</size>
         <input_file_ref idref="fl-12"/>
      </object_component>
      <object_component id="oc-380">
         <name>.debug_info</name>
         <load_address>0xa1cf</load_address>
         <run_address>0xa1cf</run_address>
         <size>0x1ec</size>
         <input_file_ref idref="fl-12"/>
      </object_component>
      <object_component id="oc-39e">
         <name>.debug_info</name>
         <load_address>0xa3bb</load_address>
         <run_address>0xa3bb</run_address>
         <size>0x21f</size>
         <input_file_ref idref="fl-12"/>
      </object_component>
      <object_component id="oc-398">
         <name>.debug_info</name>
         <load_address>0xa5da</load_address>
         <run_address>0xa5da</run_address>
         <size>0x21f</size>
         <input_file_ref idref="fl-12"/>
      </object_component>
      <object_component id="oc-3a4">
         <name>.debug_info</name>
         <load_address>0xa7f9</load_address>
         <run_address>0xa7f9</run_address>
         <size>0x28e</size>
         <input_file_ref idref="fl-12"/>
      </object_component>
      <object_component id="oc-3ba">
         <name>.debug_info</name>
         <load_address>0xaa87</load_address>
         <run_address>0xaa87</run_address>
         <size>0x1d6</size>
         <input_file_ref idref="fl-12"/>
      </object_component>
      <object_component id="oc-116">
         <name>.debug_info</name>
         <load_address>0xac5d</load_address>
         <run_address>0xac5d</run_address>
         <size>0x239</size>
         <input_file_ref idref="fl-12"/>
      </object_component>
      <object_component id="oc-122">
         <name>.debug_info</name>
         <load_address>0xae96</load_address>
         <run_address>0xae96</run_address>
         <size>0x22e</size>
         <input_file_ref idref="fl-12"/>
      </object_component>
      <object_component id="oc-10a">
         <name>.debug_info</name>
         <load_address>0xb0c4</load_address>
         <run_address>0xb0c4</run_address>
         <size>0x39e</size>
         <input_file_ref idref="fl-12"/>
      </object_component>
      <object_component id="oc-110">
         <name>.debug_info</name>
         <load_address>0xb462</load_address>
         <run_address>0xb462</run_address>
         <size>0x335</size>
         <input_file_ref idref="fl-12"/>
      </object_component>
      <object_component id="oc-366">
         <name>.debug_info</name>
         <load_address>0xb797</load_address>
         <run_address>0xb797</run_address>
         <size>0x219</size>
         <input_file_ref idref="fl-12"/>
      </object_component>
      <object_component id="oc-36c">
         <name>.debug_info</name>
         <load_address>0xb9b0</load_address>
         <run_address>0xb9b0</run_address>
         <size>0x200</size>
         <input_file_ref idref="fl-12"/>
      </object_component>
      <object_component id="oc-21c">
         <name>.debug_info</name>
         <load_address>0xbbb0</load_address>
         <run_address>0xbbb0</run_address>
         <size>0x227</size>
         <input_file_ref idref="fl-12"/>
      </object_component>
      <object_component id="oc-230">
         <name>.debug_info</name>
         <load_address>0xbdd7</load_address>
         <run_address>0xbdd7</run_address>
         <size>0x21f</size>
         <input_file_ref idref="fl-12"/>
      </object_component>
      <object_component id="oc-11c">
         <name>.debug_info</name>
         <load_address>0xbff6</load_address>
         <run_address>0xbff6</run_address>
         <size>0x213</size>
         <input_file_ref idref="fl-12"/>
      </object_component>
      <object_component id="oc-228">
         <name>.debug_info</name>
         <load_address>0xc209</load_address>
         <run_address>0xc209</run_address>
         <size>0x4d1</size>
         <input_file_ref idref="fl-12"/>
      </object_component>
      <object_component id="oc-130">
         <name>.debug_info</name>
         <load_address>0xc6da</load_address>
         <run_address>0xc6da</run_address>
         <size>0x205</size>
         <input_file_ref idref="fl-12"/>
      </object_component>
      <object_component id="oc-2e9">
         <name>.debug_info</name>
         <load_address>0xc8df</load_address>
         <run_address>0xc8df</run_address>
         <size>0x2d2</size>
         <input_file_ref idref="fl-13"/>
      </object_component>
      <object_component id="oc-2f4">
         <name>.debug_info</name>
         <load_address>0xcbb1</load_address>
         <run_address>0xcbb1</run_address>
         <size>0x62d</size>
         <input_file_ref idref="fl-14"/>
      </object_component>
      <object_component id="oc-cd">
         <name>.debug_info</name>
         <load_address>0xd1de</load_address>
         <run_address>0xd1de</run_address>
         <size>0x35e</size>
         <input_file_ref idref="fl-15"/>
      </object_component>
      <object_component id="oc-1bb">
         <name>.debug_info</name>
         <load_address>0xd53c</load_address>
         <run_address>0xd53c</run_address>
         <size>0x1fc</size>
         <input_file_ref idref="fl-16"/>
      </object_component>
      <object_component id="oc-1c0">
         <name>.debug_info</name>
         <load_address>0xd738</load_address>
         <run_address>0xd738</run_address>
         <size>0x3d5</size>
         <input_file_ref idref="fl-16"/>
      </object_component>
      <object_component id="oc-460">
         <name>.debug_info</name>
         <load_address>0xdb0d</load_address>
         <run_address>0xdb0d</run_address>
         <size>0x37c</size>
         <input_file_ref idref="fl-16"/>
      </object_component>
[...]
         </mem_crc_rec>
         <mem_crc_rec>
            <name>FLASH3</name>
            <load_page_id>0x0</load_page_id>
            <load_address>0x86000</load_address>
            <load_size>0x2000</load_size>
         </mem_crc_rec>
         <mem_crc_rec>
            <name>FLASH4</name>
            <load_page_id>0x0</load_page_id>
            <load_address>0x88000</load_address>
            <load_size>0x8000</load_size>
         </mem_crc_rec>
         <mem_crc_rec>
            <name>FLASH5</name>
            <load_page_id>0x0</load_page_id>
            <load_address>0x90000</load_address>
            <load_size>0x8000</load_size>
         </mem_crc_rec>
         <mem_crc_rec>
            <name>FLASH6</name>
            <load_page_id>0x0</load_page_id>
            <load_address>0x98000</load_address>
            <load_size>0x8000</load_size>
         </mem_crc_rec>
         <mem_crc_rec>
            <name>FLASH7</name>
            <load_page_id>0x0</load_page_id>
            <load_address>0xa0000</load_address>
            <load_size>0x8000</load_size>
         </mem_crc_rec>
         <mem_crc_rec>
            <name>FLASH8</name>
            <load_page_id>0x0</load_page_id>
            <load_address>0xa8000</load_address>
            <load_size>0x8000</load_size>
         </mem_crc_rec>
         <mem_crc_rec>
            <name>FLASH9</name>
            <load_page_id>0x0</load_page_id>
            <load_address>0xb0000</load_address>
            <load_size>0x8000</load_size>
         </mem_crc_rec>
         <mem_crc_rec>
            <name>FLASH10</name>
            <load_page_id>0x0</load_page_id>
            <load_address>0xb8000</load_address>
            <load_size>0x2000</load_size>
         </mem_crc_rec>
         <mem_crc_rec>
            <name>FLASH11</name>
            <load_page_id>0x0</load_page_id>
            <load_address>0xba000</load_address>
            <load_size>0x2000</load_size>
         </mem_crc_rec>
         <mem_crc_rec>
            <name>FLASH12</name>
            <load_page_id>0x0</load_page_id>
            <load_address>0xbc000</load_address>
            <load_size>0x2000</load_size>
         </mem_crc_rec>
         <mem_crc_rec>
            <name>FLASH13</name>
            <load_page_id>0x0</load_page_id>
            <load_address>0xbe000</load_address>
            <load_size>0x2000</load_size>
         </mem_crc_rec>
      </mem_crc_table>
   </mem_crc_table_list>
   <symbol_table>
      <symbol id="sm-1">
         <name>RamfuncsLoadStart</name>
         <value>0x86000</value>
      </symbol>
      <symbol id="sm-2">
         <name>RamfuncsLoadSize</name>
         <value>0x8c9</value>
      </symbol>
      <symbol id="sm-3">
         <name>RamfuncsLoadEnd</name>
         <value>0x861d1</value>
      </symbol>
      <symbol id="sm-4">
         <name>RamfuncsRunStart</name>
         <value>0x8000</value>
      </symbol>
      <symbol id="sm-5">
         <name>RamfuncsRunSize</name>
         <value>0x8c9</value>
      </symbol>
      <symbol id="sm-6">
         <name>RamfuncsRunEnd</name>
         <value>0x81d1</value>
      </symbol>
      <symbol id="sm-7">
         <name>__TI_CINIT_Base</name>
         <value>0x88030</value>
      </symbol>
      <symbol id="sm-8">
         <name>__TI_CINIT_Limit</name>
         <value>0x8803c</value>
      </symbol>
      <symbol id="sm-9">
         <name>__TI_CINIT_Warm</name>
         <value>0x8803c</value>
      </symbol>
      <symbol id="sm-a">
         <name>__TI_Handler_Table_Base</name>
         <value>0x88024</value>
      </symbol>
      <symbol id="sm-b">
         <name>__TI_Handler_Table_Limit</name>
         <value>0x8802a</value>
      </symbol>
      <symbol id="sm-c">
         <name>_table_name</name>
         <value>0x0</value>
      </symbol>
      <symbol id="sm-d">
         <name>__TI_MEMRANGE_CRC__table_name</name>
         <value>0x0</value>
      </symbol>
      <symbol id="sm-e">
         <name>__TI_STACK_SIZE</name>
         <value>0x3f8</value>
      </symbol>
      <symbol id="sm-f">
         <name>__TI_STACK_END</name>
         <value>0x7f8</value>
      </symbol>
      <symbol id="sm-10">
         <name>__TI_pprof_out_hndl</name>
         <value>0xffffffff</value>
      </symbol>
      <symbol id="sm-11">
         <name>__TI_prof_data_start</name>
         <value>0xffffffff</value>
      </symbol>
      <symbol id="sm-12">
         <name>__TI_prof_data_size</name>
         <value>0xffffffff</value>
      </symbol>
      <symbol id="sm-ea">
         <name>entry_point</name>
         <value>0xa82a</value>
         <object_component_ref idref="oc-2d5"/>
      </symbol>
      <symbol id="sm-eb">
         <name>copy_data</name>
         <value>0x82000</value>
         <object_component_ref idref="oc-1e8"/>
      </symbol>
      <symbol id="sm-ec">
         <name>DataRxHandler</name>
         <value>0x827a9</value>
         <object_component_ref idref="oc-ee"/>
      </symbol>
      <symbol id="sm-ed">
         <name>flash_address</name>
         <value>0xa800</value>
         <object_component_ref idref="oc-1fa"/>
      </symbol>
      <symbol id="sm-ee">
         <name>grlFlashBOOTPGMSectorWrite</name>
         <value>0x8084</value>
         <object_component_ref idref="oc-1f4"/>
      </symbol>
      <symbol id="sm-ef">
         <name>main</name>
         <value>0x82c57</value>
         <object_component_ref idref="oc-52"/>
      </symbol>
      <symbol id="sm-f0">
         <name>Example_EraseSector</name>
         <value>0x80b5</value>
         <object_component_ref idref="oc-1ee"/>
      </symbol>
      <symbol id="sm-f1">
         <name>CM_EthernetIOMuxHandler</name>
         <value>0x828c0</value>
         <object_component_ref idref="oc-a7"/>
      </symbol>
      <symbol id="sm-f2">
         <name>isAPI_FWUpdate</name>
         <value>0x832e3</value>
         <object_component_ref idref="oc-8c"/>
      </symbol>
      <symbol id="sm-f3">
         <name>Flash_data_program_8</name>
         <value>0x8000</value>
         <object_component_ref idref="oc-2d8"/>
      </symbol>
      <symbol id="sm-f4">
         <name>gVar</name>
         <value>0x1b0</value>
         <object_component_ref idref="oc-80"/>
      </symbol>
      <symbol id="sm-f5">
         <name>CM_CPU1_IPC_ISR1</name>
         <value>0x8270e</value>
         <object_component_ref idref="oc-51"/>
      </symbol>
      <symbol id="sm-f6">
         <name>grlRxbuf</name>
         <value>0x39000</value>
         <object_component_ref idref="oc-89"/>
      </symbol>
      <symbol id="sm-f7">
         <name>BlockHeader</name>
         <value>0xa82c</value>
         <object_component_ref idref="oc-2d5"/>
      </symbol>
      <symbol id="sm-106">
         <name>code_start</name>
         <value>0x80000</value>
         <object_component_ref idref="oc-46"/>
      </symbol>
      <symbol id="sm-14a">
         <name>Device_enableAllPeripherals</name>
         <value>0x8217f</value>
         <object_component_ref idref="oc-127"/>
      </symbol>
      <symbol id="sm-14b">
         <name>Device_verifyXTAL</name>
         <value>0x83029</value>
         <object_component_ref idref="oc-103"/>
      </symbol>
      <symbol id="sm-14c">
         <name>Device_initGPIO</name>
         <value>0x82fb4</value>
         <object_component_ref idref="oc-a1"/>
      </symbol>
      <symbol id="sm-14d">
         <name>Device_init</name>
         <value>0x82a30</value>
         <object_component_ref idref="oc-95"/>
      </symbol>
      <symbol id="sm-14e">
         <name>Device_bootCM</name>
         <value>0x831d8</value>
         <object_component_ref idref="oc-9b"/>
      </symbol>
      <symbol id="sm-14f">
         <name>Device_enableUnbondedGPIOPullups</name>
         <value>0x83045</value>
         <object_component_ref idref="oc-136"/>
      </symbol>
      <symbol id="sm-150">
         <name>__error__</name>
         <value>0x83313</value>
         <object_component_ref idref="oc-c0"/>
      </symbol>
      <symbol id="sm-1fa">
         <name>DCC_verifyClockFrequency</name>
         <value>0x82645</value>
         <object_component_ref idref="oc-20d"/>
      </symbol>
      <symbol id="sm-26a">
         <name>Flash_initModule</name>
         <value>0x8045</value>
         <object_component_ref idref="oc-b9"/>
      </symbol>
      <symbol id="sm-29c">
         <name>GPIO_setPadConfig</name>
         <value>0x82bbb</value>
         <object_component_ref idref="oc-149"/>
      </symbol>
      <symbol id="sm-29d">
         <name>GPIO_setDirectionMode</name>
         <value>0x82dc5</value>
         <object_component_ref idref="oc-143"/>
      </symbol>
      <symbol id="sm-29e">
         <name>GPIO_setPinConfig</name>
         <value>0x82d23</value>
         <object_component_ref idref="oc-13d"/>
      </symbol>
      <symbol id="sm-2cb">
         <name>Interrupt_initModule</name>
         <value>0x82ce6</value>
         <object_component_ref idref="oc-ad"/>
      </symbol>
      <symbol id="sm-2cc">
         <name>Interrupt_enable</name>
         <value>0x82d91</value>
         <object_component_ref idref="oc-15f"/>
      </symbol>
      <symbol id="sm-30b">
         <name>IPC_registerInterrupt</name>
         <value>0x82d5a</value>
         <object_component_ref idref="oc-b3"/>
      </symbol>
      <symbol id="sm-30c">
         <name>IPC_CPU_To_CM_GetBuffer</name>
         <value>0x38000</value>
         <object_component_ref idref="oc-fe"/>
      </symbol>
      <symbol id="sm-30d">
         <name>IPC_CPU1_To_CPU2_GetBuffer</name>
         <value>0x3b000</value>
         <object_component_ref idref="oc-f8"/>
      </symbol>
      <symbol id="sm-30e">
         <name>IPC_CPU1_To_CPU2_PutBuffer</name>
         <value>0x3a000</value>
         <object_component_ref idref="oc-f5"/>
      </symbol>
      <symbol id="sm-30f">
         <name>IPC_CPU_To_CM_PutBuffer</name>
         <value>0x39140</value>
         <object_component_ref idref="oc-fb"/>
      </symbol>
      <symbol id="sm-310">
         <name>IPC_Instance</name>
         <value>0x9025c</value>
         <object_component_ref idref="oc-92"/>
      </symbol>
      <symbol id="sm-311">
         <name>IPC_readCommand</name>
         <value>0x82c0d</value>
         <object_component_ref idref="oc-7a"/>
      </symbol>
      <symbol id="sm-466">
         <name>SysCtl_isPLLValid</name>
         <value>0x82535</value>
         <object_component_ref idref="oc-227"/>
      </symbol>
      <symbol id="sm-467">
         <name>SysCtl_delay</name>
         <value>0x81cd</value>
         <object_component_ref idref="oc-1fd"/>
      </symbol>
      <symbol id="sm-468">
         <name>SysCtl_getAuxClock</name>
         <value>0x82aa0</value>
         <object_component_ref idref="oc-121"/>
      </symbol>
      <symbol id="sm-469">
         <name>SysCtl_selectXTALSingleEnded</name>
         <value>0x830ae</value>
         <object_component_ref idref="oc-36b"/>
      </symbol>
      <symbol id="sm-46a">
         <name>SysCtl_selectXTAL</name>
         <value>0x82f14</value>
         <object_component_ref idref="oc-365"/>
      </symbol>
      <symbol id="sm-46b">
         <name>SysCtl_selectOscSource</name>
         <value>0x82b67</value>
         <object_component_ref idref="oc-21b"/>
      </symbol>
      <symbol id="sm-46c">
         <name>SysCtl_getLowSpeedClock</name>
         <value>0x83094</value>
         <object_component_ref idref="oc-11b"/>
      </symbol>
      <symbol id="sm-46d">
         <name>SysCtl_controlCMReset</name>
         <value>0x82eef</value>
         <object_component_ref idref="oc-12f"/>
      </symbol>
      <symbol id="sm-46e">
         <name>SysCtl_setClock</name>
         <value>0x822e6</value>
         <object_component_ref idref="oc-109"/>
      </symbol>
      <symbol id="sm-46f">
         <name>SysCtl_getClock</name>
         <value>0x82b07</value>
         <object_component_ref idref="oc-115"/>
      </symbol>
      <symbol id="sm-470">
         <name>SysCtl_selectOscSourceAuxPLL</name>
         <value>0x82c9f</value>
         <object_component_ref idref="oc-22f"/>
      </symbol>
      <symbol id="sm-471">
         <name>SysCtl_setAuxClock</name>
         <value>0x8241e</value>
         <object_component_ref idref="oc-10f"/>
      </symbol>
      <symbol id="sm-483">
         <name>Fapi_issueAsyncCommandWithAddress</name>
         <value>0x8735</value>
         <object_component_ref idref="oc-2e5"/>
      </symbol>
      <symbol id="sm-4b0">
         <name>Fapi_issueProgrammingCommand</name>
         <value>0x82e1</value>
         <object_component_ref idref="oc-2f2"/>
      </symbol>
      <symbol id="sm-4c0">
         <name>Fapi_doBlankCheck</name>
         <value>0x85e3</value>
         <object_component_ref idref="oc-cc"/>
      </symbol>
      <symbol id="sm-4ec">
         <name>Fapi_flushPipeline</name>
         <value>0x886b</value>
         <object_component_ref idref="oc-1b7"/>
      </symbol>
      <symbol id="sm-4ed">
         <name>_Fapi_loopRegionForValue</name>
         <value>0x8486</value>
         <object_component_ref idref="oc-1bd"/>
      </symbol>
      <symbol id="sm-4ee">
         <name>_Fapi_checkRegionForValue</name>
         <value>0x8646</value>
         <object_component_ref idref="oc-45d"/>
      </symbol>
      <symbol id="sm-4fb">
         <name>Fapi_doVerify</name>
         <value>0x8880</value>
         <object_component_ref idref="oc-407"/>
      </symbol>
      <symbol id="sm-562">
         <name>_Fapi_issueFsmCommand</name>
         <value>0x86a7</value>
         <object_component_ref idref="oc-40f"/>
      </symbol>
      <symbol id="sm-563">
         <name>Fapi_setActiveFlashBank</name>
         <value>0x879e</value>
         <object_component_ref idref="oc-c6"/>
      </symbol>
      <symbol id="sm-564">
         <name>Fapi_setupEepromSectorEnable</name>
         <value>0x8504</value>
         <object_component_ref idref="oc-466"/>
      </symbol>
      <symbol id="sm-565">
         <name>Fapi_isAddressEcc</name>
         <value>0x8849</value>
         <object_component_ref idref="oc-286"/>
      </symbol>
      <symbol id="sm-566">
         <name>Fapi_setupBankSectorEnable</name>
         <value>0x876d</value>
         <object_component_ref idref="oc-46c"/>
      </symbol>
      <symbol id="sm-567">
         <name>Fapi_checkFsmForReady</name>
         <value>0x888f</value>
         <object_component_ref idref="oc-2eb"/>
      </symbol>
      <symbol id="sm-568">
         <name>_Fapi_setupSectorsForWrite</name>
         <value>0x8823</value>
         <object_component_ref idref="oc-415"/>
      </symbol>
      <symbol id="sm-569">
         <name>Fapi_serviceWatchdogTimer</name>
         <value>0x88c7</value>
         <object_component_ref idref="oc-28c"/>
      </symbol>
      <symbol id="sm-56a">
         <name>Fapi_getFsmStatus</name>
         <value>0x88c0</value>
         <object_component_ref idref="oc-2f8"/>
      </symbol>
      <symbol id="sm-57f">
         <name>Fapi_initializeAPI</name>
         <value>0x857d</value>
         <object_component_ref idref="oc-2df"/>
      </symbol>
      <symbol id="sm-580">
         <name>Fapi_GlobalInit</name>
         <value>0x88b6</value>
         <object_component_ref idref="oc-1a6"/>
      </symbol>
      <symbol id="sm-5b5">
         <name>Fapi_calculateFletcherChecksum</name>
         <value>0x87cd</value>
         <object_component_ref idref="oc-3ca"/>
      </symbol>
      <symbol id="sm-5b6">
         <name>_Fapi_scaleCycleValues</name>
         <value>0x889d</value>
         <object_component_ref idref="oc-278"/>
      </symbol>
      <symbol id="sm-5b7">
         <name>_Fapi_calculateOtpChecksum</name>
         <value>0x88ab</value>
         <object_component_ref idref="oc-272"/>
      </symbol>
      <symbol id="sm-5b8">
         <name>Fapi_isAddressValid</name>
         <value>0x86fa</value>
         <object_component_ref idref="oc-1b1"/>
      </symbol>
      <symbol id="sm-5b9">
         <name>_Fapi_divideUnsignedLong</name>
         <value>0x87f9</value>
         <object_component_ref idref="oc-26c"/>
      </symbol>
      <symbol id="sm-5c3">
         <name>_c_int00</name>
         <value>0x8313d</value>
         <object_component_ref idref="oc-e0"/>
      </symbol>
      <symbol id="sm-5c4">
         <name>__stack</name>
         <value>0x400</value>
         <object_component_ref idref="oc-5d"/>
      </symbol>
      <symbol id="sm-5d1">
         <name>__c28xabi_divf</name>
         <value>0x82838</value>
         <object_component_ref idref="oc-309"/>
      </symbol>
      <symbol id="sm-5e3">
         <name>memcpy</name>
         <value>0x8300c</value>
         <object_component_ref idref="oc-60"/>
      </symbol>
      <symbol id="sm-5f0">
         <name>_system_pre_init</name>
         <value>0x83316</value>
         <object_component_ref idref="oc-1ce"/>
      </symbol>
      <symbol id="sm-5ff">
         <name>__TI_auto_init_nobinit_nopinit</name>
         <value>0x82e27</value>
         <object_component_ref idref="oc-298"/>
      </symbol>
      <symbol id="sm-60e">
         <name>__TI_zero_init_nomemset</name>
         <value>0x832a8</value>
         <object_component_ref idref="oc-68"/>
      </symbol>
      <symbol id="sm-61b">
         <name>__TI_decompress_none</name>
         <value>0x832f5</value>
         <object_component_ref idref="oc-3f"/>
      </symbol>
      <symbol id="sm-62f">
         <name>__TI_decompress_lzss</name>
         <value>0x82df6</value>
         <object_component_ref idref="oc-39"/>
      </symbol>
      <symbol id="sm-645">
         <name>C$$EXIT</name>
         <value>0x82e7c</value>
         <object_component_ref idref="oc-1db"/>
      </symbol>
      <symbol id="sm-646">
         <name>abort</name>
         <value>0x82e7c</value>
         <object_component_ref idref="oc-1db"/>
      </symbol>
      <symbol id="sm-647">
         <name>exit</name>
         <value>0x82e7e</value>
         <object_component_ref idref="oc-1db"/>
      </symbol>
      <symbol id="sm-648">
         <name>__TI_dtors_ptr</name>
         <value>0xa81c</value>
         <object_component_ref idref="oc-2ca"/>
      </symbol>
      <symbol id="sm-649">
         <name>__TI_cleanup_ptr</name>
         <value>0xa81a</value>
         <object_component_ref idref="oc-2ca"/>
      </symbol>
      <symbol id="sm-64a">
         <name>__TI_enable_exit_profile_output</name>
         <value>0xa818</value>
         <object_component_ref idref="oc-2ca"/>
      </symbol>
      <symbol id="sm-661">
         <name>_nop</name>
         <value>0x832f4</value>
         <object_component_ref idref="oc-3f7"/>
      </symbol>
      <symbol id="sm-662">
         <name>_lock</name>
         <value>0xa81e</value>
         <object_component_ref idref="oc-2cd"/>
      </symbol>
      <symbol id="sm-663">
         <name>_unlock</name>
         <value>0xa820</value>
         <object_component_ref idref="oc-456"/>
      </symbol>
      <symbol id="sm-664">
         <name>_register_lock</name>
         <value>0x832f0</value>
         <object_component_ref idref="oc-3f7"/>
      </symbol>
      <symbol id="sm-665">
         <name>_register_unlock</name>
         <value>0x832ec</value>
         <object_component_ref idref="oc-3f7"/>
      </symbol>
      <symbol id="sm-674">
         <name>_args_main</name>
         <value>0x832c1</value>
         <object_component_ref idref="oc-1d5"/>
      </symbol>
      <symbol id="sm-683">
         <name>memset</name>
         <value>0x8330c</value>
         <object_component_ref idref="oc-83"/>
      </symbol>
      <symbol id="sm-691">
         <name>_system_post_cinit</name>
         <value>0x83318</value>
         <object_component_ref idref="oc-3dd"/>
      </symbol>
      <symbol id="sm-693">
         <name>__c_args__</name>
         <value>0x0</value>
      </symbol>
   </symbol_table>
   <title>Link errors: red sections failed placement</title>
</link_info>
