Archive member included to satisfy reference by file (symbol)

.\CortexM0\ARM_GCC_541\Debug\CYPD3171-24LQXQ_pb.a(BUCK_BOOST_EN_C.o)
                              .\CortexM0\ARM_GCC_541\Debug\app.o (symbol from plugin) (BUCK_BOOST_EN_C_Write)
.\CortexM0\ARM_GCC_541\Debug\CYPD3171-24LQXQ_pb.a(DIR_CTRL_C.o)
                              .\CortexM0\ARM_GCC_541\Debug\psink.o (symbol from plugin) (DIR_CTRL_C_Write)
.\CortexM0\ARM_GCC_541\Debug\CYPD3171-24LQXQ_pb.a(PWMI_C.o)
                              .\CortexM0\ARM_GCC_541\Debug\psink.o (symbol from plugin) (PWMI_C_Stop)
.\CortexM0\ARM_GCC_541\Debug\CYPD3171-24LQXQ_pb.a(PWMI_OUT_C.o)
                              .\CortexM0\ARM_GCC_541\Debug\psink.o (symbol from plugin) (PWMI_OUT_C_SetDriveMode)
.\CortexM0\ARM_GCC_541\Debug\CYPD3171-24LQXQ_pb.a(Bootloadable_1.o)
                              .\CortexM0\ARM_GCC_541\Debug\grlapp.o (symbol from plugin) (Bootloadable_1_Load)
.\CortexM0\ARM_GCC_541\Debug\CYPD3171-24LQXQ_pb.a(CyFlash.o)
                              Bootloadable_1.o (symbol from plugin) (CySysFlashWriteRow)
.\CortexM0\ARM_GCC_541\Debug\CYPD3171-24LQXQ_pb.a(CyLib.o)
                              .\CortexM0\ARM_GCC_541\Debug\cyfitter_cfg.o (symbol from plugin) (CySysClkWriteImoFreq)
.\CortexM0\ARM_GCC_541\Debug\CYPD3171-24LQXQ_pb.a(cyPm.o)
                              .\CortexM0\ARM_GCC_541\Debug\app.o (symbol from plugin) (CySysPmSleep)
.\CortexM0\ARM_GCC_541\Debug\CYPD3171-24LQXQ_pb.a(CyLFClk.o)
                              .\CortexM0\ARM_GCC_541\Debug\Cm0Start.o (symbol from plugin) (CySysWdtDisable)
.\CortexM0\ARM_GCC_541\Debug\CYPD3171-24LQXQ_pb.a(EZI2C_1.o)
                              .\CortexM0\ARM_GCC_541\Debug\grlapp.o (symbol from plugin) (EZI2C_1_Start)
.\CortexM0\ARM_GCC_541\Debug\CYPD3171-24LQXQ_pb.a(EZI2C_1_EZI2C.o)
                              EZI2C_1.o (symbol from plugin) (EZI2C_1_EzI2CInit)
.\CortexM0\ARM_GCC_541\Debug\CYPD3171-24LQXQ_pb.a(EZI2C_1_EZI2C_INT.o)
                              EZI2C_1_EZI2C.o (symbol from plugin) (EZI2C_1_EZI2C_STRETCH_ISR)
.\CortexM0\ARM_GCC_541\Debug\CYPD3171-24LQXQ_pb.a(MasterInput.o)
                              .\CortexM0\ARM_GCC_541\Debug\main.o (symbol from plugin) (MasterInput_ClearInterrupt)
.\CortexM0\ARM_GCC_541\Debug\CYPD3171-24LQXQ_pb.a(MasterInputInt.o)
                              .\CortexM0\ARM_GCC_541\Debug\main.o (symbol from plugin) (MasterInputInt_StartEx)
.\CortexM0\ARM_GCC_541\Debug\CYPD3171-24LQXQ_pb.a(AUG_TIMER.o)
                              .\CortexM0\ARM_GCC_541\Debug\app.o (symbol from plugin) (AUG_TIMER_Stop)
.\CortexM0\ARM_GCC_541\Debug\CYPD3171-24LQXQ_pb.a(AUG_ISR.o)
                              .\CortexM0\ARM_GCC_541\Debug\main.o (symbol from plugin) (AUG_ISR_StartEx)
.\CortexM0\ARM_GCC_541\Debug\CYPD3171-24LQXQ_pb.a(CyBootAsmGnu.o)
                              CyLib.o (symbol from plugin) (CyDelayCycles)
.\lib\ccg3pa\libccgx_pd3.a(pd_protocol.o)
                              .\CortexM0\ARM_GCC_541\Debug\grlapp.o (symbol from plugin) (pd_prot_send_ctrl_msg)
.\lib\ccg3pa\libccgx_pd3.a(typec_manager.o)
                              .\CortexM0\ARM_GCC_541\Debug\grlapp.o (symbol from plugin) (typec_start)
.\lib\ccg3pa\libccgx_pd3.a(dpm.o)
                              .\CortexM0\ARM_GCC_541\Debug\main.o (symbol from plugin) (dpm_init)
.\lib\ccg3pa\libccgx_pd3.a(pd_policy_engine.o)
                              .\lib\ccg3pa\libccgx_pd3.a(dpm.o) (pe_get_pps_status)
c:/program files (x86)/cypress/psoc creator/4.4/psoc creator/import/gnu/arm/5.4.1/bin/../lib/gcc/arm-none-eabi/5.4.1/armv6-m\libgcc.a(_thumb1_case_uqi.o)
                              .\lib\ccg3pa\libccgx_pd3.a(pd_protocol.o) (__gnu_thumb1_case_uqi)
c:/program files (x86)/cypress/psoc creator/4.4/psoc creator/import/gnu/arm/5.4.1/bin/../lib/gcc/arm-none-eabi/5.4.1/armv6-m\libgcc.a(_thumb1_case_uhi.o)
                              .\lib\ccg3pa\libccgx_pd3.a(pd_policy_engine.o) (__gnu_thumb1_case_uhi)
c:/program files (x86)/cypress/psoc creator/4.4/psoc creator/import/gnu/arm/5.4.1/bin/../lib/gcc/arm-none-eabi/5.4.1/armv6-m\libgcc.a(_udivsi3.o)
                              .\lib\ccg3pa\libccgx_pd3.a(dpm.o) (__aeabi_uidiv)
c:/program files (x86)/cypress/psoc creator/4.4/psoc creator/import/gnu/arm/5.4.1/bin/../lib/gcc/arm-none-eabi/5.4.1/armv6-m\libgcc.a(_divsi3.o)
                              .\lib\ccg3pa\libccgx_pd3.a(dpm.o) (__aeabi_idiv)
c:/program files (x86)/cypress/psoc creator/4.4/psoc creator/import/gnu/arm/5.4.1/bin/../lib/gcc/arm-none-eabi/5.4.1/armv6-m\libgcc.a(_dvmd_tls.o)
                              c:/program files (x86)/cypress/psoc creator/4.4/psoc creator/import/gnu/arm/5.4.1/bin/../lib/gcc/arm-none-eabi/5.4.1/armv6-m\libgcc.a(_udivsi3.o) (__aeabi_idiv0)
c:/program files (x86)/cypress/psoc creator/4.4/psoc creator/import/gnu/arm/5.4.1/bin/../lib/gcc/arm-none-eabi/5.4.1/../../../../arm-none-eabi/lib/armv6-m\libg_nano.a(lib_a-errno.o)
[...]
Memory Configuration

Name             Origin             Length             Attributes
rom              0x00000000         0x00010000         xr
ram              0x20000000         0x00002000         xrw
*default*        0x00000000         0xffffffff

Linker script and memory map

LOAD c:/program files (x86)/cypress/psoc creator/4.4/psoc creator/import/gnu/arm/5.4.1/bin/../lib/gcc/arm-none-eabi/5.4.1/armv6-m/crti.o
LOAD c:/program files (x86)/cypress/psoc creator/4.4/psoc creator/import/gnu/arm/5.4.1/bin/../lib/gcc/arm-none-eabi/5.4.1/armv6-m/crtbegin.o
LOAD c:/program files (x86)/cypress/psoc creator/4.4/psoc creator/import/gnu/arm/5.4.1/bin/../lib/gcc/arm-none-eabi/5.4.1/../../../../arm-none-eabi/lib/armv6-m/crt0.o
START GROUP
LOAD .\CortexM0\ARM_GCC_541\Debug\alt_mode_hw.o
LOAD C:\Users\prana\AppData\Local\Temp\ccLaNrxG.ltrans0.ltrans.o
LOAD C:\Users\prana\AppData\Local\Temp\ccLaNrxG.ltrans1.ltrans.o
LOAD C:\Users\prana\AppData\Local\Temp\ccLaNrxG.ltrans2.ltrans.o
LOAD C:\Users\prana\AppData\Local\Temp\ccLaNrxG.ltrans3.ltrans.o
LOAD C:\Users\prana\AppData\Local\Temp\ccLaNrxG.ltrans4.ltrans.o
LOAD C:\Users\prana\AppData\Local\Temp\ccLaNrxG.ltrans5.ltrans.o
LOAD C:\Users\prana\AppData\Local\Temp\ccLaNrxG.ltrans6.ltrans.o
LOAD C:\Users\prana\AppData\Local\Temp\ccLaNrxG.ltrans7.ltrans.o
LOAD C:\Users\prana\AppData\Local\Temp\ccLaNrxG.ltrans8.ltrans.o
LOAD C:\Users\prana\AppData\Local\Temp\ccLaNrxG.ltrans9.ltrans.o
LOAD C:\Users\prana\AppData\Local\Temp\ccLaNrxG.ltrans10.ltrans.o
LOAD .\CortexM0\ARM_GCC_541\Debug\alt_modes_mngr.o
LOAD .\CortexM0\ARM_GCC_541\Debug\vdm_task_mngr.o
LOAD .\CortexM0\ARM_GCC_541\Debug\cy_alt_mode.o
LOAD .\CortexM0\ARM_GCC_541\Debug\uvdm.o
LOAD .\CortexM0\ARM_GCC_541\Debug\app.o
LOAD .\CortexM0\ARM_GCC_541\Debug\pdo.o
LOAD .\CortexM0\ARM_GCC_541\Debug\psink.o
LOAD .\CortexM0\ARM_GCC_541\Debug\psource.o
LOAD .\CortexM0\ARM_GCC_541\Debug\swap.o
LOAD .\CortexM0\ARM_GCC_541\Debug\vdm.o
LOAD .\CortexM0\ARM_GCC_541\Debug\battery_charging.o
LOAD .\CortexM0\ARM_GCC_541\Debug\type_a.o
LOAD .\CortexM0\ARM_GCC_541\Debug\power_bank.o
LOAD .\CortexM0\ARM_GCC_541\Debug\vbus_ctrl.o
LOAD .\CortexM0\ARM_GCC_541\Debug\boot.o
LOAD .\CortexM0\ARM_GCC_541\Debug\flash.o
LOAD .\CortexM0\ARM_GCC_541\Debug\gpio.o
LOAD .\CortexM0\ARM_GCC_541\Debug\system.o
LOAD .\CortexM0\ARM_GCC_541\Debug\timer.o
LOAD .\CortexM0\ARM_GCC_541\Debug\utils.o
LOAD .\CortexM0\ARM_GCC_541\Debug\config.o
LOAD .\CortexM0\ARM_GCC_541\Debug\datamux_ctrl.o
LOAD .\CortexM0\ARM_GCC_541\Debug\main.o
LOAD .\CortexM0\ARM_GCC_541\Debug\instrumentation.o
LOAD .\CortexM0\ARM_GCC_541\Debug\grlapp.o
LOAD .\CortexM0\ARM_GCC_541\Debug\grlabstraction.o
LOAD .\CortexM0\ARM_GCC_541\Debug\grlstruct.o
LOAD .\CortexM0\ARM_GCC_541\Debug\hal_ccgx.o
LOAD .\CortexM0\ARM_GCC_541\Debug\pdss_mx_hal.o
LOAD .\CortexM0\ARM_GCC_541\Debug\cyfitter_cfg.o
LOAD .\CortexM0\ARM_GCC_541\Debug\cybootloader.o
LOAD .\CortexM0\ARM_GCC_541\Debug\cymetadata.o
LOAD .\CortexM0\ARM_GCC_541\Debug\Cm0Start.o
LOAD .\CortexM0\ARM_GCC_541\Debug\CYPD3171-24LQXQ_pb.a
LOAD .\lib\ccg3pa\libccgx_pd3.a
LOAD .\lib\ccg3pa\libccgx_cablecomp.a
END GROUP
START GROUP
LOAD c:/program files (x86)/cypress/psoc creator/4.4/psoc creator/import/gnu/arm/5.4.1/bin/../lib/gcc/arm-none-eabi/5.4.1/armv6-m\libgcc.a
LOAD c:/program files (x86)/cypress/psoc creator/4.4/psoc creator/import/gnu/arm/5.4.1/bin/../lib/gcc/arm-none-eabi/5.4.1/../../../../arm-none-eabi/lib/armv6-m\libg_nano.a
LOAD c:/program files (x86)/cypress/psoc creator/4.4/psoc creator/import/gnu/arm/5.4.1/bin/../lib/gcc/arm-none-eabi/5.4.1/../../../../arm-none-eabi/lib/armv6-m\libc_nano.a
END GROUP
START GROUP
LOAD c:/program files (x86)/cypress/psoc creator/4.4/psoc creator/import/gnu/arm/5.4.1/bin/../lib/gcc/arm-none-eabi/5.4.1/armv6-m\libgcc.a
LOAD c:/program files (x86)/cypress/psoc creator/4.4/psoc creator/import/gnu/arm/5.4.1/bin/../lib/gcc/arm-none-eabi/5.4.1/../../../../arm-none-eabi/lib/armv6-m\libc_nano.a
END GROUP
LOAD c:/program files (x86)/cypress/psoc creator/4.4/psoc creator/import/gnu/arm/5.4.1/bin/../lib/gcc/arm-none-eabi/5.4.1/armv6-m/crtend.o
LOAD c:/program files (x86)/cypress/psoc creator/4.4/psoc creator/import/gnu/arm/5.4.1/bin/../lib/gcc/arm-none-eabi/5.4.1/armv6-m/crtn.o
START GROUP
LOAD c:/program files (x86)/cypress/psoc creator/4.4/psoc creator/import/gnu/arm/5.4.1/bin/../lib/gcc/arm-none-eabi/5.4.1/armv6-m\libgcc.a
LOAD c:/program files (x86)/cypress/psoc creator/4.4/psoc creator/import/gnu/arm/5.4.1/bin/../lib/gcc/arm-none-eabi/5.4.1/../../../../arm-none-eabi/lib/armv6-m\libc.a
LOAD c:/program files (x86)/cypress/psoc creator/4.4/psoc creator/import/gnu/arm/5.4.1/bin/../lib/gcc/arm-none-eabi/5.4.1/../../../../arm-none-eabi/lib/armv6-m\libnosys.a
END GROUP
                0x00001380                CY_APPL_ORIGIN = 0x1380
                0x00000080                CY_FLASH_ROW_SIZE = 0x80
                0x00000001                CY_APPL_NUM = 0x1
                0x00000001                CY_APPL_MAX = 0x1
                0x00000040                CY_METADATA_SIZE = 0x40
                0x00000001                CY_APPL_LOADABLE = 0x1
                0x00000000                CY_CHECKSUM_EXCLUDE_SIZE = ALIGN (0x0, CY_FLASH_ROW_SIZE)
                0x00000000                CY_APP_FOR_STACK_AND_COPIER = 0x0
                [!provide]                PROVIDE (__cy_heap_start, _end)
                0x00000001                PROVIDE (__cy_region_num, ((__cy_regions_end - __cy_regions) / 0x10))
                0x20002000                PROVIDE (__cy_stack, (ORIGIN (ram) + LENGTH (ram)))
                [!provide]                PROVIDE (__cy_heap_end, (__cy_stack - 0x800))

.cybootloader   0x00000000     0x1300
 *(.cybootloader)
 .cybootloader  0x00000000     0x1300 C:\Users\prana\AppData\Local\Temp\ccLaNrxG.ltrans0.ltrans.o
                0x00000000                cy_bootloader
                0x00001380                appl1_start = CY_APPL_ORIGIN?CY_APPL_ORIGIN:ALIGN (CY_FLASH_ROW_SIZE)
                0x00008980                appl2_start = (appl1_start + ALIGN ((((LENGTH (rom) - appl1_start) - (0x2 * CY_FLASH_ROW_SIZE)) / 0x2), CY_FLASH_ROW_SIZE))
                0x00001380                appl_start = (CY_APPL_NUM == 0x1)?appl1_start:appl2_start
                0x00000000                cy_project_type_bootloader = (appl_start == 0x0)?0x1:0x0
                0x00000000                cy_project_type_app_for_stack_and_copier = (CY_APP_FOR_STACK_AND_COPIER == 0x1)?0x1:0x0

.text           0x00001380     0xcf4c
 CREATE_OBJECT_SYMBOLS
                0x00000000                PROVIDE (__cy_interrupt_vector, RomVectors)
 *(.romvectors)
 .romvectors    0x00001380       0x10 C:\Users\prana\AppData\Local\Temp\ccLaNrxG.ltrans5.ltrans.o
                0x00000001                ASSERT ((. != __cy_interrupt_vector), No interrupt vector)
                0x00000001                ASSERT (CY_APPL_ORIGIN?(SIZEOF (.cybootloader) <= CY_APPL_ORIGIN):0x1, Wrong image location)
                0x000000c0                . = 0xc0
 *fill*         0x00001390       0xb0 
 *(.customer_region)
 .customer_region
                0x00001440       0x20 C:\Users\prana\AppData\Local\Temp\ccLaNrxG.ltrans0.ltrans.o
                0x00001440                customer_info
 *(.base_version)
 .base_version  0x00001460        0x4 C:\Users\prana\AppData\Local\Temp\ccLaNrxG.ltrans7.ltrans.o
                0x00001460                base_version
 *(.app_version)
 .app_version   0x00001464        0x4 C:\Users\prana\AppData\Local\Temp\ccLaNrxG.ltrans0.ltrans.o
                0x00001464                app_version
 *(.dev_siliconid)
 .dev_siliconid
                0x00001468        0x4 C:\Users\prana\AppData\Local\Temp\ccLaNrxG.ltrans0.ltrans.o
                0x00001468                ccg_silicon_id
 *(.fw_reserved)
 .fw_reserved   0x0000146c       0x14 C:\Users\prana\AppData\Local\Temp\ccLaNrxG.ltrans0.ltrans.o
                0x0000146c                reserved_buf
 *(.configSection)
 .configSection
                0x00001480      0x400 C:\Users\prana\AppData\Local\Temp\ccLaNrxG.ltrans10.ltrans.o
                0x00001480                gl_config_table
                0x00001880                PROVIDE (__cy_reset, Reset)
 *(.text.Reset)
 .text.Reset    0x00001880       0x20 C:\Users\prana\AppData\Local\Temp\ccLaNrxG.ltrans5.ltrans.o
                0x00001880                Reset
                0x00000001                ASSERT ((. != __cy_reset), No reset code)
 *(.psocinit)
                0x000018a0                . = MAX (., 0x100)
 *(.text .text.* .gnu.linkonce.t.*)
 .text          0x000018a0       0x60 c:/program files (x86)/cypress/psoc creator/4.4/psoc creator/import/gnu/arm/5.4.1/bin/../lib/gcc/arm-none-eabi/5.4.1/armv6-m/crtbegin.o
 .text.vconn_disable
                0x00001900        0x2 C:\Users\prana\AppData\Local\Temp\ccLaNrxG.ltrans0.ltrans.o
                0x00001900                vconn_disable
 *fill*         0x00001902        0x2 
 .text.ccg_activity_timer_cb
                0x00001904        0xc C:\Users\prana\AppData\Local\Temp\ccLaNrxG.ltrans0.ltrans.o
                0x00001904                ccg_activity_timer_cb
 .text.vconn_is_present
                0x00001910        0xa C:\Users\prana\AppData\Local\Temp\ccLaNrxG.ltrans0.ltrans.o
                0x00001910                vconn_is_present
 .text.vbus_get_value
                0x0000191a        0x8 C:\Users\prana\AppData\Local\Temp\ccLaNrxG.ltrans0.ltrans.o
                0x0000191a                vbus_get_value
 .text.vconn_enable
                0x00001922       0x16 C:\Users\prana\AppData\Local\Temp\ccLaNrxG.ltrans0.ltrans.o
                0x00001922                vconn_enable
 .text.extd_msg_cb
                0x00001938       0x28 C:\Users\prana\AppData\Local\Temp\ccLaNrxG.ltrans0.ltrans.o
 .text.app_bad_sink_timeout_cbk
                0x00001960       0x34 C:\Users\prana\AppData\Local\Temp\ccLaNrxG.ltrans0.ltrans.o
 .text.form_rdo.lto_priv.122
                0x00001994       0x9c C:\Users\prana\AppData\Local\Temp\ccLaNrxG.ltrans0.ltrans.o
                0x00001994                form_rdo.lto_priv.122
 .text.PD_BC_i2cBufHandler.part.7.lto_priv.120
                0x00001a30       0x18 C:\Users\prana\AppData\Local\Temp\ccLaNrxG.ltrans0.ltrans.o
                0x00001a30                PD_BC_i2cBufHandler.part.7.lto_priv.120
 .text.g_PdssGPIOIntrHandler.part.6.lto_priv.119
                0x00001a48       0x10 C:\Users\prana\AppData\Local\Temp\ccLaNrxG.ltrans0.ltrans.o
                0x00001a48                g_PdssGPIOIntrHandler.part.6.lto_priv.119
 .text.g_SrcCapsDecode
                0x00001a58       0x3c C:\Users\prana\AppData\Local\Temp\ccLaNrxG.ltrans0.ltrans.o
                0x00001a58                g_SrcCapsDecode
 .text.app_conf_for_faulty_dev_removal
                0x00001a94       0x38 C:\Users\prana\AppData\Local\Temp\ccLaNrxG.ltrans0.ltrans.o
                0x00001a94                app_conf_for_faulty_dev_removal
 .text.app_handle_fault
                0x00001acc       0x60 C:\Users\prana\AppData\Local\Temp\ccLaNrxG.ltrans0.ltrans.o
 .text.vbus_is_present
                0x00001b2c       0xb4 C:\Users\prana\AppData\Local\Temp\ccLaNrxG.ltrans0.ltrans.o
                0x00001b2c                vbus_is_present
 .text.app_event_handler
                0x00001be0      0x6d8 C:\Users\prana\AppData\Local\Temp\ccLaNrxG.ltrans0.ltrans.o
                0x00001be0                app_event_handler
 .text.app_port_disable_cb.lto_priv.80
                0x000022b8       0x48 C:\Users\prana\AppData\Local\Temp\ccLaNrxG.ltrans0.ltrans.o
                0x000022b8                app_port_disable_cb.lto_priv.80
 .text.fault_recovery_timer_cb
                0x00002300       0x74 C:\Users\prana\AppData\Local\Temp\ccLaNrxG.ltrans0.ltrans.o
 .text.eval_fr_swap
                0x00002374       0x1c C:\Users\prana\AppData\Local\Temp\ccLaNrxG.ltrans1.ltrans.o
                0x00002374                eval_fr_swap
 .text.get_response
                0x00002390       0x28 C:\Users\prana\AppData\Local\Temp\ccLaNrxG.ltrans1.ltrans.o
 .text.eval_vconn_swap
                0x000023b8       0x3c C:\Users\prana\AppData\Local\Temp\ccLaNrxG.ltrans1.ltrans.o
                0x000023b8                eval_vconn_swap
 .text.eval_pr_swap
                0x000023f4       0x78 C:\Users\prana\AppData\Local\Temp\ccLaNrxG.ltrans1.ltrans.o
                0x000023f4                eval_pr_swap
 .text.eval_dr_swap
                0x0000246c       0x44 C:\Users\prana\AppData\Local\Temp\ccLaNrxG.ltrans1.ltrans.o
                0x0000246c                eval_dr_swap
 .text.eval_vdm
                0x000024b0      0x710 C:\Users\prana\AppData\Local\Temp\ccLaNrxG.ltrans1.ltrans.o
                0x000024b0                eval_vdm
 .text.psrc_en_ovp
                0x00002bc0       0x30 C:\Users\prana\AppData\Local\Temp\ccLaNrxG.ltrans1.ltrans.o
                0x00002bc0                psrc_en_ovp
 .text.psrc_shutdown.lto_priv.118
                0x00002bf0       0xd0 C:\Users\prana\AppData\Local\Temp\ccLaNrxG.ltrans1.ltrans.o
                0x00002bf0                psrc_shutdown.lto_priv.118
 .text.psrc_enable
                0x00002cc0       0xcc C:\Users\prana\AppData\Local\Temp\ccLaNrxG.ltrans1.ltrans.o
                0x00002cc0                psrc_enable
 .text.psrc_disable
                0x00002d8c       0xa4 C:\Users\prana\AppData\Local\Temp\ccLaNrxG.ltrans1.ltrans.o
                0x00002d8c                psrc_disable
 .text.MasterInputInt_ISR
                0x00002e30      0x5f8 C:\Users\prana\AppData\Local\Temp\ccLaNrxG.ltrans2.ltrans.o
                0x00002e30                MasterInputInt_ISR
 .text.Timer_Int_Handler
                0x00003428       0x7c C:\Users\prana\AppData\Local\Temp\ccLaNrxG.ltrans2.ltrans.o
                0x00003428                Timer_Int_Handler
 .text.pa_port_disable_cb
                0x000034a4       0x24 C:\Users\prana\AppData\Local\Temp\ccLaNrxG.ltrans2.ltrans.o
 .text.wdt_interrupt_handler.lto_priv.85
                0x000034c8      0x138 C:\Users\prana\AppData\Local\Temp\ccLaNrxG.ltrans2.ltrans.o
                0x000034c8                wdt_interrupt_handler.lto_priv.85
 .text.uvdm_handle_device_reset
                0x00003600       0x68 C:\Users\prana\AppData\Local\Temp\ccLaNrxG.ltrans2.ltrans.o
                0x00003600                uvdm_handle_device_reset
 .text.get_pd_port_config
                0x00003668       0x10 C:\Users\prana\AppData\Local\Temp\ccLaNrxG.ltrans2.ltrans.o
                0x00003668                get_pd_port_config
 .text.get_pd_config
                0x00003678        0x8 C:\Users\prana\AppData\Local\Temp\ccLaNrxG.ltrans2.ltrans.o
                0x00003678                get_pd_config
 .text.div_round_up
                0x00003680       0x2c C:\Users\prana\AppData\Local\Temp\ccLaNrxG.ltrans2.ltrans.o
                0x00003680                div_round_up
 .text.mem_copy_word
                0x000036ac       0x14 C:\Users\prana\AppData\Local\Temp\ccLaNrxG.ltrans2.ltrans.o
                0x000036ac                mem_copy_word
 .text.mem_calculate_byte_checksum
                0x000036c0       0x22 C:\Users\prana\AppData\Local\Temp\ccLaNrxG.ltrans2.ltrans.o
                0x000036c0                mem_calculate_byte_checksum
 *fill*         0x000036e2        0x2 
 .text.timer_stop_range.part.3.lto_priv.108
                0x000036e4       0x4c C:\Users\prana\AppData\Local\Temp\ccLaNrxG.ltrans2.ltrans.o
                0x000036e4                timer_stop_range.part.3.lto_priv.108
 .text.timer_get_count
                0x00003730       0x88 C:\Users\prana\AppData\Local\Temp\ccLaNrxG.ltrans2.ltrans.o
                0x00003730                timer_get_count
 .text.timer_is_running
                0x000037b8       0x34 C:\Users\prana\AppData\Local\Temp\ccLaNrxG.ltrans2.ltrans.o
                0x000037b8                timer_is_running
 .text.timer_stop_range
                0x000037ec       0x10 C:\Users\prana\AppData\Local\Temp\ccLaNrxG.ltrans2.ltrans.o
                0x000037ec                timer_stop_range
 .text.timer_stop
                0x000037fc       0x48 C:\Users\prana\AppData\Local\Temp\ccLaNrxG.ltrans2.ltrans.o
                0x000037fc                timer_stop
 .text.psnk_enable
                0x00003844       0x64 C:\Users\prana\AppData\Local\Temp\ccLaNrxG.ltrans3.ltrans.o
                0x00003844                psnk_enable
 .text.app_psnk_vbus_ovp_cbk
                0x000038a8       0x20 C:\Users\prana\AppData\Local\Temp\ccLaNrxG.ltrans3.ltrans.o
 .text.psnk_set_voltage
                0x000038c8       0x3c C:\Users\prana\AppData\Local\Temp\ccLaNrxG.ltrans3.ltrans.o
                0x000038c8                psnk_set_voltage
 .text.eval_rdo
                0x00003904       0x30 C:\Users\prana\AppData\Local\Temp\ccLaNrxG.ltrans3.ltrans.o
                0x00003904                eval_rdo
 .text.psnk_disable
                0x00003934       0xb8 C:\Users\prana\AppData\Local\Temp\ccLaNrxG.ltrans3.ltrans.o
                0x00003934                psnk_disable
 .text.psnk_set_current
                0x000039ec      0x118 C:\Users\prana\AppData\Local\Temp\ccLaNrxG.ltrans3.ltrans.o
                0x000039ec                psnk_set_current
 .text.app_psnk_tmr_cbk
                0x00003b04       0x64 C:\Users\prana\AppData\Local\Temp\ccLaNrxG.ltrans3.ltrans.o
 .text.eval_src_cap
                0x00003b68      0x57c C:\Users\prana\AppData\Local\Temp\ccLaNrxG.ltrans3.ltrans.o
                0x00003b68                eval_src_cap
 .text.psrc_get_voltage
                0x000040e4       0x10 C:\Users\prana\AppData\Local\Temp\ccLaNrxG.ltrans4.ltrans.o
                0x000040e4                psrc_get_voltage
 .text.ovp_pwr_ready_cbk.lto_priv.78
                0x000040f4        0x2 C:\Users\prana\AppData\Local\Temp\ccLaNrxG.ltrans4.ltrans.o
                0x000040f4                ovp_pwr_ready_cbk.lto_priv.78
 *fill*         0x000040f6        0x2 
 .text.call_psrc_ready_cbk
                0x000040f8       0x1c C:\Users\prana\AppData\Local\Temp\ccLaNrxG.ltrans4.ltrans.o
 .text.vbus_discharge_off
                0x00004114       0x2c C:\Users\prana\AppData\Local\Temp\ccLaNrxG.ltrans4.ltrans.o
                0x00004114                vbus_discharge_off
 .text.vbus_discharge_on
                0x00004140       0x24 C:\Users\prana\AppData\Local\Temp\ccLaNrxG.ltrans4.ltrans.o
                0x00004140                vbus_discharge_on
 .text.app_psrc_vbus_scp_cbk
                0x00004164       0x20 C:\Users\prana\AppData\Local\Temp\ccLaNrxG.ltrans4.ltrans.o
 .text.psrc_set_current
                0x00004184      0x148 C:\Users\prana\AppData\Local\Temp\ccLaNrxG.ltrans4.ltrans.o
                0x00004184                psrc_set_current
 .text.sink_fet_off.part.1.lto_priv.121
                0x000042cc       0x3c C:\Users\prana\AppData\Local\Temp\ccLaNrxG.ltrans4.ltrans.o
                0x000042cc                sink_fet_off.part.1.lto_priv.121
 .text.psrc_select_voltage
                0x00004308      0x10c C:\Users\prana\AppData\Local\Temp\ccLaNrxG.ltrans4.ltrans.o
                0x00004308                psrc_select_voltage
 .text.app_psrc_vbus_ovp_cbk
                0x00004414       0x4c C:\Users\prana\AppData\Local\Temp\ccLaNrxG.ltrans4.ltrans.o
                0x00004414                app_psrc_vbus_ovp_cbk
 .text.app_psrc_tmr_cbk
                0x00004460      0x104 C:\Users\prana\AppData\Local\Temp\ccLaNrxG.ltrans4.ltrans.o
                0x00004460                app_psrc_tmr_cbk
 .text.psrc_dis_cf.lto_priv.107
                0x00004564       0x54 C:\Users\prana\AppData\Local\Temp\ccLaNrxG.ltrans4.ltrans.o
                0x00004564                psrc_dis_cf.lto_priv.107
 .text.psrc_set_voltage
                0x000045b8      0x304 C:\Users\prana\AppData\Local\Temp\ccLaNrxG.ltrans4.ltrans.o
                0x000045b8                psrc_set_voltage
 .text.EZI2C_1_EZI2C_STRETCH_ISR
                0x000048bc      0x298 C:\Users\prana\AppData\Local\Temp\ccLaNrxG.ltrans5.ltrans.o
                0x000048bc                EZI2C_1_EZI2C_STRETCH_ISR
 .text.g_fill_datalog_buffer_2Bytes.constprop.20
                0x00004b54       0x20 C:\Users\prana\AppData\Local\Temp\ccLaNrxG.ltrans5.ltrans.o
                0x00004b54                g_fill_datalog_buffer_2Bytes.constprop.20
 .text.pd_phy_read_data_from_mem.constprop.3
                0x00004b74       0x60 C:\Users\prana\AppData\Local\Temp\ccLaNrxG.ltrans5.ltrans.o
                0x00004b74                pd_phy_read_data_from_mem.constprop.3
 .text.AUG_TIMER_Stop
                0x00004bd4       0x1c C:\Users\prana\AppData\Local\Temp\ccLaNrxG.ltrans5.ltrans.o
                0x00004bd4                AUG_TIMER_Stop
 .text.AUG_TIMER_Start
                0x00004bf0       0x80 C:\Users\prana\AppData\Local\Temp\ccLaNrxG.ltrans5.ltrans.o
                0x00004bf0                AUG_TIMER_Start
 .text.CyDelayUs
                0x00004c70        0xc C:\Users\prana\AppData\Local\Temp\ccLaNrxG.ltrans5.ltrans.o
                0x00004c70                CyDelayUs
 .text.CyDelay  0x00004c7c       0x30 C:\Users\prana\AppData\Local\Temp\ccLaNrxG.ltrans5.ltrans.o
                0x00004c7c                CyDelay
 .text.gPD_DataManager.constprop.23
                0x00004cac      0x3d0 C:\Users\prana\AppData\Local\Temp\ccLaNrxG.ltrans5.ltrans.o
                0x00004cac                gPD_DataManager.constprop.23
 .text.CySoftwareReset
                0x0000507c       0x18 C:\Users\prana\AppData\Local\Temp\ccLaNrxG.ltrans5.ltrans.o
                0x0000507c                CySoftwareReset
 .text.PWMI_C_Stop
                0x00005094       0x1c C:\Users\prana\AppData\Local\Temp\ccLaNrxG.ltrans5.ltrans.o
                0x00005094                PWMI_C_Stop
 .text.BUCK_BOOST_EN_C_Write
                0x000050b0       0x18 C:\Users\prana\AppData\Local\Temp\ccLaNrxG.ltrans5.ltrans.o
                0x000050b0                BUCK_BOOST_EN_C_Write
 .text.startup.initialize_psoc
                0x000050c8      0x20c C:\Users\prana\AppData\Local\Temp\ccLaNrxG.ltrans5.ltrans.o
 .text.pd_phy_load_data_in_mem
                0x000052d4       0x88 C:\Users\prana\AppData\Local\Temp\ccLaNrxG.ltrans6.ltrans.o
 .text.pdss_port0_intr1_handler
                0x0000535c      0x164 C:\Users\prana\AppData\Local\Temp\ccLaNrxG.ltrans6.ltrans.o
 .text.timer_expiry_callback.lto_priv.113
                0x000054c0       0x58 C:\Users\prana\AppData\Local\Temp\ccLaNrxG.ltrans6.ltrans.o
                0x000054c0                timer_expiry_callback.lto_priv.113
 .text.pd_phy_send_msg
                0x00005518      0x134 C:\Users\prana\AppData\Local\Temp\ccLaNrxG.ltrans6.ltrans.o
                0x00005518                pd_phy_send_msg
 .text.pd_phy_load_msg
                0x0000564c       0x9c C:\Users\prana\AppData\Local\Temp\ccLaNrxG.ltrans6.ltrans.o
                0x0000564c                pd_phy_load_msg
 .text.pd_phy_dis_unchunked_tx
                0x000056e8       0x10 C:\Users\prana\AppData\Local\Temp\ccLaNrxG.ltrans6.ltrans.o
                0x000056e8                pd_phy_dis_unchunked_tx
 .text.pd_phy_refresh_roles
                0x000056f8       0xe4 C:\Users\prana\AppData\Local\Temp\ccLaNrxG.ltrans6.ltrans.o
                0x000056f8                pd_phy_refresh_roles
 .text.pd_phy_init
                0x000057dc       0x9c C:\Users\prana\AppData\Local\Temp\ccLaNrxG.ltrans6.ltrans.o
                0x000057dc                pd_phy_init
 .text.pd_hal_typec_sm_restart
                0x00005878        0x2 C:\Users\prana\AppData\Local\Temp\ccLaNrxG.ltrans6.ltrans.o
                0x00005878                pd_hal_typec_sm_restart
 *fill*         0x0000587a        0x2 
 .text.pd_hal_abort_auto_toggle
                0x0000587c       0x4c C:\Users\prana\AppData\Local\Temp\ccLaNrxG.ltrans6.ltrans.o
                0x0000587c                pd_hal_abort_auto_toggle
 .text.pd_hal_is_auto_toggle_active
                0x000058c8       0x28 C:\Users\prana\AppData\Local\Temp\ccLaNrxG.ltrans6.ltrans.o
                0x000058c8                pd_hal_is_auto_toggle_active
 .text.pd_hal_config_auto_toggle
                0x000058f0       0x20 C:\Users\prana\AppData\Local\Temp\ccLaNrxG.ltrans6.ltrans.o
                0x000058f0                pd_hal_config_auto_toggle
 .text.CableConnectionSimulation.part.4.lto_priv.76
                0x00005910       0x78 C:\Users\prana\AppData\Local\Temp\ccLaNrxG.ltrans6.ltrans.o
                0x00005910                CableConnectionSimulation.part.4.lto_priv.76
 .text.pd_prot_stop
                0x00005988       0x30 C:\Users\prana\AppData\Local\Temp\ccLaNrxG.ltrans6.ltrans.o
                0x00005988                pd_prot_stop
 .text.pd_hal_init
                0x000059b8      0x13c C:\Users\prana\AppData\Local\Temp\ccLaNrxG.ltrans6.ltrans.o
                0x000059b8                pd_hal_init
 .text.pd_hal_measure_vbus
                0x00005af4       0x88 C:\Users\prana\AppData\Local\Temp\ccLaNrxG.ltrans6.ltrans.o
                0x00005af4                pd_hal_measure_vbus
 .text.pdss_port0_intr0_handler
                0x00005b7c      0x428 C:\Users\prana\AppData\Local\Temp\ccLaNrxG.ltrans6.ltrans.o
 .text.soft_start_timer_cb.lto_priv.73
                0x00005fa4       0x7c C:\Users\prana\AppData\Local\Temp\ccLaNrxG.ltrans6.ltrans.o
                0x00005fa4                soft_start_timer_cb.lto_priv.73
 .text.watchdog_timer_cb
                0x00006020       0x40 C:\Users\prana\AppData\Local\Temp\ccLaNrxG.ltrans6.ltrans.o
                0x00006020                watchdog_timer_cb
 .text.startup.main
                0x00006060      0x6cc C:\Users\prana\AppData\Local\Temp\ccLaNrxG.ltrans7.ltrans.o
                0x00006060                main
 .text.IntDefaultHandler
                0x0000672c       0x24 C:\Users\prana\AppData\Local\Temp\ccLaNrxG.ltrans8.ltrans.o
                0x0000672c                IntDefaultHandler
 .text.pd_lscsa_calc_cfg
                0x00006750       0xdc C:\Users\prana\AppData\Local\Temp\ccLaNrxG.ltrans8.ltrans.o
                0x00006750                pd_lscsa_calc_cfg
 .text.pd_hal_disable_vreg
                0x0000682c       0x18 C:\Users\prana\AppData\Local\Temp\ccLaNrxG.ltrans8.ltrans.o
                0x0000682c                pd_hal_disable_vreg
 .text.pd_frs_tx_disable
                0x00006844        0x4 C:\Users\prana\AppData\Local\Temp\ccLaNrxG.ltrans8.ltrans.o
                0x00006844                pd_frs_tx_disable
 .text.pd_frs_rx_disable
                0x00006848        0x4 C:\Users\prana\AppData\Local\Temp\ccLaNrxG.ltrans8.ltrans.o
                0x00006848                pd_frs_rx_disable
 .text.pd_typec_set_polarity
                0x0000684c       0x20 C:\Users\prana\AppData\Local\Temp\ccLaNrxG.ltrans8.ltrans.o
                0x0000684c                pd_typec_set_polarity
 .text.pd_typec_dis_rd
                0x0000686c       0x38 C:\Users\prana\AppData\Local\Temp\ccLaNrxG.ltrans8.ltrans.o
                0x0000686c                pd_typec_dis_rd
 .text.pd_typec_en_rd
                0x000068a4       0x34 C:\Users\prana\AppData\Local\Temp\ccLaNrxG.ltrans8.ltrans.o
                0x000068a4                pd_typec_en_rd
 .text.pd_typec_dis_dpslp_rp
                0x000068d8       0x1c C:\Users\prana\AppData\Local\Temp\ccLaNrxG.ltrans8.ltrans.o
                0x000068d8                pd_typec_dis_dpslp_rp
 .text.pd_typec_dis_rp
                0x000068f4       0x24 C:\Users\prana\AppData\Local\Temp\ccLaNrxG.ltrans8.ltrans.o
                0x000068f4                pd_typec_dis_rp
 .text.pd_typec_en_rp
                0x00006918       0x7c C:\Users\prana\AppData\Local\Temp\ccLaNrxG.ltrans8.ltrans.o
                0x00006918                pd_typec_en_rp
 .text.pd_typec_snk_update_trim
                0x00006994        0x2 C:\Users\prana\AppData\Local\Temp\ccLaNrxG.ltrans8.ltrans.o
                0x00006994                pd_typec_snk_update_trim
 *fill*         0x00006996        0x2 
 .text.pd_typec_stop
                0x00006998       0x2c C:\Users\prana\AppData\Local\Temp\ccLaNrxG.ltrans8.ltrans.o
                0x00006998                pd_typec_stop
 .text.pd_typec_rd_enable
                0x000069c4       0x3c C:\Users\prana\AppData\Local\Temp\ccLaNrxG.ltrans8.ltrans.o
                0x000069c4                pd_typec_rd_enable
 .text.pd_typec_init
                0x00006a00       0x4c C:\Users\prana\AppData\Local\Temp\ccLaNrxG.ltrans8.ltrans.o
                0x00006a00                pd_typec_init
 .text.pd_phy_is_busy
                0x00006a4c       0x28 C:\Users\prana\AppData\Local\Temp\ccLaNrxG.ltrans8.ltrans.o
                0x00006a4c                pd_phy_is_busy
 .text.pd_phy_get_rx_packet
                0x00006a74       0x14 C:\Users\prana\AppData\Local\Temp\ccLaNrxG.ltrans8.ltrans.o
                0x00006a74                pd_phy_get_rx_packet
 .text.pd_phy_abort_tx_msg
                0x00006a88       0x3c C:\Users\prana\AppData\Local\Temp\ccLaNrxG.ltrans8.ltrans.o
                0x00006a88                pd_phy_abort_tx_msg
 .text.pd_phy_abort_bist_cm2
                0x00006ac4       0x24 C:\Users\prana\AppData\Local\Temp\ccLaNrxG.ltrans8.ltrans.o
                0x00006ac4                pd_phy_abort_bist_cm2
 .text.pd_prot_rx_dis
                0x00006ae8       0x80 C:\Users\prana\AppData\Local\Temp\ccLaNrxG.ltrans8.ltrans.o
                0x00006ae8                pd_prot_rx_dis
 .text.pd_prot_rx_en
                0x00006b68       0x64 C:\Users\prana\AppData\Local\Temp\ccLaNrxG.ltrans8.ltrans.o
                0x00006b68                pd_prot_rx_en
 .text.Start_c  0x00006bcc       0x48 C:\Users\prana\AppData\Local\Temp\ccLaNrxG.ltrans8.ltrans.o
                0x00006bcc                Start_c
 .text.pd_cf_get_status
                0x00006c14      0x138 C:\Users\prana\AppData\Local\Temp\ccLaNrxG.ltrans8.ltrans.o
                0x00006c14                pd_cf_get_status
 .text.pd_adc_restore_intr.lto_priv.126
                0x00006d4c       0x60 C:\Users\prana\AppData\Local\Temp\ccLaNrxG.ltrans8.ltrans.o
                0x00006d4c                pd_adc_restore_intr.lto_priv.126
 .text.pd_adc_sample
                0x00006dac       0x80 C:\Users\prana\AppData\Local\Temp\ccLaNrxG.ltrans8.ltrans.o
                0x00006dac                pd_adc_sample
 .text.pd_typec_get_rp_rd_status
                0x00006e2c      0x104 C:\Users\prana\AppData\Local\Temp\ccLaNrxG.ltrans8.ltrans.o
 .text.pd_typec_get_cc_status
                0x00006f30       0xec C:\Users\prana\AppData\Local\Temp\ccLaNrxG.ltrans8.ltrans.o
                0x00006f30                pd_typec_get_cc_status
 .text.pd_typec_start
                0x0000701c       0xe0 C:\Users\prana\AppData\Local\Temp\ccLaNrxG.ltrans8.ltrans.o
                0x0000701c                pd_typec_start
 .text.pd_phy_send_reset
                0x000070fc       0xa0 C:\Users\prana\AppData\Local\Temp\ccLaNrxG.ltrans8.ltrans.o
                0x000070fc                pd_phy_send_reset
 .text.pd_phy_send_bist_cm2
                0x0000719c       0x28 C:\Users\prana\AppData\Local\Temp\ccLaNrxG.ltrans8.ltrans.o
                0x0000719c                pd_phy_send_bist_cm2
 .text.pb_pr_swap_cb.lto_priv.81
                0x000071c4       0x10 C:\Users\prana\AppData\Local\Temp\ccLaNrxG.ltrans9.ltrans.o
                0x000071c4                pb_pr_swap_cb.lto_priv.81
 .text.pb_vbus_dis_cb
                0x000071d4        0x2 C:\Users\prana\AppData\Local\Temp\ccLaNrxG.ltrans9.ltrans.o
                0x000071d4                pb_vbus_dis_cb.lto_priv.83
 *fill*         0x000071d6        0x2 
 .text.timer_stop_internal.lto_priv.93
                0x000071d8       0x54 C:\Users\prana\AppData\Local\Temp\ccLaNrxG.ltrans9.ltrans.o
                0x000071d8                timer_stop_internal.lto_priv.93
 .text.sys_get_fw_img1_start_addr
                0x0000722c       0x24 C:\Users\prana\AppData\Local\Temp\ccLaNrxG.ltrans9.ltrans.o
                0x0000722c                sys_get_fw_img1_start_addr
 .text.flash_blocking_row_write.lto_priv.74
                0x00007250       0xe8 C:\Users\prana\AppData\Local\Temp\ccLaNrxG.ltrans9.ltrans.o
                0x00007250                flash_blocking_row_write.lto_priv.74
 .text.boot_validate_configtable
                0x00007338       0x40 C:\Users\prana\AppData\Local\Temp\ccLaNrxG.ltrans9.ltrans.o
                0x00007338                boot_validate_configtable
 .text.pb_get_battery_voltage.lto_priv.86
                0x00007378       0x34 C:\Users\prana\AppData\Local\Temp\ccLaNrxG.ltrans9.ltrans.o
                0x00007378                pb_get_battery_voltage.lto_priv.86
 .text.pb_typec_configure_sink.lto_priv.87
                0x000073ac       0x28 C:\Users\prana\AppData\Local\Temp\ccLaNrxG.ltrans9.ltrans.o
                0x000073ac                pb_typec_configure_sink.lto_priv.87
 .text.hw_timer_load_period.lto_priv.94
                0x000073d4       0x28 C:\Users\prana\AppData\Local\Temp\ccLaNrxG.ltrans9.ltrans.o
                0x000073d4                hw_timer_load_period.lto_priv.94
 .text.timer_start
                0x000073fc      0x174 C:\Users\prana\AppData\Local\Temp\ccLaNrxG.ltrans9.ltrans.o
                0x000073fc                timer_start
 .text.timer_start_wocb
                0x00007570        0xa C:\Users\prana\AppData\Local\Temp\ccLaNrxG.ltrans9.ltrans.o
                0x00007570                timer_start_wocb
 *fill*         0x0000757a        0x2 
 .text.pb_debounce_cb.lto_priv.82
                0x0000757c       0x68 C:\Users\prana\AppData\Local\Temp\ccLaNrxG.ltrans9.ltrans.o
                0x0000757c                pb_debounce_cb.lto_priv.82
 .text.vbus_ctrl_fb_disable
                0x000075e4       0x38 C:\Users\prana\AppData\Local\Temp\ccLaNrxG.ltrans9.ltrans.o
                0x000075e4                vbus_ctrl_fb_disable
 .text.vbus_ctrl_fb_set_volt_cbk.lto_priv.117
                0x0000761c      0x2a8 C:\Users\prana\AppData\Local\Temp\ccLaNrxG.ltrans9.ltrans.o
                0x0000761c                vbus_ctrl_fb_set_volt_cbk.lto_priv.117
 .text.pd_fet_automode_disable.constprop.61
                0x000078c4       0x34 C:\Users\prana\AppData\Local\Temp\ccLaNrxG.ltrans10.ltrans.o
                0x000078c4                pd_fet_automode_disable.constprop.61
 .text.app_ovp_disable.constprop.52
                0x000078f8       0xa4 C:\Users\prana\AppData\Local\Temp\ccLaNrxG.ltrans10.ltrans.o
                0x000078f8                app_ovp_disable.constprop.52
 .text.gPrepareRequestPkt.isra.0.constprop.48
                0x0000799c      0x1d4 C:\Users\prana\AppData\Local\Temp\ccLaNrxG.ltrans10.ltrans.o
                0x0000799c                gPrepareRequestPkt.isra.0.constprop.48
 .text.flash_row_clear.constprop.32
                0x00007b70       0x20 C:\Users\prana\AppData\Local\Temp\ccLaNrxG.ltrans10.ltrans.o
                0x00007b70                flash_row_clear.constprop.32
 .text.InitGetBattStatusExtndMsg.constprop.30
                0x00007b90       0x48 C:\Users\prana\AppData\Local\Temp\ccLaNrxG.ltrans10.ltrans.o
                0x00007b90                InitGetBattStatusExtndMsg.constprop.30
 .text.app_ovp_enable.part.8.constprop.59
                0x00007bd8      0x184 C:\Users\prana\AppData\Local\Temp\ccLaNrxG.ltrans10.ltrans.o
                0x00007bd8                app_ovp_enable.part.8.constprop.59
 .text.pd_internal_cfet_off.constprop.44
                0x00007d5c       0x4c C:\Users\prana\AppData\Local\Temp\ccLaNrxG.ltrans10.ltrans.o
                0x00007d5c                pd_internal_cfet_off.constprop.44
 .text.pd_internal_cfet_on.constprop.40
                0x00007da8       0xcc C:\Users\prana\AppData\Local\Temp\ccLaNrxG.ltrans10.ltrans.o
                0x00007da8                pd_internal_cfet_on.constprop.40
 *fill*         0x00007e74        0x4 
 .text          0x00007e78       0x20 .\CortexM0\ARM_GCC_541\Debug\CYPD3171-24LQXQ_pb.a(CyBootAsmGnu.o)
                0x00007e78                CyDelayCycles
                0x00007e8a                CyEnterCriticalSection
                0x00007e92                CyExitCriticalSection
 .text.analyze_rx
                0x00007e98      0x160 .\lib\ccg3pa\libccgx_pd3.a(pd_protocol.o)
 .text.tx_msg_over
                0x00007ff8       0x6c .\lib\ccg3pa\libccgx_pd3.a(pd_protocol.o)
 .text.check_collision
                0x00008064       0x3c .\lib\ccg3pa\libccgx_pd3.a(pd_protocol.o)
 .text.phy_cbk  0x000080a0      0x274 .\lib\ccg3pa\libccgx_pd3.a(pd_protocol.o)
 .text.pd_send_msg
                0x00008314      0x340 .\lib\ccg3pa\libccgx_pd3.a(pd_protocol.o)
 .text.prl_tmr_cbk
                0x00008654       0x70 .\lib\ccg3pa\libccgx_pd3.a(pd_protocol.o)
 .text.pd_prot_init
                0x000086c4       0x28 .\lib\ccg3pa\libccgx_pd3.a(pd_protocol.o)
                0x000086c4                pd_prot_init
 .text.pd_prot_start
                0x000086ec       0x18 .\lib\ccg3pa\libccgx_pd3.a(pd_protocol.o)
                0x000086ec                pd_prot_start
 .text.pd_prot_refresh_roles
                0x00008704       0x14 .\lib\ccg3pa\libccgx_pd3.a(pd_protocol.o)
                0x00008704                pd_prot_refresh_roles
 .text.pd_prot_reset
                0x00008718       0x24 .\lib\ccg3pa\libccgx_pd3.a(pd_protocol.o)
                0x00008718                pd_prot_reset
 .text.pd_prot_reset_all
                0x0000873c       0x44 .\lib\ccg3pa\libccgx_pd3.a(pd_protocol.o)
                0x0000873c                pd_prot_reset_all
 .text.pd_prot_reset_rx
                0x00008780       0x1c .\lib\ccg3pa\libccgx_pd3.a(pd_protocol.o)
                0x00008780                pd_prot_reset_rx
 .text.pd_prot_send_ctrl_msg
                0x0000879c       0x4c .\lib\ccg3pa\libccgx_pd3.a(pd_protocol.o)
                0x0000879c                pd_prot_send_ctrl_msg
 .text.pd_prot_send_data_msg
                0x000087e8       0x54 .\lib\ccg3pa\libccgx_pd3.a(pd_protocol.o)
                0x000087e8                pd_prot_send_data_msg
 .text.pd_prot_send_extd__msg
                0x0000883c       0xc4 .\lib\ccg3pa\libccgx_pd3.a(pd_protocol.o)
                0x0000883c                pd_prot_send_extd__msg
 .text.pd_prot_send_hard_reset
                0x00008900       0x74 .\lib\ccg3pa\libccgx_pd3.a(pd_protocol.o)
                0x00008900                pd_prot_send_hard_reset
 .text.pd_prot_send_cable_reset
                0x00008974       0x48 .\lib\ccg3pa\libccgx_pd3.a(pd_protocol.o)
                0x00008974                pd_prot_send_cable_reset
 .text.pd_prot_en_bist_cm2
                0x000089bc        0x8 .\lib\ccg3pa\libccgx_pd3.a(pd_protocol.o)
                0x000089bc                pd_prot_en_bist_cm2
 .text.pd_prot_dis_bist_cm2
                0x000089c4        0x8 .\lib\ccg3pa\libccgx_pd3.a(pd_protocol.o)
                0x000089c4                pd_prot_dis_bist_cm2
 .text.pd_prot_en_bist_test_data
                0x000089cc       0x1c .\lib\ccg3pa\libccgx_pd3.a(pd_protocol.o)
                0x000089cc                pd_prot_en_bist_test_data
 .text.pd_prot_dis_bist_test_data
                0x000089e8       0x18 .\lib\ccg3pa\libccgx_pd3.a(pd_protocol.o)
                0x000089e8                pd_prot_dis_bist_test_data
 .text.pd_prot_get_rx_packet
                0x00008a00       0x14 .\lib\ccg3pa\libccgx_pd3.a(pd_protocol.o)
                0x00008a00                pd_prot_get_rx_packet
 .text.typec_src_disable_done_cbk
                0x00008a14       0x14 .\lib\ccg3pa\libccgx_pd3.a(typec_manager.o)
 .text.typec_fsm__disabled
                0x00008a28        0x2 .\lib\ccg3pa\libccgx_pd3.a(typec_manager.o)
 .text.typec_fsm_dpm_resp
                0x00008a2a       0x2c .\lib\ccg3pa\libccgx_pd3.a(typec_manager.o)
 *fill*         0x00008a56        0x2 
 .text.typec_is_connection_detected
                0x00008a58       0x88 .\lib\ccg3pa\libccgx_pd3.a(typec_manager.o)
 .text.typec_pwr_ready_cbk
                0x00008ae0        0xa .\lib\ccg3pa\libccgx_pd3.a(typec_manager.o)
 *fill*         0x00008aea        0x2 
 .text.typec_tmr_cbk
                0x00008aec       0x2c .\lib\ccg3pa\libccgx_pd3.a(typec_manager.o)
 .text.typec_gn_fsm_attach
                0x00008b18       0x34 .\lib\ccg3pa\libccgx_pd3.a(typec_manager.o)
 .text.typec_timer_start
                0x00008b4c       0x10 .\lib\ccg3pa\libccgx_pd3.a(typec_manager.o)
 .text.typec_fsm__unattached_wait_src
                0x00008b5c       0x84 .\lib\ccg3pa\libccgx_pd3.a(typec_manager.o)
 .text.typec_debounce_reset
                0x00008be0       0x48 .\lib\ccg3pa\libccgx_pd3.a(typec_manager.o)
 .text.cc_debounce
                0x00008c28      0x138 .\lib\ccg3pa\libccgx_pd3.a(typec_manager.o)
 .text.typec_gen_entry_event
                0x00008d60       0x30 .\lib\ccg3pa\libccgx_pd3.a(typec_manager.o)
                0x00008d60                typec_gen_entry_event
 .text.typec_gn_fsm_snk_src_detach
                0x00008d90       0x3c .\lib\ccg3pa\libccgx_pd3.a(typec_manager.o)
 .text.typec_fsm_attached_src_snk
                0x00008dcc      0x240 .\lib\ccg3pa\libccgx_pd3.a(typec_manager.o)
 .text.typec_fsm_attach_evt
                0x0000900c      0x11c .\lib\ccg3pa\libccgx_pd3.a(typec_manager.o)
 .text.typec_fsm__attach_wait
                0x00009128       0x18 .\lib\ccg3pa\libccgx_pd3.a(typec_manager.o)
 .text.trans_next_state
                0x00009140       0x82 .\lib\ccg3pa\libccgx_pd3.a(typec_manager.o)
 .text.typec_init
                0x000091c2       0x10 .\lib\ccg3pa\libccgx_pd3.a(typec_manager.o)
                0x000091c2                typec_init
 *fill*         0x000091d2        0x2 
 .text.typec_start
                0x000091d4       0x88 .\lib\ccg3pa\libccgx_pd3.a(typec_manager.o)
                0x000091d4                typec_start
 .text.typec_change_rp
                0x0000925c       0x44 .\lib\ccg3pa\libccgx_pd3.a(typec_manager.o)
                0x0000925c                typec_change_rp
 .text.typec_fsm_accessory
                0x000092a0       0xc0 .\lib\ccg3pa\libccgx_pd3.a(typec_manager.o)
 .text.typec_apply_rp
                0x00009360       0x36 .\lib\ccg3pa\libccgx_pd3.a(typec_manager.o)
                0x00009360                typec_apply_rp
 .text.typec_assert_rp
                0x00009396       0x16 .\lib\ccg3pa\libccgx_pd3.a(typec_manager.o)
                0x00009396                typec_assert_rp
 .text.typec_assert_rd
                0x000093ac       0x2c .\lib\ccg3pa\libccgx_pd3.a(typec_manager.o)
                0x000093ac                typec_assert_rd
 .text.typec_reset
                0x000093d8       0x8c .\lib\ccg3pa\libccgx_pd3.a(typec_manager.o)
 .text.typec_unattached
                0x00009464       0xc4 .\lib\ccg3pa\libccgx_pd3.a(typec_manager.o)
 .text.typec_fsm__unattached_src
                0x00009528       0x1a .\lib\ccg3pa\libccgx_pd3.a(typec_manager.o)
 .text.typec_fsm__unattached_snk
                0x00009542       0x1a .\lib\ccg3pa\libccgx_pd3.a(typec_manager.o)
 .text.typec_fsm__try_snk
                0x0000955c       0x60 .\lib\ccg3pa\libccgx_pd3.a(typec_manager.o)
 .text.typec_fsm__try_wait_snk
                0x000095bc       0x18 .\lib\ccg3pa\libccgx_pd3.a(typec_manager.o)
 .text.typec_fsm__try_src
                0x000095d4       0x52 .\lib\ccg3pa\libccgx_pd3.a(typec_manager.o)
 .text.typec_fsm__try_wait_src
                0x00009626        0x8 .\lib\ccg3pa\libccgx_pd3.a(typec_manager.o)
 .text.dpm_typec_deassert_rp_rd
                0x0000962e       0x1e .\lib\ccg3pa\libccgx_pd3.a(typec_manager.o)
                0x0000962e                dpm_typec_deassert_rp_rd
 .text.typec_disable
                0x0000964c       0x80 .\lib\ccg3pa\libccgx_pd3.a(typec_manager.o)
 .text.typec_fsm__err_recov
                0x000096cc       0xe8 .\lib\ccg3pa\libccgx_pd3.a(typec_manager.o)
 .text.typec_stop
                0x000097b4       0x1a .\lib\ccg3pa\libccgx_pd3.a(typec_manager.o)
                0x000097b4                typec_stop
 *fill*         0x000097ce        0x2 
 .text.typec_fsm
                0x000097d0      0x42c .\lib\ccg3pa\libccgx_pd3.a(typec_manager.o)
                0x000097d0                typec_fsm
 .text.dpm_init
                0x00009bfc       0x80 .\lib\ccg3pa\libccgx_pd3.a(dpm.o)
                0x00009bfc                dpm_init
 .text.dpm_start
                0x00009c7c       0x38 .\lib\ccg3pa\libccgx_pd3.a(dpm.o)
                0x00009c7c                dpm_start
 .text.dpm_stop
                0x00009cb4       0x38 .\lib\ccg3pa\libccgx_pd3.a(dpm.o)
                0x00009cb4                dpm_stop
 .text.dpm_task
                0x00009cec       0x44 .\lib\ccg3pa\libccgx_pd3.a(dpm.o)
                0x00009cec                dpm_task
 .text.dpm_get_info
                0x00009d30       0x10 .\lib\ccg3pa\libccgx_pd3.a(dpm.o)
                0x00009d30                dpm_get_info
 .text.dpm_update_def_cable_cap
                0x00009d40        0xc .\lib\ccg3pa\libccgx_pd3.a(dpm.o)
                0x00009d40                dpm_update_def_cable_cap
 .text.dpm_get_ndiscover_identity_count
                0x00009d4c        0xc .\lib\ccg3pa\libccgx_pd3.a(dpm.o)
                0x00009d4c                dpm_get_ndiscover_identity_count
 .text.dpm_get_snk_wait_cap_period
                0x00009d58        0xc .\lib\ccg3pa\libccgx_pd3.a(dpm.o)
                0x00009d58                dpm_get_snk_wait_cap_period
 .text.dpm_get_mux_enable_wait_period
                0x00009d64        0xc .\lib\ccg3pa\libccgx_pd3.a(dpm.o)
                0x00009d64                dpm_get_mux_enable_wait_period
 .text.dpm_update_src_cap
                0x00009d70       0x2c .\lib\ccg3pa\libccgx_pd3.a(dpm.o)
                0x00009d70                dpm_update_src_cap
 .text.dpm_update_src_cap_mask
                0x00009d9c       0x14 .\lib\ccg3pa\libccgx_pd3.a(dpm.o)
                0x00009d9c                dpm_update_src_cap_mask
 .text.dpm_update_port_config
                0x00009db0       0x40 .\lib\ccg3pa\libccgx_pd3.a(dpm.o)
                0x00009db0                dpm_update_port_config
 .text.dpm_is_rdo_valid
                0x00009df0       0x8c .\lib\ccg3pa\libccgx_pd3.a(dpm.o)
                0x00009df0                dpm_is_rdo_valid
 .text.dpm_get_polarity
                0x00009e7c       0x14 .\lib\ccg3pa\libccgx_pd3.a(dpm.o)
                0x00009e7c                dpm_get_polarity
 .text.dpm_get_status
                0x00009e90       0x10 .\lib\ccg3pa\libccgx_pd3.a(dpm.o)
                0x00009e90                dpm_get_status
 .text.dpm_refresh_src_cap
                0x00009ea0      0x23c .\lib\ccg3pa\libccgx_pd3.a(dpm.o)
                0x00009ea0                dpm_refresh_src_cap
 .text.dpm_refresh_snk_cap
                0x0000a0dc       0xbc .\lib\ccg3pa\libccgx_pd3.a(dpm.o)
                0x0000a0dc                dpm_refresh_snk_cap
 .text.dpm_is_prev_contract_valid
                0x0000a198       0x1c .\lib\ccg3pa\libccgx_pd3.a(dpm.o)
                0x0000a198                dpm_is_prev_contract_valid
 .text.dpm_get_evtno_n_clear
                0x0000a1b4       0x3a .\lib\ccg3pa\libccgx_pd3.a(dpm.o)
                0x0000a1b4                dpm_get_evtno_n_clear
 *fill*         0x0000a1ee        0x2 
 .text.dpm_get_sink_detach_voltage
                0x0000a1f0       0x30 .\lib\ccg3pa\libccgx_pd3.a(dpm.o)
                0x0000a1f0                dpm_get_sink_detach_voltage
 .text.dpm_get_sink_detach_margin
                0x0000a220       0x1c .\lib\ccg3pa\libccgx_pd3.a(dpm.o)
                0x0000a220                dpm_get_sink_detach_margin
 .text.dpm_set_pe_evt
                0x0000a23c       0x28 .\lib\ccg3pa\libccgx_pd3.a(dpm.o)
                0x0000a23c                dpm_set_pe_evt
 .text.dpm_pd_command_ec
                0x0000a264       0xe0 .\lib\ccg3pa\libccgx_pd3.a(dpm.o)
                0x0000a264                dpm_pd_command_ec
 .text.dpm_pd_command
                0x0000a344       0x24 .\lib\ccg3pa\libccgx_pd3.a(dpm.o)
                0x0000a344                dpm_pd_command
 .text.dpm_clear_pe_evt
                0x0000a368       0x28 .\lib\ccg3pa\libccgx_pd3.a(dpm.o)
                0x0000a368                dpm_clear_pe_evt
 .text.dpm_set_typec_evt
                0x0000a390       0x28 .\lib\ccg3pa\libccgx_pd3.a(dpm.o)
                0x0000a390                dpm_set_typec_evt
 .text.dpm_typec_command
                0x0000a3b8       0x44 .\lib\ccg3pa\libccgx_pd3.a(dpm.o)
                0x0000a3b8                dpm_typec_command
 .text.dpm_clear_typec_evt
                0x0000a3fc       0x28 .\lib\ccg3pa\libccgx_pd3.a(dpm.o)
                0x0000a3fc                dpm_clear_typec_evt
 .text.dpm_get_default_pd_rev
                0x0000a424        0x4 .\lib\ccg3pa\libccgx_pd3.a(dpm.o)
                0x0000a424                dpm_get_default_pd_rev
 .text.dpm_downgrade_pd_port_rev
                0x0000a428       0x20 .\lib\ccg3pa\libccgx_pd3.a(dpm.o)
                0x0000a428                dpm_downgrade_pd_port_rev
 .text.dpm_prot_reset_rx
                0x0000a448        0x8 .\lib\ccg3pa\libccgx_pd3.a(dpm.o)
                0x0000a448                dpm_prot_reset_rx
 .text.dpm_pe_stop
                0x0000a450       0x14 .\lib\ccg3pa\libccgx_pd3.a(dpm.o)
                0x0000a450                dpm_pe_stop
 .text.dpm_set_alert
                0x0000a464       0x18 .\lib\ccg3pa\libccgx_pd3.a(dpm.o)
                0x0000a464                dpm_set_alert
 .text.dpm_set_cf
                0x0000a47c       0x18 .\lib\ccg3pa\libccgx_pd3.a(dpm.o)
                0x0000a47c                dpm_set_cf
 .text.dpm_clear_hard_reset_count
                0x0000a494       0x14 .\lib\ccg3pa\libccgx_pd3.a(dpm.o)
                0x0000a494                dpm_clear_hard_reset_count
 .text.dpm_set_fault_active
                0x0000a4a8       0x18 .\lib\ccg3pa\libccgx_pd3.a(dpm.o)
                0x0000a4a8                dpm_set_fault_active
 .text.dpm_clear_fault_active
                0x0000a4c0       0x18 .\lib\ccg3pa\libccgx_pd3.a(dpm.o)
                0x0000a4c0                dpm_clear_fault_active
 .text.dpm_set_chunk_transfer_running
                0x0000a4d8       0x18 .\lib\ccg3pa\libccgx_pd3.a(dpm.o)
                0x0000a4d8                dpm_set_chunk_transfer_running
 .text.dpm_notify_app
                0x0000a4f0       0x1c .\lib\ccg3pa\libccgx_pd3.a(dpm.o)
                0x0000a4f0                dpm_notify_app
 .text.dpm_notify_app_wdata
                0x0000a50c       0x1c .\lib\ccg3pa\libccgx_pd3.a(dpm.o)
                0x0000a50c                dpm_notify_app_wdata
 .text.dpm_send_hard_reset
                0x0000a528        0xe .\lib\ccg3pa\libccgx_pd3.a(dpm.o)
                0x0000a528                dpm_send_hard_reset
 *fill*         0x0000a536        0x2 
 .text.dpm_pps_task
                0x0000a538       0x30 .\lib\ccg3pa\libccgx_pd3.a(dpm.o)
                0x0000a538                dpm_pps_task
 .text.dpm_set_delay_src_cap_start
                0x0000a568       0x14 .\lib\ccg3pa\libccgx_pd3.a(dpm.o)
                0x0000a568                dpm_set_delay_src_cap_start
 .text.pe_fsm_off
                0x0000a57c        0x2 .\lib\ccg3pa\libccgx_pd3.a(pd_policy_engine.o)
 .text.pe_dpm_cmd_clear
                0x0000a57e       0x14 .\lib\ccg3pa\libccgx_pd3.a(pd_policy_engine.o)
 *fill*         0x0000a592        0x2 
 .text.check_vconn_swap_required
                0x0000a594       0xc8 .\lib\ccg3pa\libccgx_pd3.a(pd_policy_engine.o)
 .text.pd_cbk   0x0000a65c        0x8 .\lib\ccg3pa\libccgx_pd3.a(pd_policy_engine.o)
 .text.pe_tmr_cbk
                0x0000a664       0x1c .\lib\ccg3pa\libccgx_pd3.a(pd_policy_engine.o)
 .text.pe_pwr_ready_cbk
                0x0000a680        0xa .\lib\ccg3pa\libccgx_pd3.a(pd_policy_engine.o)
 *fill*         0x0000a68a        0x2 
 .text.pe_reset_spec_rev
                0x0000a68c       0x3c .\lib\ccg3pa\libccgx_pd3.a(pd_policy_engine.o)
 .text.pe_reset_flags
                0x0000a6c8       0xec .\lib\ccg3pa\libccgx_pd3.a(pd_policy_engine.o)
 .text.pe_update_cbl_rev
                0x0000a7b4       0x38 .\lib\ccg3pa\libccgx_pd3.a(pd_policy_engine.o)
 .text.pe_dpm_cmd_response
                0x0000a7ec       0x64 .\lib\ccg3pa\libccgx_pd3.a(pd_policy_engine.o)
 .text.pe_dpm_resp
                0x0000a850        0xa .\lib\ccg3pa\libccgx_pd3.a(pd_policy_engine.o)
 *fill*         0x0000a85a        0x2 
 .text.pe_vdm_resp_cbk
                0x0000a85c       0x28 .\lib\ccg3pa\libccgx_pd3.a(pd_policy_engine.o)
 .text.pe_app_resp_cbk
                0x0000a884       0x28 .\lib\ccg3pa\libccgx_pd3.a(pd_policy_engine.o)
 .text.pe_prs_complete
                0x0000a8ac       0x48 .\lib\ccg3pa\libccgx_pd3.a(pd_policy_engine.o)
 .text.pe_clr_timeout_gen_entry_event
                0x0000a8f4       0x48 .\lib\ccg3pa\libccgx_pd3.a(pd_policy_engine.o)
 .text.pe_send_sr
                0x0000a93c       0x40 .\lib\ccg3pa\libccgx_pd3.a(pd_policy_engine.o)
 .text.pe_fsm_drs_change_role
                0x0000a97c       0x70 .\lib\ccg3pa\libccgx_pd3.a(pd_policy_engine.o)
 .text.sr_ams_exit
                0x0000a9ec       0x26 .\lib\ccg3pa\libccgx_pd3.a(pd_policy_engine.o)
 .text.pe_fsm_src_wait_new_cap
                0x0000aa12        0xe .\lib\ccg3pa\libccgx_pd3.a(pd_policy_engine.o)
 .text.pe_hr_rcvd
                0x0000aa20       0x3e .\lib\ccg3pa\libccgx_pd3.a(pd_policy_engine.o)
 .text.pe_send_hr
                0x0000aa5e       0x3e .\lib\ccg3pa\libccgx_pd3.a(pd_policy_engine.o)
 .text.pe_fsm_snk_eval_cap
                0x0000aa9c       0xc8 .\lib\ccg3pa\libccgx_pd3.a(pd_policy_engine.o)
 .text.pe_timer_start
                0x0000ab64       0x10 .\lib\ccg3pa\libccgx_pd3.a(pd_policy_engine.o)
 .text.pe_fsm_src_trans_supply
                0x0000ab74      0x18c .\lib\ccg3pa\libccgx_pd3.a(pd_policy_engine.o)
 .text.vs_cbk   0x0000ad00       0x9c .\lib\ccg3pa\libccgx_pd3.a(pd_policy_engine.o)
 .text.pe_vconn_swap_complete
                0x0000ad9c       0x44 .\lib\ccg3pa\libccgx_pd3.a(pd_policy_engine.o)
 .text.pe_fsm_vrs_vconn_on
                0x0000ade0       0xb0 .\lib\ccg3pa\libccgx_pd3.a(pd_policy_engine.o)
 .text.pe_src_snk_contract_done
                0x0000ae90       0xd0 .\lib\ccg3pa\libccgx_pd3.a(pd_policy_engine.o)
 .text.pe_check_rev
                0x0000af60       0xac .\lib\ccg3pa\libccgx_pd3.a(pd_policy_engine.o)
 .text.pe_fsm_src_neg_cap
                0x0000b00c       0xf8 .\lib\ccg3pa\libccgx_pd3.a(pd_policy_engine.o)
 .text.pe_src_snk_startup
                0x0000b104       0x6c .\lib\ccg3pa\libccgx_pd3.a(pd_policy_engine.o)
 .text.pe_fsm_src_startup
                0x0000b170       0xc0 .\lib\ccg3pa\libccgx_pd3.a(pd_policy_engine.o)
 .text.pe_fsm_bist_cm2
                0x0000b230       0x48 .\lib\ccg3pa\libccgx_pd3.a(pd_policy_engine.o)
 .text.pe_fsm_bist_test_data
                0x0000b278        0xc .\lib\ccg3pa\libccgx_pd3.a(pd_policy_engine.o)
 .text.pe_hr_reset_flags
                0x0000b284       0xb0 .\lib\ccg3pa\libccgx_pd3.a(pd_policy_engine.o)
 .text.pe_hr_reset
                0x0000b334       0x40 .\lib\ccg3pa\libccgx_pd3.a(pd_policy_engine.o)
 .text.pe_fsm_sr_rcvd
                0x0000b374       0x38 .\lib\ccg3pa\libccgx_pd3.a(pd_policy_engine.o)
 .text.pe_hr_complete
                0x0000b3ac       0x74 .\lib\ccg3pa\libccgx_pd3.a(pd_policy_engine.o)
 .text.pe_fsm_hr_snk_wait_vbus_on
                0x0000b420       0x48 .\lib\ccg3pa\libccgx_pd3.a(pd_policy_engine.o)
 .text.pe_fsm_hr_src_recover
                0x0000b468       0x1e .\lib\ccg3pa\libccgx_pd3.a(pd_policy_engine.o)
 *fill*         0x0000b486        0x2 
 .text.pe_swap_accepted
                0x0000b488       0xc8 .\lib\ccg3pa\libccgx_pd3.a(pd_policy_engine.o)
 .text.pe_fsm_swap_eval
                0x0000b550      0x200 .\lib\ccg3pa\libccgx_pd3.a(pd_policy_engine.o)
 .text.pe_fsm_snk_startup
                0x0000b750       0x16 .\lib\ccg3pa\libccgx_pd3.a(pd_policy_engine.o)
 *fill*         0x0000b766        0x2 
 .text.pe_fsm_hr_snk_trans_dflt
                0x0000b768       0x5c .\lib\ccg3pa\libccgx_pd3.a(pd_policy_engine.o)
 .text.pe_jump_send_extd_msg_wor
                0x0000b7c4       0x78 .\lib\ccg3pa\libccgx_pd3.a(pd_policy_engine.o)
 .text.pe_jump_send_ctrl_msg_wr
                0x0000b83c       0x78 .\lib\ccg3pa\libccgx_pd3.a(pd_policy_engine.o)
 .text.pe_jump_send_data_msg_wor
                0x0000b8b4       0x78 .\lib\ccg3pa\libccgx_pd3.a(pd_policy_engine.o)
 .text.pe_jump_send_ctrl_msg_wor
                0x0000b92c       0x78 .\lib\ccg3pa\libccgx_pd3.a(pd_policy_engine.o)
 .text.pe_send_reject
                0x0000b9a4       0x1c .\lib\ccg3pa\libccgx_pd3.a(pd_policy_engine.o)
 .text.pe_handle_extd_msg
                0x0000b9c0       0xe0 .\lib\ccg3pa\libccgx_pd3.a(pd_policy_engine.o)
 .text.pe_get_pps_status
                0x0000baa0       0xec .\lib\ccg3pa\libccgx_pd3.a(pd_policy_engine.o)
                0x0000baa0                pe_get_pps_status
 .text.pe_init  0x0000bb8c       0x48 .\lib\ccg3pa\libccgx_pd3.a(pd_policy_engine.o)
                0x0000bb8c                pe_init
 .text.pe_start
                0x0000bbd4       0x32 .\lib\ccg3pa\libccgx_pd3.a(pd_policy_engine.o)
                0x0000bbd4                pe_start
 .text.pe_stop  0x0000bc06       0x12 .\lib\ccg3pa\libccgx_pd3.a(pd_policy_engine.o)
                0x0000bc06                pe_stop
 .text.pd_is_msg
                0x0000bc18       0x74 .\lib\ccg3pa\libccgx_pd3.a(pd_policy_engine.o)
                0x0000bc18                pd_is_msg
 .text.pe_is_sop_ctrl_msg
                0x0000bc8c       0x20 .\lib\ccg3pa\libccgx_pd3.a(pd_policy_engine.o)
 .text.pe_fsm_vrs_vconn_off
                0x0000bcac       0x68 .\lib\ccg3pa\libccgx_pd3.a(pd_policy_engine.o)
 .text.pe_fsm_sr_send
                0x0000bd14       0xa4 .\lib\ccg3pa\libccgx_pd3.a(pd_policy_engine.o)
 .text.pe_fsm_snk_trans
                0x0000bdb8      0x1fc .\lib\ccg3pa\libccgx_pd3.a(pd_policy_engine.o)
 .text.pe_fsm_snk_sel_cap
                0x0000bfb4       0xb8 .\lib\ccg3pa\libccgx_pd3.a(pd_policy_engine.o)
 .text.validate_n_store_cbl_vdo
                0x0000c06c       0xb4 .\lib\ccg3pa\libccgx_pd3.a(pd_policy_engine.o)
 .text.pe_fsm_src_send_cbl_dscid
                0x0000c120       0xc4 .\lib\ccg3pa\libccgx_pd3.a(pd_policy_engine.o)
 .text.cbl_cbk  0x0000c1e4       0xdc .\lib\ccg3pa\libccgx_pd3.a(pd_policy_engine.o)
 .text.pe_fsm_src_send_cbl_sr
                0x0000c2c0       0x64 .\lib\ccg3pa\libccgx_pd3.a(pd_policy_engine.o)
 .text.pe_fsm_snk_wait_for_cap
                0x0000c324       0x80 .\lib\ccg3pa\libccgx_pd3.a(pd_policy_engine.o)
 .text.pe_pkt_rcvd
                0x0000c3a4      0x3b0 .\lib\ccg3pa\libccgx_pd3.a(pd_policy_engine.o)
 .text.pe_fsm_ready
                0x0000c754      0x524 .\lib\ccg3pa\libccgx_pd3.a(pd_policy_engine.o)
 .text.pe_fsm_send_msg
                0x0000cc78      0x3d0 .\lib\ccg3pa\libccgx_pd3.a(pd_policy_engine.o)
 .text.pe_clear_hard_reset_count
                0x0000d048       0x1c .\lib\ccg3pa\libccgx_pd3.a(pd_policy_engine.o)
                0x0000d048                pe_clear_hard_reset_count
 .text.pe_disabled
                0x0000d064       0x50 .\lib\ccg3pa\libccgx_pd3.a(pd_policy_engine.o)
                0x0000d064                pe_disabled
 .text.pe_fsm_src_discovery
                0x0000d0b4       0xa8 .\lib\ccg3pa\libccgx_pd3.a(pd_policy_engine.o)
 .text.pe_fsm_src_send_cap
                0x0000d15c      0x168 .\lib\ccg3pa\libccgx_pd3.a(pd_policy_engine.o)
 .text.pe_err_recovery
                0x0000d2c4       0x36 .\lib\ccg3pa\libccgx_pd3.a(pd_policy_engine.o)
 *fill*         0x0000d2fa        0x2 
 .text.pe_fsm_prs_snk_src_vbus_on
                0x0000d2fc       0xe8 .\lib\ccg3pa\libccgx_pd3.a(pd_policy_engine.o)
 .text.pe_fsm_prs_snk_src_wait_ps_rdy
                0x0000d3e4       0x90 .\lib\ccg3pa\libccgx_pd3.a(pd_policy_engine.o)
 .text.pe_fsm_prs_src_snk_wait_ps_rdy
                0x0000d474       0x68 .\lib\ccg3pa\libccgx_pd3.a(pd_policy_engine.o)
 .text.pe_fsm_prs_src_snk_vbus_off
                0x0000d4dc       0xf8 .\lib\ccg3pa\libccgx_pd3.a(pd_policy_engine.o)
 .text.pe_fsm_prs_src_snk_trans
                0x0000d5d4       0x26 .\lib\ccg3pa\libccgx_pd3.a(pd_policy_engine.o)
 *fill*         0x0000d5fa        0x2 
 .text.pe_fsm_swap_send
                0x0000d5fc      0x148 .\lib\ccg3pa\libccgx_pd3.a(pd_policy_engine.o)
 .text.pe_fsm_src_send_ps_rdy
                0x0000d744       0xf0 .\lib\ccg3pa\libccgx_pd3.a(pd_policy_engine.o)
 .text.pe_fsm_hr_snk_wait_vbus_off
                0x0000d834       0x88 .\lib\ccg3pa\libccgx_pd3.a(pd_policy_engine.o)
 .text.pe_fsm_hr_src_vbus_on
                0x0000d8bc       0x64 .\lib\ccg3pa\libccgx_pd3.a(pd_policy_engine.o)
 .text.pe_fsm_hr_src_trans_dflt
                0x0000d920       0x84 .\lib\ccg3pa\libccgx_pd3.a(pd_policy_engine.o)
 .text.pe_fsm   0x0000d9a4      0x484 .\lib\ccg3pa\libccgx_pd3.a(pd_policy_engine.o)
                0x0000d9a4                pe_fsm
 .text.pe_fsm_hr_send
                0x0000de28      0x100 .\lib\ccg3pa\libccgx_pd3.a(pd_policy_engine.o)
 .text          0x0000df28       0x14 c:/program files (x86)/cypress/psoc creator/4.4/psoc creator/import/gnu/arm/5.4.1/bin/../lib/gcc/arm-none-eabi/5.4.1/armv6-m\libgcc.a(_thumb1_case_uqi.o)
                0x0000df28                __gnu_thumb1_case_uqi
 .text          0x0000df3c       0x14 c:/program files (x86)/cypress/psoc creator/4.4/psoc creator/import/gnu/arm/5.4.1/bin/../lib/gcc/arm-none-eabi/5.4.1/armv6-m\libgcc.a(_thumb1_case_uhi.o)
                0x0000df3c                __gnu_thumb1_case_uhi
 .text          0x0000df50      0x114 c:/program files (x86)/cypress/psoc creator/4.4/psoc creator/import/gnu/arm/5.4.1/bin/../lib/gcc/arm-none-eabi/5.4.1/armv6-m\libgcc.a(_udivsi3.o)
                0x0000df50                __aeabi_uidiv
                0x0000df50                __udivsi3
                0x0000e05c                __aeabi_uidivmod
 .text          0x0000e064      0x1d4 c:/program files (x86)/cypress/psoc creator/4.4/psoc creator/import/gnu/arm/5.4.1/bin/../lib/gcc/arm-none-eabi/5.4.1/armv6-m\libgcc.a(_divsi3.o)
                0x0000e064                __divsi3
                0x0000e064                __aeabi_idiv
                0x0000e230                __aeabi_idivmod
 .text          0x0000e238        0x4 c:/program files (x86)/cypress/psoc creator/4.4/psoc creator/import/gnu/arm/5.4.1/bin/../lib/gcc/arm-none-eabi/5.4.1/armv6-m\libgcc.a(_dvmd_tls.o)
                0x0000e238                __aeabi_idiv0
                0x0000e238                __aeabi_ldiv0
 .text.__errno  0x0000e23c        0xc c:/program files (x86)/cypress/psoc creator/4.4/psoc creator/import/gnu/arm/5.4.1/bin/../lib/gcc/arm-none-eabi/5.4.1/../../../../arm-none-eabi/lib/armv6-m\libg_nano.a(lib_a-errno.o)
                0x0000e23c                __errno
 .text.__libc_init_array
                0x0000e248       0x4c c:/program files (x86)/cypress/psoc creator/4.4/psoc creator/import/gnu/arm/5.4.1/bin/../lib/gcc/arm-none-eabi/5.4.1/../../../../arm-none-eabi/lib/armv6-m\libg_nano.a(lib_a-init.o)
                0x0000e248                __libc_init_array
 .text.memcpy   0x0000e294       0x12 c:/program files (x86)/cypress/psoc creator/4.4/psoc creator/import/gnu/arm/5.4.1/bin/../lib/gcc/arm-none-eabi/5.4.1/../../../../arm-none-eabi/lib/armv6-m\libg_nano.a(lib_a-memcpy-stub.o)
                0x0000e294                memcpy
 .text.memset   0x0000e2a6       0x10 c:/program files (x86)/cypress/psoc creator/4.4/psoc creator/import/gnu/arm/5.4.1/bin/../lib/gcc/arm-none-eabi/5.4.1/../../../../arm-none-eabi/lib/armv6-m\libg_nano.a(lib_a-memset.o)
                0x0000e2a6                memset
 *fill*         0x0000e2b6        0x2 
 .text          0x0000e2b8       0x14 c:/program files (x86)/cypress/psoc creator/4.4/psoc creator/import/gnu/arm/5.4.1/bin/../lib/gcc/arm-none-eabi/5.4.1/armv6-m\libgcc.a(_thumb1_case_shi.o)
                0x0000e2b8                __gnu_thumb1_case_shi
 *(.plt)
 *(.gnu.warning)
 *(.glue_7t)
 .glue_7t       0x0000e2cc        0x0 linker stubs
 *(.glue_7)
 .glue_7        0x0000e2cc        0x0 linker stubs
 *(.vfp11_veneer)
 .vfp11_veneer  0x0000e2cc        0x0 linker stubs
 *(.bootloader)
 *(.ARM.extab* .gnu.linkonce.armextab.*)
 *(.gcc_except_table)

.v4_bx          0x0000e2cc        0x0
 .v4_bx         0x0000e2cc        0x0 linker stubs

.iplt           0x0000e2cc        0x0
 .iplt          0x0000e2cc        0x0 c:/program files (x86)/cypress/psoc creator/4.4/psoc creator/import/gnu/arm/5.4.1/bin/../lib/gcc/arm-none-eabi/5.4.1/armv6-m/crtbegin.o

.eh_frame_hdr
 *(.eh_frame_hdr)

.eh_frame       0x0000e2cc        0x4
 *(.eh_frame)
 .eh_frame      0x0000e2cc        0x0 c:/program files (x86)/cypress/psoc creator/4.4/psoc creator/import/gnu/arm/5.4.1/bin/../lib/gcc/arm-none-eabi/5.4.1/armv6-m/crtbegin.o
 .eh_frame      0x0000e2cc        0x4 c:/program files (x86)/cypress/psoc creator/4.4/psoc creator/import/gnu/arm/5.4.1/bin/../lib/gcc/arm-none-eabi/5.4.1/armv6-m/crtend.o
                [!provide]                PROVIDE (__exidx_start, .)

.ARM.exidx
 *(.ARM.exidx* .gnu.linkonce.armexidx.*)
                0x0000e2d0                __exidx_end = .

.rodata         0x0000e2d0      0x1e8
 *(.rodata .rodata.* .gnu.linkonce.r.*)
 .rodata        0x0000e2d0        0x4 C:\Users\prana\AppData\Local\Temp\ccLaNrxG.ltrans1.ltrans.o
 .rodata        0x0000e2d4       0x70 C:\Users\prana\AppData\Local\Temp\ccLaNrxG.ltrans7.ltrans.o
                0x0000e334                HSIOM
 .rodata        0x0000e344       0x2c C:\Users\prana\AppData\Local\Temp\ccLaNrxG.ltrans8.ltrans.o
                0x0000e354                os_table
 .rodata        0x0000e370       0x3c .\lib\ccg3pa\libccgx_pd3.a(typec_manager.o)
                0x0000e370                typec_dpmcmd_rp_map
                0x0000e374                typec_fsm_table
 .rodata        0x0000e3ac        0xa .\lib\ccg3pa\libccgx_pd3.a(dpm.o)
                0x0000e3ac                CUR_TABLE
 *fill*         0x0000e3b6        0x2 
 .rodata        0x0000e3b8       0xc8 .\lib\ccg3pa\libccgx_pd3.a(pd_policy_engine.o)
 .rodata.str1.1
                0x0000e480        0x2 c:/program files (x86)/cypress/psoc creator/4.4/psoc creator/import/gnu/arm/5.4.1/bin/../lib/gcc/arm-none-eabi/5.4.1/../../../../arm-none-eabi/lib/armv6-m\libg_nano.a(lib_a-impure.o)
                0x0000e484                . = ALIGN (0x4)
 *fill*         0x0000e482        0x2 
 *(.init)
 .init          0x0000e484        0x4 c:/program files (x86)/cypress/psoc creator/4.4/psoc creator/import/gnu/arm/5.4.1/bin/../lib/gcc/arm-none-eabi/5.4.1/armv6-m/crti.o
                0x0000e484                _init
 .init          0x0000e488        0x8 c:/program files (x86)/cypress/psoc creator/4.4/psoc creator/import/gnu/arm/5.4.1/bin/../lib/gcc/arm-none-eabi/5.4.1/armv6-m/crtn.o
                0x0000e490                . = ALIGN (0x4)
                0x0000e490                __preinit_array_start = .
 *(.preinit_array)
                0x0000e490                __preinit_array_end = .
                0x0000e490                . = ALIGN (0x4)
                0x0000e490                __init_array_start = .
 *(SORT(.init_array.*))
 *(.init_array)
 .init_array    0x0000e490        0x4 c:/program files (x86)/cypress/psoc creator/4.4/psoc creator/import/gnu/arm/5.4.1/bin/../lib/gcc/arm-none-eabi/5.4.1/armv6-m/crtbegin.o
 .init_array    0x0000e494        0x4 C:\Users\prana\AppData\Local\Temp\ccLaNrxG.ltrans5.ltrans.o
                0x0000e498                __init_array_end = .
                0x0000e498                . = ALIGN (0x4)
 *(.fini)
 .fini          0x0000e498        0x4 c:/program files (x86)/cypress/psoc creator/4.4/psoc creator/import/gnu/arm/5.4.1/bin/../lib/gcc/arm-none-eabi/5.4.1/armv6-m/crti.o
                0x0000e498                _fini
 .fini          0x0000e49c        0x8 c:/program files (x86)/cypress/psoc creator/4.4/psoc creator/import/gnu/arm/5.4.1/bin/../lib/gcc/arm-none-eabi/5.4.1/armv6-m/crtn.o
                0x0000e4a4                . = ALIGN (0x4)
                0x0000e4a4                __fini_array_start = .
 *(.fini_array)
 .fini_array    0x0000e4a4        0x4 c:/program files (x86)/cypress/psoc creator/4.4/psoc creator/import/gnu/arm/5.4.1/bin/../lib/gcc/arm-none-eabi/5.4.1/armv6-m/crtbegin.o
 *(SORT(.fini_array.*))
                0x0000e4a8                __fini_array_end = .
                0x0000e4a8                . = ALIGN (0x4)
 *crtbegin.o(.ctors)
 *(EXCLUDE_FILE(*crtend.o) .ctors)
 *(SORT(.ctors.*))
 *crtend.o(.ctors)
                0x0000e4a8                . = ALIGN (0x4)
 *crtbegin.o(.dtors)
 *(EXCLUDE_FILE(*crtend.o) .dtors)
 *(SORT(.dtors.*))
 *crtend.o(.dtors)
                0x0000e4a8                . = ALIGN (0x4)
                0x0000e4a8                __cy_regions = .
                0x0000e4a8        0x4 LONG 0xe4b8 __cy_region_init_ram
                0x0000e4ac        0x4 LONG 0x200000a0 __cy_region_start_data
                0x0000e4b0        0x4 LONG 0xd0 __cy_region_init_size_ram
                0x0000e4b4        0x4 LONG 0xe88 __cy_region_zero_size_ram
                0x0000e4b8                __cy_regions_end = .
                0x0000e4b8                . = ALIGN (0x8)
                0x0000e4b8                _etext = .

.cy_checksum_exclude
                0x0000ff80        0x0
 *(.cy_checksum_exclude)
 *(.cy_checksum_exclude)

.ramvectors     0x20000000       0x7c
                0x20000000                __cy_region_start_ram = .
 *(.ramvectors)
 .ramvectors    0x20000000       0x7c C:\Users\prana\AppData\Local\Temp\ccLaNrxG.ltrans5.ltrans.o
                0x20000000                CyRamVectors

.btldr_run      0x20000080        0x4
 *(.bootloaderruntype)
 .bootloaderruntype
                0x20000080        0x4 C:\Users\prana\AppData\Local\Temp\ccLaNrxG.ltrans5.ltrans.o
                0x20000080                cyBtldrRunType

.noinit
 *(.noinit)

.data           0x200000a0       0xd0 load address 0x0000e4b8
                0x200000a0                __cy_region_start_data = .
 *(.jcr)
 .jcr           0x200000a0        0x0 c:/program files (x86)/cypress/psoc creator/4.4/psoc creator/import/gnu/arm/5.4.1/bin/../lib/gcc/arm-none-eabi/5.4.1/armv6-m/crtbegin.o
 .jcr           0x200000a0        0x4 c:/program files (x86)/cypress/psoc creator/4.4/psoc creator/import/gnu/arm/5.4.1/bin/../lib/gcc/arm-none-eabi/5.4.1/armv6-m/crtend.o
 *(.got.plt)
 *(.got)
 *(.shdata)
 *(.data .data.* .gnu.linkonce.d.*)
 .data          0x200000a4       0x12 C:\Users\prana\AppData\Local\Temp\ccLaNrxG.ltrans0.ltrans.o
 .data          0x200000b6        0x2 C:\Users\prana\AppData\Local\Temp\ccLaNrxG.ltrans1.ltrans.o
 *fill*         0x200000b8        0x8 
 .data          0x200000c0       0x18 C:\Users\prana\AppData\Local\Temp\ccLaNrxG.ltrans2.ltrans.o
 .data          0x200000d8        0x4 C:\Users\prana\AppData\Local\Temp\ccLaNrxG.ltrans6.ltrans.o
                0x200000d8                pd_vbus_mon_divider.lto_priv.123
 .data          0x200000dc        0x4 C:\Users\prana\AppData\Local\Temp\ccLaNrxG.ltrans7.ltrans.o
                0x200000dc                gl_active_fw
 .data          0x200000e0        0x5 C:\Users\prana\AppData\Local\Temp\ccLaNrxG.ltrans8.ltrans.o
                0x200000e0                gRunTimeDataAddr
                0x200000e4                gl_vbus_csa_rsense.lto_priv.84
 *fill*         0x200000e5        0x1 
 .data          0x200000e6        0x2 C:\Users\prana\AppData\Local\Temp\ccLaNrxG.ltrans10.ltrans.o
                0x200000e6                AUG_TIMER_Config_Idx
 .data          0x200000e8        0x4 .\lib\ccg3pa\libccgx_pd3.a(typec_manager.o)
 .data          0x200000ec        0x6 .\lib\ccg3pa\libccgx_pd3.a(dpm.o)
 *fill*         0x200000f2        0x2 
 .data          0x200000f4       0x14 .\lib\ccg3pa\libccgx_pd3.a(pd_policy_engine.o)
 .data.impure_data
                0x20000108       0x60 c:/program files (x86)/cypress/psoc creator/4.4/psoc creator/import/gnu/arm/5.4.1/bin/../lib/gcc/arm-none-eabi/5.4.1/../../../../arm-none-eabi/lib/armv6-m\libg_nano.a(lib_a-impure.o)
 .data._impure_ptr
                0x20000168        0x4 c:/program files (x86)/cypress/psoc creator/4.4/psoc creator/import/gnu/arm/5.4.1/bin/../lib/gcc/arm-none-eabi/5.4.1/../../../../arm-none-eabi/lib/armv6-m\libg_nano.a(lib_a-impure.o)
                0x20000168                _impure_ptr
                0x20000170                . = ALIGN (0x8)
 *fill*         0x2000016c        0x4 
 *(.ram)
                0x20000170                _edata = .

.igot.plt       0x20000170        0x0 load address 0x0000e588
 .igot.plt      0x20000170        0x0 c:/program files (x86)/cypress/psoc creator/4.4/psoc creator/import/gnu/arm/5.4.1/bin/../lib/gcc/arm-none-eabi/5.4.1/armv6-m/crtbegin.o

.bss            0x20000180      0xe78 load address 0x0000e588
                0x20000180                PROVIDE (__bss_start__, .)
 *(.shbss)
 *(.bss .bss.* .gnu.linkonce.b.*)
 .bss           0x20000180       0x1c c:/program files (x86)/cypress/psoc creator/4.4/psoc creator/import/gnu/arm/5.4.1/bin/../lib/gcc/arm-none-eabi/5.4.1/armv6-m/crtbegin.o
 .bss           0x2000019c       0x17 C:\Users\prana\AppData\Local\Temp\ccLaNrxG.ltrans0.ltrans.o
 *fill*         0x200001b3       0x4d 
 .bss           0x20000200      0x10a C:\Users\prana\AppData\Local\Temp\ccLaNrxG.ltrans1.ltrans.o
                0x20000309                gl_vbus_scp_mode.lto_priv.109
 *fill*         0x2000030a        0x2 
 .bss           0x2000030c       0x52 C:\Users\prana\AppData\Local\Temp\ccLaNrxG.ltrans2.ltrans.o
                0x2000034e                gBattStatBuf
                0x20000358                gl_is_callback.lto_priv.95
                0x2000035a                gl_start_tick.lto_priv.96
                0x2000035c                gl_tick_time.lto_priv.97
 *fill*         0x2000035e        0x2 
 .bss           0x20000360       0x14 C:\Users\prana\AppData\Local\Temp\ccLaNrxG.ltrans3.ltrans.o
                0x20000364                gl_op_cur_power
                0x20000370                gl_max_min_cur_pwr
 .bss           0x20000374        0x1 C:\Users\prana\AppData\Local\Temp\ccLaNrxG.ltrans4.ltrans.o
                0x20000374                isAttachInterrupt
 *fill*         0x20000375        0x3 
 .bss           0x20000378      0x25d C:\Users\prana\AppData\Local\Temp\ccLaNrxG.ltrans5.ltrans.o
                0x20000378                EZI2C_1_indexBuf1
                0x2000037a                EZI2C_1_curStatus
                0x2000037b                EZI2C_1_offsetBuf1
                0x2000037c                EZI2C_1_fsmState
                0x20000380                EZI2C_1_dataBuffer1
                0x20000384                EZI2C_1_bufSizeBuf1
                0x20000386                EZI2C_1_protectBuf1
                0x20000388                glogBufIndex.lto_priv.88
                0x2000038a                gLogBuffer
                0x2000048c                gl_pdss_status.lto_priv.77
 *fill*         0x200005d5        0x3 
 .bss           0x200005d8       0x38 C:\Users\prana\AppData\Local\Temp\ccLaNrxG.ltrans6.ltrans.o
                0x200005d8                vbus_scp_cbk
                0x20000608                ccg_si_revision
                0x2000060c                gMainLoopDelay
 .bss           0x20000610      0x204 C:\Users\prana\AppData\Local\Temp\ccLaNrxG.ltrans7.ltrans.o
                0x20000610                gl_app_fault_retry_limit.lto_priv.124
                0x2000061c                gl_timer_handle.lto_priv.89
                0x20000790                gl_num_active.lto_priv.90
                0x20000791                gl_total_active.lto_priv.91
                0x20000792                gl_multiplier.lto_priv.92
                0x20000794                gl_vdm_id_vdo_cnt.lto_priv.100
                0x20000798                gl_vdm_id_vdo_p.lto_priv.101
                0x2000079c                gl_vdm_svid_vdo_cnt.lto_priv.102
                0x200007a0                gl_vdm_svid_vdo_p.lto_priv.103
                0x200007a4                gl_vdm_mode_data_len.lto_priv.106
                0x200007a8                gl_vdm_mode_data_p.lto_priv.105
                0x200007ac                gl_pb_battery_state
                0x200007ad                ccg_activity_timer_timeout.lto_priv.125
                0x200007af                i2cBuf
                0x200007bc                app_status
                0x20000810                gl_bad_sink_timeout_status
                0x20000811                pb_initiate_pr_swap
                0x20000812                gl_pb_debounce_active.lto_priv.99
                0x20000813                gl_pb_debounce_count.lto_priv.98
 .bss           0x20000814       0x13 C:\Users\prana\AppData\Local\Temp\ccLaNrxG.ltrans9.ltrans.o
                0x20000814                gl_img_status
                0x20000815                gl_flash_write_in_place.lto_priv.104
                0x20000818                gl_cur_volt.lto_priv.111
                0x2000081a                gl_idac.lto_priv.112
                0x2000081c                gl_vbus_ctrl_state.lto_priv.114
                0x2000081d                gl_vbus_ctrl_enable.lto_priv.110
                0x2000081e                gl_req_volt.lto_priv.115
                0x20000820                gl_skip_slope_check.lto_priv.116
 *fill*         0x20000827        0x1 
 .bss           0x20000828      0x27f C:\Users\prana\AppData\Local\Temp\ccLaNrxG.ltrans10.ltrans.o
                0x2000082c                gl_ovp_cb
                0x20000830                g_Struct_Ptr
                0x20000834                gStruct_t
                0x2000089c                gTimerVar
                0x2000089e                AUG_TIMER_Count
                0x200008a0                gI2cTransBuffer
                0x20000aa0                gl_vbus_ovp_filter_id
                0x20000aa6                gl_isnk_counter_hold.lto_priv.79
 .bss           0x20000aa7        0xc .\lib\ccg3pa\libccgx_pd3.a(typec_manager.o)
 *fill*         0x20000ab3        0x1 
 .bss           0x20000ab4        0x2 .\lib\ccg3pa\libccgx_pd3.a(dpm.o)
 *fill*         0x20000ab6        0x2 
 .bss           0x20000ab8      0x24d .\lib\ccg3pa\libccgx_pd3.a(pd_policy_engine.o)
 *(COMMON)
 *fill*         0x20000d05        0x3 
 COMMON         0x20000d08      0x15c .\lib\ccg3pa\libccgx_pd3.a(pd_protocol.o)
                0x20000d08                gl_pd_status
 COMMON         0x20000e64      0x18d .\lib\ccg3pa\libccgx_pd3.a(dpm.o)
                0x20000e64                gl_dpm_status
                0x20000ff0                gl_dpm_port_type
                0x20000ff8                . = ALIGN (0x8)
 *fill*         0x20000ff1        0x7 
 *(.ram.b)
                0x20000ff8                _end = .
                0x20000ff8                __end = .
                0x20000ff8                PROVIDE (end, .)
                0x20000ff8                PROVIDE (__bss_end__, .)
                0x0000e4b8                __cy_region_init_ram = LOADADDR (.data)
                0x000000d0                __cy_region_init_size_ram = (_edata - ADDR (.data))
                0x00000e88                __cy_region_zero_size_ram = (_end - _edata)

.heap           0x20000ff8       0x80 load address 0x0000e588
                0x20000ff8                . = _end
                0x20001078                . = (. + 0x80)
 *fill*         0x20000ff8       0x80 
                0x20001078                __cy_heap_limit = .

.stack          0x20001800      0x800
                0x20001800                __cy_stack_limit = .
                0x20002000                . = (. + 0x800)
 *fill*         0x20001800      0x800 
                0x00000001                ASSERT ((__cy_stack_limit >= __cy_heap_limit), region RAM overflowed with stack)
                0x00000000                cy_checksum_exclude_size = (CY_APPL_LOADABLE == 0x1)?SIZEOF (.cy_checksum_exclude):0x0
                0x00000001                ASSERT ((cy_checksum_exclude_size <= CY_CHECKSUM_EXCLUDE_SIZE), CY_BOOT: Section .cy_checksum_exclude size exceedes specified limit.)
                0xf0000000                cyloadermeta_start = (cy_project_type_bootloader || cy_project_type_app_for_stack_and_copier)?(LENGTH (rom) - CY_METADATA_SIZE):0xf0000000

.cyloadermeta   0xf0000000       0x40
 *(.cyloadermeta)
 .cyloadermeta  0xf0000000       0x40 C:\Users\prana\AppData\Local\Temp\ccLaNrxG.ltrans0.ltrans.o
                0xf0000000                cy_meta_loader
                0x0000ffc0                cyloadablemeta_start = cy_project_type_app_for_stack_and_copier?((LENGTH (rom) - CY_FLASH_ROW_SIZE) - CY_METADATA_SIZE):((LENGTH (rom) - (CY_FLASH_ROW_SIZE * (CY_APPL_NUM - 0x1))) - CY_METADATA_SIZE)

.cyloadablemeta
                0x0000ffc0       0x40
 *(.cyloadablemeta)
 .cyloadablemeta
                0x0000ffc0       0x40 C:\Users\prana\AppData\Local\Temp\ccLaNrxG.ltrans0.ltrans.o
                0x0000ffc0                cy_meta_loadable

.cyflashprotect
                0x90400000       0x40
 *(.cyflashprotect)
 .cyflashprotect
                0x90400000       0x40 C:\Users\prana\AppData\Local\Temp\ccLaNrxG.ltrans0.ltrans.o
                0x90400000                cy_meta_flashprotect

.cymeta         0x90500000        0xc
 *(.cymeta)
 .cymeta        0x90500000        0xc C:\Users\prana\AppData\Local\Temp\ccLaNrxG.ltrans0.ltrans.o
                0x90500000                cy_metadata

.cychipprotect  0x90600000        0x1
 *(.cychipprotect)
 .cychipprotect
                0x90600000        0x1 C:\Users\prana\AppData\Local\Temp\ccLaNrxG.ltrans0.ltrans.o
                0x90600000                cy_meta_chipprotect

.rel.dyn        0x00010000        0x0 load address 0x90600004
 .rel.iplt      0x00010000        0x0 c:/program files (x86)/cypress/psoc creator/4.4/psoc creator/import/gnu/arm/5.4.1/bin/../lib/gcc/arm-none-eabi/5.4.1/armv6-m/crtbegin.o

.stab
 *(.stab)

.stabstr
 *(.stabstr)

.debug
 *(.debug)

.line
 *(.line)

.debug_srcinfo
 *(.debug_srcinfo)

.debug_sfnames
 *(.debug_sfnames)

.debug_aranges  0x00000000      0xce0
 *(.debug_aranges)
 .debug_aranges
                0x00000000       0xa0 C:\Users\prana\AppData\Local\Temp\ccLaNrxG.ltrans0.ltrans.o
 .debug_aranges
                0x000000a0       0x68 C:\Users\prana\AppData\Local\Temp\ccLaNrxG.ltrans1.ltrans.o
 .debug_aranges
                0x00000108       0x90 C:\Users\prana\AppData\Local\Temp\ccLaNrxG.ltrans2.ltrans.o
 .debug_aranges
                0x00000198       0x58 C:\Users\prana\AppData\Local\Temp\ccLaNrxG.ltrans3.ltrans.o
 .debug_aranges
                0x000001f0       0x80 C:\Users\prana\AppData\Local\Temp\ccLaNrxG.ltrans4.ltrans.o
 .debug_aranges
                0x00000270       0x80 C:\Users\prana\AppData\Local\Temp\ccLaNrxG.ltrans5.ltrans.o
 .debug_aranges
                0x000002f0       0xb8 C:\Users\prana\AppData\Local\Temp\ccLaNrxG.ltrans6.ltrans.o
 .debug_aranges
                0x000003a8       0x20 C:\Users\prana\AppData\Local\Temp\ccLaNrxG.ltrans7.ltrans.o
 .debug_aranges
                0x000003c8      0x100 C:\Users\prana\AppData\Local\Temp\ccLaNrxG.ltrans8.ltrans.o
 .debug_aranges
                0x000004c8       0x80 C:\Users\prana\AppData\Local\Temp\ccLaNrxG.ltrans9.ltrans.o
 .debug_aranges
                0x00000548       0x58 C:\Users\prana\AppData\Local\Temp\ccLaNrxG.ltrans10.ltrans.o
 .debug_aranges
                0x000005a0       0x20 .\CortexM0\ARM_GCC_541\Debug\CYPD3171-24LQXQ_pb.a(CyBootAsmGnu.o)
 .debug_aranges
                0x000005c0       0xf8 .\lib\ccg3pa\libccgx_pd3.a(pd_protocol.o)
 .debug_aranges
                0x000006b8      0x160 .\lib\ccg3pa\libccgx_pd3.a(typec_manager.o)
 .debug_aranges
                0x00000818      0x1f8 .\lib\ccg3pa\libccgx_pd3.a(dpm.o)
 .debug_aranges
                0x00000a10      0x2d0 .\lib\ccg3pa\libccgx_pd3.a(pd_policy_engine.o)

.debug_pubnames
 *(.debug_pubnames)

.debug_info     0x00000000    0x4a2ed
 *(.debug_info .gnu.linkonce.wi.*)
 .debug_info    0x00000000     0x555e C:\Users\prana\AppData\Local\Temp\ccLaNrxG.ltrans0.ltrans.o
 .debug_info    0x0000555e     0x567f C:\Users\prana\AppData\Local\Temp\ccLaNrxG.ltrans1.ltrans.o
 .debug_info    0x0000abdd     0x4408 C:\Users\prana\AppData\Local\Temp\ccLaNrxG.ltrans2.ltrans.o
 .debug_info    0x0000efe5     0x48ee C:\Users\prana\AppData\Local\Temp\ccLaNrxG.ltrans3.ltrans.o
 .debug_info    0x000138d3     0x5946 C:\Users\prana\AppData\Local\Temp\ccLaNrxG.ltrans4.ltrans.o
 .debug_info    0x00019219     0x4d1d C:\Users\prana\AppData\Local\Temp\ccLaNrxG.ltrans5.ltrans.o
 .debug_info    0x0001df36     0x4ab6 C:\Users\prana\AppData\Local\Temp\ccLaNrxG.ltrans6.ltrans.o
 .debug_info    0x000229ec     0x3b02 C:\Users\prana\AppData\Local\Temp\ccLaNrxG.ltrans7.ltrans.o
 .debug_info    0x000264ee     0x4c53 C:\Users\prana\AppData\Local\Temp\ccLaNrxG.ltrans8.ltrans.o
 .debug_info    0x0002b141     0x32f3 C:\Users\prana\AppData\Local\Temp\ccLaNrxG.ltrans9.ltrans.o
 .debug_info    0x0002e434     0x4da1 C:\Users\prana\AppData\Local\Temp\ccLaNrxG.ltrans10.ltrans.o
 .debug_info    0x000331d5       0x93 .\CortexM0\ARM_GCC_541\Debug\CYPD3171-24LQXQ_pb.a(CyBootAsmGnu.o)
 .debug_info    0x00033268     0x430f .\lib\ccg3pa\libccgx_pd3.a(pd_protocol.o)
 .debug_info    0x00037577     0x5351 .\lib\ccg3pa\libccgx_pd3.a(typec_manager.o)
 .debug_info    0x0003c8c8     0x4342 .\lib\ccg3pa\libccgx_pd3.a(dpm.o)
 .debug_info    0x00040c0a     0x96e3 .\lib\ccg3pa\libccgx_pd3.a(pd_policy_engine.o)

.debug_abbrev   0x00000000     0x4bee
 *(.debug_abbrev)
 .debug_abbrev  0x00000000      0x56f C:\Users\prana\AppData\Local\Temp\ccLaNrxG.ltrans0.ltrans.o
 .debug_abbrev  0x0000056f      0x569 C:\Users\prana\AppData\Local\Temp\ccLaNrxG.ltrans1.ltrans.o
 .debug_abbrev  0x00000ad8      0x686 C:\Users\prana\AppData\Local\Temp\ccLaNrxG.ltrans2.ltrans.o
 .debug_abbrev  0x0000115e      0x52e C:\Users\prana\AppData\Local\Temp\ccLaNrxG.ltrans3.ltrans.o
 .debug_abbrev  0x0000168c      0x5af C:\Users\prana\AppData\Local\Temp\ccLaNrxG.ltrans4.ltrans.o
 .debug_abbrev  0x00001c3b      0x560 C:\Users\prana\AppData\Local\Temp\ccLaNrxG.ltrans5.ltrans.o
 .debug_abbrev  0x0000219b      0x548 C:\Users\prana\AppData\Local\Temp\ccLaNrxG.ltrans6.ltrans.o
 .debug_abbrev  0x000026e3      0x407 C:\Users\prana\AppData\Local\Temp\ccLaNrxG.ltrans7.ltrans.o
 .debug_abbrev  0x00002aea      0x4b0 C:\Users\prana\AppData\Local\Temp\ccLaNrxG.ltrans8.ltrans.o
 .debug_abbrev  0x00002f9a      0x63a C:\Users\prana\AppData\Local\Temp\ccLaNrxG.ltrans9.ltrans.o
 .debug_abbrev  0x000035d4      0x48e C:\Users\prana\AppData\Local\Temp\ccLaNrxG.ltrans10.ltrans.o
 .debug_abbrev  0x00003a62       0x14 .\CortexM0\ARM_GCC_541\Debug\CYPD3171-24LQXQ_pb.a(CyBootAsmGnu.o)
 .debug_abbrev  0x00003a76      0x437 .\lib\ccg3pa\libccgx_pd3.a(pd_protocol.o)
 .debug_abbrev  0x00003ead      0x4a8 .\lib\ccg3pa\libccgx_pd3.a(typec_manager.o)
 .debug_abbrev  0x00004355      0x3f4 .\lib\ccg3pa\libccgx_pd3.a(dpm.o)
 .debug_abbrev  0x00004749      0x4a5 .\lib\ccg3pa\libccgx_pd3.a(pd_policy_engine.o)

.debug_line     0x00000000     0x720a
 *(.debug_line)
 .debug_line    0x00000000      0x6ed C:\Users\prana\AppData\Local\Temp\ccLaNrxG.ltrans0.ltrans.o
 .debug_line    0x000006ed      0x79f C:\Users\prana\AppData\Local\Temp\ccLaNrxG.ltrans1.ltrans.o
 .debug_line    0x00000e8c      0x64c C:\Users\prana\AppData\Local\Temp\ccLaNrxG.ltrans2.ltrans.o
 .debug_line    0x000014d8      0x5a5 C:\Users\prana\AppData\Local\Temp\ccLaNrxG.ltrans3.ltrans.o
 .debug_line    0x00001a7d      0x6d9 C:\Users\prana\AppData\Local\Temp\ccLaNrxG.ltrans4.ltrans.o
 .debug_line    0x00002156      0x682 C:\Users\prana\AppData\Local\Temp\ccLaNrxG.ltrans5.ltrans.o
 .debug_line    0x000027d8      0x69d C:\Users\prana\AppData\Local\Temp\ccLaNrxG.ltrans6.ltrans.o
 .debug_line    0x00002e75      0x5f9 C:\Users\prana\AppData\Local\Temp\ccLaNrxG.ltrans7.ltrans.o
 .debug_line    0x0000346e      0x730 C:\Users\prana\AppData\Local\Temp\ccLaNrxG.ltrans8.ltrans.o
 .debug_line    0x00003b9e      0x5d7 C:\Users\prana\AppData\Local\Temp\ccLaNrxG.ltrans9.ltrans.o
 .debug_line    0x00004175      0x4e8 C:\Users\prana\AppData\Local\Temp\ccLaNrxG.ltrans10.ltrans.o
 .debug_line    0x0000465d       0x68 .\CortexM0\ARM_GCC_541\Debug\CYPD3171-24LQXQ_pb.a(CyBootAsmGnu.o)
 .debug_line    0x000046c5      0x67b .\lib\ccg3pa\libccgx_pd3.a(pd_protocol.o)
 .debug_line    0x00004d40      0x907 .\lib\ccg3pa\libccgx_pd3.a(typec_manager.o)
 .debug_line    0x00005647      0x8b6 .\lib\ccg3pa\libccgx_pd3.a(dpm.o)
 .debug_line    0x00005efd     0x130d .\lib\ccg3pa\libccgx_pd3.a(pd_policy_engine.o)

.debug_frame    0x00000000     0x277c
 *(.debug_frame)
 .debug_frame   0x00000000      0x1b4 C:\Users\prana\AppData\Local\Temp\ccLaNrxG.ltrans0.ltrans.o
 .debug_frame   0x000001b4      0x13c C:\Users\prana\AppData\Local\Temp\ccLaNrxG.ltrans1.ltrans.o
 .debug_frame   0x000002f0      0x194 C:\Users\prana\AppData\Local\Temp\ccLaNrxG.ltrans2.ltrans.o
 .debug_frame   0x00000484       0xfc C:\Users\prana\AppData\Local\Temp\ccLaNrxG.ltrans3.ltrans.o
 .debug_frame   0x00000580      0x15c C:\Users\prana\AppData\Local\Temp\ccLaNrxG.ltrans4.ltrans.o
 .debug_frame   0x000006dc      0x160 C:\Users\prana\AppData\Local\Temp\ccLaNrxG.ltrans5.ltrans.o
 .debug_frame   0x0000083c      0x234 C:\Users\prana\AppData\Local\Temp\ccLaNrxG.ltrans6.ltrans.o
 .debug_frame   0x00000a70       0x30 C:\Users\prana\AppData\Local\Temp\ccLaNrxG.ltrans7.ltrans.o
 .debug_frame   0x00000aa0      0x2f0 C:\Users\prana\AppData\Local\Temp\ccLaNrxG.ltrans8.ltrans.o
 .debug_frame   0x00000d90      0x174 C:\Users\prana\AppData\Local\Temp\ccLaNrxG.ltrans9.ltrans.o
 .debug_frame   0x00000f04      0x104 C:\Users\prana\AppData\Local\Temp\ccLaNrxG.ltrans10.ltrans.o
 .debug_frame   0x00001008      0x2cc .\lib\ccg3pa\libccgx_pd3.a(pd_protocol.o)
 .debug_frame   0x000012d4      0x46c .\lib\ccg3pa\libccgx_pd3.a(typec_manager.o)
 .debug_frame   0x00001740      0x570 .\lib\ccg3pa\libccgx_pd3.a(dpm.o)
 .debug_frame   0x00001cb0      0x9b0 .\lib\ccg3pa\libccgx_pd3.a(pd_policy_engine.o)
 .debug_frame   0x00002660       0x20 c:/program files (x86)/cypress/psoc creator/4.4/psoc creator/import/gnu/arm/5.4.1/bin/../lib/gcc/arm-none-eabi/5.4.1/armv6-m\libgcc.a(_udivsi3.o)
 .debug_frame   0x00002680       0x20 c:/program files (x86)/cypress/psoc creator/4.4/psoc creator/import/gnu/arm/5.4.1/bin/../lib/gcc/arm-none-eabi/5.4.1/armv6-m\libgcc.a(_divsi3.o)
 .debug_frame   0x000026a0       0x20 c:/program files (x86)/cypress/psoc creator/4.4/psoc creator/import/gnu/arm/5.4.1/bin/../lib/gcc/arm-none-eabi/5.4.1/../../../../arm-none-eabi/lib/armv6-m\libg_nano.a(lib_a-errno.o)
 .debug_frame   0x000026c0       0x28 c:/program files (x86)/cypress/psoc creator/4.4/psoc creator/import/gnu/arm/5.4.1/bin/../lib/gcc/arm-none-eabi/5.4.1/../../../../arm-none-eabi/lib/armv6-m\libg_nano.a(lib_a-exit.o)
 .debug_frame   0x000026e8       0x2c c:/program files (x86)/cypress/psoc creator/4.4/psoc creator/import/gnu/arm/5.4.1/bin/../lib/gcc/arm-none-eabi/5.4.1/../../../../arm-none-eabi/lib/armv6-m\libg_nano.a(lib_a-init.o)
 .debug_frame   0x00002714       0x28 c:/program files (x86)/cypress/psoc creator/4.4/psoc creator/import/gnu/arm/5.4.1/bin/../lib/gcc/arm-none-eabi/5.4.1/../../../../arm-none-eabi/lib/armv6-m\libg_nano.a(lib_a-memcpy-stub.o)
 .debug_frame   0x0000273c       0x20 c:/program files (x86)/cypress/psoc creator/4.4/psoc creator/import/gnu/arm/5.4.1/bin/../lib/gcc/arm-none-eabi/5.4.1/../../../../arm-none-eabi/lib/armv6-m\libg_nano.a(lib_a-memset.o)
 .debug_frame   0x0000275c       0x20 c:/program files (x86)/cypress/psoc creator/4.4/psoc creator/import/gnu/arm/5.4.1/bin/../lib/gcc/arm-none-eabi/5.4.1/../../../../arm-none-eabi/lib/armv6-m\libnosys.a(_exit.o)

.debug_str      0x00000000     0xa2fb
 *(.debug_str)
 .debug_str     0x00000000     0x1601 C:\Users\prana\AppData\Local\Temp\ccLaNrxG.ltrans0.ltrans.o
                               0x3c38 (size before relaxing)
 .debug_str     0x00001601      0xfbb C:\Users\prana\AppData\Local\Temp\ccLaNrxG.ltrans1.ltrans.o
                               0x3f35 (size before relaxing)
 .debug_str     0x000025bc      0x477 C:\Users\prana\AppData\Local\Temp\ccLaNrxG.ltrans2.ltrans.o
                               0x30c2 (size before relaxing)
 .debug_str     0x00002a33      0x412 C:\Users\prana\AppData\Local\Temp\ccLaNrxG.ltrans3.ltrans.o
                               0x34d2 (size before relaxing)
 .debug_str     0x00002e45      0x6df C:\Users\prana\AppData\Local\Temp\ccLaNrxG.ltrans4.ltrans.o
                               0x4313 (size before relaxing)
 .debug_str     0x00003524      0x5cb C:\Users\prana\AppData\Local\Temp\ccLaNrxG.ltrans5.ltrans.o
                               0x3ad9 (size before relaxing)
 .debug_str     0x00003aef      0x2c6 C:\Users\prana\AppData\Local\Temp\ccLaNrxG.ltrans6.ltrans.o
                               0x3582 (size before relaxing)
 .debug_str     0x00003db5      0x96e C:\Users\prana\AppData\Local\Temp\ccLaNrxG.ltrans7.ltrans.o
                               0x2874 (size before relaxing)
 .debug_str     0x00004723      0x3d3 C:\Users\prana\AppData\Local\Temp\ccLaNrxG.ltrans8.ltrans.o
                               0x3838 (size before relaxing)
 .debug_str     0x00004af6      0x57f C:\Users\prana\AppData\Local\Temp\ccLaNrxG.ltrans9.ltrans.o
                               0x22e8 (size before relaxing)
 .debug_str     0x00005075      0x471 C:\Users\prana\AppData\Local\Temp\ccLaNrxG.ltrans10.ltrans.o
                               0x3a9f (size before relaxing)
 .debug_str     0x000054e6     0x2d81 .\lib\ccg3pa\libccgx_pd3.a(pd_protocol.o)
                               0x30d3 (size before relaxing)
 .debug_str     0x00008267      0x8ea .\lib\ccg3pa\libccgx_pd3.a(typec_manager.o)
                               0x311a (size before relaxing)
 .debug_str     0x00008b51      0x786 .\lib\ccg3pa\libccgx_pd3.a(dpm.o)
                               0x3164 (size before relaxing)
 .debug_str     0x000092d7     0x1024 .\lib\ccg3pa\libccgx_pd3.a(pd_policy_engine.o)
                               0x407b (size before relaxing)

.debug_loc      0x00000000    0x110ff
 *(.debug_loc)
 .debug_loc     0x00000000      0xd90 C:\Users\prana\AppData\Local\Temp\ccLaNrxG.ltrans0.ltrans.o
 .debug_loc     0x00000d90     0x1659 C:\Users\prana\AppData\Local\Temp\ccLaNrxG.ltrans1.ltrans.o
 .debug_loc     0x000023e9      0xc9d C:\Users\prana\AppData\Local\Temp\ccLaNrxG.ltrans2.ltrans.o
 .debug_loc     0x00003086      0xf90 C:\Users\prana\AppData\Local\Temp\ccLaNrxG.ltrans3.ltrans.o